2026-10-02 15:17:35 BST | INFO | RUN | VERSION | 2026.10.01.4
2026-10-02 15:17:35 BST | INFO | RUN | START | trade_date=2026-10-02
2026-10-02 15:17:35 BST | INFO | WATCHLIST | /root/trading/ASJR/ASJR_Analyst/DataLake/2026-10-02/config/fixed_watchlist.csv | source=prepared
2026-10-02 15:17:35 BST | INFO | RUN | OPTIONS | include_sector=True | git_submit=True | fetch_gapup_from_app=True
2026-10-02 15:17:35 BST | INFO | MOVERS | Fetch started
2026-10-02 15:17:37 BST | INFO | MOVERS | Fetch completed | rows=60
2026-10-02 15:17:37 BST | INFO | MOVERS | Tickers | MOD, MXL, IBRX, APLD, BTDR, WOLF, SATL, PENG, LUNR, BRUN, ALGM, CRDO, WULF, IE, RXO, RKLB, PL, IREN, VSH, NVTS, RDW, LWLG, ERO, POET, TGB, SMTC, UMAC, WYFI, AAOI, AEHR, MARA, SEDG, BULL, WNC, TER, FWDI, ENTG, ONTO, CLSK, HUT, SPCX, FRPT, FCEL, MTSI, RIOT, HPE, SMCI, UNIT, NBIS, PPC, STX, WDC, TH, KOD, PBF, NKE, ACN, KD, GLOB, VLO
2026-10-02 15:17:37 BST | INFO | UNIVERSE | Built | tickers=77
2026-10-02 15:17:37 BST | INFO | FILE | Saved ibkr_gapup (movers) | /root/trading/ASJR/ASJR_Analyst/DataLake/2026-10-02/raw/ibkr_gapup.csv
2026-10-02 15:17:37 BST | INFO | YFINANCE | Daily 30D fetch started | tickers=77
2026-10-02 15:17:41 BST | INFO | YFINANCE | Daily 30D fetch completed | rows=2310
2026-10-02 15:17:41 BST | INFO | FILE | Saved daily_30d | /root/trading/ASJR/ASJR_Analyst/DataLake/2026-10-02/raw/daily_30d.csv
2026-10-02 15:17:41 BST | INFO | FEATURES | Daily summary built | rows=77
2026-10-02 15:17:41 BST | INFO | IBKR | 5m fetch started | tickers=77 | duration=3 D | batch_size=5
2026-10-02 15:17:58 BST | INFO | IBKR | 5m fetch completed | rows=33377
2026-10-02 15:17:58 BST | INFO | FILE | Saved intraday_5m | /root/trading/ASJR/ASJR_Analyst/DataLake/2026-10-02/raw/intraday_5m.csv
2026-10-02 15:17:59 BST | INFO | FEATURES | Intraday summary built | rows=77
2026-10-02 15:17:59 BST | INFO | YFINANCE | Sector/market fetch started
2026-10-02 15:17:59 BST | INFO | YFINANCE | Sector/market fetch completed | rows=15
2026-10-02 15:17:59 BST | INFO | FILE | Saved sector_market_daily | /root/trading/ASJR/ASJR_Analyst/DataLake/2026-10-02/raw/sector_market_daily.csv
2026-10-02 15:17:59 BST | INFO | FILE | Saved ticker_summary | rows=77 | /root/trading/ASJR/ASJR_Analyst/DataLake/2026-10-02/processed/ticker_summary.csv
2026-10-02 15:17:59 BST | INFO | FILE | Saved asjr_snapshot | /root/trading/ASJR/ASJR_Analyst/DataLake/2026-10-02/processed/asjr_snapshot.json
2026-10-02 15:17:59 BST | INFO | RUN | DATA COMPLETE | universe=77 | intraday_rows=33377 | ticker_summary=77
2026-10-02 15:17:59 BST | INFO | GIT | File verification started | count=7
