2026-10-02 15:28:29 BST | INFO | RUN | VERSION | 2026.10.01.4
2026-10-02 15:28:29 BST | INFO | RUN | START | trade_date=2026-10-02
2026-10-02 15:28:29 BST | INFO | WATCHLIST | /root/trading/ASJR/ASJR_Analyst/DataLake/2026-10-02/config/fixed_watchlist.csv | source=prepared
2026-10-02 15:28:29 BST | INFO | RUN | OPTIONS | include_sector=True | git_submit=True | fetch_gapup_from_app=True
2026-10-02 15:28:29 BST | INFO | MOVERS | Fetch started
2026-10-02 15:28:31 BST | INFO | MOVERS | Fetch completed | rows=60
2026-10-02 15:28:31 BST | INFO | MOVERS | Tickers | MOD, MXL, IBRX, BTDR, PENG, APLD, WOLF, WYFI, ALGM, CRDO, BRUN, WULF, SATL, VSH, LUNR, RXO, AAOI, PL, AEHR, IREN, RKLB, UMAC, RDW, SMTC, WNC, FCEL, BULL, NVTS, IE, LWLG, SEDG, RIOT, SHAZ, TER, NBIS, MARA, GPGI, HUT, FWDI, POET, TGB, HPE, SPCX, ERO, CLSK, ENTG, LIFE, VIRT, MTSI, UNIT, STX, WDC, TH, KOD, PBF, NKE, ACN, KD, GLOB, SECZ
2026-10-02 15:28:31 BST | INFO | UNIVERSE | Built | tickers=78
2026-10-02 15:28:31 BST | INFO | FILE | Saved ibkr_gapup (movers) | /root/trading/ASJR/ASJR_Analyst/DataLake/2026-10-02/raw/ibkr_gapup.csv
2026-10-02 15:28:31 BST | INFO | YFINANCE | Daily 30D fetch started | tickers=78
2026-10-02 15:28:34 BST | INFO | YFINANCE | Daily 30D fetch completed | rows=2340
2026-10-02 15:28:34 BST | INFO | FILE | Saved daily_30d | /root/trading/ASJR/ASJR_Analyst/DataLake/2026-10-02/raw/daily_30d.csv
2026-10-02 15:28:34 BST | INFO | FEATURES | Daily summary built | rows=78
2026-10-02 15:28:34 BST | INFO | IBKR | 5m fetch started | tickers=78 | duration=3 D | batch_size=5
2026-10-02 15:28:52 BST | INFO | IBKR | 5m fetch completed | rows=33894
2026-10-02 15:28:52 BST | INFO | FILE | Saved intraday_5m | /root/trading/ASJR/ASJR_Analyst/DataLake/2026-10-02/raw/intraday_5m.csv
2026-10-02 15:28:52 BST | INFO | FEATURES | Intraday summary built | rows=78
2026-10-02 15:28:52 BST | INFO | YFINANCE | Sector/market fetch started
2026-10-02 15:28:53 BST | INFO | YFINANCE | Sector/market fetch completed | rows=15
2026-10-02 15:28:53 BST | INFO | FILE | Saved sector_market_daily | /root/trading/ASJR/ASJR_Analyst/DataLake/2026-10-02/raw/sector_market_daily.csv
2026-10-02 15:28:53 BST | INFO | FILE | Saved ticker_summary | rows=78 | /root/trading/ASJR/ASJR_Analyst/DataLake/2026-10-02/processed/ticker_summary.csv
2026-10-02 15:28:53 BST | INFO | FILE | Saved asjr_snapshot | /root/trading/ASJR/ASJR_Analyst/DataLake/2026-10-02/processed/asjr_snapshot.json
2026-10-02 15:28:53 BST | INFO | RUN | DATA COMPLETE | universe=78 | intraday_rows=33894 | ticker_summary=78
2026-10-02 15:28:53 BST | INFO | GIT | File verification started | count=7
