2026-10-02 18:10:09 BST | INFO | RUN | VERSION | 2026.10.02.3
2026-10-02 18:10:09 BST | INFO | RUN | START | trade_date=2026-10-02
2026-10-02 18:10:09 BST | INFO | WATCHLIST | /root/trading/ASJR/ASJR_Analyst/DataLake/2026-10-02/config/fixed_watchlist.csv | source=prepared
2026-10-02 18:10:09 BST | INFO | RUN | OPTIONS | include_sector=True | git_submit=True | fetch_gapup_from_app=True
2026-10-02 18:10:09 BST | INFO | MOVERS | Fetch started
2026-10-02 18:10:11 BST | INFO | MOVERS | Fetch completed | rows=71
2026-10-02 18:10:11 BST | INFO | MOVERS | Tickers | MOD, MXL, VSH, WOLF, WNC, IBRX, PENG, RXO, INIO, PL, MTSI, ALGM, HPE, TER, VIRT, QGEN, LWLG, FCEL, AAOI, NTAP, PPC, GPGI, FPS, FUN, SPCX, KRMN, JBS, GENI, SMTC, STM, SEDG, ENTG, SATL, LSCC, EXTR, EROC, TGB, VIAV, AMKR, PRCH, ECHO, FRPT, NXT, ON, COHU, BULL, AADX, COHR, AKAM, TSLA, STX, WDC, KOD, TH, CNXC, SECZ, ETRA, ADRX, ACN, NUVB, NKE, NAMS, KD, GLUE, RIVN, BAH, AXGN, EPAM, GDYN, ALMS, UCTT
2026-10-02 18:10:11 BST | INFO | UNIVERSE | Built | tickers=88
2026-10-02 18:10:11 BST | INFO | FILE | Saved ibkr_gapup (movers) | /root/trading/ASJR/ASJR_Analyst/DataLake/2026-10-02/raw/ibkr_gapup.csv
2026-10-02 18:10:11 BST | INFO | YFINANCE | Daily 30D fetch started | tickers=88
2026-10-02 18:10:14 BST | INFO | YFINANCE | Daily 30D fetch completed | rows=2597
2026-10-02 18:10:14 BST | INFO | FILE | Saved daily_30d | /root/trading/ASJR/ASJR_Analyst/DataLake/2026-10-02/raw/daily_30d.csv
2026-10-02 18:10:14 BST | INFO | FEATURES | Daily summary built | rows=88
2026-10-02 18:10:14 BST | INFO | IBKR | 5m fetch started | tickers=88 | duration=3 D | batch_size=5
2026-10-02 18:10:37 BST | INFO | IBKR | 5m fetch completed | rows=39538
2026-10-02 18:10:37 BST | INFO | FILE | Saved intraday_5m | /root/trading/ASJR/ASJR_Analyst/DataLake/2026-10-02/raw/intraday_5m.csv
2026-10-02 18:10:38 BST | INFO | FEATURES | Intraday summary built | rows=88
2026-10-02 18:10:38 BST | INFO | YFINANCE | Sector/market fetch started
2026-10-02 18:10:38 BST | INFO | YFINANCE | Sector/market fetch completed | rows=15
2026-10-02 18:10:38 BST | INFO | FILE | Saved sector_market_daily | /root/trading/ASJR/ASJR_Analyst/DataLake/2026-10-02/raw/sector_market_daily.csv
2026-10-02 18:10:38 BST | INFO | FILE | Saved ticker_summary | rows=88 | /root/trading/ASJR/ASJR_Analyst/DataLake/2026-10-02/processed/ticker_summary.csv
2026-10-02 18:10:38 BST | INFO | FILE | Saved asjr_snapshot | /root/trading/ASJR/ASJR_Analyst/DataLake/2026-10-02/processed/asjr_snapshot.json
2026-10-02 18:10:38 BST | INFO | RUN | DATA COMPLETE | universe=88 | intraday_rows=39538 | ticker_summary=88
2026-10-02 18:10:38 BST | INFO | GIT | File verification started | count=7
