2026-10-02 11:48:40 BST | INFO | RUN | VERSION | 2026.10.01.4
2026-10-02 11:48:40 BST | INFO | RUN | START | trade_date=2026-10-02
2026-10-02 11:48:40 BST | INFO | WATCHLIST | /root/trading/ASJR/ASJR_Analyst/DataLake/2026-10-02/config/fixed_watchlist.csv | source=prepared
2026-10-02 11:48:40 BST | INFO | RUN | OPTIONS | include_sector=True | git_submit=True | fetch_gapup_from_app=True
2026-10-02 11:48:40 BST | INFO | MOVERS | Fetch started
2026-10-02 11:48:41 BST | INFO | MOVERS | Fetch completed | rows=9
2026-10-02 11:48:41 BST | INFO | MOVERS | Tickers | MOD, ON, FWDI, GLNG, SBET, ALGM, NKE, TH, STX
2026-10-02 11:48:41 BST | INFO | UNIVERSE | Built | tickers=26
2026-10-02 11:48:41 BST | INFO | FILE | Saved ibkr_gapup (movers) | /root/trading/ASJR/ASJR_Analyst/DataLake/2026-10-02/raw/ibkr_gapup.csv
2026-10-02 11:48:41 BST | INFO | YFINANCE | Daily 30D fetch started | tickers=26
2026-10-02 11:48:42 BST | INFO | YFINANCE | Daily 30D fetch completed | rows=780
2026-10-02 11:48:42 BST | INFO | FILE | Saved daily_30d | /root/trading/ASJR/ASJR_Analyst/DataLake/2026-10-02/raw/daily_30d.csv
2026-10-02 11:48:42 BST | INFO | FEATURES | Daily summary built | rows=26
2026-10-02 11:48:42 BST | INFO | IBKR | 5m fetch started | tickers=26 | duration=3 D | batch_size=5
2026-10-02 11:48:48 BST | INFO | IBKR | 5m fetch completed | rows=10304
2026-10-02 11:48:48 BST | INFO | FILE | Saved intraday_5m | /root/trading/ASJR/ASJR_Analyst/DataLake/2026-10-02/raw/intraday_5m.csv
2026-10-02 11:48:48 BST | INFO | FEATURES | Intraday summary built | rows=26
2026-10-02 11:48:48 BST | INFO | YFINANCE | Sector/market fetch started
2026-10-02 11:48:49 BST | INFO | YFINANCE | Sector/market fetch completed | rows=15
2026-10-02 11:48:49 BST | INFO | FILE | Saved sector_market_daily | /root/trading/ASJR/ASJR_Analyst/DataLake/2026-10-02/raw/sector_market_daily.csv
2026-10-02 11:48:49 BST | INFO | FILE | Saved ticker_summary | rows=26 | /root/trading/ASJR/ASJR_Analyst/DataLake/2026-10-02/processed/ticker_summary.csv
2026-10-02 11:48:49 BST | INFO | FILE | Saved asjr_snapshot | /root/trading/ASJR/ASJR_Analyst/DataLake/2026-10-02/processed/asjr_snapshot.json
2026-10-02 11:48:49 BST | INFO | RUN | DATA COMPLETE | universe=26 | intraday_rows=10304 | ticker_summary=26
2026-10-02 11:48:49 BST | INFO | GIT | File verification started | count=7
