2026-10-02 19:18:17 BST | INFO | RUN | VERSION | 2026.10.02.3
2026-10-02 19:18:17 BST | INFO | RUN | START | trade_date=2026-10-02
2026-10-02 19:18:17 BST | INFO | WATCHLIST | /root/trading/ASJR/ASJR_Analyst/DataLake/2026-10-02/config/fixed_watchlist.csv | source=prepared
2026-10-02 19:18:17 BST | INFO | RUN | OPTIONS | include_sector=True | git_submit=True | fetch_gapup_from_app=True
2026-10-02 19:18:17 BST | INFO | MOVERS | Fetch started
2026-10-02 19:18:19 BST | INFO | MOVERS | Fetch completed | rows=78
2026-10-02 19:18:19 BST | INFO | MOVERS | Tickers | MOD, MXL, WNC, WOLF, VSH, RXO, PENG, FCEL, IBRX, ALGM, INIO, HPE, PL, PPC, FPS, GENI, LWLG, TER, MTSI, KRMN, VIRT, AAOI, GPGI, SPCX, JBS, QGEN, EXTR, ACCV, AADX, TGB, STM, AMKR, SEDG, VIAV, SATL, OUST, SMTC, ENTG, FUN, ECHO, QMCO, BULL, NTAP, FWDI, AVT, COHU, LSCC, LW, NXT, BKSY, STX, WDC, TH, KOD, CNXC, NUVB, GLUE, ADRX, ACN, SECZ, ETRA, UCTT, KD, AXGN, NAMS, ALMS, RHI, TNGX, IMMX, ASAN, DXC, NKE, CTVA, CELC, BAH, ALNY, PSQL, EPAM
2026-10-02 19:18:19 BST | INFO | UNIVERSE | Built | tickers=97
2026-10-02 19:18:19 BST | INFO | FILE | Saved ibkr_gapup (movers) | /root/trading/ASJR/ASJR_Analyst/DataLake/2026-10-02/raw/ibkr_gapup.csv
2026-10-02 19:18:19 BST | INFO | YFINANCE | Daily 30D fetch started | tickers=97
2026-10-02 19:18:22 BST | INFO | YFINANCE | Daily 30D fetch completed | rows=2840
2026-10-02 19:18:22 BST | INFO | FILE | Saved daily_30d | /root/trading/ASJR/ASJR_Analyst/DataLake/2026-10-02/raw/daily_30d.csv
2026-10-02 19:18:22 BST | INFO | FEATURES | Daily summary built | rows=97
2026-10-02 19:18:22 BST | INFO | IBKR | 5m fetch started | tickers=97 | duration=3 D | batch_size=5
2026-10-02 19:18:44 BST | INFO | IBKR | 5m fetch completed | rows=44447
2026-10-02 19:18:44 BST | INFO | FILE | Saved intraday_5m | /root/trading/ASJR/ASJR_Analyst/DataLake/2026-10-02/raw/intraday_5m.csv
2026-10-02 19:18:45 BST | INFO | FEATURES | Intraday summary built | rows=97
2026-10-02 19:18:45 BST | INFO | YFINANCE | Sector/market fetch started
2026-10-02 19:18:45 BST | INFO | YFINANCE | Sector/market fetch completed | rows=15
2026-10-02 19:18:45 BST | INFO | FILE | Saved sector_market_daily | /root/trading/ASJR/ASJR_Analyst/DataLake/2026-10-02/raw/sector_market_daily.csv
2026-10-02 19:18:45 BST | INFO | FILE | Saved ticker_summary | rows=97 | /root/trading/ASJR/ASJR_Analyst/DataLake/2026-10-02/processed/ticker_summary.csv
2026-10-02 19:18:45 BST | INFO | FILE | Saved asjr_snapshot | /root/trading/ASJR/ASJR_Analyst/DataLake/2026-10-02/processed/asjr_snapshot.json
2026-10-02 19:18:45 BST | INFO | RUN | DATA COMPLETE | universe=97 | intraday_rows=44447 | ticker_summary=97
2026-10-02 19:18:45 BST | INFO | GIT | File verification started | count=7
