2026-10-02 17:42:10 BST | INFO | RUN | VERSION | 2026.10.02.3
2026-10-02 17:42:10 BST | INFO | RUN | START | trade_date=2026-10-02
2026-10-02 17:42:10 BST | INFO | WATCHLIST | /root/trading/ASJR/ASJR_Analyst/DataLake/2026-10-02/config/fixed_watchlist.csv | source=prepared
2026-10-02 17:42:10 BST | INFO | RUN | OPTIONS | include_sector=True | git_submit=True | fetch_gapup_from_app=True
2026-10-02 17:42:10 BST | INFO | MOVERS | Fetch started
2026-10-02 17:42:14 BST | INFO | MOVERS | Fetch completed | rows=75
2026-10-02 17:42:14 BST | INFO | MOVERS | Tickers | MOD, MXL, WOLF, IBRX, VSH, RXO, WNC, PENG, ALGM, INIO, TER, HPE, PL, MTSI, FCEL, VIAV, NTAP, QGEN, AAOI, SMTC, FPS, PPC, LWLG, ENTG, SEDG, SPCX, GPGI, FRPT, AMKR, VIRT, LSCC, STM, KRMN, EXTR, JBS, SEI, FUN, CRDO, TGB, SATL, AEHR, TTMI, TXN, ON, AXTI, ECHO, LIFE, NXT, MCHP, COHU, STX, WDC, KOD, CNXC, TH, SECZ, ADRX, NUVB, NKE, ACN, NAMS, KD, ETRA, GLUE, AXGN, BAH, SPT, GRPN, EPAM, VSTM, PSQL, RIVN, GDYN, GLOB, DKNG
2026-10-02 17:42:14 BST | INFO | UNIVERSE | Built | tickers=92
2026-10-02 17:42:14 BST | INFO | FILE | Saved ibkr_gapup (movers) | /root/trading/ASJR/ASJR_Analyst/DataLake/2026-10-02/raw/ibkr_gapup.csv
2026-10-02 17:42:14 BST | INFO | YFINANCE | Daily 30D fetch started | tickers=92
2026-10-02 17:42:17 BST | INFO | YFINANCE | Daily 30D fetch completed | rows=2717
2026-10-02 17:42:17 BST | INFO | FILE | Saved daily_30d | /root/trading/ASJR/ASJR_Analyst/DataLake/2026-10-02/raw/daily_30d.csv
2026-10-02 17:42:17 BST | INFO | FEATURES | Daily summary built | rows=92
2026-10-02 17:42:17 BST | INFO | IBKR | 5m fetch started | tickers=92 | duration=3 D | batch_size=5
2026-10-02 17:42:48 BST | INFO | IBKR | 5m fetch completed | rows=40810
2026-10-02 17:42:48 BST | INFO | FILE | Saved intraday_5m | /root/trading/ASJR/ASJR_Analyst/DataLake/2026-10-02/raw/intraday_5m.csv
2026-10-02 17:42:49 BST | INFO | FEATURES | Intraday summary built | rows=92
2026-10-02 17:42:49 BST | INFO | YFINANCE | Sector/market fetch started
2026-10-02 17:42:49 BST | INFO | YFINANCE | Sector/market fetch completed | rows=15
2026-10-02 17:42:49 BST | INFO | FILE | Saved sector_market_daily | /root/trading/ASJR/ASJR_Analyst/DataLake/2026-10-02/raw/sector_market_daily.csv
2026-10-02 17:42:49 BST | INFO | FILE | Saved ticker_summary | rows=92 | /root/trading/ASJR/ASJR_Analyst/DataLake/2026-10-02/processed/ticker_summary.csv
2026-10-02 17:42:49 BST | INFO | FILE | Saved asjr_snapshot | /root/trading/ASJR/ASJR_Analyst/DataLake/2026-10-02/processed/asjr_snapshot.json
2026-10-02 17:42:49 BST | INFO | RUN | DATA COMPLETE | universe=92 | intraday_rows=40810 | ticker_summary=92
2026-10-02 17:42:49 BST | INFO | GIT | File verification started | count=7
