2026-10-02 18:15:42 BST | INFO | RUN | VERSION | 2026.10.02.3
2026-10-02 18:15:42 BST | INFO | RUN | START | trade_date=2026-10-02
2026-10-02 18:15:42 BST | INFO | WATCHLIST | /root/trading/ASJR/ASJR_Analyst/DataLake/2026-10-02/config/fixed_watchlist.csv | source=prepared
2026-10-02 18:15:42 BST | INFO | RUN | OPTIONS | include_sector=True | git_submit=True | fetch_gapup_from_app=True
2026-10-02 18:15:42 BST | INFO | MOVERS | Fetch started
2026-10-02 18:15:44 BST | INFO | MOVERS | Fetch completed | rows=74
2026-10-02 18:15:44 BST | INFO | MOVERS | Tickers | MOD, MXL, VSH, WOLF, WNC, IBRX, RXO, PENG, INIO, HPE, MTSI, PL, ALGM, TER, VIRT, NTAP, AAOI, FPS, QGEN, SPCX, FCEL, GPGI, PPC, KRMN, LWLG, SMTC, JBS, STM, TGB, LSCC, ENTG, SATL, FUN, VIAV, AADX, EROC, GENI, EXTR, SEDG, AMKR, FRPT, ECHO, COHU, PRCH, TSLA, BULL, AKAM, CGNX, LW, TTMI, STX, WDC, KOD, CNXC, TH, SECZ, ADRX, NUVB, ETRA, ACN, NAMS, GLUE, KD, AXGN, NKE, RIVN, BAH, ALMS, UCTT, EPAM, GDYN, VSTM, GLOB, REPL
2026-10-02 18:15:44 BST | INFO | UNIVERSE | Built | tickers=91
2026-10-02 18:15:44 BST | INFO | FILE | Saved ibkr_gapup (movers) | /root/trading/ASJR/ASJR_Analyst/DataLake/2026-10-02/raw/ibkr_gapup.csv
2026-10-02 18:15:44 BST | INFO | YFINANCE | Daily 30D fetch started | tickers=91
2026-10-02 18:15:51 BST | INFO | YFINANCE | Daily 30D fetch completed | rows=2687
2026-10-02 18:15:51 BST | INFO | FILE | Saved daily_30d | /root/trading/ASJR/ASJR_Analyst/DataLake/2026-10-02/raw/daily_30d.csv
2026-10-02 18:15:51 BST | INFO | FEATURES | Daily summary built | rows=91
2026-10-02 18:15:51 BST | INFO | IBKR | 5m fetch started | tickers=91 | duration=3 D | batch_size=5
2026-10-02 18:16:14 BST | INFO | IBKR | 5m fetch completed | rows=40752
2026-10-02 18:16:15 BST | INFO | FILE | Saved intraday_5m | /root/trading/ASJR/ASJR_Analyst/DataLake/2026-10-02/raw/intraday_5m.csv
2026-10-02 18:16:15 BST | INFO | FEATURES | Intraday summary built | rows=91
2026-10-02 18:16:15 BST | INFO | YFINANCE | Sector/market fetch started
2026-10-02 18:16:16 BST | INFO | YFINANCE | Sector/market fetch completed | rows=15
2026-10-02 18:16:16 BST | INFO | FILE | Saved sector_market_daily | /root/trading/ASJR/ASJR_Analyst/DataLake/2026-10-02/raw/sector_market_daily.csv
2026-10-02 18:16:16 BST | INFO | FILE | Saved ticker_summary | rows=91 | /root/trading/ASJR/ASJR_Analyst/DataLake/2026-10-02/processed/ticker_summary.csv
2026-10-02 18:16:16 BST | INFO | FILE | Saved asjr_snapshot | /root/trading/ASJR/ASJR_Analyst/DataLake/2026-10-02/processed/asjr_snapshot.json
2026-10-02 18:16:16 BST | INFO | RUN | DATA COMPLETE | universe=91 | intraday_rows=40752 | ticker_summary=91
2026-10-02 18:16:16 BST | INFO | GIT | File verification started | count=7
