2026-10-02 17:10:08 BST | INFO | RUN | VERSION | 2026.10.01.4
2026-10-02 17:10:08 BST | INFO | RUN | START | trade_date=2026-10-02
2026-10-02 17:10:08 BST | INFO | WATCHLIST | /root/trading/ASJR/ASJR_Analyst/DataLake/2026-10-02/config/fixed_watchlist.csv | source=prepared
2026-10-02 17:10:08 BST | INFO | RUN | OPTIONS | include_sector=True | git_submit=True | fetch_gapup_from_app=True
2026-10-02 17:10:08 BST | INFO | MOVERS | Fetch started
2026-10-02 17:10:11 BST | INFO | MOVERS | Fetch completed | rows=65
2026-10-02 17:10:11 BST | INFO | MOVERS | Tickers | MOD, MXL, WNC, VSH, IBRX, WOLF, PENG, RXO, INIO, ALGM, MTSI, TER, PL, HPE, VIAV, SMTC, QGEN, GPGI, LWLG, ENTG, AAOI, QDEL, CRDO, AEHR, FPS, NTAP, KRMN, SEDG, SPCX, SATL, TTMI, STM, NBIS, AMKR, PPC, ONTO, FCEL, BE, FUN, VIRT, MCHP, COHR, AXTI, LSCC, JBS, EXTR, TSLA, FRPT, TXN, TGB, STX, WDC, KOD, TH, SECZ, CNXC, NKE, ACN, RIVN, NAMS, AXGN, BAH, SPT, PSQL, KD
2026-10-02 17:10:11 BST | INFO | UNIVERSE | Built | tickers=81
2026-10-02 17:10:11 BST | INFO | FILE | Saved ibkr_gapup (movers) | /root/trading/ASJR/ASJR_Analyst/DataLake/2026-10-02/raw/ibkr_gapup.csv
2026-10-02 17:10:11 BST | INFO | YFINANCE | Daily 30D fetch started | tickers=81
2026-10-02 17:10:18 BST | INFO | YFINANCE | Daily 30D fetch completed | rows=2430
2026-10-02 17:10:18 BST | INFO | FILE | Saved daily_30d | /root/trading/ASJR/ASJR_Analyst/DataLake/2026-10-02/raw/daily_30d.csv
2026-10-02 17:10:18 BST | INFO | FEATURES | Daily summary built | rows=81
2026-10-02 17:10:18 BST | INFO | IBKR | 5m fetch started | tickers=81 | duration=3 D | batch_size=5
2026-10-02 17:10:36 BST | INFO | IBKR | 5m fetch completed | rows=36038
2026-10-02 17:10:36 BST | INFO | FILE | Saved intraday_5m | /root/trading/ASJR/ASJR_Analyst/DataLake/2026-10-02/raw/intraday_5m.csv
2026-10-02 17:10:37 BST | INFO | FEATURES | Intraday summary built | rows=81
2026-10-02 17:10:37 BST | INFO | YFINANCE | Sector/market fetch started
2026-10-02 17:10:37 BST | INFO | YFINANCE | Sector/market fetch completed | rows=15
2026-10-02 17:10:37 BST | INFO | FILE | Saved sector_market_daily | /root/trading/ASJR/ASJR_Analyst/DataLake/2026-10-02/raw/sector_market_daily.csv
2026-10-02 17:10:37 BST | INFO | FILE | Saved ticker_summary | rows=81 | /root/trading/ASJR/ASJR_Analyst/DataLake/2026-10-02/processed/ticker_summary.csv
2026-10-02 17:10:37 BST | INFO | FILE | Saved asjr_snapshot | /root/trading/ASJR/ASJR_Analyst/DataLake/2026-10-02/processed/asjr_snapshot.json
2026-10-02 17:10:37 BST | INFO | RUN | DATA COMPLETE | universe=81 | intraday_rows=36038 | ticker_summary=81
2026-10-02 17:10:37 BST | INFO | GIT | File verification started | count=7
