2026-10-02 05:44:28 BST | INFO | RUN | VERSION | 2026.10.01.4
2026-10-02 05:44:28 BST | INFO | RUN | START | trade_date=2026-10-02
2026-10-02 05:44:28 BST | INFO | WATCHLIST | /root/trading/ASJR/ASJR_Analyst/DataLake/2026-10-02/config/fixed_watchlist.csv | source=prepared
2026-10-02 05:44:28 BST | INFO | RUN | OPTIONS | include_sector=True | git_submit=True | fetch_gapup_from_app=True
2026-10-02 05:44:28 BST | INFO | MOVERS | Fetch started
2026-10-02 05:44:29 BST | INFO | MOVERS | Fetch completed | rows=0
2026-10-02 05:44:29 BST | INFO | MOVERS | Tickers | None
2026-10-02 05:44:29 BST | INFO | UNIVERSE | Built | tickers=17
2026-10-02 05:44:29 BST | INFO | YFINANCE | Daily 30D fetch started | tickers=17
2026-10-02 05:44:29 BST | INFO | YFINANCE | Daily 30D fetch completed | rows=510
2026-10-02 05:44:30 BST | INFO | FILE | Saved daily_30d | /root/trading/ASJR/ASJR_Analyst/DataLake/2026-10-02/raw/daily_30d.csv
2026-10-02 05:44:30 BST | INFO | FEATURES | Daily summary built | rows=17
2026-10-02 05:44:30 BST | INFO | IBKR | 5m fetch started | tickers=17 | duration=3 D | batch_size=5
2026-10-02 05:47:20 BST | INFO | IBKR | 5m fetch completed | rows=0
2026-10-02 05:47:20 BST | INFO | FILE | Saved intraday_5m | /root/trading/ASJR/ASJR_Analyst/DataLake/2026-10-02/raw/intraday_5m.csv
2026-10-02 05:47:20 BST | INFO | FEATURES | Intraday summary built | rows=0
2026-10-02 05:47:20 BST | INFO | YFINANCE | Sector/market fetch started
2026-10-02 05:47:21 BST | INFO | YFINANCE | Sector/market fetch completed | rows=15
2026-10-02 05:47:21 BST | INFO | FILE | Saved sector_market_daily | /root/trading/ASJR/ASJR_Analyst/DataLake/2026-10-02/raw/sector_market_daily.csv
2026-10-02 05:47:21 BST | INFO | FILE | Saved ticker_summary | rows=17 | /root/trading/ASJR/ASJR_Analyst/DataLake/2026-10-02/processed/ticker_summary.csv
2026-10-02 05:47:21 BST | INFO | FILE | Saved asjr_snapshot | /root/trading/ASJR/ASJR_Analyst/DataLake/2026-10-02/processed/asjr_snapshot.json
2026-10-02 05:47:21 BST | INFO | RUN | DATA COMPLETE | universe=17 | intraday_rows=0 | ticker_summary=17
2026-10-02 05:47:21 BST | INFO | GIT | File verification started | count=6
