2026-10-02 20:56:48 BST | INFO | RUN | VERSION | 2026.10.02.3
2026-10-02 20:56:48 BST | INFO | RUN | START | trade_date=2026-10-02
2026-10-02 20:56:48 BST | INFO | WATCHLIST | /root/trading/ASJR/ASJR_Analyst/DataLake/2026-10-02/config/fixed_watchlist.csv | source=prepared
2026-10-02 20:56:48 BST | INFO | RUN | OPTIONS | include_sector=True | git_submit=True | fetch_gapup_from_app=True
2026-10-02 20:56:48 BST | INFO | MOVERS | Fetch started
2026-10-02 20:56:50 BST | INFO | MOVERS | Fetch completed | rows=87
2026-10-02 20:56:50 BST | INFO | MOVERS | Tickers | MXL, MOD, WNC, WOLF, PENG, FCEL, VSH, IBRX, RXO, PPC, INIO, SGML, ALGM, OUST, TER, TGB, FPS, PL, AAOI, HPE, JBS, QMCO, GPGI, SPCX, AADX, KRMN, ACCV, SEDG, STM, MTSI, ECHO, QGEN, FUN, EQPT, ERO, GENI, NXT, AMKR, ON, TXG, SATL, SG, CSQR, LW, AEHR, VIAV, COHR, ENTG, BTSG, NTAP, STX, WDC, NUVB, CNXC, TH, UCTT, ADRX, GLUE, AXGN, SECZ, NVCR, ACN, IMMX, EPAM, GLOB, KOD, KD, ALNY, ALMS, CTVA, QBTS, RHI, CELC, TNGX, DXC, BAH, GDYN, ACHV, GRND, APP, NMAX, OCUL, G, SPOT, MAN, IT, DKNG
2026-10-02 20:56:50 BST | INFO | UNIVERSE | Built | tickers=106
2026-10-02 20:56:50 BST | INFO | FILE | Saved ibkr_gapup (movers) | /root/trading/ASJR/ASJR_Analyst/DataLake/2026-10-02/raw/ibkr_gapup.csv
2026-10-02 20:56:50 BST | INFO | YFINANCE | Daily 30D fetch started | tickers=106
2026-10-02 20:56:53 BST | INFO | YFINANCE | Daily 30D fetch completed | rows=3129
2026-10-02 20:56:53 BST | INFO | FILE | Saved daily_30d | /root/trading/ASJR/ASJR_Analyst/DataLake/2026-10-02/raw/daily_30d.csv
2026-10-02 20:56:53 BST | INFO | FEATURES | Daily summary built | rows=106
2026-10-02 20:56:53 BST | INFO | IBKR | 5m fetch started | tickers=106 | duration=3 D | batch_size=5
2026-10-02 20:57:18 BST | INFO | IBKR | 5m fetch completed | rows=49980
2026-10-02 20:57:18 BST | INFO | FILE | Saved intraday_5m | /root/trading/ASJR/ASJR_Analyst/DataLake/2026-10-02/raw/intraday_5m.csv
2026-10-02 20:57:20 BST | INFO | FEATURES | Intraday summary built | rows=106
2026-10-02 20:57:20 BST | INFO | YFINANCE | Sector/market fetch started
2026-10-02 20:57:21 BST | INFO | YFINANCE | Sector/market fetch completed | rows=15
2026-10-02 20:57:21 BST | INFO | FILE | Saved sector_market_daily | /root/trading/ASJR/ASJR_Analyst/DataLake/2026-10-02/raw/sector_market_daily.csv
2026-10-02 20:57:21 BST | INFO | FILE | Saved ticker_summary | rows=106 | /root/trading/ASJR/ASJR_Analyst/DataLake/2026-10-02/processed/ticker_summary.csv
2026-10-02 20:57:21 BST | INFO | FILE | Saved asjr_snapshot | /root/trading/ASJR/ASJR_Analyst/DataLake/2026-10-02/processed/asjr_snapshot.json
2026-10-02 20:57:21 BST | INFO | RUN | DATA COMPLETE | universe=106 | intraday_rows=49980 | ticker_summary=106
2026-10-02 20:57:21 BST | INFO | GIT | File verification started | count=7
