2026-10-02 17:53:26 BST | INFO | RUN | VERSION | 2026.10.02.3
2026-10-02 17:53:26 BST | INFO | RUN | START | trade_date=2026-10-02
2026-10-02 17:53:26 BST | INFO | WATCHLIST | /root/trading/ASJR/ASJR_Analyst/DataLake/2026-10-02/config/fixed_watchlist.csv | source=prepared
2026-10-02 17:53:26 BST | INFO | RUN | OPTIONS | include_sector=True | git_submit=True | fetch_gapup_from_app=True
2026-10-02 17:53:26 BST | INFO | MOVERS | Fetch started
2026-10-02 17:53:27 BST | INFO | MOVERS | Fetch completed | rows=72
2026-10-02 17:53:27 BST | INFO | MOVERS | Tickers | MOD, MXL, WOLF, VSH, IBRX, WNC, RXO, PENG, INIO, ALGM, HPE, PL, TER, MTSI, FCEL, FPS, NTAP, LWLG, QGEN, GPGI, KRMN, AAOI, SEDG, PPC, VIRT, SMTC, STM, SPCX, SATL, ENTG, AMKR, FRPT, FUN, LSCC, JBS, VIAV, TGB, EXTR, EROC, COHU, AEHR, AKAM, ECHO, NXT, ON, BKSY, TXN, TSLA, BULL, TTMI, WDC, STX, KOD, CNXC, TH, SECZ, ADRX, NUVB, NKE, ACN, ETRA, AXGN, KD, NAMS, EPAM, GLUE, PSQL, BAH, GLOB, UCTT, GDYN, ALMS
2026-10-02 17:53:27 BST | INFO | UNIVERSE | Built | tickers=89
2026-10-02 17:53:27 BST | INFO | FILE | Saved ibkr_gapup (movers) | /root/trading/ASJR/ASJR_Analyst/DataLake/2026-10-02/raw/ibkr_gapup.csv
2026-10-02 17:53:27 BST | INFO | YFINANCE | Daily 30D fetch started | tickers=89
2026-10-02 17:53:30 BST | INFO | YFINANCE | Daily 30D fetch completed | rows=2627
2026-10-02 17:53:30 BST | INFO | FILE | Saved daily_30d | /root/trading/ASJR/ASJR_Analyst/DataLake/2026-10-02/raw/daily_30d.csv
2026-10-02 17:53:30 BST | INFO | FEATURES | Daily summary built | rows=89
2026-10-02 17:53:30 BST | INFO | IBKR | 5m fetch started | tickers=89 | duration=3 D | batch_size=5
2026-10-02 17:53:51 BST | INFO | IBKR | 5m fetch completed | rows=39748
2026-10-02 17:53:51 BST | INFO | FILE | Saved intraday_5m | /root/trading/ASJR/ASJR_Analyst/DataLake/2026-10-02/raw/intraday_5m.csv
2026-10-02 17:53:52 BST | INFO | FEATURES | Intraday summary built | rows=89
2026-10-02 17:53:52 BST | INFO | YFINANCE | Sector/market fetch started
2026-10-02 17:53:52 BST | INFO | YFINANCE | Sector/market fetch completed | rows=15
2026-10-02 17:53:52 BST | INFO | FILE | Saved sector_market_daily | /root/trading/ASJR/ASJR_Analyst/DataLake/2026-10-02/raw/sector_market_daily.csv
2026-10-02 17:53:52 BST | INFO | FILE | Saved ticker_summary | rows=89 | /root/trading/ASJR/ASJR_Analyst/DataLake/2026-10-02/processed/ticker_summary.csv
2026-10-02 17:53:52 BST | INFO | FILE | Saved asjr_snapshot | /root/trading/ASJR/ASJR_Analyst/DataLake/2026-10-02/processed/asjr_snapshot.json
2026-10-02 17:53:52 BST | INFO | RUN | DATA COMPLETE | universe=89 | intraday_rows=39748 | ticker_summary=89
2026-10-02 17:53:52 BST | INFO | GIT | File verification started | count=7
