2026-10-02 17:39:08 BST | INFO | RUN | VERSION | 2026.10.01.4
2026-10-02 17:39:08 BST | INFO | RUN | START | trade_date=2026-10-02
2026-10-02 17:39:08 BST | INFO | WATCHLIST | /root/trading/ASJR/ASJR_Analyst/DataLake/2026-10-02/config/fixed_watchlist.csv | source=prepared
2026-10-02 17:39:08 BST | INFO | RUN | OPTIONS | include_sector=True | git_submit=True | fetch_gapup_from_app=True
2026-10-02 17:39:08 BST | INFO | MOVERS | Fetch started
2026-10-02 17:39:10 BST | INFO | MOVERS | Fetch completed | rows=72
2026-10-02 17:39:10 BST | INFO | MOVERS | Tickers | MOD, MXL, WOLF, IBRX, VSH, WNC, RXO, PENG, ALGM, INIO, PL, TER, MTSI, HPE, AAOI, FPS, VIAV, FCEL, NTAP, SMTC, QGEN, LWLG, ENTG, PPC, GPGI, SEDG, SPCX, AMKR, CRDO, VIRT, KRMN, LSCC, STM, EXTR, FRPT, AEHR, JBS, FUN, SATL, TGB, TTMI, SEI, AXTI, TXN, ON, NBIS, LIFE, BULL, EROC, ECHO, WDC, STX, KOD, TH, CNXC, SECZ, ADRX, NUVB, NKE, ACN, NAMS, ETRA, PSQL, KD, AXGN, BAH, EPAM, GLUE, DKNG, GRPN, SPT, GLOB
2026-10-02 17:39:10 BST | INFO | UNIVERSE | Built | tickers=90
2026-10-02 17:39:10 BST | INFO | FILE | Saved ibkr_gapup (movers) | /root/trading/ASJR/ASJR_Analyst/DataLake/2026-10-02/raw/ibkr_gapup.csv
2026-10-02 17:39:10 BST | INFO | YFINANCE | Daily 30D fetch started | tickers=90
2026-10-02 17:39:12 BST | INFO | YFINANCE | Daily 30D fetch completed | rows=2657
2026-10-02 17:39:13 BST | INFO | FILE | Saved daily_30d | /root/trading/ASJR/ASJR_Analyst/DataLake/2026-10-02/raw/daily_30d.csv
2026-10-02 17:39:13 BST | INFO | FEATURES | Daily summary built | rows=90
2026-10-02 17:39:13 BST | INFO | IBKR | 5m fetch started | tickers=90 | duration=3 D | batch_size=5
2026-10-02 17:39:32 BST | INFO | IBKR | 5m fetch completed | rows=39977
2026-10-02 17:39:32 BST | INFO | FILE | Saved intraday_5m | /root/trading/ASJR/ASJR_Analyst/DataLake/2026-10-02/raw/intraday_5m.csv
2026-10-02 17:39:34 BST | INFO | FEATURES | Intraday summary built | rows=90
2026-10-02 17:39:34 BST | INFO | YFINANCE | Sector/market fetch started
2026-10-02 17:39:34 BST | INFO | YFINANCE | Sector/market fetch completed | rows=15
2026-10-02 17:39:34 BST | INFO | FILE | Saved sector_market_daily | /root/trading/ASJR/ASJR_Analyst/DataLake/2026-10-02/raw/sector_market_daily.csv
2026-10-02 17:39:34 BST | INFO | FILE | Saved ticker_summary | rows=90 | /root/trading/ASJR/ASJR_Analyst/DataLake/2026-10-02/processed/ticker_summary.csv
2026-10-02 17:39:34 BST | INFO | FILE | Saved asjr_snapshot | /root/trading/ASJR/ASJR_Analyst/DataLake/2026-10-02/processed/asjr_snapshot.json
2026-10-02 17:39:34 BST | INFO | RUN | DATA COMPLETE | universe=90 | intraday_rows=39977 | ticker_summary=90
2026-10-02 17:39:34 BST | INFO | GIT | File verification started | count=7
