2026-10-02 14:44:13 BST | INFO | RUN | VERSION | 2026.10.01.4
2026-10-02 14:44:13 BST | INFO | RUN | START | trade_date=2026-10-02
2026-10-02 14:44:13 BST | INFO | WATCHLIST | /root/trading/ASJR/ASJR_Analyst/DataLake/2026-10-02/config/fixed_watchlist.csv | source=prepared
2026-10-02 14:44:13 BST | INFO | RUN | OPTIONS | include_sector=True | git_submit=True | fetch_gapup_from_app=True
2026-10-02 14:44:13 BST | INFO | MOVERS | Fetch started
2026-10-02 14:44:14 BST | INFO | MOVERS | Fetch completed | rows=58
2026-10-02 14:44:14 BST | INFO | MOVERS | Tickers | MOD, IBRX, FWDI, MARA, WNC, MXL, ALGM, PENG, FCEL, BTDR, FPS, APLD, BE, HPE, CRDO, BTGO, CLSK, BLSH, RXO, NVTS, WULF, IREN, HUT, BRUN, SMTC, CRCL, ONTO, VSH, ON, NXT, VIRT, HOOD, BGC, GLXY, RIOT, SBET, ENTG, ASST, MSTR, AEHR, COIN, TER, BULL, WYFI, CIFR, NBIS, CDNA, TSLA, MTSI, TXN, STX, ACCV, WDC, TH, NKE, NYT, AXGN, QMCO
2026-10-02 14:44:14 BST | INFO | UNIVERSE | Built | tickers=75
2026-10-02 14:44:14 BST | INFO | FILE | Saved ibkr_gapup (movers) | /root/trading/ASJR/ASJR_Analyst/DataLake/2026-10-02/raw/ibkr_gapup.csv
2026-10-02 14:44:14 BST | INFO | YFINANCE | Daily 30D fetch started | tickers=75
2026-10-02 14:44:17 BST | INFO | YFINANCE | Daily 30D fetch completed | rows=2223
2026-10-02 14:44:17 BST | INFO | FILE | Saved daily_30d | /root/trading/ASJR/ASJR_Analyst/DataLake/2026-10-02/raw/daily_30d.csv
2026-10-02 14:44:17 BST | INFO | FEATURES | Daily summary built | rows=75
2026-10-02 14:44:17 BST | INFO | IBKR | 5m fetch started | tickers=75 | duration=3 D | batch_size=5
2026-10-02 14:44:34 BST | INFO | IBKR | 5m fetch completed | rows=31939
2026-10-02 14:44:34 BST | INFO | FILE | Saved intraday_5m | /root/trading/ASJR/ASJR_Analyst/DataLake/2026-10-02/raw/intraday_5m.csv
2026-10-02 14:44:34 BST | INFO | FEATURES | Intraday summary built | rows=75
2026-10-02 14:44:34 BST | INFO | YFINANCE | Sector/market fetch started
2026-10-02 14:44:35 BST | INFO | YFINANCE | Sector/market fetch completed | rows=15
2026-10-02 14:44:35 BST | INFO | FILE | Saved sector_market_daily | /root/trading/ASJR/ASJR_Analyst/DataLake/2026-10-02/raw/sector_market_daily.csv
2026-10-02 14:44:35 BST | INFO | FILE | Saved ticker_summary | rows=75 | /root/trading/ASJR/ASJR_Analyst/DataLake/2026-10-02/processed/ticker_summary.csv
2026-10-02 14:44:35 BST | INFO | FILE | Saved asjr_snapshot | /root/trading/ASJR/ASJR_Analyst/DataLake/2026-10-02/processed/asjr_snapshot.json
2026-10-02 14:44:35 BST | INFO | RUN | DATA COMPLETE | universe=75 | intraday_rows=31939 | ticker_summary=75
2026-10-02 14:44:35 BST | INFO | GIT | File verification started | count=7
