2026-10-02 19:34:56 BST | INFO | RUN | VERSION | 2026.10.02.3
2026-10-02 19:34:56 BST | INFO | RUN | START | trade_date=2026-10-02
2026-10-02 19:34:56 BST | INFO | WATCHLIST | /root/trading/ASJR/ASJR_Analyst/DataLake/2026-10-02/config/fixed_watchlist.csv | source=prepared
2026-10-02 19:34:56 BST | INFO | RUN | OPTIONS | include_sector=True | git_submit=True | fetch_gapup_from_app=True
2026-10-02 19:34:56 BST | INFO | MOVERS | Fetch started
2026-10-02 19:34:58 BST | INFO | MOVERS | Fetch completed | rows=83
2026-10-02 19:34:58 BST | INFO | MOVERS | Tickers | MOD, MXL, WNC, VSH, WOLF, RXO, PENG, ALGM, FCEL, IBRX, HPE, INIO, TER, FPS, PL, GENI, PPC, KRMN, VIRT, SPCX, SGML, ACCV, JBS, AAOI, GPGI, QGEN, MTSI, LWLG, TGB, AADX, STM, SEDG, EXTR, FUN, AMKR, SATL, LW, ECHO, ENTG, VIAV, SMTC, AVT, OUST, BULL, GTES, ERO, COHU, NTAP, QMCO, CGNX, STX, WDC, TH, NUVB, CNXC, GLUE, UCTT, SECZ, ADRX, KOD, AXGN, ACN, ALMS, RHI, KD, IMMX, EPAM, NAMS, CTVA, DXC, ASAN, ACHV, TNGX, GLOB, RIVN, NKE, XXI, GRND, XENE, BAH, RCUS, NVCR, CELC
2026-10-02 19:34:58 BST | INFO | UNIVERSE | Built | tickers=102
2026-10-02 19:34:58 BST | INFO | FILE | Saved ibkr_gapup (movers) | /root/trading/ASJR/ASJR_Analyst/DataLake/2026-10-02/raw/ibkr_gapup.csv
2026-10-02 19:34:58 BST | INFO | YFINANCE | Daily 30D fetch started | tickers=102
2026-10-02 19:35:01 BST | INFO | YFINANCE | Daily 30D fetch completed | rows=3009
2026-10-02 19:35:01 BST | INFO | FILE | Saved daily_30d | /root/trading/ASJR/ASJR_Analyst/DataLake/2026-10-02/raw/daily_30d.csv
2026-10-02 19:35:01 BST | INFO | FEATURES | Daily summary built | rows=102
2026-10-02 19:35:01 BST | INFO | IBKR | 5m fetch started | tickers=102 | duration=3 D | batch_size=5
2026-10-02 19:35:24 BST | INFO | IBKR | 5m fetch completed | rows=46772
2026-10-02 19:35:24 BST | INFO | FILE | Saved intraday_5m | /root/trading/ASJR/ASJR_Analyst/DataLake/2026-10-02/raw/intraday_5m.csv
2026-10-02 19:35:25 BST | INFO | FEATURES | Intraday summary built | rows=102
2026-10-02 19:35:25 BST | INFO | YFINANCE | Sector/market fetch started
2026-10-02 19:35:25 BST | INFO | YFINANCE | Sector/market fetch completed | rows=15
2026-10-02 19:35:25 BST | INFO | FILE | Saved sector_market_daily | /root/trading/ASJR/ASJR_Analyst/DataLake/2026-10-02/raw/sector_market_daily.csv
2026-10-02 19:35:25 BST | INFO | FILE | Saved ticker_summary | rows=102 | /root/trading/ASJR/ASJR_Analyst/DataLake/2026-10-02/processed/ticker_summary.csv
2026-10-02 19:35:25 BST | INFO | FILE | Saved asjr_snapshot | /root/trading/ASJR/ASJR_Analyst/DataLake/2026-10-02/processed/asjr_snapshot.json
2026-10-02 19:35:25 BST | INFO | RUN | DATA COMPLETE | universe=102 | intraday_rows=46772 | ticker_summary=102
2026-10-02 19:35:25 BST | INFO | GIT | File verification started | count=7
