2026-10-02 19:12:46 BST | INFO | RUN | VERSION | 2026.10.02.3
2026-10-02 19:12:46 BST | INFO | RUN | START | trade_date=2026-10-02
2026-10-02 19:12:46 BST | INFO | WATCHLIST | /root/trading/ASJR/ASJR_Analyst/DataLake/2026-10-02/config/fixed_watchlist.csv | source=prepared
2026-10-02 19:12:46 BST | INFO | RUN | OPTIONS | include_sector=True | git_submit=True | fetch_gapup_from_app=True
2026-10-02 19:12:46 BST | INFO | MOVERS | Fetch started
2026-10-02 19:12:47 BST | INFO | MOVERS | Fetch completed | rows=78
2026-10-02 19:12:47 BST | INFO | MOVERS | Tickers | MOD, MXL, WNC, VSH, WOLF, RXO, PENG, IBRX, ALGM, INIO, PL, FCEL, PPC, TER, FPS, HPE, LWLG, VIRT, KRMN, MTSI, GPGI, AADX, AAOI, SPCX, GENI, QGEN, JBS, ACCV, EXTR, TGB, STM, SEDG, NTAP, FWDI, SATL, NEXT, AMKR, FUN, SMTC, BKSY, ECHO, ENTG, BULL, OUST, VIAV, LSCC, IE, AVT, LW, COHU, STX, WDC, KOD, TH, CNXC, GLUE, UCTT, NUVB, ACN, SECZ, AXGN, ETRA, NAMS, KD, ADRX, IMMX, ALMS, TNGX, RHI, ASAN, DXC, NKE, CELC, EPAM, BAH, GDYN, GLOB, ALNY
2026-10-02 19:12:48 BST | INFO | UNIVERSE | Built | tickers=97
2026-10-02 19:12:48 BST | INFO | FILE | Saved ibkr_gapup (movers) | /root/trading/ASJR/ASJR_Analyst/DataLake/2026-10-02/raw/ibkr_gapup.csv
2026-10-02 19:12:48 BST | INFO | YFINANCE | Daily 30D fetch started | tickers=97
2026-10-02 19:12:50 BST | INFO | YFINANCE | Daily 30D fetch completed | rows=2840
2026-10-02 19:12:50 BST | INFO | FILE | Saved daily_30d | /root/trading/ASJR/ASJR_Analyst/DataLake/2026-10-02/raw/daily_30d.csv
2026-10-02 19:12:50 BST | INFO | FEATURES | Daily summary built | rows=97
2026-10-02 19:12:50 BST | INFO | IBKR | 5m fetch started | tickers=97 | duration=3 D | batch_size=5
2026-10-02 19:13:12 BST | INFO | IBKR | 5m fetch completed | rows=44188
2026-10-02 19:13:12 BST | INFO | FILE | Saved intraday_5m | /root/trading/ASJR/ASJR_Analyst/DataLake/2026-10-02/raw/intraday_5m.csv
2026-10-02 19:13:13 BST | INFO | FEATURES | Intraday summary built | rows=97
2026-10-02 19:13:13 BST | INFO | YFINANCE | Sector/market fetch started
2026-10-02 19:13:13 BST | INFO | YFINANCE | Sector/market fetch completed | rows=15
2026-10-02 19:13:13 BST | INFO | FILE | Saved sector_market_daily | /root/trading/ASJR/ASJR_Analyst/DataLake/2026-10-02/raw/sector_market_daily.csv
2026-10-02 19:13:13 BST | INFO | FILE | Saved ticker_summary | rows=97 | /root/trading/ASJR/ASJR_Analyst/DataLake/2026-10-02/processed/ticker_summary.csv
2026-10-02 19:13:13 BST | INFO | FILE | Saved asjr_snapshot | /root/trading/ASJR/ASJR_Analyst/DataLake/2026-10-02/processed/asjr_snapshot.json
2026-10-02 19:13:13 BST | INFO | RUN | DATA COMPLETE | universe=97 | intraday_rows=44188 | ticker_summary=97
2026-10-02 19:13:13 BST | INFO | GIT | File verification started | count=7
