2026-10-02 17:04:40 BST | INFO | RUN | VERSION | 2026.10.01.4
2026-10-02 17:04:40 BST | INFO | RUN | START | trade_date=2026-10-02
2026-10-02 17:04:40 BST | INFO | WATCHLIST | /root/trading/ASJR/ASJR_Analyst/DataLake/2026-10-02/config/fixed_watchlist.csv | source=prepared
2026-10-02 17:04:40 BST | INFO | RUN | OPTIONS | include_sector=True | git_submit=True | fetch_gapup_from_app=True
2026-10-02 17:04:40 BST | INFO | MOVERS | Fetch started
2026-10-02 17:04:41 BST | INFO | MOVERS | Fetch completed | rows=66
2026-10-02 17:04:41 BST | INFO | MOVERS | Tickers | MOD, WNC, MXL, IBRX, VSH, WOLF, PENG, RXO, ALGM, MTSI, TER, INIO, PL, VIAV, HPE, SMTC, QGEN, LWLG, AAOI, GPGI, CRDO, ENTG, AEHR, QDEL, SPCX, FPS, NTAP, KRMN, TTMI, SEDG, STM, PPC, SATL, AMKR, MCHP, NBIS, ONTO, AXTI, FCEL, LSCC, EXTR, BE, VIRT, JBS, TXN, AKAM, FRPT, COHR, RMBS, ON, STX, WDC, TH, CNXC, KOD, SECZ, NKE, ACN, RIVN, KD, SPT, BAH, NAMS, GLOB, PSQL, ASAN
2026-10-02 17:04:41 BST | INFO | UNIVERSE | Built | tickers=82
2026-10-02 17:04:41 BST | INFO | FILE | Saved ibkr_gapup (movers) | /root/trading/ASJR/ASJR_Analyst/DataLake/2026-10-02/raw/ibkr_gapup.csv
2026-10-02 17:04:41 BST | INFO | YFINANCE | Daily 30D fetch started | tickers=82
2026-10-02 17:04:44 BST | INFO | YFINANCE | Daily 30D fetch completed | rows=2460
2026-10-02 17:04:44 BST | INFO | FILE | Saved daily_30d | /root/trading/ASJR/ASJR_Analyst/DataLake/2026-10-02/raw/daily_30d.csv
2026-10-02 17:04:44 BST | INFO | FEATURES | Daily summary built | rows=82
2026-10-02 17:04:44 BST | INFO | IBKR | 5m fetch started | tickers=82 | duration=3 D | batch_size=5
2026-10-02 17:05:03 BST | INFO | IBKR | 5m fetch completed | rows=36454
2026-10-02 17:05:03 BST | INFO | FILE | Saved intraday_5m | /root/trading/ASJR/ASJR_Analyst/DataLake/2026-10-02/raw/intraday_5m.csv
2026-10-02 17:05:04 BST | INFO | FEATURES | Intraday summary built | rows=82
2026-10-02 17:05:04 BST | INFO | YFINANCE | Sector/market fetch started
2026-10-02 17:05:04 BST | INFO | YFINANCE | Sector/market fetch completed | rows=15
2026-10-02 17:05:04 BST | INFO | FILE | Saved sector_market_daily | /root/trading/ASJR/ASJR_Analyst/DataLake/2026-10-02/raw/sector_market_daily.csv
2026-10-02 17:05:04 BST | INFO | FILE | Saved ticker_summary | rows=82 | /root/trading/ASJR/ASJR_Analyst/DataLake/2026-10-02/processed/ticker_summary.csv
2026-10-02 17:05:04 BST | INFO | FILE | Saved asjr_snapshot | /root/trading/ASJR/ASJR_Analyst/DataLake/2026-10-02/processed/asjr_snapshot.json
2026-10-02 17:05:04 BST | INFO | RUN | DATA COMPLETE | universe=82 | intraday_rows=36454 | ticker_summary=82
2026-10-02 17:05:04 BST | INFO | GIT | File verification started | count=7
