2026-10-02 19:07:14 BST | INFO | RUN | VERSION | 2026.10.02.3
2026-10-02 19:07:14 BST | INFO | RUN | START | trade_date=2026-10-02
2026-10-02 19:07:14 BST | INFO | WATCHLIST | /root/trading/ASJR/ASJR_Analyst/DataLake/2026-10-02/config/fixed_watchlist.csv | source=prepared
2026-10-02 19:07:14 BST | INFO | RUN | OPTIONS | include_sector=True | git_submit=True | fetch_gapup_from_app=True
2026-10-02 19:07:14 BST | INFO | MOVERS | Fetch started
2026-10-02 19:07:16 BST | INFO | MOVERS | Fetch completed | rows=81
2026-10-02 19:07:16 BST | INFO | MOVERS | Tickers | MOD, MXL, WOLF, VSH, WNC, RXO, PENG, IBRX, ALGM, PL, INIO, HPE, KRMN, LWLG, FCEL, TER, VIRT, AAOI, MTSI, PPC, ACCV, GENI, SPCX, AADX, GPGI, FPS, QGEN, SATL, JBS, TGB, STM, EXTR, FUN, BKSY, SMTC, NTAP, ECHO, NEXT, AMKR, ENTG, SEDG, VIAV, LUNR, BULL, OUST, AVT, IE, RKLB, AXTI, FWDI, STX, WDC, KOD, CNXC, TH, UCTT, SECZ, GLUE, ETRA, AXGN, ACN, NUVB, ADRX, NAMS, KD, IMMX, RHI, TNGX, ALMS, NKE, DXC, REPL, ASAN, EPAM, NVCR, CELC, CTVA, BAH, GDYN, GLOB, ALNY
2026-10-02 19:07:16 BST | INFO | UNIVERSE | Built | tickers=100
2026-10-02 19:07:16 BST | INFO | FILE | Saved ibkr_gapup (movers) | /root/trading/ASJR/ASJR_Analyst/DataLake/2026-10-02/raw/ibkr_gapup.csv
2026-10-02 19:07:16 BST | INFO | YFINANCE | Daily 30D fetch started | tickers=100
2026-10-02 19:07:18 BST | INFO | YFINANCE | Daily 30D fetch completed | rows=2930
2026-10-02 19:07:19 BST | INFO | FILE | Saved daily_30d | /root/trading/ASJR/ASJR_Analyst/DataLake/2026-10-02/raw/daily_30d.csv
2026-10-02 19:07:19 BST | INFO | FEATURES | Daily summary built | rows=100
2026-10-02 19:07:19 BST | INFO | IBKR | 5m fetch started | tickers=100 | duration=3 D | batch_size=5
2026-10-02 19:07:41 BST | INFO | IBKR | 5m fetch completed | rows=45562
2026-10-02 19:07:41 BST | INFO | FILE | Saved intraday_5m | /root/trading/ASJR/ASJR_Analyst/DataLake/2026-10-02/raw/intraday_5m.csv
2026-10-02 19:07:42 BST | INFO | FEATURES | Intraday summary built | rows=100
2026-10-02 19:07:42 BST | INFO | YFINANCE | Sector/market fetch started
2026-10-02 19:07:42 BST | INFO | YFINANCE | Sector/market fetch completed | rows=15
2026-10-02 19:07:42 BST | INFO | FILE | Saved sector_market_daily | /root/trading/ASJR/ASJR_Analyst/DataLake/2026-10-02/raw/sector_market_daily.csv
2026-10-02 19:07:42 BST | INFO | FILE | Saved ticker_summary | rows=100 | /root/trading/ASJR/ASJR_Analyst/DataLake/2026-10-02/processed/ticker_summary.csv
2026-10-02 19:07:42 BST | INFO | FILE | Saved asjr_snapshot | /root/trading/ASJR/ASJR_Analyst/DataLake/2026-10-02/processed/asjr_snapshot.json
2026-10-02 19:07:42 BST | INFO | RUN | DATA COMPLETE | universe=100 | intraday_rows=45562 | ticker_summary=100
2026-10-02 19:07:42 BST | INFO | GIT | File verification started | count=7
