2026-10-02 17:58:56 BST | INFO | RUN | VERSION | 2026.10.02.3
2026-10-02 17:58:56 BST | INFO | RUN | START | trade_date=2026-10-02
2026-10-02 17:58:56 BST | INFO | WATCHLIST | /root/trading/ASJR/ASJR_Analyst/DataLake/2026-10-02/config/fixed_watchlist.csv | source=prepared
2026-10-02 17:58:56 BST | INFO | RUN | OPTIONS | include_sector=True | git_submit=True | fetch_gapup_from_app=True
2026-10-02 17:58:56 BST | INFO | MOVERS | Fetch started
2026-10-02 17:58:58 BST | INFO | MOVERS | Fetch completed | rows=70
2026-10-02 17:58:58 BST | INFO | MOVERS | Tickers | MOD, MXL, VSH, WOLF, RXO, PENG, WNC, IBRX, INIO, ALGM, HPE, PL, TER, MTSI, LWLG, NTAP, FCEL, FPS, VIRT, AAOI, QGEN, GPGI, PPC, KRMN, SATL, SMTC, SPCX, STM, AMKR, ENTG, SEDG, EXTR, JBS, FUN, FRPT, VIAV, LSCC, EROC, BKSY, TGB, ON, CRDO, ECHO, COHU, BULL, GENI, TXN, AKAM, AEHR, NXT, WDC, STX, KOD, CNXC, TH, SECZ, NKE, ADRX, ETRA, NAMS, NUVB, ACN, KD, AXGN, GLUE, PSQL, ALMS, BAH, EPAM, RIVN
2026-10-02 17:58:58 BST | INFO | UNIVERSE | Built | tickers=87
2026-10-02 17:58:58 BST | INFO | FILE | Saved ibkr_gapup (movers) | /root/trading/ASJR/ASJR_Analyst/DataLake/2026-10-02/raw/ibkr_gapup.csv
2026-10-02 17:58:58 BST | INFO | YFINANCE | Daily 30D fetch started | tickers=87
2026-10-02 17:59:01 BST | INFO | YFINANCE | Daily 30D fetch completed | rows=2567
2026-10-02 17:59:01 BST | INFO | FILE | Saved daily_30d | /root/trading/ASJR/ASJR_Analyst/DataLake/2026-10-02/raw/daily_30d.csv
2026-10-02 17:59:01 BST | INFO | FEATURES | Daily summary built | rows=87
2026-10-02 17:59:01 BST | INFO | IBKR | 5m fetch started | tickers=87 | duration=3 D | batch_size=5
2026-10-02 17:59:21 BST | INFO | IBKR | 5m fetch completed | rows=39119
2026-10-02 17:59:21 BST | INFO | FILE | Saved intraday_5m | /root/trading/ASJR/ASJR_Analyst/DataLake/2026-10-02/raw/intraday_5m.csv
2026-10-02 17:59:22 BST | INFO | FEATURES | Intraday summary built | rows=87
2026-10-02 17:59:22 BST | INFO | YFINANCE | Sector/market fetch started
2026-10-02 17:59:23 BST | INFO | YFINANCE | Sector/market fetch completed | rows=15
2026-10-02 17:59:23 BST | INFO | FILE | Saved sector_market_daily | /root/trading/ASJR/ASJR_Analyst/DataLake/2026-10-02/raw/sector_market_daily.csv
2026-10-02 17:59:23 BST | INFO | FILE | Saved ticker_summary | rows=87 | /root/trading/ASJR/ASJR_Analyst/DataLake/2026-10-02/processed/ticker_summary.csv
2026-10-02 17:59:23 BST | INFO | FILE | Saved asjr_snapshot | /root/trading/ASJR/ASJR_Analyst/DataLake/2026-10-02/processed/asjr_snapshot.json
2026-10-02 17:59:23 BST | INFO | RUN | DATA COMPLETE | universe=87 | intraday_rows=39119 | ticker_summary=87
2026-10-02 17:59:23 BST | INFO | GIT | File verification started | count=7
