2026-10-02 19:40:30 BST | INFO | RUN | VERSION | 2026.10.02.3
2026-10-02 19:40:30 BST | INFO | RUN | START | trade_date=2026-10-02
2026-10-02 19:40:30 BST | INFO | WATCHLIST | /root/trading/ASJR/ASJR_Analyst/DataLake/2026-10-02/config/fixed_watchlist.csv | source=prepared
2026-10-02 19:40:30 BST | INFO | RUN | OPTIONS | include_sector=True | git_submit=True | fetch_gapup_from_app=True
2026-10-02 19:40:30 BST | INFO | MOVERS | Fetch started
2026-10-02 19:40:31 BST | INFO | MOVERS | Fetch completed | rows=83
2026-10-02 19:40:31 BST | INFO | MOVERS | Tickers | MOD, MXL, WNC, WOLF, VSH, RXO, PENG, IBRX, ALGM, FCEL, HPE, INIO, PL, FPS, SGML, TER, VIRT, KRMN, PPC, SPCX, GENI, GPGI, JBS, QGEN, AAOI, MTSI, LWLG, TGB, AADX, STM, LW, ECHO, QMCO, ACCV, FUN, SEDG, SATL, AMKR, EXTR, NTAP, OUST, VIAV, ENTG, AVT, SMTC, ERO, GTES, BULL, CSQR, AEHR, STX, WDC, TH, NUVB, UCTT, GLUE, CNXC, ADRX, SECZ, AXGN, ACN, ALMS, KD, KOD, IMMX, RHI, NAMS, ACHV, TNGX, CTVA, DXC, EPAM, ASAN, XXI, ETRA, VSTM, NVCR, COIN, CELC, GRND, GLOB, RIVN, SGMT
2026-10-02 19:40:31 BST | INFO | UNIVERSE | Built | tickers=102
2026-10-02 19:40:31 BST | INFO | FILE | Saved ibkr_gapup (movers) | /root/trading/ASJR/ASJR_Analyst/DataLake/2026-10-02/raw/ibkr_gapup.csv
2026-10-02 19:40:31 BST | INFO | YFINANCE | Daily 30D fetch started | tickers=102
2026-10-02 19:40:34 BST | INFO | YFINANCE | Daily 30D fetch completed | rows=2990
2026-10-02 19:40:35 BST | INFO | FILE | Saved daily_30d | /root/trading/ASJR/ASJR_Analyst/DataLake/2026-10-02/raw/daily_30d.csv
2026-10-02 19:40:35 BST | INFO | FEATURES | Daily summary built | rows=102
2026-10-02 19:40:35 BST | INFO | IBKR | 5m fetch started | tickers=102 | duration=3 D | batch_size=5
2026-10-02 19:40:57 BST | INFO | IBKR | 5m fetch completed | rows=46951
2026-10-02 19:40:58 BST | INFO | FILE | Saved intraday_5m | /root/trading/ASJR/ASJR_Analyst/DataLake/2026-10-02/raw/intraday_5m.csv
2026-10-02 19:40:59 BST | INFO | FEATURES | Intraday summary built | rows=102
2026-10-02 19:40:59 BST | INFO | YFINANCE | Sector/market fetch started
2026-10-02 19:40:59 BST | INFO | YFINANCE | Sector/market fetch completed | rows=15
2026-10-02 19:40:59 BST | INFO | FILE | Saved sector_market_daily | /root/trading/ASJR/ASJR_Analyst/DataLake/2026-10-02/raw/sector_market_daily.csv
2026-10-02 19:40:59 BST | INFO | FILE | Saved ticker_summary | rows=102 | /root/trading/ASJR/ASJR_Analyst/DataLake/2026-10-02/processed/ticker_summary.csv
2026-10-02 19:40:59 BST | INFO | FILE | Saved asjr_snapshot | /root/trading/ASJR/ASJR_Analyst/DataLake/2026-10-02/processed/asjr_snapshot.json
2026-10-02 19:40:59 BST | INFO | RUN | DATA COMPLETE | universe=102 | intraday_rows=46951 | ticker_summary=102
2026-10-02 19:40:59 BST | INFO | GIT | File verification started | count=7
