2026-10-02 19:23:50 BST | INFO | RUN | VERSION | 2026.10.02.3
2026-10-02 19:23:50 BST | INFO | RUN | START | trade_date=2026-10-02
2026-10-02 19:23:50 BST | INFO | WATCHLIST | /root/trading/ASJR/ASJR_Analyst/DataLake/2026-10-02/config/fixed_watchlist.csv | source=prepared
2026-10-02 19:23:50 BST | INFO | RUN | OPTIONS | include_sector=True | git_submit=True | fetch_gapup_from_app=True
2026-10-02 19:23:50 BST | INFO | MOVERS | Fetch started
2026-10-02 19:23:52 BST | INFO | MOVERS | Fetch completed | rows=84
2026-10-02 19:23:52 BST | INFO | MOVERS | Tickers | MXL, MOD, WNC, VSH, WOLF, PENG, RXO, ALGM, FCEL, INIO, IBRX, HPE, SGML, PL, FPS, GENI, TER, PPC, MTSI, KRMN, AAOI, VIRT, SPCX, JBS, GPGI, LWLG, QGEN, EXTR, ACCV, SATL, AADX, AMKR, STM, TGB, VIAV, FUN, SMTC, SEDG, ENTG, QMCO, AVT, COHU, NTAP, FWDI, BULL, ECHO, LSCC, LW, ERO, OUST, STX, WDC, TH, CNXC, KOD, NUVB, GLUE, UCTT, SECZ, ADRX, AXGN, ACN, ALMS, KD, ETRA, TNGX, CTVA, NAMS, DXC, RHI, ASAN, IMMX, NKE, BAH, EPAM, RIVN, PSQL, XXI, XENE, ALNY, RCUS, COIN, GLOB, CELC
2026-10-02 19:23:52 BST | INFO | UNIVERSE | Built | tickers=103
2026-10-02 19:23:52 BST | INFO | FILE | Saved ibkr_gapup (movers) | /root/trading/ASJR/ASJR_Analyst/DataLake/2026-10-02/raw/ibkr_gapup.csv
2026-10-02 19:23:52 BST | INFO | YFINANCE | Daily 30D fetch started | tickers=103
2026-10-02 19:23:55 BST | INFO | YFINANCE | Daily 30D fetch completed | rows=3020
2026-10-02 19:23:55 BST | INFO | FILE | Saved daily_30d | /root/trading/ASJR/ASJR_Analyst/DataLake/2026-10-02/raw/daily_30d.csv
2026-10-02 19:23:55 BST | INFO | FEATURES | Daily summary built | rows=103
2026-10-02 19:23:55 BST | INFO | IBKR | 5m fetch started | tickers=103 | duration=3 D | batch_size=5
2026-10-02 19:24:17 BST | INFO | IBKR | 5m fetch completed | rows=47267
2026-10-02 19:24:17 BST | INFO | FILE | Saved intraday_5m | /root/trading/ASJR/ASJR_Analyst/DataLake/2026-10-02/raw/intraday_5m.csv
2026-10-02 19:24:18 BST | INFO | FEATURES | Intraday summary built | rows=103
2026-10-02 19:24:18 BST | INFO | YFINANCE | Sector/market fetch started
2026-10-02 19:24:19 BST | INFO | YFINANCE | Sector/market fetch completed | rows=15
2026-10-02 19:24:19 BST | INFO | FILE | Saved sector_market_daily | /root/trading/ASJR/ASJR_Analyst/DataLake/2026-10-02/raw/sector_market_daily.csv
2026-10-02 19:24:19 BST | INFO | FILE | Saved ticker_summary | rows=103 | /root/trading/ASJR/ASJR_Analyst/DataLake/2026-10-02/processed/ticker_summary.csv
2026-10-02 19:24:19 BST | INFO | FILE | Saved asjr_snapshot | /root/trading/ASJR/ASJR_Analyst/DataLake/2026-10-02/processed/asjr_snapshot.json
2026-10-02 19:24:19 BST | INFO | RUN | DATA COMPLETE | universe=103 | intraday_rows=47267 | ticker_summary=103
2026-10-02 19:24:19 BST | INFO | GIT | File verification started | count=7
