2026-10-02 18:26:51 BST | INFO | RUN | VERSION | 2026.10.02.3
2026-10-02 18:26:51 BST | INFO | RUN | START | trade_date=2026-10-02
2026-10-02 18:26:51 BST | INFO | WATCHLIST | /root/trading/ASJR/ASJR_Analyst/DataLake/2026-10-02/config/fixed_watchlist.csv | source=prepared
2026-10-02 18:26:51 BST | INFO | RUN | OPTIONS | include_sector=True | git_submit=True | fetch_gapup_from_app=True
2026-10-02 18:26:51 BST | INFO | MOVERS | Fetch started
2026-10-02 18:26:53 BST | INFO | MOVERS | Fetch completed | rows=78
2026-10-02 18:26:53 BST | INFO | MOVERS | Tickers | MOD, MXL, VSH, WOLF, WNC, RXO, PENG, IBRX, INIO, MTSI, HPE, PL, TER, ALGM, KRMN, FCEL, AAOI, NTAP, PPC, JBS, VIRT, GENI, GPGI, LWLG, QGEN, SPCX, SMTC, STM, SATL, FPS, TGB, FUN, EROC, AADX, VIAV, SEDG, EXTR, LSCC, FRPT, ECHO, BULL, TTMI, IE, ENTG, COHU, AMKR, BKSY, TSLA, COHR, AVT, STX, WDC, KOD, TH, CNXC, SECZ, ADRX, NUVB, NAMS, AXGN, UCTT, ACN, KD, GLUE, ETRA, NKE, RIVN, ALMS, RHI, BAH, EPAM, DNA, REPL, NVCR, PSQL, TNGX, GLOB, CTVA
2026-10-02 18:26:53 BST | INFO | UNIVERSE | Built | tickers=96
2026-10-02 18:26:53 BST | INFO | FILE | Saved ibkr_gapup (movers) | /root/trading/ASJR/ASJR_Analyst/DataLake/2026-10-02/raw/ibkr_gapup.csv
2026-10-02 18:26:53 BST | INFO | YFINANCE | Daily 30D fetch started | tickers=96
2026-10-02 18:26:56 BST | INFO | YFINANCE | Daily 30D fetch completed | rows=2837
2026-10-02 18:26:56 BST | INFO | FILE | Saved daily_30d | /root/trading/ASJR/ASJR_Analyst/DataLake/2026-10-02/raw/daily_30d.csv
2026-10-02 18:26:56 BST | INFO | FEATURES | Daily summary built | rows=96
2026-10-02 18:26:56 BST | INFO | IBKR | 5m fetch started | tickers=96 | duration=3 D | batch_size=5
2026-10-02 18:27:18 BST | INFO | IBKR | 5m fetch completed | rows=43234
2026-10-02 18:27:18 BST | INFO | FILE | Saved intraday_5m | /root/trading/ASJR/ASJR_Analyst/DataLake/2026-10-02/raw/intraday_5m.csv
2026-10-02 18:27:19 BST | INFO | FEATURES | Intraday summary built | rows=96
2026-10-02 18:27:19 BST | INFO | YFINANCE | Sector/market fetch started
2026-10-02 18:27:20 BST | INFO | YFINANCE | Sector/market fetch completed | rows=15
2026-10-02 18:27:20 BST | INFO | FILE | Saved sector_market_daily | /root/trading/ASJR/ASJR_Analyst/DataLake/2026-10-02/raw/sector_market_daily.csv
2026-10-02 18:27:20 BST | INFO | FILE | Saved ticker_summary | rows=96 | /root/trading/ASJR/ASJR_Analyst/DataLake/2026-10-02/processed/ticker_summary.csv
2026-10-02 18:27:20 BST | INFO | FILE | Saved asjr_snapshot | /root/trading/ASJR/ASJR_Analyst/DataLake/2026-10-02/processed/asjr_snapshot.json
2026-10-02 18:27:20 BST | INFO | RUN | DATA COMPLETE | universe=96 | intraday_rows=43234 | ticker_summary=96
2026-10-02 18:27:20 BST | INFO | GIT | File verification started | count=7
