2026-10-01 18:09:59 BST | INFO | RUN | VERSION | 2026.10.01.3
2026-10-01 18:09:59 BST | INFO | RUN | START | trade_date=2026-10-01
2026-10-01 18:09:59 BST | INFO | WATCHLIST | /root/trading/ASJR/ASJR_Analyst/DataLake/2026-10-01/config/fixed_watchlist.csv | source=prepared
2026-10-01 18:09:59 BST | INFO | RUN | OPTIONS | include_sector=True | git_submit=True | fetch_gapup_from_app=True
2026-10-01 18:09:59 BST | INFO | MOVERS | Fetch started
2026-10-01 18:10:01 BST | INFO | MOVERS | Fetch completed | rows=100
2026-10-01 18:10:01 BST | INFO | MOVERS | Tickers | ACN, CNXC, GLOB, SNPS, COHR, TDAY, GWRE, GDYN, EPAM, DXC, INOD, GO, LITE, LWLG, EXLS, CTSH, TSEM, KD, CRDO, G, WOLF, CIEN, ASAN, AXTI, CDW, AAOI, XENE, VIAV, CVI, NCNO, TEAM, IT, U, UTI, TH, STTK, MTSI, CXM, SPT, PBF, MPC, FIVN, CDNS, VERX, MNDY, ARHS, CSQR, HUBS, GEV, PTC, SGML, LQDA, NMAX, SHAZ, ACCV, UMAC, GRND, PSKY, SECZ, UNIT, AVEX, BRUN, RGEN, TEM, RIOT, CARG, CTVA, NUAI, GLUE, ARCO, ALHC, TGB, VRDN, PRCT, LGN, SLS, GENB, CLSK, PPC, CIFR, CAI, CAPR, WYFI, ABCL, PWP, ATEC, BLFS, TIGO, ACHV, GENI, FMC, JBS, DJT, LIFE, ALNY, MT, APP, ETRA, FTRE, MLYS
2026-10-01 18:10:01 BST | INFO | UNIVERSE | Built | tickers=116
2026-10-01 18:10:01 BST | INFO | FILE | Saved ibkr_gapup (movers) | /root/trading/ASJR/ASJR_Analyst/DataLake/2026-10-01/raw/ibkr_gapup.csv
2026-10-01 18:10:01 BST | INFO | YFINANCE | Daily 30D fetch started | tickers=116
2026-10-01 18:10:05 BST | INFO | YFINANCE | Daily 30D fetch completed | rows=3432
2026-10-01 18:10:05 BST | INFO | FILE | Saved daily_30d | /root/trading/ASJR/ASJR_Analyst/DataLake/2026-10-01/raw/daily_30d.csv
2026-10-01 18:10:05 BST | INFO | FEATURES | Daily summary built | rows=116
2026-10-01 18:10:05 BST | INFO | IBKR | 5m fetch started | tickers=116 | duration=3 D | batch_size=5
2026-10-01 18:10:33 BST | INFO | IBKR | 5m fetch completed | rows=49229
2026-10-01 18:10:33 BST | INFO | FILE | Saved intraday_5m | /root/trading/ASJR/ASJR_Analyst/DataLake/2026-10-01/raw/intraday_5m.csv
2026-10-01 18:10:34 BST | INFO | FEATURES | Intraday summary built | rows=116
2026-10-01 18:10:34 BST | INFO | YFINANCE | Sector/market fetch started
2026-10-01 18:10:35 BST | INFO | YFINANCE | Sector/market fetch completed | rows=15
2026-10-01 18:10:35 BST | INFO | FILE | Saved sector_market_daily | /root/trading/ASJR/ASJR_Analyst/DataLake/2026-10-01/raw/sector_market_daily.csv
2026-10-01 18:10:35 BST | INFO | FILE | Saved ticker_summary | rows=116 | /root/trading/ASJR/ASJR_Analyst/DataLake/2026-10-01/processed/ticker_summary.csv
2026-10-01 18:10:35 BST | INFO | FILE | Saved asjr_snapshot | /root/trading/ASJR/ASJR_Analyst/DataLake/2026-10-01/processed/asjr_snapshot.json
2026-10-01 18:10:35 BST | INFO | RUN | DATA COMPLETE | universe=116 | intraday_rows=49229 | ticker_summary=116
2026-10-01 18:10:35 BST | INFO | GIT | File verification started | count=7
