2026-10-01 15:30:31 BST | INFO | RUN | VERSION | 2026.09.30.1
2026-10-01 15:30:31 BST | INFO | RUN | START | trade_date=2026-10-01
2026-10-01 15:30:31 BST | INFO | WATCHLIST | /root/trading/ASJR/ASJR_Analyst/DataLake/2026-10-01/config/fixed_watchlist.csv | source=prepared
2026-10-01 15:30:31 BST | INFO | RUN | OPTIONS | include_sector=True | git_submit=True | fetch_gapup_from_app=True
2026-10-01 15:30:31 BST | INFO | MOVERS | Fetch started
2026-10-01 15:30:33 BST | INFO | MOVERS | Fetch completed | rows=72
2026-10-01 15:30:33 BST | INFO | MOVERS | Tickers | ACN, TDAY, SNPS, CNXC, CTSH, GLOB, EPAM, COHR, DXC, GWRE, GDYN, KD, LITE, G, EXLS, IT, PBF, PTC, CDNS, TSEM, CVI, NCNO, BAH, ASAN, CRDO, IBM, DOX, SPT, PEGA, HUBS, AXTI, XENE, MPC, DINO, AAOI, U, FLY, VLO, CDW, LQDA, SGML, BRUN, GRND, SHAZ, GLUE, VRDN, NUAI, SECZ, UNIT, SEDG, WYFI, CIFR, RIOT, MOS, ACCV, CELC, CE, AMLX, IMMX, CLSK, CARG, SW, ARCO, FPS, PSKY, NMAX, MP, CTVA, ALHC, HLMN, VKTX, TGB
2026-10-01 15:30:33 BST | INFO | UNIVERSE | Built | tickers=88
2026-10-01 15:30:33 BST | INFO | FILE | Saved ibkr_gapup (movers) | /root/trading/ASJR/ASJR_Analyst/DataLake/2026-10-01/raw/ibkr_gapup.csv
2026-10-01 15:30:33 BST | INFO | YFINANCE | Daily 30D fetch started | tickers=88
2026-10-01 15:30:37 BST | INFO | YFINANCE | Daily 30D fetch completed | rows=2612
2026-10-01 15:30:37 BST | INFO | FILE | Saved daily_30d | /root/trading/ASJR/ASJR_Analyst/DataLake/2026-10-01/raw/daily_30d.csv
2026-10-01 15:30:37 BST | INFO | FEATURES | Daily summary built | rows=88
2026-10-01 15:30:37 BST | INFO | IBKR | 5m fetch started | tickers=88 | duration=3 D | batch_size=5
2026-10-01 15:30:58 BST | INFO | IBKR | 5m fetch completed | rows=34878
2026-10-01 15:30:59 BST | INFO | FILE | Saved intraday_5m | /root/trading/ASJR/ASJR_Analyst/DataLake/2026-10-01/raw/intraday_5m.csv
2026-10-01 15:30:59 BST | INFO | FEATURES | Intraday summary built | rows=88
2026-10-01 15:30:59 BST | INFO | YFINANCE | Sector/market fetch started
2026-10-01 15:31:00 BST | INFO | YFINANCE | Sector/market fetch completed | rows=15
2026-10-01 15:31:00 BST | INFO | FILE | Saved sector_market_daily | /root/trading/ASJR/ASJR_Analyst/DataLake/2026-10-01/raw/sector_market_daily.csv
2026-10-01 15:31:00 BST | INFO | FILE | Saved ticker_summary | rows=88 | /root/trading/ASJR/ASJR_Analyst/DataLake/2026-10-01/processed/ticker_summary.csv
2026-10-01 15:31:00 BST | INFO | FILE | Saved asjr_snapshot | /root/trading/ASJR/ASJR_Analyst/DataLake/2026-10-01/processed/asjr_snapshot.json
2026-10-01 15:31:00 BST | INFO | RUN | DATA COMPLETE | universe=88 | intraday_rows=34878 | ticker_summary=88
2026-10-01 15:31:00 BST | INFO | GIT | File verification started | count=7
