2026-10-01 15:41:28 BST | INFO | RUN | VERSION | 2026.09.30.1
2026-10-01 15:41:28 BST | INFO | RUN | START | trade_date=2026-10-01
2026-10-01 15:41:28 BST | INFO | WATCHLIST | /root/trading/ASJR/ASJR_Analyst/DataLake/2026-10-01/config/fixed_watchlist.csv | source=prepared
2026-10-01 15:41:28 BST | INFO | RUN | OPTIONS | include_sector=True | git_submit=True | fetch_gapup_from_app=True
2026-10-01 15:41:28 BST | INFO | MOVERS | Fetch started
2026-10-01 15:41:29 BST | INFO | MOVERS | Fetch completed | rows=59
2026-10-01 15:41:29 BST | INFO | MOVERS | Tickers | ACN, TDAY, SNPS, CNXC, COHR, GLOB, CTSH, LITE, GDYN, EPAM, GWRE, DXC, TSEM, AXTI, G, KD, EXLS, AAOI, CDNS, BAH, PBF, CRDO, XENE, KOD, IT, CSQR, CVI, AMAT, IBM, PTC, LQDA, GRND, SGML, BRUN, SHAZ, VRDN, GLUE, SEDG, SECZ, PSKY, UNIT, NUAI, ALHC, AMLX, ACCV, WYFI, MOS, CELC, MP, CARG, IMMX, ACHV, TGB, SLS, CTVA, CIFR, ARCO, RIOT, NMAX
2026-10-01 15:41:29 BST | INFO | UNIVERSE | Built | tickers=74
2026-10-01 15:41:29 BST | INFO | FILE | Saved ibkr_gapup (movers) | /root/trading/ASJR/ASJR_Analyst/DataLake/2026-10-01/raw/ibkr_gapup.csv
2026-10-01 15:41:29 BST | INFO | YFINANCE | Daily 30D fetch started | tickers=74
2026-10-01 15:41:32 BST | INFO | YFINANCE | Daily 30D fetch completed | rows=2192
2026-10-01 15:41:32 BST | INFO | FILE | Saved daily_30d | /root/trading/ASJR/ASJR_Analyst/DataLake/2026-10-01/raw/daily_30d.csv
2026-10-01 15:41:32 BST | INFO | FEATURES | Daily summary built | rows=74
2026-10-01 15:41:32 BST | INFO | IBKR | 5m fetch started | tickers=74 | duration=3 D | batch_size=5
2026-10-01 15:41:48 BST | INFO | IBKR | 5m fetch completed | rows=29694
2026-10-01 15:41:48 BST | INFO | FILE | Saved intraday_5m | /root/trading/ASJR/ASJR_Analyst/DataLake/2026-10-01/raw/intraday_5m.csv
2026-10-01 15:41:48 BST | INFO | FEATURES | Intraday summary built | rows=74
2026-10-01 15:41:48 BST | INFO | YFINANCE | Sector/market fetch started
2026-10-01 15:41:49 BST | INFO | YFINANCE | Sector/market fetch completed | rows=15
2026-10-01 15:41:49 BST | INFO | FILE | Saved sector_market_daily | /root/trading/ASJR/ASJR_Analyst/DataLake/2026-10-01/raw/sector_market_daily.csv
2026-10-01 15:41:49 BST | INFO | FILE | Saved ticker_summary | rows=74 | /root/trading/ASJR/ASJR_Analyst/DataLake/2026-10-01/processed/ticker_summary.csv
2026-10-01 15:41:49 BST | INFO | FILE | Saved asjr_snapshot | /root/trading/ASJR/ASJR_Analyst/DataLake/2026-10-01/processed/asjr_snapshot.json
2026-10-01 15:41:49 BST | INFO | RUN | DATA COMPLETE | universe=74 | intraday_rows=29694 | ticker_summary=74
2026-10-01 15:41:49 BST | INFO | GIT | File verification started | count=7
