2026-10-01 19:55:22 BST | INFO | RUN | VERSION | 2026.10.01.4
2026-10-01 19:55:22 BST | INFO | RUN | START | trade_date=2026-10-01
2026-10-01 19:55:22 BST | INFO | WATCHLIST | /root/trading/ASJR/ASJR_Analyst/DataLake/2026-10-01/config/fixed_watchlist.csv | source=prepared
2026-10-01 19:55:22 BST | INFO | RUN | OPTIONS | include_sector=True | git_submit=True | fetch_gapup_from_app=True
2026-10-01 19:55:22 BST | INFO | MOVERS | Fetch started
2026-10-01 19:55:23 BST | INFO | MOVERS | Fetch completed | rows=95
2026-10-01 19:55:23 BST | INFO | MOVERS | Tickers | MAT, ACN, SNPS, CNXC, COHR, LWLG, TDAY, WOLF, GWRE, DXC, INOD, KD, AAOI, GLOB, GDYN, TSEM, LITE, CTSH, ASAN, SPT, G, NCNO, VIAV, CIEN, CDW, EXLS, EPAM, U, VERX, GO, CRDO, BLMN, HUBS, TEAM, AXTI, CVI, LPTH, FIVN, CSQR, CDNS, XENE, MPC, CXM, PBF, XXI, MTSI, IT, IOT, TH, BL, LQDA, ACCV, SGML, UMAC, NMAX, PSKY, SHAZ, GRND, SLS, PRCT, RGEN, TGB, AVEX, ETRA, JBS, VRDN, PPC, ZVRA, GLUE, ATRC, ALNY, ARCO, SGMT, GENB, MLYS, TEM, CELC, LGN, CAI, UNIT, ACHV, VKTX, BLFS, ORIC, ALHC, ADPT, FMC, NUAI, GFL, CTVA, OLMA, SGRY, SECZ, CAPR, BRUN
2026-10-01 19:55:23 BST | INFO | UNIVERSE | Built | tickers=111
2026-10-01 19:55:23 BST | INFO | FILE | Saved ibkr_gapup (movers) | /root/trading/ASJR/ASJR_Analyst/DataLake/2026-10-01/raw/ibkr_gapup.csv
2026-10-01 19:55:23 BST | INFO | YFINANCE | Daily 30D fetch started | tickers=111
2026-10-01 19:55:27 BST | INFO | YFINANCE | Daily 30D fetch completed | rows=3282
2026-10-01 19:55:27 BST | INFO | FILE | Saved daily_30d | /root/trading/ASJR/ASJR_Analyst/DataLake/2026-10-01/raw/daily_30d.csv
2026-10-01 19:55:27 BST | INFO | FEATURES | Daily summary built | rows=111
2026-10-01 19:55:27 BST | INFO | IBKR | 5m fetch started | tickers=111 | duration=3 D | batch_size=5
2026-10-01 19:55:53 BST | INFO | IBKR | 5m fetch completed | rows=49457
2026-10-01 19:55:53 BST | INFO | FILE | Saved intraday_5m | /root/trading/ASJR/ASJR_Analyst/DataLake/2026-10-01/raw/intraday_5m.csv
2026-10-01 19:55:54 BST | INFO | FEATURES | Intraday summary built | rows=111
2026-10-01 19:55:54 BST | INFO | YFINANCE | Sector/market fetch started
2026-10-01 19:55:55 BST | INFO | YFINANCE | Sector/market fetch completed | rows=15
2026-10-01 19:55:55 BST | INFO | FILE | Saved sector_market_daily | /root/trading/ASJR/ASJR_Analyst/DataLake/2026-10-01/raw/sector_market_daily.csv
2026-10-01 19:55:55 BST | INFO | FILE | Saved ticker_summary | rows=111 | /root/trading/ASJR/ASJR_Analyst/DataLake/2026-10-01/processed/ticker_summary.csv
2026-10-01 19:55:55 BST | INFO | FILE | Saved asjr_snapshot | /root/trading/ASJR/ASJR_Analyst/DataLake/2026-10-01/processed/asjr_snapshot.json
2026-10-01 19:55:55 BST | INFO | RUN | DATA COMPLETE | universe=111 | intraday_rows=49457 | ticker_summary=111
2026-10-01 19:55:55 BST | INFO | GIT | File verification started | count=7
