2026-10-01 17:09:37 BST | INFO | RUN | VERSION | 2026.10.01.2
2026-10-01 17:09:37 BST | INFO | RUN | START | trade_date=2026-10-01
2026-10-01 17:09:37 BST | INFO | WATCHLIST | /root/trading/ASJR/ASJR_Analyst/DataLake/2026-10-01/config/fixed_watchlist.csv | source=prepared
2026-10-01 17:09:37 BST | INFO | RUN | OPTIONS | include_sector=True | git_submit=True | fetch_gapup_from_app=True
2026-10-01 17:09:37 BST | INFO | MOVERS | Fetch started
2026-10-01 17:09:39 BST | INFO | MOVERS | Fetch completed | rows=91
2026-10-01 17:09:39 BST | INFO | MOVERS | Tickers | ACN, COHR, CNXC, TDAY, GLOB, SNPS, LITE, GDYN, GWRE, TSEM, EPAM, CTSH, LWLG, EXLS, CIEN, GO, AXTI, AAOI, XENE, CRDO, DXC, KD, G, WOLF, STTK, PBF, ASAN, SYRE, VIAV, CSQR, MPC, U, TEAM, CVI, NCNO, MXL, UTI, RLAY, VLO, MTSI, CDW, DINO, STEP, SGML, LQDA, GRND, SHAZ, UMAC, BRUN, CARG, ACCV, NMAX, PSKY, UNIT, SECZ, VRDN, CTVA, GLUE, RIOT, ALHC, ARCO, CAPR, GENI, GENB, SGMT, AVEX, TGB, CIFR, CLSK, WYFI, PRCT, TEM, DJT, QDEL, LIFE, RGEN, APP, ALNY, ACHV, MT, MP, PWP, CVNA, NUAI, TIGO, CELC, IMAX, ABCL, VKTX, HUT, ATEC
2026-10-01 17:09:39 BST | INFO | UNIVERSE | Built | tickers=107
2026-10-01 17:09:39 BST | INFO | FILE | Saved ibkr_gapup (movers) | /root/trading/ASJR/ASJR_Analyst/DataLake/2026-10-01/raw/ibkr_gapup.csv
2026-10-01 17:09:39 BST | INFO | YFINANCE | Daily 30D fetch started | tickers=107
2026-10-01 17:09:42 BST | INFO | YFINANCE | Daily 30D fetch completed | rows=3182
2026-10-01 17:09:42 BST | INFO | FILE | Saved daily_30d | /root/trading/ASJR/ASJR_Analyst/DataLake/2026-10-01/raw/daily_30d.csv
2026-10-01 17:09:42 BST | INFO | FEATURES | Daily summary built | rows=107
2026-10-01 17:09:42 BST | INFO | IBKR | 5m fetch started | tickers=107 | duration=3 D | batch_size=5
2026-10-01 17:10:08 BST | INFO | IBKR | 5m fetch completed | rows=44739
2026-10-01 17:10:08 BST | INFO | FILE | Saved intraday_5m | /root/trading/ASJR/ASJR_Analyst/DataLake/2026-10-01/raw/intraday_5m.csv
2026-10-01 17:10:09 BST | INFO | FEATURES | Intraday summary built | rows=107
2026-10-01 17:10:09 BST | INFO | YFINANCE | Sector/market fetch started
2026-10-01 17:10:10 BST | INFO | YFINANCE | Sector/market fetch completed | rows=15
2026-10-01 17:10:10 BST | INFO | FILE | Saved sector_market_daily | /root/trading/ASJR/ASJR_Analyst/DataLake/2026-10-01/raw/sector_market_daily.csv
2026-10-01 17:10:10 BST | INFO | FILE | Saved ticker_summary | rows=107 | /root/trading/ASJR/ASJR_Analyst/DataLake/2026-10-01/processed/ticker_summary.csv
2026-10-01 17:10:10 BST | INFO | FILE | Saved asjr_snapshot | /root/trading/ASJR/ASJR_Analyst/DataLake/2026-10-01/processed/asjr_snapshot.json
2026-10-01 17:10:10 BST | INFO | RUN | DATA COMPLETE | universe=107 | intraday_rows=44739 | ticker_summary=107
2026-10-01 17:10:10 BST | INFO | GIT | File verification started | count=7
