2026-10-01 18:46:55 BST | INFO | RUN | VERSION | 2026.10.01.3
2026-10-01 18:46:55 BST | INFO | RUN | START | trade_date=2026-10-01
2026-10-01 18:46:55 BST | INFO | WATCHLIST | /root/trading/ASJR/ASJR_Analyst/DataLake/2026-10-01/config/fixed_watchlist.csv | source=prepared
2026-10-01 18:46:55 BST | INFO | RUN | OPTIONS | include_sector=True | git_submit=True | fetch_gapup_from_app=True
2026-10-01 18:46:55 BST | INFO | MOVERS | Fetch started
2026-10-01 18:46:56 BST | INFO | MOVERS | Fetch completed | rows=84
2026-10-01 18:46:56 BST | INFO | MOVERS | Tickers | ACN, INOD, SNPS, CNXC, GLOB, COHR, GWRE, LWLG, TDAY, KD, ASAN, GDYN, DXC, TSEM, EPAM, CTSH, AAOI, WOLF, LITE, NCNO, G, CRDO, CIEN, EXLS, VIAV, GO, CDW, MTSI, IT, FIVN, AXTI, TEAM, XENE, SPT, CDNS, VERX, MNDY, U, LPTH, STTK, CXM, APPS, HUBS, RNG, STEP, TH, SYRE, CSQR, RLAY, BL, LQDA, SGML, ACCV, NMAX, UMAC, GRND, RGEN, TEM, PSKY, CAI, SLS, GLUE, CTVA, PPC, UNIT, CARG, ARCO, PRCT, ABCL, SHAZ, AVEX, SECZ, TGB, VRDN, ALHC, BLFS, JBS, LIFE, ADPT, GENB, PWP, CAPR, ACHV, LGN
2026-10-01 18:46:56 BST | INFO | UNIVERSE | Built | tickers=100
2026-10-01 18:46:56 BST | INFO | FILE | Saved ibkr_gapup (movers) | /root/trading/ASJR/ASJR_Analyst/DataLake/2026-10-01/raw/ibkr_gapup.csv
2026-10-01 18:46:56 BST | INFO | YFINANCE | Daily 30D fetch started | tickers=100
2026-10-01 18:47:00 BST | INFO | YFINANCE | Daily 30D fetch completed | rows=2972
2026-10-01 18:47:00 BST | INFO | FILE | Saved daily_30d | /root/trading/ASJR/ASJR_Analyst/DataLake/2026-10-01/raw/daily_30d.csv
2026-10-01 18:47:00 BST | INFO | FEATURES | Daily summary built | rows=100
2026-10-01 18:47:00 BST | INFO | IBKR | 5m fetch started | tickers=100 | duration=3 D | batch_size=5
2026-10-01 18:47:21 BST | INFO | IBKR | 5m fetch completed | rows=42999
2026-10-01 18:47:21 BST | INFO | FILE | Saved intraday_5m | /root/trading/ASJR/ASJR_Analyst/DataLake/2026-10-01/raw/intraday_5m.csv
2026-10-01 18:47:22 BST | INFO | FEATURES | Intraday summary built | rows=100
2026-10-01 18:47:22 BST | INFO | YFINANCE | Sector/market fetch started
2026-10-01 18:47:23 BST | INFO | YFINANCE | Sector/market fetch completed | rows=15
2026-10-01 18:47:23 BST | INFO | FILE | Saved sector_market_daily | /root/trading/ASJR/ASJR_Analyst/DataLake/2026-10-01/raw/sector_market_daily.csv
2026-10-01 18:47:23 BST | INFO | FILE | Saved ticker_summary | rows=100 | /root/trading/ASJR/ASJR_Analyst/DataLake/2026-10-01/processed/ticker_summary.csv
2026-10-01 18:47:23 BST | INFO | FILE | Saved asjr_snapshot | /root/trading/ASJR/ASJR_Analyst/DataLake/2026-10-01/processed/asjr_snapshot.json
2026-10-01 18:47:23 BST | INFO | RUN | DATA COMPLETE | universe=100 | intraday_rows=42999 | ticker_summary=100
2026-10-01 18:47:23 BST | INFO | GIT | File verification started | count=7
