2026-10-01 20:56:14 BST | INFO | RUN | VERSION | 2026.10.01.4
2026-10-01 20:56:14 BST | INFO | RUN | START | trade_date=2026-10-01
2026-10-01 20:56:14 BST | INFO | WATCHLIST | /root/trading/ASJR/ASJR_Analyst/DataLake/2026-10-01/config/fixed_watchlist.csv | source=prepared
2026-10-01 20:56:14 BST | INFO | RUN | OPTIONS | include_sector=True | git_submit=True | fetch_gapup_from_app=True
2026-10-01 20:56:14 BST | INFO | MOVERS | Fetch started
2026-10-01 20:56:15 BST | INFO | MOVERS | Fetch completed | rows=100
2026-10-01 20:56:15 BST | INFO | MOVERS | Tickers | MAT, ACN, SNPS, TDAY, COHR, WOLF, LWLG, INOD, GWRE, CNXC, KD, AAOI, BLMN, DXC, CRDO, CIEN, LITE, VIAV, GLOB, U, PBF, NCNO, TSEM, G, MPC, HUBS, CVI, EXLS, GDYN, CDNS, SPT, TEAM, MTSI, SLDE, CDW, CTSH, ASAN, NOMD, EPAM, GTLB, LPTH, FRVO, VSH, PARR, AXTI, XENE, VLO, SB, CXM, RDDT, UMAC, SGML, PSKY, GRND, NMAX, SLS, SHAZ, ACCV, RGEN, LQDA, VRDN, GENB, AVEX, CAI, ZVRA, PPC, ACHV, TEM, PRCT, ORIC, ALNY, TGB, VKTX, MLYS, GLUE, VOR, CAPR, UNIT, ADPT, CELC, BFLY, MKC, ABCL, ALHC, BLFS, SECZ, ETRA, AXGN, ATRC, OLMA, PRGO, NUAI, OCUL, INSM, NEOG, BRKR, DHR, SGMT, IMAX, ARCO
2026-10-01 20:56:15 BST | INFO | UNIVERSE | Built | tickers=116
2026-10-01 20:56:15 BST | INFO | FILE | Saved ibkr_gapup (movers) | /root/trading/ASJR/ASJR_Analyst/DataLake/2026-10-01/raw/ibkr_gapup.csv
2026-10-01 20:56:15 BST | INFO | YFINANCE | Daily 30D fetch started | tickers=116
2026-10-01 20:56:20 BST | INFO | YFINANCE | Daily 30D fetch completed | rows=3432
2026-10-01 20:56:20 BST | INFO | FILE | Saved daily_30d | /root/trading/ASJR/ASJR_Analyst/DataLake/2026-10-01/raw/daily_30d.csv
2026-10-01 20:56:20 BST | INFO | FEATURES | Daily summary built | rows=116
2026-10-01 20:56:20 BST | INFO | IBKR | 5m fetch started | tickers=116 | duration=3 D | batch_size=5
2026-10-01 20:56:46 BST | INFO | IBKR | 5m fetch completed | rows=53651
2026-10-01 20:56:46 BST | INFO | FILE | Saved intraday_5m | /root/trading/ASJR/ASJR_Analyst/DataLake/2026-10-01/raw/intraday_5m.csv
2026-10-01 20:56:47 BST | INFO | FEATURES | Intraday summary built | rows=116
2026-10-01 20:56:47 BST | INFO | YFINANCE | Sector/market fetch started
2026-10-01 20:56:48 BST | INFO | YFINANCE | Sector/market fetch completed | rows=15
2026-10-01 20:56:48 BST | INFO | FILE | Saved sector_market_daily | /root/trading/ASJR/ASJR_Analyst/DataLake/2026-10-01/raw/sector_market_daily.csv
2026-10-01 20:56:48 BST | INFO | FILE | Saved ticker_summary | rows=116 | /root/trading/ASJR/ASJR_Analyst/DataLake/2026-10-01/processed/ticker_summary.csv
2026-10-01 20:56:48 BST | INFO | FILE | Saved asjr_snapshot | /root/trading/ASJR/ASJR_Analyst/DataLake/2026-10-01/processed/asjr_snapshot.json
2026-10-01 20:56:48 BST | INFO | RUN | DATA COMPLETE | universe=116 | intraday_rows=53651 | ticker_summary=116
2026-10-01 20:56:48 BST | INFO | GIT | File verification started | count=7
