2026-10-01 16:39:46 BST | INFO | RUN | VERSION | 2026.09.30.1
2026-10-01 16:39:46 BST | INFO | RUN | START | trade_date=2026-10-01
2026-10-01 16:39:46 BST | INFO | WATCHLIST | /root/trading/ASJR/ASJR_Analyst/DataLake/2026-10-01/config/fixed_watchlist.csv | source=prepared
2026-10-01 16:39:46 BST | INFO | RUN | OPTIONS | include_sector=True | git_submit=True | fetch_gapup_from_app=True
2026-10-01 16:39:46 BST | INFO | MOVERS | Fetch started
2026-10-01 16:39:48 BST | INFO | MOVERS | Fetch completed | rows=87
2026-10-01 16:39:48 BST | INFO | MOVERS | Tickers | ACN, COHR, LITE, TDAY, SNPS, GLOB, CNXC, LWLG, TSEM, GDYN, GWRE, CSQR, EPAM, CTSH, AAOI, CIEN, PBF, EXLS, VIAV, AXTI, WOLF, XENE, SYRE, CRDO, MPC, DXC, ASAN, G, KD, CVI, PTC, U, MTSI, STEP, STTK, RLAY, SB, KOD, VLO, DINO, UTI, SGML, LQDA, SHAZ, UMAC, GRND, BRUN, UNIT, CARG, ALHC, NMAX, VRDN, AVEX, CTVA, TGB, SECZ, CAPR, RIOT, MP, GENI, ACCV, CVNA, ARCO, IMAX, GLUE, GENB, NUAI, WYFI, ALNY, PRCT, PSKY, CIFR, VSNT, DJT, CLSK, MOS, MT, QDEL, LIFE, SEDG, FMC, ACHV, CE, SLS, LGN, PWP, VKTX
2026-10-01 16:39:48 BST | INFO | UNIVERSE | Built | tickers=103
2026-10-01 16:39:48 BST | INFO | FILE | Saved ibkr_gapup (movers) | /root/trading/ASJR/ASJR_Analyst/DataLake/2026-10-01/raw/ibkr_gapup.csv
2026-10-01 16:39:48 BST | INFO | YFINANCE | Daily 30D fetch started | tickers=103
2026-10-01 16:39:53 BST | INFO | YFINANCE | Daily 30D fetch completed | rows=3062
2026-10-01 16:39:53 BST | INFO | FILE | Saved daily_30d | /root/trading/ASJR/ASJR_Analyst/DataLake/2026-10-01/raw/daily_30d.csv
2026-10-01 16:39:53 BST | INFO | FEATURES | Daily summary built | rows=103
2026-10-01 16:39:53 BST | INFO | IBKR | 5m fetch started | tickers=103 | duration=3 D | batch_size=5
2026-10-01 16:40:16 BST | INFO | IBKR | 5m fetch completed | rows=42511
2026-10-01 16:40:16 BST | INFO | FILE | Saved intraday_5m | /root/trading/ASJR/ASJR_Analyst/DataLake/2026-10-01/raw/intraday_5m.csv
2026-10-01 16:40:16 BST | INFO | FEATURES | Intraday summary built | rows=103
2026-10-01 16:40:16 BST | INFO | YFINANCE | Sector/market fetch started
2026-10-01 16:40:17 BST | INFO | YFINANCE | Sector/market fetch completed | rows=15
2026-10-01 16:40:17 BST | INFO | FILE | Saved sector_market_daily | /root/trading/ASJR/ASJR_Analyst/DataLake/2026-10-01/raw/sector_market_daily.csv
2026-10-01 16:40:17 BST | INFO | FILE | Saved ticker_summary | rows=103 | /root/trading/ASJR/ASJR_Analyst/DataLake/2026-10-01/processed/ticker_summary.csv
2026-10-01 16:40:17 BST | INFO | FILE | Saved asjr_snapshot | /root/trading/ASJR/ASJR_Analyst/DataLake/2026-10-01/processed/asjr_snapshot.json
2026-10-01 16:40:17 BST | INFO | RUN | DATA COMPLETE | universe=103 | intraday_rows=42511 | ticker_summary=103
2026-10-01 16:40:17 BST | INFO | GIT | File verification started | count=7
