2026-10-01 08:47:11 BST | INFO | RUN | VERSION | 2026.09.30.1
2026-10-01 08:47:11 BST | INFO | RUN | START | trade_date=2026-10-01
2026-10-01 08:47:11 BST | INFO | WATCHLIST | /root/trading/ASJR/ASJR_Analyst/DataLake/2026-10-01/config/fixed_watchlist.csv | source=prepared
2026-10-01 08:47:11 BST | INFO | RUN | OPTIONS | include_sector=True | git_submit=True | fetch_gapup_from_app=True
2026-10-01 08:47:11 BST | INFO | MOVERS | Fetch started
2026-10-01 08:47:11 BST | INFO | MOVERS | Fetch completed | rows=3
2026-10-01 08:47:11 BST | INFO | MOVERS | Tickers | GLUE, NU, AEHR
2026-10-01 08:47:11 BST | INFO | UNIVERSE | Built | tickers=20
2026-10-01 08:47:11 BST | INFO | FILE | Saved ibkr_gapup (movers) | /root/trading/ASJR/ASJR_Analyst/DataLake/2026-10-01/raw/ibkr_gapup.csv
2026-10-01 08:47:11 BST | INFO | YFINANCE | Daily 30D fetch started | tickers=20
2026-10-01 08:47:12 BST | INFO | YFINANCE | Daily 30D fetch completed | rows=600
2026-10-01 08:47:12 BST | INFO | FILE | Saved daily_30d | /root/trading/ASJR/ASJR_Analyst/DataLake/2026-10-01/raw/daily_30d.csv
2026-10-01 08:47:12 BST | INFO | FEATURES | Daily summary built | rows=20
2026-10-01 08:47:12 BST | INFO | IBKR | 5m fetch started | tickers=20 | duration=3 D | batch_size=5
2026-10-01 08:47:16 BST | INFO | IBKR | 5m fetch completed | rows=10935
2026-10-01 08:47:16 BST | INFO | FILE | Saved intraday_5m | /root/trading/ASJR/ASJR_Analyst/DataLake/2026-10-01/raw/intraday_5m.csv
2026-10-01 08:47:16 BST | INFO | FEATURES | Intraday summary built | rows=20
2026-10-01 08:47:16 BST | INFO | YFINANCE | Sector/market fetch started
2026-10-01 08:47:17 BST | INFO | YFINANCE | Sector/market fetch completed | rows=15
2026-10-01 08:47:17 BST | INFO | FILE | Saved sector_market_daily | /root/trading/ASJR/ASJR_Analyst/DataLake/2026-10-01/raw/sector_market_daily.csv
2026-10-01 08:47:17 BST | INFO | FILE | Saved ticker_summary | rows=20 | /root/trading/ASJR/ASJR_Analyst/DataLake/2026-10-01/processed/ticker_summary.csv
2026-10-01 08:47:17 BST | INFO | FILE | Saved asjr_snapshot | /root/trading/ASJR/ASJR_Analyst/DataLake/2026-10-01/processed/asjr_snapshot.json
2026-10-01 08:47:17 BST | INFO | RUN | DATA COMPLETE | universe=20 | intraday_rows=10935 | ticker_summary=20
2026-10-01 08:47:17 BST | INFO | GIT | File verification started | count=7
