2026-10-01 20:33:41 BST | INFO | RUN | VERSION | 2026.10.01.4
2026-10-01 20:33:41 BST | INFO | RUN | START | trade_date=2026-10-01
2026-10-01 20:33:41 BST | INFO | WATCHLIST | /root/trading/ASJR/ASJR_Analyst/DataLake/2026-10-01/config/fixed_watchlist.csv | source=prepared
2026-10-01 20:33:41 BST | INFO | RUN | OPTIONS | include_sector=True | git_submit=True | fetch_gapup_from_app=True
2026-10-01 20:33:41 BST | INFO | MOVERS | Fetch started
2026-10-01 20:33:43 BST | INFO | MOVERS | Fetch completed | rows=98
2026-10-01 20:33:43 BST | INFO | MOVERS | Tickers | MAT, ACN, SNPS, COHR, CNXC, LWLG, TDAY, KD, DXC, GWRE, INOD, WOLF, GLOB, AAOI, GDYN, G, CTSH, CDW, BLMN, EXLS, LITE, SPT, EPAM, U, CIEN, ASAN, TSEM, HUBS, NCNO, FIVN, VIAV, TEAM, CDNS, LPTH, MPC, GO, CRDO, IOT, AXTI, CVI, MTSI, PBF, XENE, DOCN, SLDE, GTLB, CSQR, RNG, CXM, RDDT, ACCV, SGML, UMAC, LQDA, NMAX, SHAZ, PSKY, GRND, PRCT, SLS, GENB, TGB, ACHV, UNIT, RGEN, GLUE, ORIC, VRDN, ZVRA, PPC, ALNY, AVEX, CAI, VKTX, MLYS, SGRY, ARCO, TEM, ALHC, SGMT, CAPR, ATRC, LGN, SECZ, OLMA, CBRS, JBS, CLSK, ADPT, CTVA, PWP, BLFS, VOR, CELC, WYFI, NUAI, ETRA, CIFR
2026-10-01 20:33:43 BST | INFO | UNIVERSE | Built | tickers=114
2026-10-01 20:33:43 BST | INFO | FILE | Saved ibkr_gapup (movers) | /root/trading/ASJR/ASJR_Analyst/DataLake/2026-10-01/raw/ibkr_gapup.csv
2026-10-01 20:33:43 BST | INFO | YFINANCE | Daily 30D fetch started | tickers=114
2026-10-01 20:33:46 BST | INFO | YFINANCE | Daily 30D fetch completed | rows=3372
2026-10-01 20:33:46 BST | INFO | FILE | Saved daily_30d | /root/trading/ASJR/ASJR_Analyst/DataLake/2026-10-01/raw/daily_30d.csv
2026-10-01 20:33:46 BST | INFO | FEATURES | Daily summary built | rows=114
2026-10-01 20:33:46 BST | INFO | IBKR | 5m fetch started | tickers=114 | duration=3 D | batch_size=5
2026-10-01 20:34:13 BST | INFO | IBKR | 5m fetch completed | rows=52066
2026-10-01 20:34:13 BST | INFO | FILE | Saved intraday_5m | /root/trading/ASJR/ASJR_Analyst/DataLake/2026-10-01/raw/intraday_5m.csv
2026-10-01 20:34:14 BST | INFO | FEATURES | Intraday summary built | rows=114
2026-10-01 20:34:14 BST | INFO | YFINANCE | Sector/market fetch started
2026-10-01 20:34:15 BST | INFO | YFINANCE | Sector/market fetch completed | rows=15
2026-10-01 20:34:15 BST | INFO | FILE | Saved sector_market_daily | /root/trading/ASJR/ASJR_Analyst/DataLake/2026-10-01/raw/sector_market_daily.csv
2026-10-01 20:34:15 BST | INFO | FILE | Saved ticker_summary | rows=114 | /root/trading/ASJR/ASJR_Analyst/DataLake/2026-10-01/processed/ticker_summary.csv
2026-10-01 20:34:15 BST | INFO | FILE | Saved asjr_snapshot | /root/trading/ASJR/ASJR_Analyst/DataLake/2026-10-01/processed/asjr_snapshot.json
2026-10-01 20:34:15 BST | INFO | RUN | DATA COMPLETE | universe=114 | intraday_rows=52066 | ticker_summary=114
2026-10-01 20:34:15 BST | INFO | GIT | File verification started | count=7
