2026-10-01 16:50:54 BST | INFO | RUN | VERSION | 2026.09.30.1
2026-10-01 16:50:54 BST | INFO | RUN | START | trade_date=2026-10-01
2026-10-01 16:50:54 BST | INFO | WATCHLIST | /root/trading/ASJR/ASJR_Analyst/DataLake/2026-10-01/config/fixed_watchlist.csv | source=prepared
2026-10-01 16:50:54 BST | INFO | RUN | OPTIONS | include_sector=True | git_submit=True | fetch_gapup_from_app=True
2026-10-01 16:50:54 BST | INFO | MOVERS | Fetch started
2026-10-01 16:50:55 BST | INFO | MOVERS | Fetch completed | rows=87
2026-10-01 16:50:55 BST | INFO | MOVERS | Tickers | ACN, COHR, LITE, SNPS, GLOB, TDAY, LWLG, CNXC, TSEM, GDYN, GWRE, CTSH, EPAM, XENE, EXLS, CSQR, PBF, CIEN, AXTI, AAOI, CVI, G, CRDO, DXC, SYRE, VIAV, MPC, WOLF, RLAY, ASAN, KD, VLO, DINO, U, KOD, STTK, GTLB, NCNO, SGML, LQDA, GRND, SHAZ, UMAC, BRUN, CARG, ALHC, NMAX, SECZ, PSKY, TGB, VRDN, UNIT, RIOT, AVEX, ACCV, ARCO, QDEL, CAPR, GLUE, LIFE, GENI, CVNA, DJT, NUAI, WYFI, IMAX, GENB, PRCT, MP, CLSK, MT, TEM, CTVA, PWP, ALNY, APP, CIFR, SLS, VSNT, SGMT, LGN, BRBR, ACHV, VKTX, HUT, YELP, CELC
2026-10-01 16:50:55 BST | INFO | UNIVERSE | Built | tickers=103
2026-10-01 16:50:55 BST | INFO | FILE | Saved ibkr_gapup (movers) | /root/trading/ASJR/ASJR_Analyst/DataLake/2026-10-01/raw/ibkr_gapup.csv
2026-10-01 16:50:55 BST | INFO | YFINANCE | Daily 30D fetch started | tickers=103
2026-10-01 16:50:59 BST | INFO | YFINANCE | Daily 30D fetch completed | rows=3062
2026-10-01 16:50:59 BST | INFO | FILE | Saved daily_30d | /root/trading/ASJR/ASJR_Analyst/DataLake/2026-10-01/raw/daily_30d.csv
2026-10-01 16:50:59 BST | INFO | FEATURES | Daily summary built | rows=103
2026-10-01 16:50:59 BST | INFO | IBKR | 5m fetch started | tickers=103 | duration=3 D | batch_size=5
2026-10-01 16:51:22 BST | INFO | IBKR | 5m fetch completed | rows=42940
2026-10-01 16:51:22 BST | INFO | FILE | Saved intraday_5m | /root/trading/ASJR/ASJR_Analyst/DataLake/2026-10-01/raw/intraday_5m.csv
2026-10-01 16:51:22 BST | INFO | FEATURES | Intraday summary built | rows=103
2026-10-01 16:51:22 BST | INFO | YFINANCE | Sector/market fetch started
2026-10-01 16:51:23 BST | INFO | YFINANCE | Sector/market fetch completed | rows=15
2026-10-01 16:51:23 BST | INFO | FILE | Saved sector_market_daily | /root/trading/ASJR/ASJR_Analyst/DataLake/2026-10-01/raw/sector_market_daily.csv
2026-10-01 16:51:23 BST | INFO | FILE | Saved ticker_summary | rows=103 | /root/trading/ASJR/ASJR_Analyst/DataLake/2026-10-01/processed/ticker_summary.csv
2026-10-01 16:51:23 BST | INFO | FILE | Saved asjr_snapshot | /root/trading/ASJR/ASJR_Analyst/DataLake/2026-10-01/processed/asjr_snapshot.json
2026-10-01 16:51:23 BST | INFO | RUN | DATA COMPLETE | universe=103 | intraday_rows=42940 | ticker_summary=103
2026-10-01 16:51:23 BST | INFO | GIT | File verification started | count=7
