2026-10-01 20:28:03 BST | INFO | RUN | VERSION | 2026.10.01.4
2026-10-01 20:28:03 BST | INFO | RUN | START | trade_date=2026-10-01
2026-10-01 20:28:03 BST | INFO | WATCHLIST | /root/trading/ASJR/ASJR_Analyst/DataLake/2026-10-01/config/fixed_watchlist.csv | source=prepared
2026-10-01 20:28:03 BST | INFO | RUN | OPTIONS | include_sector=True | git_submit=True | fetch_gapup_from_app=True
2026-10-01 20:28:03 BST | INFO | MOVERS | Fetch started
2026-10-01 20:28:05 BST | INFO | MOVERS | Fetch completed | rows=99
2026-10-01 20:28:05 BST | INFO | MOVERS | Tickers | MAT, ACN, SNPS, LWLG, COHR, CNXC, TDAY, KD, DXC, WOLF, INOD, GWRE, GDYN, AAOI, GLOB, CTSH, LITE, G, CIEN, CDW, EXLS, VIAV, EPAM, ASAN, SPT, U, TSEM, AXTI, NCNO, BLMN, HUBS, LPTH, FIVN, TEAM, CDNS, GO, PBF, CRDO, MTSI, CVI, MPC, IOT, RNG, SMTC, XENE, CSQR, VERX, DINO, CXM, CRSR, ACCV, SGML, LQDA, UMAC, NMAX, PSKY, SHAZ, SLS, GRND, PRCT, GLUE, ORIC, ALNY, ACHV, VRDN, TGB, RGEN, GENB, ZVRA, AVEX, PPC, CAI, UNIT, LGN, MLYS, VKTX, SGMT, TEM, ARCO, ATRC, CTVA, OLMA, SGRY, CELC, CAPR, ALHC, ETRA, SECZ, BLFS, PWP, CLSK, WYFI, CALM, JBS, CBRS, VOR, ADPT, SG, DHR
2026-10-01 20:28:05 BST | INFO | UNIVERSE | Built | tickers=115
2026-10-01 20:28:05 BST | INFO | FILE | Saved ibkr_gapup (movers) | /root/trading/ASJR/ASJR_Analyst/DataLake/2026-10-01/raw/ibkr_gapup.csv
2026-10-01 20:28:05 BST | INFO | YFINANCE | Daily 30D fetch started | tickers=115
2026-10-01 20:28:10 BST | INFO | YFINANCE | Daily 30D fetch completed | rows=3402
2026-10-01 20:28:10 BST | INFO | FILE | Saved daily_30d | /root/trading/ASJR/ASJR_Analyst/DataLake/2026-10-01/raw/daily_30d.csv
2026-10-01 20:28:10 BST | INFO | FEATURES | Daily summary built | rows=115
2026-10-01 20:28:10 BST | INFO | IBKR | 5m fetch started | tickers=115 | duration=3 D | batch_size=5
2026-10-01 20:28:36 BST | INFO | IBKR | 5m fetch completed | rows=52222
2026-10-01 20:28:36 BST | INFO | FILE | Saved intraday_5m | /root/trading/ASJR/ASJR_Analyst/DataLake/2026-10-01/raw/intraday_5m.csv
2026-10-01 20:28:37 BST | INFO | FEATURES | Intraday summary built | rows=115
2026-10-01 20:28:37 BST | INFO | YFINANCE | Sector/market fetch started
2026-10-01 20:28:38 BST | INFO | YFINANCE | Sector/market fetch completed | rows=15
2026-10-01 20:28:38 BST | INFO | FILE | Saved sector_market_daily | /root/trading/ASJR/ASJR_Analyst/DataLake/2026-10-01/raw/sector_market_daily.csv
2026-10-01 20:28:38 BST | INFO | FILE | Saved ticker_summary | rows=115 | /root/trading/ASJR/ASJR_Analyst/DataLake/2026-10-01/processed/ticker_summary.csv
2026-10-01 20:28:38 BST | INFO | FILE | Saved asjr_snapshot | /root/trading/ASJR/ASJR_Analyst/DataLake/2026-10-01/processed/asjr_snapshot.json
2026-10-01 20:28:38 BST | INFO | RUN | DATA COMPLETE | universe=115 | intraday_rows=52222 | ticker_summary=115
2026-10-01 20:28:38 BST | INFO | GIT | File verification started | count=7
