2026-10-01 20:16:52 BST | INFO | RUN | VERSION | 2026.10.01.4
2026-10-01 20:16:52 BST | INFO | RUN | START | trade_date=2026-10-01
2026-10-01 20:16:52 BST | INFO | WATCHLIST | /root/trading/ASJR/ASJR_Analyst/DataLake/2026-10-01/config/fixed_watchlist.csv | source=prepared
2026-10-01 20:16:52 BST | INFO | RUN | OPTIONS | include_sector=True | git_submit=True | fetch_gapup_from_app=True
2026-10-01 20:16:52 BST | INFO | MOVERS | Fetch started
2026-10-01 20:16:53 BST | INFO | MOVERS | Fetch completed | rows=91
2026-10-01 20:16:53 BST | INFO | MOVERS | Tickers | MAT, ACN, SNPS, LWLG, COHR, WOLF, CNXC, INOD, GWRE, TDAY, DXC, GDYN, KD, GLOB, AAOI, LITE, CIEN, CTSH, CDW, G, ASAN, EXLS, VIAV, TSEM, NCNO, EPAM, SPT, U, HUBS, AXTI, VERX, TEAM, LPTH, BLMN, GO, CVI, FIVN, MPC, CDNS, PBF, CRDO, CSQR, MTSI, MSTR, CXM, SB, IOT, KOD, SMTC, GTLB, SGML, ACCV, LQDA, UMAC, PSKY, SHAZ, GRND, NMAX, SLS, PRCT, GLUE, AVEX, ZVRA, RGEN, ATRC, ALNY, VRDN, ORIC, TGB, ACHV, GENB, MLYS, CAI, PPC, VKTX, TEM, SGMT, ARCO, CELC, LGN, OLMA, ALHC, SGRY, ETRA, ADPT, UNIT, JBS, SECZ, CAPR, BLFS, VERA
2026-10-01 20:16:53 BST | INFO | UNIVERSE | Built | tickers=107
2026-10-01 20:16:53 BST | INFO | FILE | Saved ibkr_gapup (movers) | /root/trading/ASJR/ASJR_Analyst/DataLake/2026-10-01/raw/ibkr_gapup.csv
2026-10-01 20:16:53 BST | INFO | YFINANCE | Daily 30D fetch started | tickers=107
2026-10-01 20:16:58 BST | INFO | YFINANCE | Daily 30D fetch completed | rows=3162
2026-10-01 20:16:58 BST | INFO | FILE | Saved daily_30d | /root/trading/ASJR/ASJR_Analyst/DataLake/2026-10-01/raw/daily_30d.csv
2026-10-01 20:16:58 BST | INFO | FEATURES | Daily summary built | rows=107
2026-10-01 20:16:58 BST | INFO | IBKR | 5m fetch started | tickers=107 | duration=3 D | batch_size=5
2026-10-01 20:17:22 BST | INFO | IBKR | 5m fetch completed | rows=48503
2026-10-01 20:17:23 BST | INFO | FILE | Saved intraday_5m | /root/trading/ASJR/ASJR_Analyst/DataLake/2026-10-01/raw/intraday_5m.csv
2026-10-01 20:17:23 BST | INFO | FEATURES | Intraday summary built | rows=107
2026-10-01 20:17:23 BST | INFO | YFINANCE | Sector/market fetch started
2026-10-01 20:17:25 BST | INFO | YFINANCE | Sector/market fetch completed | rows=15
2026-10-01 20:17:25 BST | INFO | FILE | Saved sector_market_daily | /root/trading/ASJR/ASJR_Analyst/DataLake/2026-10-01/raw/sector_market_daily.csv
2026-10-01 20:17:25 BST | INFO | FILE | Saved ticker_summary | rows=107 | /root/trading/ASJR/ASJR_Analyst/DataLake/2026-10-01/processed/ticker_summary.csv
2026-10-01 20:17:25 BST | INFO | FILE | Saved asjr_snapshot | /root/trading/ASJR/ASJR_Analyst/DataLake/2026-10-01/processed/asjr_snapshot.json
2026-10-01 20:17:25 BST | INFO | RUN | DATA COMPLETE | universe=107 | intraday_rows=48503 | ticker_summary=107
2026-10-01 20:17:25 BST | INFO | GIT | File verification started | count=7
