2026-10-01 16:34:12 BST | INFO | RUN | VERSION | 2026.09.30.1
2026-10-01 16:34:12 BST | INFO | RUN | START | trade_date=2026-10-01
2026-10-01 16:34:12 BST | INFO | WATCHLIST | /root/trading/ASJR/ASJR_Analyst/DataLake/2026-10-01/config/fixed_watchlist.csv | source=prepared
2026-10-01 16:34:12 BST | INFO | RUN | OPTIONS | include_sector=True | git_submit=True | fetch_gapup_from_app=True
2026-10-01 16:34:12 BST | INFO | MOVERS | Fetch started
2026-10-01 16:34:14 BST | INFO | MOVERS | Fetch completed | rows=86
2026-10-01 16:34:14 BST | INFO | MOVERS | Tickers | ACN, COHR, LITE, SNPS, TDAY, GLOB, CNXC, TSEM, LWLG, GDYN, EPAM, GWRE, CTSH, CSQR, AAOI, PBF, EXLS, AXTI, CIEN, WOLF, DXC, CVI, MPC, PTC, G, VIAV, KD, VLO, SYRE, ASAN, CRDO, DINO, XENE, CDNS, PARR, DHT, SGML, LQDA, SHAZ, GRND, UMAC, BRUN, UNIT, CARG, NMAX, VRDN, SECZ, ALHC, CAPR, RIOT, AVEX, TGB, MP, CVNA, WYFI, GENI, GENB, NUAI, ACCV, CIFR, CTVA, ARCO, CLSK, PRCT, ACHV, PWP, GLUE, SEDG, MOS, YELP, PSKY, LGN, DJT, CE, SW, QDEL, VKTX, IMAX, CELC, ALNY, FMC, SLS, TIGO, LIFE, FIGR, EL
2026-10-01 16:34:14 BST | INFO | UNIVERSE | Built | tickers=102
2026-10-01 16:34:14 BST | INFO | FILE | Saved ibkr_gapup (movers) | /root/trading/ASJR/ASJR_Analyst/DataLake/2026-10-01/raw/ibkr_gapup.csv
2026-10-01 16:34:14 BST | INFO | YFINANCE | Daily 30D fetch started | tickers=102
2026-10-01 16:34:18 BST | INFO | YFINANCE | Daily 30D fetch completed | rows=3032
2026-10-01 16:34:18 BST | INFO | FILE | Saved daily_30d | /root/trading/ASJR/ASJR_Analyst/DataLake/2026-10-01/raw/daily_30d.csv
2026-10-01 16:34:18 BST | INFO | FEATURES | Daily summary built | rows=102
2026-10-01 16:34:18 BST | INFO | IBKR | 5m fetch started | tickers=102 | duration=3 D | batch_size=5
2026-10-01 16:34:41 BST | INFO | IBKR | 5m fetch completed | rows=42205
2026-10-01 16:34:41 BST | INFO | FILE | Saved intraday_5m | /root/trading/ASJR/ASJR_Analyst/DataLake/2026-10-01/raw/intraday_5m.csv
2026-10-01 16:34:41 BST | INFO | FEATURES | Intraday summary built | rows=102
2026-10-01 16:34:41 BST | INFO | YFINANCE | Sector/market fetch started
2026-10-01 16:34:42 BST | INFO | YFINANCE | Sector/market fetch completed | rows=15
2026-10-01 16:34:42 BST | INFO | FILE | Saved sector_market_daily | /root/trading/ASJR/ASJR_Analyst/DataLake/2026-10-01/raw/sector_market_daily.csv
2026-10-01 16:34:42 BST | INFO | FILE | Saved ticker_summary | rows=102 | /root/trading/ASJR/ASJR_Analyst/DataLake/2026-10-01/processed/ticker_summary.csv
2026-10-01 16:34:42 BST | INFO | FILE | Saved asjr_snapshot | /root/trading/ASJR/ASJR_Analyst/DataLake/2026-10-01/processed/asjr_snapshot.json
2026-10-01 16:34:42 BST | INFO | RUN | DATA COMPLETE | universe=102 | intraday_rows=42205 | ticker_summary=102
2026-10-01 16:34:42 BST | INFO | GIT | File verification started | count=7
