2026-10-01 17:15:15 BST | INFO | RUN | VERSION | 2026.10.01.2
2026-10-01 17:15:15 BST | INFO | RUN | START | trade_date=2026-10-01
2026-10-01 17:15:15 BST | INFO | WATCHLIST | /root/trading/ASJR/ASJR_Analyst/DataLake/2026-10-01/config/fixed_watchlist.csv | source=prepared
2026-10-01 17:15:15 BST | INFO | RUN | OPTIONS | include_sector=True | git_submit=True | fetch_gapup_from_app=True
2026-10-01 17:15:15 BST | INFO | MOVERS | Fetch started
2026-10-01 17:15:17 BST | INFO | MOVERS | Fetch completed | rows=95
2026-10-01 17:15:17 BST | INFO | MOVERS | Tickers | ACN, COHR, CNXC, TDAY, SNPS, GLOB, GDYN, LITE, GWRE, TSEM, EPAM, CTSH, LWLG, EXLS, CIEN, XENE, G, DXC, CRDO, KD, AXTI, AAOI, ASAN, STTK, GO, WOLF, PBF, SYRE, U, MPC, TEAM, VIAV, NCNO, CVI, CDW, UTI, CSQR, CXM, MXL, VLO, STEP, HUBS, DINO, TH, MTSI, SGML, LQDA, SHAZ, GRND, UMAC, BRUN, NMAX, ACCV, CARG, PSKY, GLUE, SECZ, VRDN, UNIT, RIOT, CAPR, ARCO, CLSK, CIFR, GENB, AVEX, WYFI, SGMT, TEM, CTVA, TGB, NUAI, GENI, APP, PRCT, MP, DJT, TIGO, QDEL, ALHC, ACHV, HUT, ALNY, MT, CELC, ABCL, VKTX, LIFE, RGEN, LGN, SLS, IMAX, PWP, TKO, FOX
2026-10-01 17:15:17 BST | INFO | UNIVERSE | Built | tickers=111
2026-10-01 17:15:17 BST | INFO | FILE | Saved ibkr_gapup (movers) | /root/trading/ASJR/ASJR_Analyst/DataLake/2026-10-01/raw/ibkr_gapup.csv
2026-10-01 17:15:17 BST | INFO | YFINANCE | Daily 30D fetch started | tickers=111
2026-10-01 17:15:28 BST | INFO | YFINANCE | Daily 30D fetch completed | rows=3243
2026-10-01 17:15:28 BST | INFO | FILE | Saved daily_30d | /root/trading/ASJR/ASJR_Analyst/DataLake/2026-10-01/raw/daily_30d.csv
2026-10-01 17:15:28 BST | INFO | FEATURES | Daily summary built | rows=110
2026-10-01 17:15:28 BST | INFO | IBKR | 5m fetch started | tickers=111 | duration=3 D | batch_size=5
2026-10-01 17:15:55 BST | INFO | IBKR | 5m fetch completed | rows=46269
2026-10-01 17:15:55 BST | INFO | FILE | Saved intraday_5m | /root/trading/ASJR/ASJR_Analyst/DataLake/2026-10-01/raw/intraday_5m.csv
2026-10-01 17:15:56 BST | INFO | FEATURES | Intraday summary built | rows=111
2026-10-01 17:15:56 BST | INFO | YFINANCE | Sector/market fetch started
2026-10-01 17:15:56 BST | INFO | YFINANCE | Sector/market fetch completed | rows=15
2026-10-01 17:15:56 BST | INFO | FILE | Saved sector_market_daily | /root/trading/ASJR/ASJR_Analyst/DataLake/2026-10-01/raw/sector_market_daily.csv
2026-10-01 17:15:56 BST | INFO | FILE | Saved ticker_summary | rows=111 | /root/trading/ASJR/ASJR_Analyst/DataLake/2026-10-01/processed/ticker_summary.csv
2026-10-01 17:15:56 BST | INFO | FILE | Saved asjr_snapshot | /root/trading/ASJR/ASJR_Analyst/DataLake/2026-10-01/processed/asjr_snapshot.json
2026-10-01 17:15:56 BST | INFO | RUN | DATA COMPLETE | universe=111 | intraday_rows=46269 | ticker_summary=111
2026-10-01 17:15:56 BST | INFO | GIT | File verification started | count=7
