2026-10-01 17:58:31 BST | INFO | RUN | VERSION | 2026.10.01.3
2026-10-01 17:58:31 BST | INFO | RUN | START | trade_date=2026-10-01
2026-10-01 17:58:31 BST | INFO | WATCHLIST | /root/trading/ASJR/ASJR_Analyst/DataLake/2026-10-01/config/fixed_watchlist.csv | source=prepared
2026-10-01 17:58:31 BST | INFO | RUN | OPTIONS | include_sector=True | git_submit=True | fetch_gapup_from_app=True
2026-10-01 17:58:31 BST | INFO | MOVERS | Fetch started
2026-10-01 17:58:33 BST | INFO | MOVERS | Fetch completed | rows=100
2026-10-01 17:58:33 BST | INFO | MOVERS | Tickers | ACN, SNPS, CNXC, COHR, GLOB, TDAY, GDYN, GWRE, EPAM, DXC, LWLG, LITE, EXLS, TSEM, CRDO, G, CTSH, KD, GO, XENE, WOLF, CIEN, AAOI, INOD, NCNO, CDW, AXTI, ASAN, UTI, TEAM, CVI, TH, VIAV, U, IT, CXM, MTSI, SPT, STEP, STTK, SYRE, MPC, PBF, KOD, CDNS, ARHS, VERX, HUBS, MNDY, FIVN, SGML, LQDA, SHAZ, NMAX, ACCV, UMAC, GRND, PSKY, SECZ, BRUN, AVEX, UNIT, RGEN, RIOT, ARCO, TEM, CARG, TGB, GLUE, ALHC, SLS, CTVA, CLSK, LGN, GENB, CAI, PRCT, CAPR, WYFI, ABCL, CIFR, NUAI, ATEC, ALNY, APP, BLFS, MT, TIGO, ACHV, DJT, FMC, VRDN, PPC, PWP, GENI, ETRA, ALOY, FTRE, TKO, LIFE
2026-10-01 17:58:33 BST | INFO | UNIVERSE | Built | tickers=116
2026-10-01 17:58:33 BST | INFO | FILE | Saved ibkr_gapup (movers) | /root/trading/ASJR/ASJR_Analyst/DataLake/2026-10-01/raw/ibkr_gapup.csv
2026-10-01 17:58:33 BST | INFO | YFINANCE | Daily 30D fetch started | tickers=116
2026-10-01 17:58:36 BST | INFO | YFINANCE | Daily 30D fetch completed | rows=3432
2026-10-01 17:58:36 BST | INFO | FILE | Saved daily_30d | /root/trading/ASJR/ASJR_Analyst/DataLake/2026-10-01/raw/daily_30d.csv
2026-10-01 17:58:36 BST | INFO | FEATURES | Daily summary built | rows=116
2026-10-01 17:58:36 BST | INFO | IBKR | 5m fetch started | tickers=116 | duration=3 D | batch_size=5
2026-10-01 17:59:04 BST | INFO | IBKR | 5m fetch completed | rows=48989
2026-10-01 17:59:04 BST | INFO | FILE | Saved intraday_5m | /root/trading/ASJR/ASJR_Analyst/DataLake/2026-10-01/raw/intraday_5m.csv
2026-10-01 17:59:05 BST | INFO | FEATURES | Intraday summary built | rows=116
2026-10-01 17:59:05 BST | INFO | YFINANCE | Sector/market fetch started
2026-10-01 17:59:06 BST | INFO | YFINANCE | Sector/market fetch completed | rows=15
2026-10-01 17:59:06 BST | INFO | FILE | Saved sector_market_daily | /root/trading/ASJR/ASJR_Analyst/DataLake/2026-10-01/raw/sector_market_daily.csv
2026-10-01 17:59:06 BST | INFO | FILE | Saved ticker_summary | rows=116 | /root/trading/ASJR/ASJR_Analyst/DataLake/2026-10-01/processed/ticker_summary.csv
2026-10-01 17:59:06 BST | INFO | FILE | Saved asjr_snapshot | /root/trading/ASJR/ASJR_Analyst/DataLake/2026-10-01/processed/asjr_snapshot.json
2026-10-01 17:59:06 BST | INFO | RUN | DATA COMPLETE | universe=116 | intraday_rows=48989 | ticker_summary=116
2026-10-01 17:59:06 BST | INFO | GIT | File verification started | count=7
