2026-10-01 16:56:27 BST | INFO | RUN | VERSION | 2026.09.30.1
2026-10-01 16:56:27 BST | INFO | RUN | START | trade_date=2026-10-01
2026-10-01 16:56:27 BST | INFO | WATCHLIST | /root/trading/ASJR/ASJR_Analyst/DataLake/2026-10-01/config/fixed_watchlist.csv | source=prepared
2026-10-01 16:56:27 BST | INFO | RUN | OPTIONS | include_sector=True | git_submit=True | fetch_gapup_from_app=True
2026-10-01 16:56:27 BST | INFO | MOVERS | Fetch started
2026-10-01 16:56:29 BST | INFO | MOVERS | Fetch completed | rows=89
2026-10-01 16:56:29 BST | INFO | MOVERS | Tickers | ACN, COHR, GLOB, LITE, TDAY, SNPS, TSEM, CNXC, LWLG, GDYN, GWRE, EPAM, CTSH, EXLS, CIEN, XENE, PBF, AAOI, G, DXC, CVI, AXTI, SYRE, KD, CSQR, CRDO, WOLF, VIAV, MPC, ASAN, RLAY, U, VLO, DINO, MTSI, STTK, NCNO, TEAM, UTI, SGML, LQDA, SHAZ, GRND, UMAC, BRUN, NMAX, CARG, SECZ, ALHC, GLUE, PSKY, VRDN, ACCV, UNIT, RIOT, ARCO, TGB, CTVA, PRCT, AVEX, NUAI, DJT, CIFR, CLSK, CAPR, TEM, GENB, GENI, WYFI, CVNA, LIFE, ALNY, MP, MT, QDEL, PWP, IMAX, SGMT, BRBR, APP, CELC, RGEN, SLS, ACHV, ATEC, YELP, EL, HUT, VKTX
2026-10-01 16:56:29 BST | INFO | UNIVERSE | Built | tickers=105
2026-10-01 16:56:29 BST | INFO | FILE | Saved ibkr_gapup (movers) | /root/trading/ASJR/ASJR_Analyst/DataLake/2026-10-01/raw/ibkr_gapup.csv
2026-10-01 16:56:29 BST | INFO | YFINANCE | Daily 30D fetch started | tickers=105
2026-10-01 16:56:33 BST | INFO | YFINANCE | Daily 30D fetch completed | rows=3122
2026-10-01 16:56:33 BST | INFO | FILE | Saved daily_30d | /root/trading/ASJR/ASJR_Analyst/DataLake/2026-10-01/raw/daily_30d.csv
2026-10-01 16:56:33 BST | INFO | FEATURES | Daily summary built | rows=105
2026-10-01 16:56:33 BST | INFO | IBKR | 5m fetch started | tickers=105 | duration=3 D | batch_size=5
2026-10-01 16:56:55 BST | INFO | IBKR | 5m fetch completed | rows=43744
2026-10-01 16:56:56 BST | INFO | FILE | Saved intraday_5m | /root/trading/ASJR/ASJR_Analyst/DataLake/2026-10-01/raw/intraday_5m.csv
2026-10-01 16:56:56 BST | INFO | FEATURES | Intraday summary built | rows=105
2026-10-01 16:56:56 BST | INFO | YFINANCE | Sector/market fetch started
2026-10-01 16:56:57 BST | INFO | YFINANCE | Sector/market fetch completed | rows=15
2026-10-01 16:56:57 BST | INFO | FILE | Saved sector_market_daily | /root/trading/ASJR/ASJR_Analyst/DataLake/2026-10-01/raw/sector_market_daily.csv
2026-10-01 16:56:57 BST | INFO | FILE | Saved ticker_summary | rows=105 | /root/trading/ASJR/ASJR_Analyst/DataLake/2026-10-01/processed/ticker_summary.csv
2026-10-01 16:56:57 BST | INFO | FILE | Saved asjr_snapshot | /root/trading/ASJR/ASJR_Analyst/DataLake/2026-10-01/processed/asjr_snapshot.json
2026-10-01 16:56:57 BST | INFO | RUN | DATA COMPLETE | universe=105 | intraday_rows=43744 | ticker_summary=105
2026-10-01 16:56:57 BST | INFO | GIT | File verification started | count=7
