2026-10-01 20:44:57 BST | INFO | RUN | VERSION | 2026.10.01.4
2026-10-01 20:44:57 BST | INFO | RUN | START | trade_date=2026-10-01
2026-10-01 20:44:57 BST | INFO | WATCHLIST | /root/trading/ASJR/ASJR_Analyst/DataLake/2026-10-01/config/fixed_watchlist.csv | source=prepared
2026-10-01 20:44:57 BST | INFO | RUN | OPTIONS | include_sector=True | git_submit=True | fetch_gapup_from_app=True
2026-10-01 20:44:57 BST | INFO | MOVERS | Fetch started
2026-10-01 20:44:59 BST | INFO | MOVERS | Fetch completed | rows=100
2026-10-01 20:44:59 BST | INFO | MOVERS | Tickers | MAT, ACN, SNPS, TDAY, COHR, WOLF, KD, CNXC, LWLG, DXC, GWRE, INOD, AAOI, GLOB, LITE, GDYN, CIEN, CTSH, G, CDW, TSEM, BLMN, EXLS, NCNO, HUBS, ASAN, VIAV, EPAM, U, CDNS, SPT, FIVN, CRDO, TEAM, MPC, CVI, PBF, MTSI, AXTI, LPTH, XENE, GTLB, CXM, SLDE, GO, ARHS, RDDT, IOT, VLO, SMTC, SGML, ACCV, UMAC, PSKY, NMAX, LQDA, SHAZ, SLS, GRND, PRCT, GENB, TGB, RGEN, ORIC, CAI, UNIT, PPC, ACHV, ZVRA, VRDN, TEM, AVEX, ALNY, MLYS, ADPT, GLUE, VKTX, SGRY, SGMT, VOR, ATRC, CAPR, ALHC, CBRS, ARCO, OLMA, BLFS, NUAI, SECZ, BRKR, ETRA, IMAX, CLSK, CELC, DHR, MKC, BRUN, PRGO, ATEC, WYFI
2026-10-01 20:44:59 BST | INFO | UNIVERSE | Built | tickers=116
2026-10-01 20:44:59 BST | INFO | FILE | Saved ibkr_gapup (movers) | /root/trading/ASJR/ASJR_Analyst/DataLake/2026-10-01/raw/ibkr_gapup.csv
2026-10-01 20:44:59 BST | INFO | YFINANCE | Daily 30D fetch started | tickers=116
2026-10-01 20:45:05 BST | INFO | YFINANCE | Daily 30D fetch completed | rows=3432
2026-10-01 20:45:05 BST | INFO | FILE | Saved daily_30d | /root/trading/ASJR/ASJR_Analyst/DataLake/2026-10-01/raw/daily_30d.csv
2026-10-01 20:45:05 BST | INFO | FEATURES | Daily summary built | rows=116
2026-10-01 20:45:05 BST | INFO | IBKR | 5m fetch started | tickers=116 | duration=3 D | batch_size=5
2026-10-01 20:45:31 BST | INFO | IBKR | 5m fetch completed | rows=53235
2026-10-01 20:45:31 BST | INFO | FILE | Saved intraday_5m | /root/trading/ASJR/ASJR_Analyst/DataLake/2026-10-01/raw/intraday_5m.csv
2026-10-01 20:45:32 BST | INFO | FEATURES | Intraday summary built | rows=116
2026-10-01 20:45:32 BST | INFO | YFINANCE | Sector/market fetch started
2026-10-01 20:45:33 BST | INFO | YFINANCE | Sector/market fetch completed | rows=15
2026-10-01 20:45:33 BST | INFO | FILE | Saved sector_market_daily | /root/trading/ASJR/ASJR_Analyst/DataLake/2026-10-01/raw/sector_market_daily.csv
2026-10-01 20:45:33 BST | INFO | FILE | Saved ticker_summary | rows=116 | /root/trading/ASJR/ASJR_Analyst/DataLake/2026-10-01/processed/ticker_summary.csv
2026-10-01 20:45:33 BST | INFO | FILE | Saved asjr_snapshot | /root/trading/ASJR/ASJR_Analyst/DataLake/2026-10-01/processed/asjr_snapshot.json
2026-10-01 20:45:33 BST | INFO | RUN | DATA COMPLETE | universe=116 | intraday_rows=53235 | ticker_summary=116
2026-10-01 20:45:33 BST | INFO | GIT | File verification started | count=7
