2026-10-01 16:23:07 BST | INFO | RUN | VERSION | 2026.09.30.1
2026-10-01 16:23:07 BST | INFO | RUN | START | trade_date=2026-10-01
2026-10-01 16:23:07 BST | INFO | WATCHLIST | /root/trading/ASJR/ASJR_Analyst/DataLake/2026-10-01/config/fixed_watchlist.csv | source=prepared
2026-10-01 16:23:07 BST | INFO | RUN | OPTIONS | include_sector=True | git_submit=True | fetch_gapup_from_app=True
2026-10-01 16:23:07 BST | INFO | MOVERS | Fetch started
2026-10-01 16:23:09 BST | INFO | MOVERS | Fetch completed | rows=81
2026-10-01 16:23:09 BST | INFO | MOVERS | Tickers | ACN, TDAY, COHR, LITE, SNPS, GLOB, GDYN, CNXC, TSEM, LWLG, GWRE, CTSH, EPAM, AXTI, AAOI, CSQR, EXLS, CIEN, WOLF, PBF, PTC, CVI, G, XENE, ASAN, DXC, VIAV, SYRE, MPC, CDNS, CRDO, KD, IT, DHT, VLO, UTI, MTSI, KOD, SGML, LQDA, GRND, SHAZ, BRUN, UNIT, UMAC, VRDN, AVEX, ALHC, ACCV, SECZ, CARG, NMAX, RIOT, WYFI, CAPR, NUAI, ALNY, TGB, MP, GENB, CIFR, CLSK, CVNA, PRCT, CE, MOS, CTVA, FMC, ACHV, IMAX, HLMN, SEDG, ARCO, VSNT, PWP, GENI, SW, CELC, SGMT, HUT, DJT
2026-10-01 16:23:09 BST | INFO | UNIVERSE | Built | tickers=97
2026-10-01 16:23:09 BST | INFO | FILE | Saved ibkr_gapup (movers) | /root/trading/ASJR/ASJR_Analyst/DataLake/2026-10-01/raw/ibkr_gapup.csv
2026-10-01 16:23:09 BST | INFO | YFINANCE | Daily 30D fetch started | tickers=97
2026-10-01 16:23:12 BST | INFO | YFINANCE | Daily 30D fetch completed | rows=2882
2026-10-01 16:23:12 BST | INFO | FILE | Saved daily_30d | /root/trading/ASJR/ASJR_Analyst/DataLake/2026-10-01/raw/daily_30d.csv
2026-10-01 16:23:12 BST | INFO | FEATURES | Daily summary built | rows=97
2026-10-01 16:23:12 BST | INFO | IBKR | 5m fetch started | tickers=97 | duration=3 D | batch_size=5
2026-10-01 16:23:35 BST | INFO | IBKR | 5m fetch completed | rows=39675
2026-10-01 16:23:35 BST | INFO | FILE | Saved intraday_5m | /root/trading/ASJR/ASJR_Analyst/DataLake/2026-10-01/raw/intraday_5m.csv
2026-10-01 16:23:35 BST | INFO | FEATURES | Intraday summary built | rows=97
2026-10-01 16:23:35 BST | INFO | YFINANCE | Sector/market fetch started
2026-10-01 16:23:36 BST | INFO | YFINANCE | Sector/market fetch completed | rows=15
2026-10-01 16:23:36 BST | INFO | FILE | Saved sector_market_daily | /root/trading/ASJR/ASJR_Analyst/DataLake/2026-10-01/raw/sector_market_daily.csv
2026-10-01 16:23:36 BST | INFO | FILE | Saved ticker_summary | rows=97 | /root/trading/ASJR/ASJR_Analyst/DataLake/2026-10-01/processed/ticker_summary.csv
2026-10-01 16:23:36 BST | INFO | FILE | Saved asjr_snapshot | /root/trading/ASJR/ASJR_Analyst/DataLake/2026-10-01/processed/asjr_snapshot.json
2026-10-01 16:23:36 BST | INFO | RUN | DATA COMPLETE | universe=97 | intraday_rows=39675 | ticker_summary=97
2026-10-01 16:23:36 BST | INFO | GIT | File verification started | count=7
