2026-10-01 19:44:06 BST | INFO | RUN | VERSION | 2026.10.01.4
2026-10-01 19:44:06 BST | INFO | RUN | START | trade_date=2026-10-01
2026-10-01 19:44:06 BST | INFO | WATCHLIST | /root/trading/ASJR/ASJR_Analyst/DataLake/2026-10-01/config/fixed_watchlist.csv | source=prepared
2026-10-01 19:44:06 BST | INFO | RUN | OPTIONS | include_sector=True | git_submit=True | fetch_gapup_from_app=True
2026-10-01 19:44:06 BST | INFO | MOVERS | Fetch started
2026-10-01 19:44:07 BST | INFO | MOVERS | Fetch completed | rows=97
2026-10-01 19:44:07 BST | INFO | MOVERS | Tickers | MAT, ACN, SNPS, CNXC, INOD, COHR, GWRE, TDAY, LWLG, DXC, GDYN, KD, GLOB, WOLF, ASAN, AAOI, TSEM, CTSH, G, SPT, GO, NCNO, EPAM, EXLS, CDW, LITE, CIEN, U, VIAV, FIVN, VERX, CRDO, TEAM, FRVO, HUBS, PBF, CVI, CDNS, BLMN, CXM, MPC, CSQR, XENE, IT, XXI, TH, PTC, MTSI, AXTI, KOD, LQDA, SGML, ACCV, UMAC, NMAX, PSKY, SHAZ, SLS, GRND, AVEX, RGEN, PRCT, TGB, PPC, JBS, VRDN, TEM, MLYS, ZVRA, ATRC, LGN, GLUE, SGMT, CAI, IMAX, ARCO, CELC, CTVA, CAPR, UNIT, ACHV, GENB, ALNY, ORIC, VKTX, GFL, ETRA, BLFS, FMC, BRUN, ADPT, ALHC, SGRY, SECZ, CARG, CNK, CBRS
2026-10-01 19:44:08 BST | INFO | UNIVERSE | Built | tickers=113
2026-10-01 19:44:08 BST | INFO | FILE | Saved ibkr_gapup (movers) | /root/trading/ASJR/ASJR_Analyst/DataLake/2026-10-01/raw/ibkr_gapup.csv
2026-10-01 19:44:08 BST | INFO | YFINANCE | Daily 30D fetch started | tickers=113
2026-10-01 19:44:12 BST | INFO | YFINANCE | Daily 30D fetch completed | rows=3342
2026-10-01 19:44:12 BST | INFO | FILE | Saved daily_30d | /root/trading/ASJR/ASJR_Analyst/DataLake/2026-10-01/raw/daily_30d.csv
2026-10-01 19:44:12 BST | INFO | FEATURES | Daily summary built | rows=113
2026-10-01 19:44:12 BST | INFO | IBKR | 5m fetch started | tickers=113 | duration=3 D | batch_size=5
2026-10-01 19:44:40 BST | INFO | IBKR | 5m fetch completed | rows=49839
2026-10-01 19:44:40 BST | INFO | FILE | Saved intraday_5m | /root/trading/ASJR/ASJR_Analyst/DataLake/2026-10-01/raw/intraday_5m.csv
2026-10-01 19:44:41 BST | INFO | FEATURES | Intraday summary built | rows=113
2026-10-01 19:44:41 BST | INFO | YFINANCE | Sector/market fetch started
2026-10-01 19:44:41 BST | INFO | YFINANCE | Sector/market fetch completed | rows=15
2026-10-01 19:44:41 BST | INFO | FILE | Saved sector_market_daily | /root/trading/ASJR/ASJR_Analyst/DataLake/2026-10-01/raw/sector_market_daily.csv
2026-10-01 19:44:41 BST | INFO | FILE | Saved ticker_summary | rows=113 | /root/trading/ASJR/ASJR_Analyst/DataLake/2026-10-01/processed/ticker_summary.csv
2026-10-01 19:44:41 BST | INFO | FILE | Saved asjr_snapshot | /root/trading/ASJR/ASJR_Analyst/DataLake/2026-10-01/processed/asjr_snapshot.json
2026-10-01 19:44:41 BST | INFO | RUN | DATA COMPLETE | universe=113 | intraday_rows=49839 | ticker_summary=113
2026-10-01 19:44:41 BST | INFO | GIT | File verification started | count=7
