2026-10-01 17:52:55 BST | INFO | RUN | VERSION | 2026.10.01.3
2026-10-01 17:52:55 BST | INFO | RUN | START | trade_date=2026-10-01
2026-10-01 17:52:55 BST | INFO | WATCHLIST | /root/trading/ASJR/ASJR_Analyst/DataLake/2026-10-01/config/fixed_watchlist.csv | source=prepared
2026-10-01 17:52:55 BST | INFO | RUN | OPTIONS | include_sector=True | git_submit=True | fetch_gapup_from_app=True
2026-10-01 17:52:55 BST | INFO | MOVERS | Fetch started
2026-10-01 17:52:57 BST | INFO | MOVERS | Fetch completed | rows=93
2026-10-01 17:52:57 BST | INFO | MOVERS | Tickers | ACN, COHR, CNXC, SNPS, GLOB, TDAY, GWRE, GDYN, LITE, LWLG, EPAM, CRDO, DXC, EXLS, TSEM, KD, G, CIEN, CTSH, XENE, WOLF, AAOI, AXTI, GO, VIAV, NCNO, TH, ASAN, UTI, MTSI, INOD, CDW, CVI, CXM, U, IT, TEAM, STEP, STTK, PBF, MPC, CSQR, SPT, GEV, KOD, ARHS, SYRE, BLMN, CDNS, MXL, SGML, LQDA, SHAZ, ACCV, NMAX, UMAC, GRND, PSKY, SECZ, BRUN, CTVA, CARG, RGEN, AVEX, UNIT, ARCO, RIOT, VRDN, GLUE, TGB, GENB, TEM, ALHC, CLSK, PRCT, CAPR, CIFR, WYFI, NUAI, ALNY, ATEC, SLS, PWP, BLFS, LGN, ABCL, ACHV, APP, MT, TKO, LIFE, FMC, DJT
2026-10-01 17:52:57 BST | INFO | UNIVERSE | Built | tickers=109
2026-10-01 17:52:57 BST | INFO | FILE | Saved ibkr_gapup (movers) | /root/trading/ASJR/ASJR_Analyst/DataLake/2026-10-01/raw/ibkr_gapup.csv
2026-10-01 17:52:57 BST | INFO | YFINANCE | Daily 30D fetch started | tickers=109
2026-10-01 17:53:00 BST | INFO | YFINANCE | Daily 30D fetch completed | rows=3242
2026-10-01 17:53:00 BST | INFO | FILE | Saved daily_30d | /root/trading/ASJR/ASJR_Analyst/DataLake/2026-10-01/raw/daily_30d.csv
2026-10-01 17:53:00 BST | INFO | FEATURES | Daily summary built | rows=109
2026-10-01 17:53:00 BST | INFO | IBKR | 5m fetch started | tickers=109 | duration=3 D | batch_size=5
2026-10-01 17:53:24 BST | INFO | IBKR | 5m fetch completed | rows=46318
2026-10-01 17:53:25 BST | INFO | FILE | Saved intraday_5m | /root/trading/ASJR/ASJR_Analyst/DataLake/2026-10-01/raw/intraday_5m.csv
2026-10-01 17:53:25 BST | INFO | FEATURES | Intraday summary built | rows=109
2026-10-01 17:53:25 BST | INFO | YFINANCE | Sector/market fetch started
2026-10-01 17:53:26 BST | INFO | YFINANCE | Sector/market fetch completed | rows=15
2026-10-01 17:53:26 BST | INFO | FILE | Saved sector_market_daily | /root/trading/ASJR/ASJR_Analyst/DataLake/2026-10-01/raw/sector_market_daily.csv
2026-10-01 17:53:26 BST | INFO | FILE | Saved ticker_summary | rows=109 | /root/trading/ASJR/ASJR_Analyst/DataLake/2026-10-01/processed/ticker_summary.csv
2026-10-01 17:53:26 BST | INFO | FILE | Saved asjr_snapshot | /root/trading/ASJR/ASJR_Analyst/DataLake/2026-10-01/processed/asjr_snapshot.json
2026-10-01 17:53:26 BST | INFO | RUN | DATA COMPLETE | universe=109 | intraday_rows=46318 | ticker_summary=109
2026-10-01 17:53:26 BST | INFO | GIT | File verification started | count=7
