2026-10-01 18:58:01 BST | INFO | RUN | VERSION | 2026.10.01.3
2026-10-01 18:58:01 BST | INFO | RUN | START | trade_date=2026-10-01
2026-10-01 18:58:01 BST | INFO | WATCHLIST | /root/trading/ASJR/ASJR_Analyst/DataLake/2026-10-01/config/fixed_watchlist.csv | source=prepared
2026-10-01 18:58:01 BST | INFO | RUN | OPTIONS | include_sector=True | git_submit=True | fetch_gapup_from_app=True
2026-10-01 18:58:01 BST | INFO | MOVERS | Fetch started
2026-10-01 18:58:03 BST | INFO | MOVERS | Fetch completed | rows=98
2026-10-01 18:58:03 BST | INFO | MOVERS | Tickers | ACN, SNPS, CNXC, INOD, COHR, GLOB, DXC, ASAN, GWRE, KD, TDAY, LWLG, GDYN, AAOI, EPAM, CTSH, G, TSEM, LITE, EXLS, CRDO, NCNO, CIEN, WOLF, VIAV, CDW, GO, VERX, IT, SPT, TEAM, CDNS, XENE, PBF, HUBS, FIVN, MNDY, CVI, MPC, U, CSQR, CXM, MTSI, TH, AXTI, BL, STEP, UTI, BLMN, RNG, SGML, LQDA, ACCV, UMAC, NMAX, GRND, PSKY, SLS, RGEN, TEM, CAI, SHAZ, ARCO, PRCT, PPC, GLUE, CARG, AVEX, TGB, SECZ, VRDN, UNIT, GENB, CTVA, ABCL, ALHC, ATRC, BLFS, JBS, ALNY, ACHV, FMC, TKO, DNA, ADPT, ZVRA, LIFE, LGN, CAPR, ATEC, ORIC, IMAX, VKTX, MLYS, BRKR, MT, SGRY, CELC
2026-10-01 18:58:03 BST | INFO | UNIVERSE | Built | tickers=114
2026-10-01 18:58:03 BST | INFO | FILE | Saved ibkr_gapup (movers) | /root/trading/ASJR/ASJR_Analyst/DataLake/2026-10-01/raw/ibkr_gapup.csv
2026-10-01 18:58:03 BST | INFO | YFINANCE | Daily 30D fetch started | tickers=114
2026-10-01 18:58:06 BST | INFO | YFINANCE | Daily 30D fetch completed | rows=3392
2026-10-01 18:58:06 BST | INFO | FILE | Saved daily_30d | /root/trading/ASJR/ASJR_Analyst/DataLake/2026-10-01/raw/daily_30d.csv
2026-10-01 18:58:06 BST | INFO | FEATURES | Daily summary built | rows=114
2026-10-01 18:58:06 BST | INFO | IBKR | 5m fetch started | tickers=114 | duration=3 D | batch_size=5
2026-10-01 18:58:32 BST | INFO | IBKR | 5m fetch completed | rows=49069
2026-10-01 18:58:32 BST | INFO | FILE | Saved intraday_5m | /root/trading/ASJR/ASJR_Analyst/DataLake/2026-10-01/raw/intraday_5m.csv
2026-10-01 18:58:33 BST | INFO | FEATURES | Intraday summary built | rows=114
2026-10-01 18:58:33 BST | INFO | YFINANCE | Sector/market fetch started
2026-10-01 18:58:34 BST | INFO | YFINANCE | Sector/market fetch completed | rows=15
2026-10-01 18:58:34 BST | INFO | FILE | Saved sector_market_daily | /root/trading/ASJR/ASJR_Analyst/DataLake/2026-10-01/raw/sector_market_daily.csv
2026-10-01 18:58:34 BST | INFO | FILE | Saved ticker_summary | rows=114 | /root/trading/ASJR/ASJR_Analyst/DataLake/2026-10-01/processed/ticker_summary.csv
2026-10-01 18:58:34 BST | INFO | FILE | Saved asjr_snapshot | /root/trading/ASJR/ASJR_Analyst/DataLake/2026-10-01/processed/asjr_snapshot.json
2026-10-01 18:58:34 BST | INFO | RUN | DATA COMPLETE | universe=114 | intraday_rows=49069 | ticker_summary=114
2026-10-01 18:58:34 BST | INFO | GIT | File verification started | count=7
