2026-10-01 17:26:37 BST | INFO | RUN | VERSION | 2026.10.01.2
2026-10-01 17:26:37 BST | INFO | RUN | START | trade_date=2026-10-01
2026-10-01 17:26:37 BST | INFO | WATCHLIST | /root/trading/ASJR/ASJR_Analyst/DataLake/2026-10-01/config/fixed_watchlist.csv | source=prepared
2026-10-01 17:26:37 BST | INFO | RUN | OPTIONS | include_sector=True | git_submit=True | fetch_gapup_from_app=True
2026-10-01 17:26:37 BST | INFO | MOVERS | Fetch started
2026-10-01 17:26:39 BST | INFO | MOVERS | Fetch completed | rows=91
2026-10-01 17:26:39 BST | INFO | MOVERS | Tickers | ACN, CNXC, COHR, TDAY, GLOB, SNPS, GWRE, LITE, GDYN, WOLF, TSEM, LWLG, CTSH, EPAM, CRDO, EXLS, CIEN, GO, XENE, DXC, STTK, G, AXTI, AAOI, KD, ASAN, U, CDW, CSQR, NCNO, SYRE, TH, UTI, CVI, TEAM, VIAV, MPC, MXL, PBF, CXM, IT, ARHS, RLAY, INOD, MTSI, SPT, PTC, HUBS, VLO, SGML, LQDA, SHAZ, GRND, UMAC, NMAX, BRUN, PSKY, ACCV, SECZ, CARG, RIOT, VRDN, CLSK, CAPR, ARCO, GLUE, UNIT, CIFR, RGEN, CTVA, GENB, AVEX, ABCL, WYFI, TGB, NUAI, TEM, GENI, PRCT, APP, TKO, ACHV, MP, MT, ATEC, ALNY, HUT, IMAX, MOS, TIGO, ATRC
2026-10-01 17:26:39 BST | INFO | UNIVERSE | Built | tickers=107
2026-10-01 17:26:39 BST | INFO | FILE | Saved ibkr_gapup (movers) | /root/trading/ASJR/ASJR_Analyst/DataLake/2026-10-01/raw/ibkr_gapup.csv
2026-10-01 17:26:39 BST | INFO | YFINANCE | Daily 30D fetch started | tickers=107
2026-10-01 17:26:42 BST | INFO | YFINANCE | Daily 30D fetch completed | rows=3182
2026-10-01 17:26:42 BST | INFO | FILE | Saved daily_30d | /root/trading/ASJR/ASJR_Analyst/DataLake/2026-10-01/raw/daily_30d.csv
2026-10-01 17:26:42 BST | INFO | FEATURES | Daily summary built | rows=107
2026-10-01 17:26:42 BST | INFO | IBKR | 5m fetch started | tickers=107 | duration=3 D | batch_size=5
2026-10-01 17:27:06 BST | INFO | IBKR | 5m fetch completed | rows=44900
2026-10-01 17:27:07 BST | INFO | FILE | Saved intraday_5m | /root/trading/ASJR/ASJR_Analyst/DataLake/2026-10-01/raw/intraday_5m.csv
2026-10-01 17:27:08 BST | INFO | FEATURES | Intraday summary built | rows=107
2026-10-01 17:27:08 BST | INFO | YFINANCE | Sector/market fetch started
2026-10-01 17:27:08 BST | INFO | YFINANCE | Sector/market fetch completed | rows=15
2026-10-01 17:27:08 BST | INFO | FILE | Saved sector_market_daily | /root/trading/ASJR/ASJR_Analyst/DataLake/2026-10-01/raw/sector_market_daily.csv
2026-10-01 17:27:08 BST | INFO | FILE | Saved ticker_summary | rows=107 | /root/trading/ASJR/ASJR_Analyst/DataLake/2026-10-01/processed/ticker_summary.csv
2026-10-01 17:27:08 BST | INFO | FILE | Saved asjr_snapshot | /root/trading/ASJR/ASJR_Analyst/DataLake/2026-10-01/processed/asjr_snapshot.json
2026-10-01 17:27:08 BST | INFO | RUN | DATA COMPLETE | universe=107 | intraday_rows=44900 | ticker_summary=107
2026-10-01 17:27:08 BST | INFO | GIT | File verification started | count=7
