2026-10-01 18:15:39 BST | INFO | RUN | VERSION | 2026.10.01.3
2026-10-01 18:15:39 BST | INFO | RUN | START | trade_date=2026-10-01
2026-10-01 18:15:39 BST | INFO | WATCHLIST | /root/trading/ASJR/ASJR_Analyst/DataLake/2026-10-01/config/fixed_watchlist.csv | source=prepared
2026-10-01 18:15:39 BST | INFO | RUN | OPTIONS | include_sector=True | git_submit=True | fetch_gapup_from_app=True
2026-10-01 18:15:39 BST | INFO | MOVERS | Fetch started
2026-10-01 18:15:41 BST | INFO | MOVERS | Fetch completed | rows=99
2026-10-01 18:15:41 BST | INFO | MOVERS | Tickers | ACN, SNPS, GLOB, COHR, CNXC, INOD, GWRE, GDYN, TDAY, EPAM, DXC, LITE, TSEM, LWLG, EXLS, CRDO, GO, CTSH, G, KD, WOLF, CVI, CIEN, ASAN, CDW, VIAV, AXTI, XENE, IT, NCNO, TEAM, MTSI, U, STTK, TH, UTI, AAOI, PBF, SPT, CXM, MNDY, CDNS, MPC, SMTC, FIVN, SYRE, CSQR, VERX, PTC, STEP, SGML, LQDA, ACCV, SHAZ, NMAX, UMAC, PSKY, GRND, SECZ, UNIT, AVEX, RGEN, BRUN, TEM, RIOT, CARG, GLUE, ARCO, PRCT, GENB, ALHC, CTVA, LGN, LIFE, VRDN, NUAI, SLS, PPC, TGB, CIFR, WYFI, CAI, CLSK, CAPR, ETRA, PWP, ABCL, ATEC, ACHV, ALNY, GENI, BLFS, JBS, FMC, APP, MLYS, CAG, MT, DJT
2026-10-01 18:15:41 BST | INFO | UNIVERSE | Built | tickers=115
2026-10-01 18:15:41 BST | INFO | FILE | Saved ibkr_gapup (movers) | /root/trading/ASJR/ASJR_Analyst/DataLake/2026-10-01/raw/ibkr_gapup.csv
2026-10-01 18:15:41 BST | INFO | YFINANCE | Daily 30D fetch started | tickers=115
2026-10-01 18:15:45 BST | INFO | YFINANCE | Daily 30D fetch completed | rows=3402
2026-10-01 18:15:45 BST | INFO | FILE | Saved daily_30d | /root/trading/ASJR/ASJR_Analyst/DataLake/2026-10-01/raw/daily_30d.csv
2026-10-01 18:15:45 BST | INFO | FEATURES | Daily summary built | rows=115
2026-10-01 18:15:45 BST | INFO | IBKR | 5m fetch started | tickers=115 | duration=3 D | batch_size=5
2026-10-01 18:30:41 BST | INFO | IBKR | 5m fetch completed | rows=4930
2026-10-01 18:30:41 BST | INFO | FILE | Saved intraday_5m | /root/trading/ASJR/ASJR_Analyst/DataLake/2026-10-01/raw/intraday_5m.csv
2026-10-01 18:30:42 BST | INFO | FEATURES | Intraday summary built | rows=10
2026-10-01 18:30:42 BST | INFO | YFINANCE | Sector/market fetch started
2026-10-01 18:30:42 BST | INFO | YFINANCE | Sector/market fetch completed | rows=15
2026-10-01 18:30:42 BST | INFO | FILE | Saved sector_market_daily | /root/trading/ASJR/ASJR_Analyst/DataLake/2026-10-01/raw/sector_market_daily.csv
2026-10-01 18:30:42 BST | INFO | FILE | Saved ticker_summary | rows=115 | /root/trading/ASJR/ASJR_Analyst/DataLake/2026-10-01/processed/ticker_summary.csv
2026-10-01 18:30:42 BST | INFO | FILE | Saved asjr_snapshot | /root/trading/ASJR/ASJR_Analyst/DataLake/2026-10-01/processed/asjr_snapshot.json
2026-10-01 18:30:42 BST | INFO | RUN | DATA COMPLETE | universe=115 | intraday_rows=4930 | ticker_summary=115
2026-10-01 18:30:42 BST | INFO | GIT | File verification started | count=7
