2026-10-01 18:41:20 BST | INFO | RUN | VERSION | 2026.10.01.3
2026-10-01 18:41:20 BST | INFO | RUN | START | trade_date=2026-10-01
2026-10-01 18:41:20 BST | INFO | WATCHLIST | /root/trading/ASJR/ASJR_Analyst/DataLake/2026-10-01/config/fixed_watchlist.csv | source=prepared
2026-10-01 18:41:20 BST | INFO | RUN | OPTIONS | include_sector=True | git_submit=True | fetch_gapup_from_app=True
2026-10-01 18:41:20 BST | INFO | MOVERS | Fetch started
2026-10-01 18:41:22 BST | INFO | MOVERS | Fetch completed | rows=88
2026-10-01 18:41:22 BST | INFO | MOVERS | Tickers | ACN, SNPS, INOD, CNXC, GLOB, KD, COHR, GWRE, TDAY, ASAN, GDYN, DXC, LWLG, EPAM, TSEM, CTSH, LITE, G, AAOI, CRDO, WOLF, EXLS, NCNO, CDW, VIAV, CIEN, GO, XENE, STTK, IT, FIVN, CDNS, TEAM, MTSI, SPT, STEP, U, VERX, AXTI, CXM, MNDY, HUBS, TH, RNG, LPTH, APPS, SYRE, BL, CVI, WNC, LQDA, SGML, ACCV, NMAX, UMAC, GRND, PSKY, RGEN, TEM, AVEX, SECZ, SHAZ, UNIT, CTVA, CAI, LIFE, ARCO, CARG, ALHC, PPC, SLS, GLUE, PRCT, TGB, GENB, ABCL, LGN, JBS, VRDN, BLFS, ATEC, PWP, ACHV, CAPR, FMC, APP, BRUN, ADPT
2026-10-01 18:41:22 BST | INFO | UNIVERSE | Built | tickers=104
2026-10-01 18:41:22 BST | INFO | FILE | Saved ibkr_gapup (movers) | /root/trading/ASJR/ASJR_Analyst/DataLake/2026-10-01/raw/ibkr_gapup.csv
2026-10-01 18:41:22 BST | INFO | YFINANCE | Daily 30D fetch started | tickers=104
2026-10-01 18:41:26 BST | INFO | YFINANCE | Daily 30D fetch completed | rows=3092
2026-10-01 18:41:26 BST | INFO | FILE | Saved daily_30d | /root/trading/ASJR/ASJR_Analyst/DataLake/2026-10-01/raw/daily_30d.csv
2026-10-01 18:41:26 BST | INFO | FEATURES | Daily summary built | rows=104
2026-10-01 18:41:26 BST | INFO | IBKR | 5m fetch started | tickers=104 | duration=3 D | batch_size=5
2026-10-01 18:41:49 BST | INFO | IBKR | 5m fetch completed | rows=44729
2026-10-01 18:41:49 BST | INFO | FILE | Saved intraday_5m | /root/trading/ASJR/ASJR_Analyst/DataLake/2026-10-01/raw/intraday_5m.csv
2026-10-01 18:41:50 BST | INFO | FEATURES | Intraday summary built | rows=104
2026-10-01 18:41:50 BST | INFO | YFINANCE | Sector/market fetch started
2026-10-01 18:41:50 BST | INFO | YFINANCE | Sector/market fetch completed | rows=15
2026-10-01 18:41:50 BST | INFO | FILE | Saved sector_market_daily | /root/trading/ASJR/ASJR_Analyst/DataLake/2026-10-01/raw/sector_market_daily.csv
2026-10-01 18:41:50 BST | INFO | FILE | Saved ticker_summary | rows=104 | /root/trading/ASJR/ASJR_Analyst/DataLake/2026-10-01/processed/ticker_summary.csv
2026-10-01 18:41:50 BST | INFO | FILE | Saved asjr_snapshot | /root/trading/ASJR/ASJR_Analyst/DataLake/2026-10-01/processed/asjr_snapshot.json
2026-10-01 18:41:50 BST | INFO | RUN | DATA COMPLETE | universe=104 | intraday_rows=44729 | ticker_summary=104
2026-10-01 18:41:50 BST | INFO | GIT | File verification started | count=7
