2026-10-01 18:52:27 BST | INFO | RUN | VERSION | 2026.10.01.3
2026-10-01 18:52:27 BST | INFO | RUN | START | trade_date=2026-10-01
2026-10-01 18:52:27 BST | INFO | WATCHLIST | /root/trading/ASJR/ASJR_Analyst/DataLake/2026-10-01/config/fixed_watchlist.csv | source=prepared
2026-10-01 18:52:27 BST | INFO | RUN | OPTIONS | include_sector=True | git_submit=True | fetch_gapup_from_app=True
2026-10-01 18:52:27 BST | INFO | MOVERS | Fetch started
2026-10-01 18:52:28 BST | INFO | MOVERS | Fetch completed | rows=91
2026-10-01 18:52:28 BST | INFO | MOVERS | Tickers | ACN, SNPS, INOD, CNXC, COHR, GLOB, LWLG, GWRE, TDAY, ASAN, DXC, GDYN, KD, AAOI, TSEM, EPAM, CTSH, LITE, G, WOLF, NCNO, CRDO, EXLS, CIEN, VIAV, CDW, IT, GO, SPT, MTSI, VERX, XENE, TEAM, AXTI, CDNS, STEP, U, MNDY, FIVN, CXM, TH, STTK, HUBS, PBF, CSQR, SYRE, LPTH, APPS, UTI, BL, LQDA, SGML, ACCV, NMAX, UMAC, GRND, PSKY, RGEN, SLS, TEM, CAI, CARG, SHAZ, ARCO, PPC, AVEX, TGB, PRCT, CTVA, SECZ, ABCL, GLUE, VRDN, UNIT, GENB, BLFS, JBS, LIFE, DNA, FMC, ADPT, ACHV, ALHC, LGN, ALNY, ATRC, VKTX, ZVRA, TKO, IMAX, MLYS
2026-10-01 18:52:28 BST | INFO | UNIVERSE | Built | tickers=107
2026-10-01 18:52:28 BST | INFO | FILE | Saved ibkr_gapup (movers) | /root/trading/ASJR/ASJR_Analyst/DataLake/2026-10-01/raw/ibkr_gapup.csv
2026-10-01 18:52:28 BST | INFO | YFINANCE | Daily 30D fetch started | tickers=107
2026-10-01 18:52:32 BST | INFO | YFINANCE | Daily 30D fetch completed | rows=3182
2026-10-01 18:52:32 BST | INFO | FILE | Saved daily_30d | /root/trading/ASJR/ASJR_Analyst/DataLake/2026-10-01/raw/daily_30d.csv
2026-10-01 18:52:32 BST | INFO | FEATURES | Daily summary built | rows=107
2026-10-01 18:52:32 BST | INFO | IBKR | 5m fetch started | tickers=107 | duration=3 D | batch_size=5
2026-10-01 18:52:56 BST | INFO | IBKR | 5m fetch completed | rows=45774
2026-10-01 18:52:56 BST | INFO | FILE | Saved intraday_5m | /root/trading/ASJR/ASJR_Analyst/DataLake/2026-10-01/raw/intraday_5m.csv
2026-10-01 18:52:57 BST | INFO | FEATURES | Intraday summary built | rows=107
2026-10-01 18:52:57 BST | INFO | YFINANCE | Sector/market fetch started
2026-10-01 18:52:57 BST | INFO | YFINANCE | Sector/market fetch completed | rows=15
2026-10-01 18:52:57 BST | INFO | FILE | Saved sector_market_daily | /root/trading/ASJR/ASJR_Analyst/DataLake/2026-10-01/raw/sector_market_daily.csv
2026-10-01 18:52:57 BST | INFO | FILE | Saved ticker_summary | rows=107 | /root/trading/ASJR/ASJR_Analyst/DataLake/2026-10-01/processed/ticker_summary.csv
2026-10-01 18:52:57 BST | INFO | FILE | Saved asjr_snapshot | /root/trading/ASJR/ASJR_Analyst/DataLake/2026-10-01/processed/asjr_snapshot.json
2026-10-01 18:52:57 BST | INFO | RUN | DATA COMPLETE | universe=107 | intraday_rows=45774 | ticker_summary=107
2026-10-01 18:52:57 BST | INFO | GIT | File verification started | count=7
