2026-10-01 16:28:40 BST | INFO | RUN | VERSION | 2026.09.30.1
2026-10-01 16:28:40 BST | INFO | RUN | START | trade_date=2026-10-01
2026-10-01 16:28:40 BST | INFO | WATCHLIST | /root/trading/ASJR/ASJR_Analyst/DataLake/2026-10-01/config/fixed_watchlist.csv | source=prepared
2026-10-01 16:28:40 BST | INFO | RUN | OPTIONS | include_sector=True | git_submit=True | fetch_gapup_from_app=True
2026-10-01 16:28:40 BST | INFO | MOVERS | Fetch started
2026-10-01 16:28:41 BST | INFO | MOVERS | Fetch completed | rows=83
2026-10-01 16:28:41 BST | INFO | MOVERS | Tickers | ACN, COHR, LITE, TDAY, SNPS, GLOB, CNXC, LWLG, TSEM, GDYN, EPAM, GWRE, AXTI, CTSH, CSQR, AAOI, CIEN, WOLF, EXLS, PBF, PTC, CVI, DXC, CRDO, SYRE, VIAV, G, KD, XENE, STTK, MPC, ASAN, CDNS, UTI, VLO, MTSI, DHT, SGML, LQDA, GRND, SHAZ, UMAC, UNIT, BRUN, VRDN, CAPR, CARG, ALHC, NMAX, SECZ, AVEX, RIOT, MP, ACCV, TGB, PRCT, ALNY, CVNA, GENB, VSNT, NUAI, ACHV, GENI, WYFI, PSKY, ARCO, CIFR, LGN, MOS, SEDG, CLSK, IMAX, CE, LIFE, PWP, SW, CTVA, YELP, VKTX, DJT, FIGR, ATEC, SGMT
2026-10-01 16:28:41 BST | INFO | UNIVERSE | Built | tickers=99
2026-10-01 16:28:41 BST | INFO | FILE | Saved ibkr_gapup (movers) | /root/trading/ASJR/ASJR_Analyst/DataLake/2026-10-01/raw/ibkr_gapup.csv
2026-10-01 16:28:41 BST | INFO | YFINANCE | Daily 30D fetch started | tickers=99
2026-10-01 16:28:45 BST | INFO | YFINANCE | Daily 30D fetch completed | rows=2942
2026-10-01 16:28:45 BST | INFO | FILE | Saved daily_30d | /root/trading/ASJR/ASJR_Analyst/DataLake/2026-10-01/raw/daily_30d.csv
2026-10-01 16:28:45 BST | INFO | FEATURES | Daily summary built | rows=99
2026-10-01 16:28:45 BST | INFO | IBKR | 5m fetch started | tickers=99 | duration=3 D | batch_size=5
2026-10-01 16:29:08 BST | INFO | IBKR | 5m fetch completed | rows=40507
2026-10-01 16:29:08 BST | INFO | FILE | Saved intraday_5m | /root/trading/ASJR/ASJR_Analyst/DataLake/2026-10-01/raw/intraday_5m.csv
2026-10-01 16:29:08 BST | INFO | FEATURES | Intraday summary built | rows=99
2026-10-01 16:29:08 BST | INFO | YFINANCE | Sector/market fetch started
2026-10-01 16:29:09 BST | INFO | YFINANCE | Sector/market fetch completed | rows=15
2026-10-01 16:29:09 BST | INFO | FILE | Saved sector_market_daily | /root/trading/ASJR/ASJR_Analyst/DataLake/2026-10-01/raw/sector_market_daily.csv
2026-10-01 16:29:09 BST | INFO | FILE | Saved ticker_summary | rows=99 | /root/trading/ASJR/ASJR_Analyst/DataLake/2026-10-01/processed/ticker_summary.csv
2026-10-01 16:29:09 BST | INFO | FILE | Saved asjr_snapshot | /root/trading/ASJR/ASJR_Analyst/DataLake/2026-10-01/processed/asjr_snapshot.json
2026-10-01 16:29:09 BST | INFO | RUN | DATA COMPLETE | universe=99 | intraday_rows=40507 | ticker_summary=99
2026-10-01 16:29:09 BST | INFO | GIT | File verification started | count=7
