2026-10-01 18:04:10 BST | INFO | RUN | VERSION | 2026.10.01.3
2026-10-01 18:04:10 BST | INFO | RUN | START | trade_date=2026-10-01
2026-10-01 18:04:10 BST | INFO | WATCHLIST | /root/trading/ASJR/ASJR_Analyst/DataLake/2026-10-01/config/fixed_watchlist.csv | source=prepared
2026-10-01 18:04:10 BST | INFO | RUN | OPTIONS | include_sector=True | git_submit=True | fetch_gapup_from_app=True
2026-10-01 18:04:10 BST | INFO | MOVERS | Fetch started
2026-10-01 18:04:13 BST | INFO | MOVERS | Fetch completed | rows=97
2026-10-01 18:04:13 BST | INFO | MOVERS | Tickers | ACN, SNPS, CNXC, GLOB, COHR, TDAY, GWRE, GDYN, EPAM, INOD, DXC, LWLG, LITE, EXLS, TSEM, CTSH, CRDO, KD, G, GO, WOLF, XENE, CIEN, AAOI, CDW, AXTI, ASAN, VIAV, IT, NCNO, UTI, CXM, CVI, TEAM, U, TH, MTSI, SPT, STTK, MPC, STEP, PBF, KOD, CSQR, ARHS, VERX, CDNS, HUBS, SYRE, SYM, LQDA, SGML, ACCV, NMAX, SHAZ, UMAC, GRND, PSKY, SECZ, AVEX, UNIT, BRUN, TEM, RGEN, CARG, RIOT, ARCO, TGB, GLUE, GENB, ALHC, SLS, PRCT, LGN, ABCL, NUAI, CAI, WYFI, CTVA, CAPR, CLSK, VRDN, ATEC, CIFR, ACHV, PPC, ALNY, TIGO, PWP, MT, ETRA, BLFS, DJT, GENI, JBS, APP, TKO
2026-10-01 18:04:13 BST | INFO | UNIVERSE | Built | tickers=113
2026-10-01 18:04:13 BST | INFO | FILE | Saved ibkr_gapup (movers) | /root/trading/ASJR/ASJR_Analyst/DataLake/2026-10-01/raw/ibkr_gapup.csv
2026-10-01 18:04:13 BST | INFO | YFINANCE | Daily 30D fetch started | tickers=113
2026-10-01 18:04:17 BST | INFO | YFINANCE | Daily 30D fetch completed | rows=3342
2026-10-01 18:04:17 BST | INFO | FILE | Saved daily_30d | /root/trading/ASJR/ASJR_Analyst/DataLake/2026-10-01/raw/daily_30d.csv
2026-10-01 18:04:17 BST | INFO | FEATURES | Daily summary built | rows=113
2026-10-01 18:04:17 BST | INFO | IBKR | 5m fetch started | tickers=113 | duration=3 D | batch_size=5
2026-10-01 18:04:52 BST | INFO | IBKR | 5m fetch completed | rows=47709
2026-10-01 18:04:53 BST | INFO | FILE | Saved intraday_5m | /root/trading/ASJR/ASJR_Analyst/DataLake/2026-10-01/raw/intraday_5m.csv
2026-10-01 18:04:54 BST | INFO | FEATURES | Intraday summary built | rows=113
2026-10-01 18:04:54 BST | INFO | YFINANCE | Sector/market fetch started
2026-10-01 18:04:55 BST | INFO | YFINANCE | Sector/market fetch completed | rows=15
2026-10-01 18:04:55 BST | INFO | FILE | Saved sector_market_daily | /root/trading/ASJR/ASJR_Analyst/DataLake/2026-10-01/raw/sector_market_daily.csv
2026-10-01 18:04:55 BST | INFO | FILE | Saved ticker_summary | rows=113 | /root/trading/ASJR/ASJR_Analyst/DataLake/2026-10-01/processed/ticker_summary.csv
2026-10-01 18:04:55 BST | INFO | FILE | Saved asjr_snapshot | /root/trading/ASJR/ASJR_Analyst/DataLake/2026-10-01/processed/asjr_snapshot.json
2026-10-01 18:04:55 BST | INFO | RUN | DATA COMPLETE | universe=113 | intraday_rows=47709 | ticker_summary=113
2026-10-01 18:04:55 BST | INFO | GIT | File verification started | count=7
