2026-10-01 17:03:48 BST | INFO | RUN | VERSION | 2026.10.01.2
2026-10-01 17:03:48 BST | INFO | RUN | START | trade_date=2026-10-01
2026-10-01 17:03:48 BST | INFO | WATCHLIST | /root/trading/ASJR/ASJR_Analyst/DataLake/2026-10-01/config/fixed_watchlist.csv | source=prepared
2026-10-01 17:03:48 BST | INFO | RUN | OPTIONS | include_sector=True | git_submit=True | fetch_gapup_from_app=True
2026-10-01 17:03:48 BST | INFO | MOVERS | Fetch started
2026-10-01 17:03:51 BST | INFO | MOVERS | Fetch completed | rows=88
2026-10-01 17:03:51 BST | INFO | MOVERS | Tickers | ACN, COHR, TDAY, CNXC, LITE, GLOB, SNPS, TSEM, LWLG, GDYN, GWRE, EPAM, CTSH, CIEN, AAOI, AXTI, EXLS, XENE, CSQR, DXC, VIAV, CRDO, GO, KD, G, WOLF, SYRE, STTK, ASAN, PBF, U, NCNO, MPC, CVI, MTSI, TEAM, UTI, RLAY, CDW, STEP, MXL, SGML, LQDA, GRND, UMAC, SHAZ, BRUN, CARG, NMAX, PSKY, SECZ, UNIT, VRDN, ALHC, ACCV, ARCO, GLUE, RIOT, TGB, GENI, CAPR, PRCT, SGMT, GENB, CTVA, WYFI, CIFR, CLSK, LIFE, AVEX, DJT, IMAX, TEM, PWP, APP, ALNY, MT, QDEL, ACHV, MP, HUT, RGEN, CVNA, VKTX, YELP, TIGO, SLS, CELC
2026-10-01 17:03:51 BST | INFO | UNIVERSE | Built | tickers=104
2026-10-01 17:03:51 BST | INFO | FILE | Saved ibkr_gapup (movers) | /root/trading/ASJR/ASJR_Analyst/DataLake/2026-10-01/raw/ibkr_gapup.csv
2026-10-01 17:03:51 BST | INFO | YFINANCE | Daily 30D fetch started | tickers=104
2026-10-01 17:03:56 BST | INFO | YFINANCE | Daily 30D fetch completed | rows=3092
2026-10-01 17:03:56 BST | INFO | FILE | Saved daily_30d | /root/trading/ASJR/ASJR_Analyst/DataLake/2026-10-01/raw/daily_30d.csv
2026-10-01 17:03:56 BST | INFO | FEATURES | Daily summary built | rows=104
2026-10-01 17:03:56 BST | INFO | IBKR | 5m fetch started | tickers=104 | duration=3 D | batch_size=5
2026-10-01 17:04:29 BST | INFO | IBKR | 5m fetch completed | rows=43205
2026-10-01 17:04:29 BST | INFO | FILE | Saved intraday_5m | /root/trading/ASJR/ASJR_Analyst/DataLake/2026-10-01/raw/intraday_5m.csv
2026-10-01 17:04:32 BST | INFO | FEATURES | Intraday summary built | rows=104
2026-10-01 17:04:32 BST | INFO | YFINANCE | Sector/market fetch started
2026-10-01 17:04:33 BST | INFO | YFINANCE | Sector/market fetch completed | rows=15
2026-10-01 17:04:33 BST | INFO | FILE | Saved sector_market_daily | /root/trading/ASJR/ASJR_Analyst/DataLake/2026-10-01/raw/sector_market_daily.csv
2026-10-01 17:04:33 BST | INFO | FILE | Saved ticker_summary | rows=104 | /root/trading/ASJR/ASJR_Analyst/DataLake/2026-10-01/processed/ticker_summary.csv
2026-10-01 17:04:33 BST | INFO | FILE | Saved asjr_snapshot | /root/trading/ASJR/ASJR_Analyst/DataLake/2026-10-01/processed/asjr_snapshot.json
2026-10-01 17:04:33 BST | INFO | RUN | DATA COMPLETE | universe=104 | intraday_rows=43205 | ticker_summary=104
2026-10-01 17:04:33 BST | INFO | GIT | File verification started | count=7
