2026-10-01 17:21:01 BST | INFO | RUN | VERSION | 2026.10.01.2
2026-10-01 17:21:01 BST | INFO | RUN | START | trade_date=2026-10-01
2026-10-01 17:21:01 BST | INFO | WATCHLIST | /root/trading/ASJR/ASJR_Analyst/DataLake/2026-10-01/config/fixed_watchlist.csv | source=prepared
2026-10-01 17:21:01 BST | INFO | RUN | OPTIONS | include_sector=True | git_submit=True | fetch_gapup_from_app=True
2026-10-01 17:21:01 BST | INFO | MOVERS | Fetch started
2026-10-01 17:21:03 BST | INFO | MOVERS | Fetch completed | rows=93
2026-10-01 17:21:03 BST | INFO | MOVERS | Tickers | ACN, COHR, CNXC, TDAY, SNPS, GLOB, LITE, GDYN, TSEM, GWRE, WOLF, LWLG, EPAM, CTSH, XENE, CIEN, EXLS, CRDO, STTK, GO, DXC, G, KD, AXTI, AAOI, U, SYRE, ASAN, UTI, TEAM, TH, MXL, NCNO, CSQR, CVI, CDW, VIAV, PBF, MPC, MTSI, RLAY, CXM, INOD, SGML, LQDA, SHAZ, GRND, UMAC, BRUN, NMAX, PSKY, SECZ, ACCV, CARG, UNIT, VRDN, RIOT, GLUE, CAPR, ARCO, CIFR, CLSK, GENB, AVEX, TEM, WYFI, RGEN, PRCT, GENI, APP, NUAI, TGB, DJT, CTVA, ACHV, SGMT, ALNY, TIGO, MP, QDEL, MT, VKTX, CELC, ABCL, IMAX, HUT, ATEC, MOS, SLS, LGN, ATRC, PWP, ALHC
2026-10-01 17:21:03 BST | INFO | UNIVERSE | Built | tickers=109
2026-10-01 17:21:03 BST | INFO | FILE | Saved ibkr_gapup (movers) | /root/trading/ASJR/ASJR_Analyst/DataLake/2026-10-01/raw/ibkr_gapup.csv
2026-10-01 17:21:03 BST | INFO | YFINANCE | Daily 30D fetch started | tickers=109
2026-10-01 17:21:06 BST | INFO | YFINANCE | Daily 30D fetch completed | rows=3242
2026-10-01 17:21:06 BST | INFO | FILE | Saved daily_30d | /root/trading/ASJR/ASJR_Analyst/DataLake/2026-10-01/raw/daily_30d.csv
2026-10-01 17:21:06 BST | INFO | FEATURES | Daily summary built | rows=109
2026-10-01 17:21:06 BST | INFO | IBKR | 5m fetch started | tickers=109 | duration=3 D | batch_size=5
2026-10-01 17:21:31 BST | INFO | IBKR | 5m fetch completed | rows=45943
2026-10-01 17:21:32 BST | INFO | FILE | Saved intraday_5m | /root/trading/ASJR/ASJR_Analyst/DataLake/2026-10-01/raw/intraday_5m.csv
2026-10-01 17:21:32 BST | INFO | FEATURES | Intraday summary built | rows=109
2026-10-01 17:21:32 BST | INFO | YFINANCE | Sector/market fetch started
2026-10-01 17:21:33 BST | INFO | YFINANCE | Sector/market fetch completed | rows=15
2026-10-01 17:21:33 BST | INFO | FILE | Saved sector_market_daily | /root/trading/ASJR/ASJR_Analyst/DataLake/2026-10-01/raw/sector_market_daily.csv
2026-10-01 17:21:33 BST | INFO | FILE | Saved ticker_summary | rows=109 | /root/trading/ASJR/ASJR_Analyst/DataLake/2026-10-01/processed/ticker_summary.csv
2026-10-01 17:21:33 BST | INFO | FILE | Saved asjr_snapshot | /root/trading/ASJR/ASJR_Analyst/DataLake/2026-10-01/processed/asjr_snapshot.json
2026-10-01 17:21:33 BST | INFO | RUN | DATA COMPLETE | universe=109 | intraday_rows=45943 | ticker_summary=109
2026-10-01 17:21:33 BST | INFO | GIT | File verification started | count=7
