2026-10-01 17:32:12 BST | INFO | RUN | VERSION | 2026.10.01.2
2026-10-01 17:32:12 BST | INFO | RUN | START | trade_date=2026-10-01
2026-10-01 17:32:12 BST | INFO | WATCHLIST | /root/trading/ASJR/ASJR_Analyst/DataLake/2026-10-01/config/fixed_watchlist.csv | source=prepared
2026-10-01 17:32:12 BST | INFO | RUN | OPTIONS | include_sector=True | git_submit=True | fetch_gapup_from_app=True
2026-10-01 17:32:12 BST | INFO | MOVERS | Fetch started
2026-10-01 17:32:14 BST | INFO | MOVERS | Fetch completed | rows=93
2026-10-01 17:32:14 BST | INFO | MOVERS | Tickers | ACN, COHR, CNXC, SNPS, GLOB, TDAY, GWRE, LWLG, LITE, GDYN, TSEM, WOLF, EPAM, CRDO, CTSH, DXC, CIEN, STTK, XENE, KD, G, EXLS, CDW, AXTI, AAOI, ASAN, GO, NCNO, CVI, U, TEAM, SYRE, CSQR, TH, UTI, CXM, KOD, MXL, PBF, VIAV, MPC, INOD, RLAY, IT, MTSI, ARHS, SPT, HUBS, STEP, MNDY, SGML, LQDA, SHAZ, GRND, UMAC, NMAX, BRUN, ACCV, PSKY, SECZ, RIOT, CARG, VRDN, UNIT, GLUE, CLSK, ARCO, CAPR, CTVA, CIFR, RGEN, AVEX, ABCL, WYFI, GENB, PRCT, NUAI, APP, GENI, TEM, TGB, MP, IMAX, ETRA, MT, ALNY, MOS, TKO, LGN, ACHV, DJT, ATEC, HUT
2026-10-01 17:32:14 BST | INFO | UNIVERSE | Built | tickers=109
2026-10-01 17:32:14 BST | INFO | FILE | Saved ibkr_gapup (movers) | /root/trading/ASJR/ASJR_Analyst/DataLake/2026-10-01/raw/ibkr_gapup.csv
2026-10-01 17:32:14 BST | INFO | YFINANCE | Daily 30D fetch started | tickers=109
2026-10-01 17:32:19 BST | INFO | YFINANCE | Daily 30D fetch completed | rows=3222
2026-10-01 17:32:19 BST | INFO | FILE | Saved daily_30d | /root/trading/ASJR/ASJR_Analyst/DataLake/2026-10-01/raw/daily_30d.csv
2026-10-01 17:32:19 BST | INFO | FEATURES | Daily summary built | rows=109
2026-10-01 17:32:19 BST | INFO | IBKR | 5m fetch started | tickers=109 | duration=3 D | batch_size=5
2026-10-01 17:32:42 BST | INFO | IBKR | 5m fetch completed | rows=45913
2026-10-01 17:32:42 BST | INFO | FILE | Saved intraday_5m | /root/trading/ASJR/ASJR_Analyst/DataLake/2026-10-01/raw/intraday_5m.csv
2026-10-01 17:32:43 BST | INFO | FEATURES | Intraday summary built | rows=109
2026-10-01 17:32:43 BST | INFO | YFINANCE | Sector/market fetch started
2026-10-01 17:32:44 BST | INFO | YFINANCE | Sector/market fetch completed | rows=15
2026-10-01 17:32:44 BST | INFO | FILE | Saved sector_market_daily | /root/trading/ASJR/ASJR_Analyst/DataLake/2026-10-01/raw/sector_market_daily.csv
2026-10-01 17:32:44 BST | INFO | FILE | Saved ticker_summary | rows=109 | /root/trading/ASJR/ASJR_Analyst/DataLake/2026-10-01/processed/ticker_summary.csv
2026-10-01 17:32:44 BST | INFO | FILE | Saved asjr_snapshot | /root/trading/ASJR/ASJR_Analyst/DataLake/2026-10-01/processed/asjr_snapshot.json
2026-10-01 17:32:44 BST | INFO | RUN | DATA COMPLETE | universe=109 | intraday_rows=45913 | ticker_summary=109
2026-10-01 17:32:44 BST | INFO | GIT | File verification started | count=7
