2026-10-01 17:41:39 BST | INFO | RUN | VERSION | 2026.10.01.3
2026-10-01 17:41:39 BST | INFO | RUN | START | trade_date=2026-10-01
2026-10-01 17:41:39 BST | INFO | WATCHLIST | /root/trading/ASJR/ASJR_Analyst/DataLake/2026-10-01/config/fixed_watchlist.csv | source=prepared
2026-10-01 17:41:39 BST | INFO | RUN | OPTIONS | include_sector=True | git_submit=True | fetch_gapup_from_app=True
2026-10-01 17:41:39 BST | INFO | MOVERS | Fetch started
2026-10-01 17:41:41 BST | INFO | MOVERS | Fetch completed | rows=95
2026-10-01 17:41:41 BST | INFO | MOVERS | Tickers | ACN, COHR, CNXC, TDAY, SNPS, GLOB, LITE, GWRE, LWLG, GDYN, WOLF, TSEM, EPAM, XENE, CIEN, CTSH, DXC, CRDO, KD, EXLS, AAOI, STTK, G, AXTI, GO, ASAN, INOD, NCNO, TH, U, CSQR, UTI, VIAV, CDW, CVI, CXM, TEAM, SYRE, MXL, STEP, MTSI, PBF, SPT, MPC, KOD, IT, RLAY, HUBS, CDNS, PTC, LQDA, SGML, SHAZ, UMAC, GRND, NMAX, BRUN, PSKY, CTVA, SECZ, ACCV, UNIT, RIOT, VRDN, GLUE, CARG, CIFR, AVEX, ARCO, RGEN, CLSK, GENB, WYFI, TGB, PRCT, APP, CAPR, TEM, GENI, NUAI, LGN, ALNY, MT, ATEC, DJT, ETRA, MP, MOS, ABCL, SLS, TKO, ATRC, ACHV, IMAX, TIGO
2026-10-01 17:41:41 BST | INFO | UNIVERSE | Built | tickers=111
2026-10-01 17:41:41 BST | INFO | FILE | Saved ibkr_gapup (movers) | /root/trading/ASJR/ASJR_Analyst/DataLake/2026-10-01/raw/ibkr_gapup.csv
2026-10-01 17:41:41 BST | INFO | YFINANCE | Daily 30D fetch started | tickers=111
2026-10-01 17:41:44 BST | INFO | YFINANCE | Daily 30D fetch completed | rows=3282
2026-10-01 17:41:44 BST | INFO | FILE | Saved daily_30d | /root/trading/ASJR/ASJR_Analyst/DataLake/2026-10-01/raw/daily_30d.csv
2026-10-01 17:41:44 BST | INFO | FEATURES | Daily summary built | rows=111
2026-10-01 17:41:44 BST | INFO | IBKR | 5m fetch started | tickers=111 | duration=3 D | batch_size=5
2026-10-01 17:42:13 BST | INFO | IBKR | 5m fetch completed | rows=46857
2026-10-01 17:42:13 BST | INFO | FILE | Saved intraday_5m | /root/trading/ASJR/ASJR_Analyst/DataLake/2026-10-01/raw/intraday_5m.csv
2026-10-01 17:42:14 BST | INFO | FEATURES | Intraday summary built | rows=111
2026-10-01 17:42:14 BST | INFO | YFINANCE | Sector/market fetch started
2026-10-01 17:42:14 BST | INFO | YFINANCE | Sector/market fetch completed | rows=15
2026-10-01 17:42:14 BST | INFO | FILE | Saved sector_market_daily | /root/trading/ASJR/ASJR_Analyst/DataLake/2026-10-01/raw/sector_market_daily.csv
2026-10-01 17:42:14 BST | INFO | FILE | Saved ticker_summary | rows=111 | /root/trading/ASJR/ASJR_Analyst/DataLake/2026-10-01/processed/ticker_summary.csv
2026-10-01 17:42:14 BST | INFO | FILE | Saved asjr_snapshot | /root/trading/ASJR/ASJR_Analyst/DataLake/2026-10-01/processed/asjr_snapshot.json
2026-10-01 17:42:14 BST | INFO | RUN | DATA COMPLETE | universe=111 | intraday_rows=46857 | ticker_summary=111
2026-10-01 17:42:14 BST | INFO | GIT | File verification started | count=7
