2026-10-06 19:12:32 BST | INFO | RUN | VERSION | 2026.10.06.4
2026-10-06 19:12:32 BST | INFO | RUN | START | trade_date=2026-10-06
2026-10-06 19:12:32 BST | INFO | WATCHLIST | /root/trading/ASJR/ASJR_Analyst/DataLake/2026-10-06/config/fixed_watchlist.csv | source=prepared
2026-10-06 19:12:32 BST | INFO | RUN | OPTIONS | include_sector=True | git_submit=True | fetch_gapup_from_app=True
2026-10-06 19:12:32 BST | INFO | FOREX | One-time downloader | ok=True | started=True | FOREX_DOWNLOAD | started | tmux=forex_download | log=/root/trading/ASJR/Backtesting/BacktestData/IBKR/Forex/logs/EURUSD_1y_download.log
2026-10-06 19:12:32 BST | INFO | NQ | One-time downloader | ok=True | started=True | NQ_DOWNLOAD | started | tmux=nq_download | log=/root/trading/ASJR/Backtesting/BacktestData/OpenSource/NQ/logs/NQ_yfinance_download.log
2026-10-06 19:12:32 BST | INFO | MOVERS | Fetch started
2026-10-06 19:12:34 BST | INFO | MOVERS | Fetch completed | rows=100
2026-10-06 19:12:34 BST | INFO | MOVERS | Tickers | OPCH, FCEL, CEG, EROC, SECZ, CTVA, CIEN, BRUN, INIO, VST, UEC, XE, LW, NBIS, OKLO, TIC, BWXT, ASTS, NNE, CCJ, INTR, FTAI, FRVO, ALAB, NRG, AAOI, NXT, PRIM, MWH, MIR, MTSI, PL, MRVL, SMR, BW, GLW, NXE, NTSK, FLNC, UUUU, WING, CRWV, TAC, PSQL, BB, LUNR, RDW, BSP, FPS, GEV, DNA, TWST, TXG, NEO, SYRE, NVAX, PCVX, TEM, SDGR, IMNM, STX, ABSI, MIAX, CAI, ADPT, STTK, CERT, CTKB, ELVN, GH, EVC, WDC, APPS, BHVN, IOVA, TNGX, NEOG, ORIC, AEHR, BFLY, PENG, MRNA, CDNA, VCYT, RLAY, RGEN, ILMN, NTRA, NAMS, GRPN, NKTR, TWLO, IBRX, CNXC, HELP, IMMX, XNCR, CRSP, IMVT, LQDA
2026-10-06 19:12:34 BST | INFO | UNIVERSE | Built | tickers=118
2026-10-06 19:12:34 BST | INFO | FILE | Saved ibkr_gapup (movers) | /root/trading/ASJR/ASJR_Analyst/DataLake/2026-10-06/raw/ibkr_gapup.csv
2026-10-06 19:12:34 BST | INFO | YFINANCE | Daily 30D fetch started | tickers=118
2026-10-06 19:12:38 BST | INFO | YFINANCE | Daily 30D fetch completed | rows=3540
2026-10-06 19:12:38 BST | INFO | FILE | Saved daily_30d | /root/trading/ASJR/ASJR_Analyst/DataLake/2026-10-06/raw/daily_30d.csv
2026-10-06 19:12:38 BST | INFO | FEATURES | Daily summary built | rows=118
2026-10-06 19:12:38 BST | INFO | IBKR | 5m fetch started | tickers=118 | duration=3 D | batch_size=5
2026-10-06 19:13:04 BST | INFO | IBKR | 5m fetch completed | rows=55105
2026-10-06 19:13:04 BST | INFO | FILE | Saved intraday_5m | /root/trading/ASJR/ASJR_Analyst/DataLake/2026-10-06/raw/intraday_5m.csv
2026-10-06 19:13:05 BST | INFO | FEATURES | Intraday summary built | rows=118
2026-10-06 19:13:05 BST | INFO | YFINANCE | Sector/market fetch started
2026-10-06 19:13:06 BST | INFO | YFINANCE | Sector/market fetch completed | rows=15
2026-10-06 19:13:06 BST | INFO | FILE | Saved sector_market_daily | /root/trading/ASJR/ASJR_Analyst/DataLake/2026-10-06/raw/sector_market_daily.csv
2026-10-06 19:13:06 BST | INFO | FILE | Saved ticker_summary | rows=118 | /root/trading/ASJR/ASJR_Analyst/DataLake/2026-10-06/processed/ticker_summary.csv
2026-10-06 19:13:06 BST | INFO | FILE | Saved asjr_snapshot | /root/trading/ASJR/ASJR_Analyst/DataLake/2026-10-06/processed/asjr_snapshot.json
2026-10-06 19:13:06 BST | INFO | RUN | DATA COMPLETE | universe=118 | intraday_rows=55105 | ticker_summary=118
2026-10-06 19:13:06 BST | INFO | GIT | File verification started | count=7
