2026-10-06 17:13:22 BST | INFO | RUN | VERSION | 2026.10.06.4
2026-10-06 17:13:22 BST | INFO | RUN | START | trade_date=2026-10-06
2026-10-06 17:13:22 BST | INFO | WATCHLIST | /root/trading/ASJR/ASJR_Analyst/DataLake/2026-10-06/config/fixed_watchlist.csv | source=prepared
2026-10-06 17:13:22 BST | INFO | RUN | OPTIONS | include_sector=True | git_submit=True | fetch_gapup_from_app=True
2026-10-06 17:13:22 BST | INFO | FOREX | One-time downloader | ok=True | started=True | FOREX_DOWNLOAD | started | tmux=forex_download | log=/root/trading/ASJR/Backtesting/BacktestData/IBKR/Forex/logs/EURUSD_1y_download.log
2026-10-06 17:13:22 BST | INFO | NQ | One-time downloader | ok=True | started=True | NQ_DOWNLOAD | started | tmux=nq_download | log=/root/trading/ASJR/Backtesting/BacktestData/OpenSource/NQ/logs/NQ_yfinance_download.log
2026-10-06 17:13:22 BST | INFO | MOVERS | Fetch started
2026-10-06 17:13:24 BST | INFO | MOVERS | Fetch completed | rows=97
2026-10-06 17:13:24 BST | INFO | MOVERS | Tickers | OPCH, CEG, EROC, CTVA, LW, VST, FCEL, INIO, BRUN, UEC, CIEN, NNE, NBIS, BWXT, TIC, NRG, NTSK, NXT, OKLO, FTAI, XE, INTR, FRSH, CCJ, PRIM, ALAB, SMR, ASTS, NXE, SECZ, WING, BB, MWH, MTSI, FRVO, SHAK, UUUU, BWA, FIGS, DCH, QXO, CPRI, GEV, PENN, MIR, NCLH, PWR, LGN, FPS, NVT, DNA, TXG, TWST, SYRE, NEO, NVAX, PCVX, SDGR, TEM, STX, CTKB, ABSI, ADPT, BFLY, GH, MIAX, STTK, AEHR, CAI, IOVA, WDC, CERT, CDNA, MRNA, RGEN, ILMN, NEOG, CRSP, ELVN, NTRA, APPS, GRPN, VCYT, TWLO, IMNM, NKTR, ORIC, IBRX, SKYD, BHVN, BRKR, TRMD, TNGX, ADEA, NTLA, CHRW, LQDA
2026-10-06 17:13:24 BST | INFO | UNIVERSE | Built | tickers=116
2026-10-06 17:13:24 BST | INFO | FILE | Saved ibkr_gapup (movers) | /root/trading/ASJR/ASJR_Analyst/DataLake/2026-10-06/raw/ibkr_gapup.csv
2026-10-06 17:13:24 BST | INFO | YFINANCE | Daily 30D fetch started | tickers=116
2026-10-06 17:13:29 BST | INFO | YFINANCE | Daily 30D fetch completed | rows=3451
2026-10-06 17:13:29 BST | INFO | FILE | Saved daily_30d | /root/trading/ASJR/ASJR_Analyst/DataLake/2026-10-06/raw/daily_30d.csv
2026-10-06 17:13:29 BST | INFO | FEATURES | Daily summary built | rows=116
2026-10-06 17:13:29 BST | INFO | IBKR | 5m fetch started | tickers=116 | duration=3 D | batch_size=5
2026-10-06 17:13:54 BST | INFO | IBKR | 5m fetch completed | rows=50683
2026-10-06 17:13:55 BST | INFO | FILE | Saved intraday_5m | /root/trading/ASJR/ASJR_Analyst/DataLake/2026-10-06/raw/intraday_5m.csv
2026-10-06 17:13:56 BST | INFO | FEATURES | Intraday summary built | rows=116
2026-10-06 17:13:56 BST | INFO | YFINANCE | Sector/market fetch started
2026-10-06 17:13:57 BST | INFO | YFINANCE | Sector/market fetch completed | rows=15
2026-10-06 17:13:57 BST | INFO | FILE | Saved sector_market_daily | /root/trading/ASJR/ASJR_Analyst/DataLake/2026-10-06/raw/sector_market_daily.csv
2026-10-06 17:13:57 BST | INFO | FILE | Saved ticker_summary | rows=116 | /root/trading/ASJR/ASJR_Analyst/DataLake/2026-10-06/processed/ticker_summary.csv
2026-10-06 17:13:57 BST | INFO | FILE | Saved asjr_snapshot | /root/trading/ASJR/ASJR_Analyst/DataLake/2026-10-06/processed/asjr_snapshot.json
2026-10-06 17:13:57 BST | INFO | RUN | DATA COMPLETE | universe=116 | intraday_rows=50683 | ticker_summary=116
2026-10-06 17:13:57 BST | INFO | GIT | File verification started | count=7
