2026-10-06 18:21:08 BST | INFO | RUN | VERSION | 2026.10.06.4
2026-10-06 18:21:08 BST | INFO | RUN | START | trade_date=2026-10-06
2026-10-06 18:21:08 BST | INFO | WATCHLIST | /root/trading/ASJR/ASJR_Analyst/DataLake/2026-10-06/config/fixed_watchlist.csv | source=prepared
2026-10-06 18:21:08 BST | INFO | RUN | OPTIONS | include_sector=True | git_submit=True | fetch_gapup_from_app=True
2026-10-06 18:21:08 BST | INFO | FOREX | One-time downloader | ok=True | started=True | FOREX_DOWNLOAD | started | tmux=forex_download | log=/root/trading/ASJR/Backtesting/BacktestData/IBKR/Forex/logs/EURUSD_1y_download.log
2026-10-06 18:21:08 BST | INFO | NQ | One-time downloader | ok=True | started=True | NQ_DOWNLOAD | started | tmux=nq_download | log=/root/trading/ASJR/Backtesting/BacktestData/OpenSource/NQ/logs/NQ_yfinance_download.log
2026-10-06 18:21:08 BST | INFO | MOVERS | Fetch started
2026-10-06 18:21:09 BST | INFO | MOVERS | Fetch completed | rows=100
2026-10-06 18:21:09 BST | INFO | MOVERS | Tickers | OPCH, CEG, EROC, FCEL, VST, CTVA, INIO, LW, CIEN, XE, UEC, BRUN, NRG, NXT, OKLO, NNE, BWXT, FTAI, NBIS, CCJ, TIC, INTR, PRIM, AAOI, MTSI, SMR, ALAB, MWH, BW, NTSK, GLW, WING, ASTS, NXE, FRSH, MOD, GEV, PWR, UUUU, BB, MIR, TAC, ADTN, AAON, BWA, MTZ, LGN, FLNC, PL, GENI, DNA, TWST, TXG, SYRE, NEO, SDGR, PCVX, TEM, NVAX, CTKB, ABSI, STX, STTK, MIAX, CERT, ELVN, ADPT, BFLY, GH, CAI, IMNM, VCYT, APPS, WDC, BHVN, NEOG, CDNA, IOVA, ORIC, GRPN, RLAY, MRNA, TNGX, RGEN, ILMN, NKTR, CRSP, IBRX, TWLO, AEHR, IMMX, NTRA, IMVT, LQDA, ADRX, HELP, CLDX, NTLA, MLYS, NAMS
2026-10-06 18:21:09 BST | INFO | UNIVERSE | Built | tickers=119
2026-10-06 18:21:09 BST | INFO | FILE | Saved ibkr_gapup (movers) | /root/trading/ASJR/ASJR_Analyst/DataLake/2026-10-06/raw/ibkr_gapup.csv
2026-10-06 18:21:09 BST | INFO | YFINANCE | Daily 30D fetch started | tickers=119
2026-10-06 18:21:37 BST | INFO | YFINANCE | Daily 30D fetch completed | rows=3548
2026-10-06 18:21:37 BST | INFO | FILE | Saved daily_30d | /root/trading/ASJR/ASJR_Analyst/DataLake/2026-10-06/raw/daily_30d.csv
2026-10-06 18:21:37 BST | INFO | FEATURES | Daily summary built | rows=119
2026-10-06 18:21:37 BST | INFO | IBKR | 5m fetch started | tickers=119 | duration=3 D | batch_size=5
2026-10-06 18:22:04 BST | INFO | IBKR | 5m fetch completed | rows=53817
2026-10-06 18:22:04 BST | INFO | FILE | Saved intraday_5m | /root/trading/ASJR/ASJR_Analyst/DataLake/2026-10-06/raw/intraday_5m.csv
2026-10-06 18:22:05 BST | INFO | FEATURES | Intraday summary built | rows=119
2026-10-06 18:22:05 BST | INFO | YFINANCE | Sector/market fetch started
2026-10-06 18:22:07 BST | INFO | YFINANCE | Sector/market fetch completed | rows=15
2026-10-06 18:22:07 BST | INFO | FILE | Saved sector_market_daily | /root/trading/ASJR/ASJR_Analyst/DataLake/2026-10-06/raw/sector_market_daily.csv
2026-10-06 18:22:07 BST | INFO | FILE | Saved ticker_summary | rows=119 | /root/trading/ASJR/ASJR_Analyst/DataLake/2026-10-06/processed/ticker_summary.csv
2026-10-06 18:22:07 BST | INFO | FILE | Saved asjr_snapshot | /root/trading/ASJR/ASJR_Analyst/DataLake/2026-10-06/processed/asjr_snapshot.json
2026-10-06 18:22:07 BST | INFO | RUN | DATA COMPLETE | universe=119 | intraday_rows=53817 | ticker_summary=119
2026-10-06 18:22:07 BST | INFO | GIT | File verification started | count=7
