2026-10-06 01:02:12 BST | INFO | RUN | VERSION | 2026.10.05.1
2026-10-06 01:02:12 BST | INFO | RUN | START | trade_date=2026-10-06
2026-10-06 01:02:12 BST | INFO | WATCHLIST | /root/trading/ASJR/ASJR_Analyst/DataLake/2026-10-06/config/fixed_watchlist.csv | source=/root/trading/ASJR/ASJR_Analyst/DataLake/2026-10-05/config/fixed_watchlist.csv
2026-10-06 01:02:12 BST | INFO | RUN | OPTIONS | include_sector=True | git_submit=True | fetch_gapup_from_app=True
2026-10-06 01:02:12 BST | INFO | MOVERS | Fetch started
2026-10-06 01:02:13 BST | INFO | MOVERS | Fetch completed | rows=78
2026-10-06 01:02:13 BST | INFO | MOVERS | Tickers | PTC, XP, PCVX, RXO, PAGS, DNA, STNE, NVAX, INTR, ARCO, NU, QDEL, XERS, CBRS, TEM, VYLR, BBWI, PAX, PURR, TWST, MRVI, BSY, CLF, SPCX, CERT, ILMN, TTAN, SDGR, CAI, GWRE, ZVRA, NEOG, ALHC, VIRT, MRNA, ATEC, CRML, UPST, WAY, HOG, ASO, FMC, RIG, VAL, WDC, PCOR, KVYO, ASAN, LIFE, WLTH, BRUN, CHRW, SECZ, PGEN, AADX, ACMR, YSS, SRRK, SATL, ACCV, GRML, FRVO, LEN, BETA, INSM, SHAZ, ETRA, INIO, RHI, WOLF, RARE, NN, CMG, WULF, INOD, CYTK, NBIS, RDW
2026-10-06 01:02:13 BST | INFO | UNIVERSE | Built | tickers=97
2026-10-06 01:02:13 BST | INFO | FILE | Saved ibkr_gapup (movers) | /root/trading/ASJR/ASJR_Analyst/DataLake/2026-10-06/raw/ibkr_gapup.csv
2026-10-06 01:02:13 BST | INFO | YFINANCE | Daily 30D fetch started | tickers=97
2026-10-06 01:02:15 BST | INFO | YFINANCE | Daily 30D fetch completed | rows=2839
2026-10-06 01:02:15 BST | INFO | FILE | Saved daily_30d | /root/trading/ASJR/ASJR_Analyst/DataLake/2026-10-06/raw/daily_30d.csv
2026-10-06 01:02:15 BST | INFO | FEATURES | Daily summary built | rows=97
2026-10-06 01:02:15 BST | INFO | IBKR | 5m fetch started | tickers=97 | duration=3 D | batch_size=5
2026-10-06 01:02:42 BST | INFO | IBKR | 5m fetch completed | rows=51276
2026-10-06 01:02:43 BST | INFO | FILE | Saved intraday_5m | /root/trading/ASJR/ASJR_Analyst/DataLake/2026-10-06/raw/intraday_5m.csv
2026-10-06 01:02:43 BST | INFO | FEATURES | Intraday summary built | rows=97
2026-10-06 01:02:43 BST | INFO | YFINANCE | Sector/market fetch started
2026-10-06 01:02:44 BST | INFO | YFINANCE | Sector/market fetch completed | rows=15
2026-10-06 01:02:44 BST | INFO | FILE | Saved sector_market_daily | /root/trading/ASJR/ASJR_Analyst/DataLake/2026-10-06/raw/sector_market_daily.csv
2026-10-06 01:02:44 BST | INFO | FILE | Saved ticker_summary | rows=97 | /root/trading/ASJR/ASJR_Analyst/DataLake/2026-10-06/processed/ticker_summary.csv
2026-10-06 01:02:44 BST | INFO | FILE | Saved asjr_snapshot | /root/trading/ASJR/ASJR_Analyst/DataLake/2026-10-06/processed/asjr_snapshot.json
2026-10-06 01:02:44 BST | INFO | RUN | DATA COMPLETE | universe=97 | intraday_rows=51276 | ticker_summary=97
2026-10-06 01:02:44 BST | INFO | GIT | File verification started | count=7
