2026-10-06 17:02:06 BST | INFO | RUN | VERSION | 2026.10.06.4
2026-10-06 17:02:06 BST | INFO | RUN | START | trade_date=2026-10-06
2026-10-06 17:02:06 BST | INFO | WATCHLIST | /root/trading/ASJR/ASJR_Analyst/DataLake/2026-10-06/config/fixed_watchlist.csv | source=prepared
2026-10-06 17:02:06 BST | INFO | RUN | OPTIONS | include_sector=True | git_submit=True | fetch_gapup_from_app=True
2026-10-06 17:02:06 BST | INFO | FOREX | One-time downloader | ok=True | started=True | FOREX_DOWNLOAD | started | tmux=forex_download | log=/root/trading/ASJR/Backtesting/BacktestData/IBKR/Forex/logs/EURUSD_1y_download.log
2026-10-06 17:02:06 BST | INFO | NQ | One-time downloader | ok=True | started=True | NQ_DOWNLOAD | started | tmux=nq_download | log=/root/trading/ASJR/Backtesting/BacktestData/OpenSource/NQ/logs/NQ_yfinance_download.log
2026-10-06 17:02:06 BST | INFO | MOVERS | Fetch started
2026-10-06 17:02:08 BST | INFO | MOVERS | Fetch completed | rows=94
2026-10-06 17:02:08 BST | INFO | MOVERS | Tickers | OPCH, CEG, EROC, CTVA, FCEL, LW, VST, CIEN, INIO, NBIS, TIC, UEC, ALAB, NTSK, BWXT, NRG, NNE, OKLO, SECZ, FRSH, XE, MRVL, ASTS, INTR, FTAI, CCJ, NXT, PRIM, SMR, NXE, MTSI, AAOI, GLW, UUUU, FRVO, BRUN, MWH, FIGS, BWA, NCLH, DCH, BB, TSEM, GEV, CRDO, SHAK, BW, PL, PWR, WING, DNA, TXG, TWST, SYRE, NEO, PCVX, SDGR, NVAX, TEM, STX, MIAX, CTKB, STTK, BFLY, ABSI, ADPT, AEHR, WDC, GH, CAI, IOVA, CERT, CRSP, ILMN, RGEN, MRNA, ELVN, GRPN, NEOG, NTRA, VCYT, TWLO, APPS, CDNA, BHVN, TRMD, HTFL, NKTR, BRKR, SKYD, ORIC, IBRX, CHRW, IMNM
2026-10-06 17:02:08 BST | INFO | UNIVERSE | Built | tickers=111
2026-10-06 17:02:08 BST | INFO | FILE | Saved ibkr_gapup (movers) | /root/trading/ASJR/ASJR_Analyst/DataLake/2026-10-06/raw/ibkr_gapup.csv
2026-10-06 17:02:08 BST | INFO | YFINANCE | Daily 30D fetch started | tickers=111
2026-10-06 17:02:13 BST | INFO | YFINANCE | Daily 30D fetch completed | rows=3300
2026-10-06 17:02:13 BST | INFO | FILE | Saved daily_30d | /root/trading/ASJR/ASJR_Analyst/DataLake/2026-10-06/raw/daily_30d.csv
2026-10-06 17:02:13 BST | INFO | FEATURES | Daily summary built | rows=110
2026-10-06 17:02:13 BST | INFO | IBKR | 5m fetch started | tickers=111 | duration=3 D | batch_size=5
2026-10-06 17:02:38 BST | INFO | IBKR | 5m fetch completed | rows=48796
2026-10-06 17:02:38 BST | INFO | FILE | Saved intraday_5m | /root/trading/ASJR/ASJR_Analyst/DataLake/2026-10-06/raw/intraday_5m.csv
2026-10-06 17:02:39 BST | INFO | FEATURES | Intraday summary built | rows=111
2026-10-06 17:02:39 BST | INFO | YFINANCE | Sector/market fetch started
2026-10-06 17:02:39 BST | INFO | YFINANCE | Sector/market fetch completed | rows=15
2026-10-06 17:02:39 BST | INFO | FILE | Saved sector_market_daily | /root/trading/ASJR/ASJR_Analyst/DataLake/2026-10-06/raw/sector_market_daily.csv
2026-10-06 17:02:39 BST | INFO | FILE | Saved ticker_summary | rows=111 | /root/trading/ASJR/ASJR_Analyst/DataLake/2026-10-06/processed/ticker_summary.csv
2026-10-06 17:02:39 BST | INFO | FILE | Saved asjr_snapshot | /root/trading/ASJR/ASJR_Analyst/DataLake/2026-10-06/processed/asjr_snapshot.json
2026-10-06 17:02:39 BST | INFO | RUN | DATA COMPLETE | universe=111 | intraday_rows=48796 | ticker_summary=111
2026-10-06 17:02:39 BST | INFO | GIT | File verification started | count=7
