2026-10-06 17:51:11 BST | INFO | RUN | VERSION | 2026.10.06.4
2026-10-06 17:51:11 BST | INFO | RUN | START | trade_date=2026-10-06
2026-10-06 17:51:11 BST | INFO | WATCHLIST | /root/trading/ASJR/ASJR_Analyst/DataLake/2026-10-06/config/fixed_watchlist.csv | source=prepared
2026-10-06 17:51:11 BST | INFO | RUN | OPTIONS | include_sector=True | git_submit=True | fetch_gapup_from_app=True
2026-10-06 17:51:11 BST | INFO | FOREX | One-time downloader | ok=True | started=True | FOREX_DOWNLOAD | started | tmux=forex_download | log=/root/trading/ASJR/Backtesting/BacktestData/IBKR/Forex/logs/EURUSD_1y_download.log
2026-10-06 17:51:11 BST | INFO | NQ | One-time downloader | ok=True | started=True | NQ_DOWNLOAD | started | tmux=nq_download | log=/root/trading/ASJR/Backtesting/BacktestData/OpenSource/NQ/logs/NQ_yfinance_download.log
2026-10-06 17:51:11 BST | INFO | MOVERS | Fetch started
2026-10-06 17:51:13 BST | INFO | MOVERS | Fetch completed | rows=100
2026-10-06 17:51:13 BST | INFO | MOVERS | Tickers | OPCH, EROC, CEG, LW, INIO, CTVA, VST, FCEL, CIEN, UEC, BRUN, NXT, NBIS, NRG, BWXT, OKLO, NNE, TIC, XE, CCJ, FTAI, WING, MTSI, SMR, NXE, NTSK, FRVO, ALAB, UUUU, MWH, INTR, BW, AAOI, PRIM, GEV, FRSH, GLW, MIR, ASTS, QXO, SHAK, FIGS, BSP, NCLH, BB, BWA, MOD, MRVL, PWR, LGN, TWST, TXG, DNA, SYRE, NEO, TEM, PCVX, NVAX, SDGR, STX, CTKB, ABSI, MIAX, GH, ADPT, ELVN, CAI, STTK, WDC, BFLY, CERT, IOVA, NEOG, RGEN, CRSP, IMNM, ILMN, VCYT, SKYD, CDNA, MRNA, TWLO, TNGX, GRPN, NTRA, LQDA, BHVN, APPS, HELP, RLAY, CLDX, NTLA, TRMD, CHRW, XENE, IBRX, AEHR, IMMX, KLAC, NKTR
2026-10-06 17:51:13 BST | INFO | UNIVERSE | Built | tickers=118
2026-10-06 17:51:13 BST | INFO | FILE | Saved ibkr_gapup (movers) | /root/trading/ASJR/ASJR_Analyst/DataLake/2026-10-06/raw/ibkr_gapup.csv
2026-10-06 17:51:13 BST | INFO | YFINANCE | Daily 30D fetch started | tickers=118
2026-10-06 17:51:19 BST | INFO | YFINANCE | Daily 30D fetch completed | rows=3511
2026-10-06 17:51:19 BST | INFO | FILE | Saved daily_30d | /root/trading/ASJR/ASJR_Analyst/DataLake/2026-10-06/raw/daily_30d.csv
2026-10-06 17:51:19 BST | INFO | FEATURES | Daily summary built | rows=118
2026-10-06 17:51:19 BST | INFO | IBKR | 5m fetch started | tickers=118 | duration=3 D | batch_size=5
2026-10-06 17:51:44 BST | INFO | IBKR | 5m fetch completed | rows=52894
2026-10-06 17:51:45 BST | INFO | FILE | Saved intraday_5m | /root/trading/ASJR/ASJR_Analyst/DataLake/2026-10-06/raw/intraday_5m.csv
2026-10-06 17:51:46 BST | INFO | FEATURES | Intraday summary built | rows=118
2026-10-06 17:51:46 BST | INFO | YFINANCE | Sector/market fetch started
2026-10-06 17:51:47 BST | INFO | YFINANCE | Sector/market fetch completed | rows=15
2026-10-06 17:51:47 BST | INFO | FILE | Saved sector_market_daily | /root/trading/ASJR/ASJR_Analyst/DataLake/2026-10-06/raw/sector_market_daily.csv
2026-10-06 17:51:47 BST | INFO | FILE | Saved ticker_summary | rows=118 | /root/trading/ASJR/ASJR_Analyst/DataLake/2026-10-06/processed/ticker_summary.csv
2026-10-06 17:51:47 BST | INFO | FILE | Saved asjr_snapshot | /root/trading/ASJR/ASJR_Analyst/DataLake/2026-10-06/processed/asjr_snapshot.json
2026-10-06 17:51:47 BST | INFO | RUN | DATA COMPLETE | universe=118 | intraday_rows=52894 | ticker_summary=118
2026-10-06 17:51:47 BST | INFO | GIT | File verification started | count=7
