2026-10-06 15:03:58 BST | INFO | RUN | VERSION | 2026.10.06.4
2026-10-06 15:03:58 BST | INFO | RUN | START | trade_date=2026-10-06
2026-10-06 15:03:58 BST | INFO | WATCHLIST | /root/trading/ASJR/ASJR_Analyst/DataLake/2026-10-06/config/fixed_watchlist.csv | source=prepared
2026-10-06 15:03:58 BST | INFO | RUN | OPTIONS | include_sector=True | git_submit=True | fetch_gapup_from_app=True
2026-10-06 15:03:58 BST | INFO | FOREX | One-time downloader | ok=True | started=True | FOREX_DOWNLOAD | started | tmux=forex_download | log=/root/trading/ASJR/Backtesting/BacktestData/IBKR/Forex/logs/EURUSD_1y_download.log
2026-10-06 15:03:58 BST | INFO | NQ | One-time downloader | ok=True | started=True | NQ_DOWNLOAD | started | tmux=nq_download | log=/root/trading/ASJR/Backtesting/BacktestData/OpenSource/NQ/logs/NQ_yfinance_download.log
2026-10-06 15:03:58 BST | INFO | MOVERS | Fetch started
2026-10-06 15:04:00 BST | INFO | MOVERS | Fetch completed | rows=62
2026-10-06 15:04:00 BST | INFO | MOVERS | Tickers | OPCH, CEG, EROC, ASTS, VST, SECZ, ALAB, BRUN, MRVL, LW, CTVA, NRG, FTRE, BWXT, NTSK, PL, NNE, OKLO, PRIM, TIC, NBIS, SMR, RKLB, FLNC, BKSY, INIO, RDW, GEV, FCEL, TSEM, AAOI, MTZ, SATL, FLY, FRSH, DELL, LWLG, BB, XE, LUNR, GNRC, DCH, EQPT, VSAT, PANW, MWH, NXE, ULCC, BWA, AAON, PCVX, SYRE, STX, NEO, MIAX, WDC, HELP, TRMD, CHRW, QURE, IOVA, ELVN
2026-10-06 15:04:00 BST | INFO | UNIVERSE | Built | tickers=80
2026-10-06 15:04:00 BST | INFO | FILE | Saved ibkr_gapup (movers) | /root/trading/ASJR/ASJR_Analyst/DataLake/2026-10-06/raw/ibkr_gapup.csv
2026-10-06 15:04:00 BST | INFO | YFINANCE | Daily 30D fetch started | tickers=80
2026-10-06 15:04:07 BST | INFO | YFINANCE | Daily 30D fetch completed | rows=2371
2026-10-06 15:04:07 BST | INFO | FILE | Saved daily_30d | /root/trading/ASJR/ASJR_Analyst/DataLake/2026-10-06/raw/daily_30d.csv
2026-10-06 15:04:07 BST | INFO | FEATURES | Daily summary built | rows=80
2026-10-06 15:04:07 BST | INFO | IBKR | 5m fetch started | tickers=80 | duration=3 D | batch_size=5
2026-10-06 15:04:26 BST | INFO | IBKR | 5m fetch completed | rows=33908
2026-10-06 15:04:26 BST | INFO | FILE | Saved intraday_5m | /root/trading/ASJR/ASJR_Analyst/DataLake/2026-10-06/raw/intraday_5m.csv
2026-10-06 15:04:27 BST | INFO | FEATURES | Intraday summary built | rows=80
2026-10-06 15:04:27 BST | INFO | YFINANCE | Sector/market fetch started
2026-10-06 15:04:28 BST | INFO | YFINANCE | Sector/market fetch completed | rows=15
2026-10-06 15:04:28 BST | INFO | FILE | Saved sector_market_daily | /root/trading/ASJR/ASJR_Analyst/DataLake/2026-10-06/raw/sector_market_daily.csv
2026-10-06 15:04:28 BST | INFO | FILE | Saved ticker_summary | rows=80 | /root/trading/ASJR/ASJR_Analyst/DataLake/2026-10-06/processed/ticker_summary.csv
2026-10-06 15:04:28 BST | INFO | FILE | Saved asjr_snapshot | /root/trading/ASJR/ASJR_Analyst/DataLake/2026-10-06/processed/asjr_snapshot.json
2026-10-06 15:04:28 BST | INFO | RUN | DATA COMPLETE | universe=80 | intraday_rows=33908 | ticker_summary=80
2026-10-06 15:04:28 BST | INFO | GIT | File verification started | count=7
