2026-10-06 15:54:42 BST | INFO | RUN | VERSION | 2026.10.06.4
2026-10-06 15:54:42 BST | INFO | RUN | START | trade_date=2026-10-06
2026-10-06 15:54:42 BST | INFO | WATCHLIST | /root/trading/ASJR/ASJR_Analyst/DataLake/2026-10-06/config/fixed_watchlist.csv | source=prepared
2026-10-06 15:54:42 BST | INFO | RUN | OPTIONS | include_sector=True | git_submit=True | fetch_gapup_from_app=True
2026-10-06 15:54:42 BST | INFO | FOREX | One-time downloader | ok=True | started=True | FOREX_DOWNLOAD | started | tmux=forex_download | log=/root/trading/ASJR/Backtesting/BacktestData/IBKR/Forex/logs/EURUSD_1y_download.log
2026-10-06 15:54:42 BST | INFO | NQ | One-time downloader | ok=True | started=True | NQ_DOWNLOAD | started | tmux=nq_download | log=/root/trading/ASJR/Backtesting/BacktestData/OpenSource/NQ/logs/NQ_yfinance_download.log
2026-10-06 15:54:42 BST | INFO | MOVERS | Fetch started
2026-10-06 15:54:43 BST | INFO | MOVERS | Fetch completed | rows=93
2026-10-06 15:54:43 BST | INFO | MOVERS | Tickers | OPCH, CEG, EROC, LW, CTVA, VST, ALAB, CIEN, OKLO, ASTS, PRIM, TIC, NNE, TSEM, NBIS, BWXT, MRVL, BRUN, NRG, FRSH, NTSK, UEC, SECZ, PL, NXE, XE, MTSI, AAOI, INIO, SMR, CRDO, BB, CCJ, FCEL, ACDC, UUUU, AAP, DELL, ZS, DCH, GEV, ULCC, MWH, PENN, BW, SHAK, NCLH, BKSY, RDW, BWA, DNA, PCVX, TXG, SYRE, NEO, TWST, NVAX, TEM, SDGR, CTKB, ELVN, STX, BFLY, STTK, ADPT, IOVA, ABSI, MIAX, WDC, BRKR, NTRA, HELP, ILMN, CERT, MRNA, NEOG, VCYT, CDNA, CRSP, GH, TRMD, QURE, KLAC, RVMD, EVC, CORT, RGEN, IBRX, CHRW, BHVN, IMNM, GRPN, ORIC
2026-10-06 15:54:44 BST | INFO | UNIVERSE | Built | tickers=110
2026-10-06 15:54:44 BST | INFO | FILE | Saved ibkr_gapup (movers) | /root/trading/ASJR/ASJR_Analyst/DataLake/2026-10-06/raw/ibkr_gapup.csv
2026-10-06 15:54:44 BST | INFO | YFINANCE | Daily 30D fetch started | tickers=110
2026-10-06 15:54:48 BST | INFO | YFINANCE | Daily 30D fetch completed | rows=3300
2026-10-06 15:54:48 BST | INFO | FILE | Saved daily_30d | /root/trading/ASJR/ASJR_Analyst/DataLake/2026-10-06/raw/daily_30d.csv
2026-10-06 15:54:48 BST | INFO | FEATURES | Daily summary built | rows=110
2026-10-06 15:54:48 BST | INFO | IBKR | 5m fetch started | tickers=110 | duration=3 D | batch_size=5
2026-10-06 15:55:13 BST | INFO | IBKR | 5m fetch completed | rows=47113
2026-10-06 15:55:13 BST | INFO | FILE | Saved intraday_5m | /root/trading/ASJR/ASJR_Analyst/DataLake/2026-10-06/raw/intraday_5m.csv
2026-10-06 15:55:14 BST | INFO | FEATURES | Intraday summary built | rows=110
2026-10-06 15:55:14 BST | INFO | YFINANCE | Sector/market fetch started
2026-10-06 15:55:15 BST | INFO | YFINANCE | Sector/market fetch completed | rows=15
2026-10-06 15:55:15 BST | INFO | FILE | Saved sector_market_daily | /root/trading/ASJR/ASJR_Analyst/DataLake/2026-10-06/raw/sector_market_daily.csv
2026-10-06 15:55:15 BST | INFO | FILE | Saved ticker_summary | rows=110 | /root/trading/ASJR/ASJR_Analyst/DataLake/2026-10-06/processed/ticker_summary.csv
2026-10-06 15:55:15 BST | INFO | FILE | Saved asjr_snapshot | /root/trading/ASJR/ASJR_Analyst/DataLake/2026-10-06/processed/asjr_snapshot.json
2026-10-06 15:55:15 BST | INFO | RUN | DATA COMPLETE | universe=110 | intraday_rows=47113 | ticker_summary=110
2026-10-06 15:55:15 BST | INFO | GIT | File verification started | count=7
