2026-10-06 18:49:55 BST | INFO | RUN | VERSION | 2026.10.06.4
2026-10-06 18:49:55 BST | INFO | RUN | START | trade_date=2026-10-06
2026-10-06 18:49:55 BST | INFO | WATCHLIST | /root/trading/ASJR/ASJR_Analyst/DataLake/2026-10-06/config/fixed_watchlist.csv | source=prepared
2026-10-06 18:49:55 BST | INFO | RUN | OPTIONS | include_sector=True | git_submit=True | fetch_gapup_from_app=True
2026-10-06 18:49:55 BST | INFO | FOREX | One-time downloader | ok=True | started=True | FOREX_DOWNLOAD | started | tmux=forex_download | log=/root/trading/ASJR/Backtesting/BacktestData/IBKR/Forex/logs/EURUSD_1y_download.log
2026-10-06 18:49:56 BST | INFO | NQ | One-time downloader | ok=True | started=True | NQ_DOWNLOAD | started | tmux=nq_download | log=/root/trading/ASJR/Backtesting/BacktestData/OpenSource/NQ/logs/NQ_yfinance_download.log
2026-10-06 18:49:56 BST | INFO | MOVERS | Fetch started
2026-10-06 18:49:57 BST | INFO | MOVERS | Fetch completed | rows=100
2026-10-06 18:49:57 BST | INFO | MOVERS | Tickers | OPCH, CEG, FCEL, EROC, BRUN, CTVA, INIO, VST, CIEN, XE, LW, UEC, NNE, NBIS, NRG, OKLO, TIC, BWXT, FTAI, MWH, CCJ, ASTS, NXT, MTSI, AAOI, INTR, PRIM, SMR, ALAB, GLW, MRVL, NXE, BW, WING, UUUU, PL, TAC, NTSK, FLNC, FPS, MIR, CRWV, GEV, FRVO, FRSH, PWR, PSQL, LGN, GENI, SEI, DNA, TXG, TWST, SYRE, NEO, NVAX, TEM, SDGR, PCVX, ABSI, STX, CTKB, MIAX, CERT, CAI, ADPT, ELVN, STTK, GH, IMNM, TNGX, VCYT, BHVN, NEOG, WDC, BFLY, APPS, IOVA, CDNA, RGEN, ORIC, MRNA, RLAY, ILMN, GRPN, AEHR, PENG, TWLO, NTRA, XNCR, SKYD, HELP, IMMX, NAMS, CRSP, IMVT, CLDX, LQDA, IBRX, NKTR
2026-10-06 18:49:57 BST | INFO | UNIVERSE | Built | tickers=118
2026-10-06 18:49:57 BST | INFO | FILE | Saved ibkr_gapup (movers) | /root/trading/ASJR/ASJR_Analyst/DataLake/2026-10-06/raw/ibkr_gapup.csv
2026-10-06 18:49:57 BST | INFO | YFINANCE | Daily 30D fetch started | tickers=118
2026-10-06 18:50:02 BST | INFO | YFINANCE | Daily 30D fetch completed | rows=3511
2026-10-06 18:50:02 BST | INFO | FILE | Saved daily_30d | /root/trading/ASJR/ASJR_Analyst/DataLake/2026-10-06/raw/daily_30d.csv
2026-10-06 18:50:02 BST | INFO | FEATURES | Daily summary built | rows=118
2026-10-06 18:50:02 BST | INFO | IBKR | 5m fetch started | tickers=118 | duration=3 D | batch_size=5
2026-10-06 18:50:28 BST | INFO | IBKR | 5m fetch completed | rows=53969
2026-10-06 18:50:28 BST | INFO | FILE | Saved intraday_5m | /root/trading/ASJR/ASJR_Analyst/DataLake/2026-10-06/raw/intraday_5m.csv
2026-10-06 18:50:29 BST | INFO | FEATURES | Intraday summary built | rows=118
2026-10-06 18:50:29 BST | INFO | YFINANCE | Sector/market fetch started
2026-10-06 18:50:30 BST | INFO | YFINANCE | Sector/market fetch completed | rows=15
2026-10-06 18:50:30 BST | INFO | FILE | Saved sector_market_daily | /root/trading/ASJR/ASJR_Analyst/DataLake/2026-10-06/raw/sector_market_daily.csv
2026-10-06 18:50:30 BST | INFO | FILE | Saved ticker_summary | rows=118 | /root/trading/ASJR/ASJR_Analyst/DataLake/2026-10-06/processed/ticker_summary.csv
2026-10-06 18:50:30 BST | INFO | FILE | Saved asjr_snapshot | /root/trading/ASJR/ASJR_Analyst/DataLake/2026-10-06/processed/asjr_snapshot.json
2026-10-06 18:50:30 BST | INFO | RUN | DATA COMPLETE | universe=118 | intraday_rows=53969 | ticker_summary=118
2026-10-06 18:50:30 BST | INFO | GIT | File verification started | count=7
