2026-10-06 20:29:29 BST | INFO | RUN | VERSION | 2026.10.06.4
2026-10-06 20:29:29 BST | INFO | RUN | START | trade_date=2026-10-06
2026-10-06 20:29:29 BST | INFO | WATCHLIST | /root/trading/ASJR/ASJR_Analyst/DataLake/2026-10-06/config/fixed_watchlist.csv | source=prepared
2026-10-06 20:29:29 BST | INFO | RUN | OPTIONS | include_sector=True | git_submit=True | fetch_gapup_from_app=True
2026-10-06 20:29:29 BST | INFO | FOREX | One-time downloader | ok=True | started=True | FOREX_DOWNLOAD | started | tmux=forex_download | log=/root/trading/ASJR/Backtesting/BacktestData/IBKR/Forex/logs/EURUSD_1y_download.log
2026-10-06 20:29:29 BST | INFO | NQ | One-time downloader | ok=True | started=True | NQ_DOWNLOAD | started | tmux=nq_download | log=/root/trading/ASJR/Backtesting/BacktestData/OpenSource/NQ/logs/NQ_yfinance_download.log
2026-10-06 20:29:29 BST | INFO | MOVERS | Fetch started
2026-10-06 20:29:31 BST | INFO | MOVERS | Fetch completed | rows=100
2026-10-06 20:29:31 BST | INFO | MOVERS | Tickers | OPCH, FCEL, CIEN, CTVA, EROC, INIO, CEG, PSQL, VST, SECZ, MIR, UEC, FTAI, LW, ASTS, NBIS, BWXT, INTR, XE, ALAB, TIC, OKLO, AAOI, MTSI, VSAT, NRG, CCJ, ADTN, NTSK, GENI, BRUN, MRVL, GLW, SEI, NNE, NXT, FPS, CRWV, PRIM, PL, BWA, BB, EXTR, SOLS, MWH, PWR, TAC, RCL, XP, CSCO, TWST, TXG, DNA, SYRE, TEM, NEO, SDGR, NVAX, CTKB, PCVX, STX, CAI, ADPT, AEHR, ABSI, MIAX, STTK, GH, NEOG, CERT, GEO, IOVA, CDNA, BFLY, WDC, TWLO, IMNM, BHVN, ELVN, HELP, MRVI, RGEN, MRNA, VCYT, NTRA, CXW, EVC, NKTR, LQDA, APPS, ILMN, IBRX, XNCR, MLYS, CRSP, CNXC, NAMS, WOLF, ORIC, TNGX
2026-10-06 20:29:31 BST | INFO | UNIVERSE | Built | tickers=118
2026-10-06 20:29:31 BST | INFO | FILE | Saved ibkr_gapup (movers) | /root/trading/ASJR/ASJR_Analyst/DataLake/2026-10-06/raw/ibkr_gapup.csv
2026-10-06 20:29:31 BST | INFO | YFINANCE | Daily 30D fetch started | tickers=118
2026-10-06 20:29:39 BST | INFO | YFINANCE | Daily 30D fetch completed | rows=3540
2026-10-06 20:29:39 BST | INFO | FILE | Saved daily_30d | /root/trading/ASJR/ASJR_Analyst/DataLake/2026-10-06/raw/daily_30d.csv
2026-10-06 20:29:39 BST | INFO | FEATURES | Daily summary built | rows=118
2026-10-06 20:29:39 BST | INFO | IBKR | 5m fetch started | tickers=118 | duration=3 D | batch_size=5
2026-10-06 20:30:05 BST | INFO | IBKR | 5m fetch completed | rows=56263
2026-10-06 20:30:06 BST | INFO | FILE | Saved intraday_5m | /root/trading/ASJR/ASJR_Analyst/DataLake/2026-10-06/raw/intraday_5m.csv
2026-10-06 20:30:07 BST | INFO | FEATURES | Intraday summary built | rows=118
2026-10-06 20:30:07 BST | INFO | YFINANCE | Sector/market fetch started
2026-10-06 20:30:11 BST | INFO | YFINANCE | Sector/market fetch completed | rows=15
2026-10-06 20:30:11 BST | INFO | FILE | Saved sector_market_daily | /root/trading/ASJR/ASJR_Analyst/DataLake/2026-10-06/raw/sector_market_daily.csv
2026-10-06 20:30:11 BST | INFO | FILE | Saved ticker_summary | rows=118 | /root/trading/ASJR/ASJR_Analyst/DataLake/2026-10-06/processed/ticker_summary.csv
2026-10-06 20:30:11 BST | INFO | FILE | Saved asjr_snapshot | /root/trading/ASJR/ASJR_Analyst/DataLake/2026-10-06/processed/asjr_snapshot.json
2026-10-06 20:30:11 BST | INFO | RUN | DATA COMPLETE | universe=118 | intraday_rows=56263 | ticker_summary=118
2026-10-06 20:30:11 BST | INFO | GIT | File verification started | count=7
