2026-10-06 05:34:10 BST | INFO | RUN | VERSION | 2026.10.05.1
2026-10-06 05:34:10 BST | INFO | RUN | START | trade_date=2026-10-06
2026-10-06 05:34:10 BST | INFO | WATCHLIST | /root/trading/ASJR/ASJR_Analyst/DataLake/2026-10-06/config/fixed_watchlist.csv | source=prepared
2026-10-06 05:34:10 BST | INFO | RUN | OPTIONS | include_sector=True | git_submit=True | fetch_gapup_from_app=True
2026-10-06 05:34:10 BST | INFO | MOVERS | Fetch started
2026-10-06 05:34:12 BST | INFO | MOVERS | Fetch completed | rows=2
2026-10-06 05:34:12 BST | INFO | MOVERS | Tickers | OPCH, FRSH
2026-10-06 05:34:12 BST | INFO | UNIVERSE | Built | tickers=22
2026-10-06 05:34:12 BST | INFO | FILE | Saved ibkr_gapup (movers) | /root/trading/ASJR/ASJR_Analyst/DataLake/2026-10-06/raw/ibkr_gapup.csv
2026-10-06 05:34:12 BST | INFO | YFINANCE | Daily 30D fetch started | tickers=22
2026-10-06 05:34:12 BST | INFO | YFINANCE | Daily 30D fetch completed | rows=660
2026-10-06 05:34:12 BST | INFO | FILE | Saved daily_30d | /root/trading/ASJR/ASJR_Analyst/DataLake/2026-10-06/raw/daily_30d.csv
2026-10-06 05:34:12 BST | INFO | FEATURES | Daily summary built | rows=22
2026-10-06 05:34:12 BST | INFO | IBKR | 5m fetch started | tickers=22 | duration=3 D | batch_size=5
2026-10-06 05:34:18 BST | INFO | IBKR | 5m fetch completed | rows=12063
2026-10-06 05:34:18 BST | INFO | FILE | Saved intraday_5m | /root/trading/ASJR/ASJR_Analyst/DataLake/2026-10-06/raw/intraday_5m.csv
2026-10-06 05:34:18 BST | INFO | FEATURES | Intraday summary built | rows=22
2026-10-06 05:34:18 BST | INFO | YFINANCE | Sector/market fetch started
2026-10-06 05:34:19 BST | INFO | YFINANCE | Sector/market fetch completed | rows=15
2026-10-06 05:34:19 BST | INFO | FILE | Saved sector_market_daily | /root/trading/ASJR/ASJR_Analyst/DataLake/2026-10-06/raw/sector_market_daily.csv
2026-10-06 05:34:19 BST | INFO | FILE | Saved ticker_summary | rows=22 | /root/trading/ASJR/ASJR_Analyst/DataLake/2026-10-06/processed/ticker_summary.csv
2026-10-06 05:34:19 BST | INFO | FILE | Saved asjr_snapshot | /root/trading/ASJR/ASJR_Analyst/DataLake/2026-10-06/processed/asjr_snapshot.json
2026-10-06 05:34:19 BST | INFO | RUN | DATA COMPLETE | universe=22 | intraday_rows=12063 | ticker_summary=22
2026-10-06 05:34:19 BST | INFO | GIT | File verification started | count=7
