2026-10-06 18:02:32 BST | INFO | RUN | VERSION | 2026.10.06.4
2026-10-06 18:02:32 BST | INFO | RUN | START | trade_date=2026-10-06
2026-10-06 18:02:32 BST | INFO | WATCHLIST | /root/trading/ASJR/ASJR_Analyst/DataLake/2026-10-06/config/fixed_watchlist.csv | source=prepared
2026-10-06 18:02:32 BST | INFO | RUN | OPTIONS | include_sector=True | git_submit=True | fetch_gapup_from_app=True
2026-10-06 18:02:32 BST | INFO | FOREX | One-time downloader | ok=True | started=True | FOREX_DOWNLOAD | started | tmux=forex_download | log=/root/trading/ASJR/Backtesting/BacktestData/IBKR/Forex/logs/EURUSD_1y_download.log
2026-10-06 18:02:32 BST | INFO | NQ | One-time downloader | ok=True | started=True | NQ_DOWNLOAD | started | tmux=nq_download | log=/root/trading/ASJR/Backtesting/BacktestData/OpenSource/NQ/logs/NQ_yfinance_download.log
2026-10-06 18:02:32 BST | INFO | MOVERS | Fetch started
2026-10-06 18:02:35 BST | INFO | MOVERS | Fetch completed | rows=100
2026-10-06 18:02:35 BST | INFO | MOVERS | Tickers | OPCH, EROC, CEG, INIO, VST, CTVA, LW, FCEL, CIEN, UEC, BRUN, NRG, NBIS, BWXT, XE, NNE, NXT, OKLO, TIC, FTAI, CCJ, PRIM, MTSI, SMR, INTR, NXE, MWH, WING, ASTS, ALAB, NTSK, AAOI, BW, GLW, UUUU, FRSH, BSP, GEV, MIR, SHAK, MOD, FIGS, QXO, AAON, BWA, NCLH, BB, ADTN, PWR, PL, TWST, TXG, DNA, SYRE, NEO, PCVX, TEM, NVAX, SDGR, STX, CTKB, MIAX, ABSI, ELVN, GH, ADPT, STTK, WDC, CAI, CERT, BFLY, NEOG, CDNA, IOVA, ILMN, VCYT, IMNM, RGEN, APPS, MRNA, GRPN, CRSP, NTRA, TNGX, TWLO, BHVN, RLAY, SKYD, CLDX, LQDA, TRMD, IMMX, NKTR, HELP, CHRW, IMVT, IBRX, KLAC, AEHR, ORIC
2026-10-06 18:02:35 BST | INFO | UNIVERSE | Built | tickers=119
2026-10-06 18:02:35 BST | INFO | FILE | Saved ibkr_gapup (movers) | /root/trading/ASJR/ASJR_Analyst/DataLake/2026-10-06/raw/ibkr_gapup.csv
2026-10-06 18:02:35 BST | INFO | YFINANCE | Daily 30D fetch started | tickers=119
2026-10-06 18:03:39 BST | INFO | YFINANCE | Daily 30D fetch completed | rows=3541
2026-10-06 18:03:39 BST | INFO | FILE | Saved daily_30d | /root/trading/ASJR/ASJR_Analyst/DataLake/2026-10-06/raw/daily_30d.csv
2026-10-06 18:03:39 BST | INFO | FEATURES | Daily summary built | rows=119
2026-10-06 18:03:39 BST | INFO | IBKR | 5m fetch started | tickers=119 | duration=3 D | batch_size=5
2026-10-06 18:04:18 BST | INFO | IBKR | 5m fetch completed | rows=53367
2026-10-06 18:04:18 BST | INFO | FILE | Saved intraday_5m | /root/trading/ASJR/ASJR_Analyst/DataLake/2026-10-06/raw/intraday_5m.csv
2026-10-06 18:04:19 BST | INFO | FEATURES | Intraday summary built | rows=119
2026-10-06 18:04:19 BST | INFO | YFINANCE | Sector/market fetch started
2026-10-06 18:04:24 BST | INFO | YFINANCE | Sector/market fetch completed | rows=15
2026-10-06 18:04:24 BST | INFO | FILE | Saved sector_market_daily | /root/trading/ASJR/ASJR_Analyst/DataLake/2026-10-06/raw/sector_market_daily.csv
2026-10-06 18:04:24 BST | INFO | FILE | Saved ticker_summary | rows=119 | /root/trading/ASJR/ASJR_Analyst/DataLake/2026-10-06/processed/ticker_summary.csv
2026-10-06 18:04:24 BST | INFO | FILE | Saved asjr_snapshot | /root/trading/ASJR/ASJR_Analyst/DataLake/2026-10-06/processed/asjr_snapshot.json
2026-10-06 18:04:24 BST | INFO | RUN | DATA COMPLETE | universe=119 | intraday_rows=53367 | ticker_summary=119
2026-10-06 18:04:24 BST | INFO | GIT | File verification started | count=7
