2026-10-06 16:22:54 BST | INFO | RUN | VERSION | 2026.10.06.4
2026-10-06 16:22:54 BST | INFO | RUN | START | trade_date=2026-10-06
2026-10-06 16:22:54 BST | INFO | WATCHLIST | /root/trading/ASJR/ASJR_Analyst/DataLake/2026-10-06/config/fixed_watchlist.csv | source=prepared
2026-10-06 16:22:54 BST | INFO | RUN | OPTIONS | include_sector=True | git_submit=True | fetch_gapup_from_app=True
2026-10-06 16:22:54 BST | INFO | FOREX | One-time downloader | ok=True | started=True | FOREX_DOWNLOAD | started | tmux=forex_download | log=/root/trading/ASJR/Backtesting/BacktestData/IBKR/Forex/logs/EURUSD_1y_download.log
2026-10-06 16:22:54 BST | INFO | NQ | One-time downloader | ok=True | started=True | NQ_DOWNLOAD | started | tmux=nq_download | log=/root/trading/ASJR/Backtesting/BacktestData/OpenSource/NQ/logs/NQ_yfinance_download.log
2026-10-06 16:22:54 BST | INFO | MOVERS | Fetch started
2026-10-06 16:22:55 BST | INFO | MOVERS | Fetch completed | rows=89
2026-10-06 16:22:55 BST | INFO | MOVERS | Tickers | OPCH, EROC, CEG, LW, CTVA, VST, CIEN, INIO, TIC, NBIS, FCEL, ALAB, NNE, SECZ, UEC, MRVL, FRSH, OKLO, BWXT, BRUN, PRIM, NRG, ASTS, CCJ, XE, NXE, FTAI, SMR, NTSK, MWH, AAOI, NXT, FRVO, UUUU, GLW, INTR, DCH, PL, BW, MOD, MTSI, BWA, BB, GEV, FIGS, LGN, PWR, PENN, CRDO, ZS, DNA, TXG, SYRE, NEO, TWST, TEM, NVAX, PCVX, SDGR, CTKB, STX, ADPT, BFLY, GH, MIAX, IOVA, CAI, NTRA, WDC, STTK, ILMN, MRNA, VCYT, ELVN, NEOG, ABSI, RGEN, CERT, CDNA, AEHR, CRSP, EVC, BRKR, TWLO, ADEA, TRMD, GRPN, RVMD, KLAC
2026-10-06 16:22:55 BST | INFO | UNIVERSE | Built | tickers=106
2026-10-06 16:22:55 BST | INFO | FILE | Saved ibkr_gapup (movers) | /root/trading/ASJR/ASJR_Analyst/DataLake/2026-10-06/raw/ibkr_gapup.csv
2026-10-06 16:22:55 BST | INFO | YFINANCE | Daily 30D fetch started | tickers=106
2026-10-06 16:22:59 BST | INFO | YFINANCE | Daily 30D fetch completed | rows=3180
2026-10-06 16:22:59 BST | INFO | FILE | Saved daily_30d | /root/trading/ASJR/ASJR_Analyst/DataLake/2026-10-06/raw/daily_30d.csv
2026-10-06 16:22:59 BST | INFO | FEATURES | Daily summary built | rows=106
2026-10-06 16:22:59 BST | INFO | IBKR | 5m fetch started | tickers=106 | duration=3 D | batch_size=5
2026-10-06 16:23:22 BST | INFO | IBKR | 5m fetch completed | rows=46254
2026-10-06 16:23:22 BST | INFO | FILE | Saved intraday_5m | /root/trading/ASJR/ASJR_Analyst/DataLake/2026-10-06/raw/intraday_5m.csv
2026-10-06 16:23:23 BST | INFO | FEATURES | Intraday summary built | rows=106
2026-10-06 16:23:23 BST | INFO | YFINANCE | Sector/market fetch started
2026-10-06 16:23:24 BST | INFO | YFINANCE | Sector/market fetch completed | rows=15
2026-10-06 16:23:24 BST | INFO | FILE | Saved sector_market_daily | /root/trading/ASJR/ASJR_Analyst/DataLake/2026-10-06/raw/sector_market_daily.csv
2026-10-06 16:23:24 BST | INFO | FILE | Saved ticker_summary | rows=106 | /root/trading/ASJR/ASJR_Analyst/DataLake/2026-10-06/processed/ticker_summary.csv
2026-10-06 16:23:24 BST | INFO | FILE | Saved asjr_snapshot | /root/trading/ASJR/ASJR_Analyst/DataLake/2026-10-06/processed/asjr_snapshot.json
2026-10-06 16:23:24 BST | INFO | RUN | DATA COMPLETE | universe=106 | intraday_rows=46254 | ticker_summary=106
2026-10-06 16:23:24 BST | INFO | GIT | File verification started | count=7
