2026-10-07 00:57:17 BST | INFO | RUN | VERSION | 2026.10.06.4
2026-10-07 00:57:17 BST | INFO | RUN | START | trade_date=2026-10-06
2026-10-07 00:57:17 BST | INFO | WATCHLIST | /root/trading/ASJR/ASJR_Analyst/DataLake/2026-10-06/config/fixed_watchlist.csv | source=prepared
2026-10-07 00:57:17 BST | INFO | RUN | OPTIONS | include_sector=True | git_submit=True | fetch_gapup_from_app=True
2026-10-07 00:57:17 BST | INFO | FOREX | One-time downloader | ok=True | started=True | FOREX_DOWNLOAD | started | tmux=forex_download | log=/root/trading/ASJR/Backtesting/BacktestData/IBKR/Forex/logs/EURUSD_1y_download.log
2026-10-07 00:57:17 BST | INFO | NQ | One-time downloader | ok=True | started=True | NQ_DOWNLOAD | started | tmux=nq_download | log=/root/trading/ASJR/Backtesting/BacktestData/OpenSource/NQ/logs/NQ_yfinance_download.log
2026-10-07 00:57:17 BST | INFO | MOVERS | Fetch started
2026-10-07 00:57:18 BST | INFO | MOVERS | Fetch completed | rows=100
2026-10-07 00:57:18 BST | INFO | MOVERS | Tickers | OPCH, FCEL, CIEN, INIO, CTVA, CEG, VST, PSQL, EROC, MIR, FTAI, SECZ, UEC, ASTS, BWXT, ALAB, LW, NBIS, XE, OKLO, INTR, TIC, AAOI, NRG, PL, MTSI, NTSK, SEI, VSAT, ADTN, FRVO, CCJ, NNE, NXT, FPS, BKSY, GLW, BRUN, MRVL, PENG, MWH, XP, SOLS, BB, PRIM, LUNR, PENN, PWR, TAC, EXTR, TWST, TXG, DNA, TEM, NEO, SYRE, AEHR, CTKB, SDGR, ABSI, MIAX, NVAX, ADPT, STTK, CAI, PCVX, STX, GH, IMNM, CDNA, IOVA, NEOG, CERT, MRVI, MRNA, RGEN, GEO, BFLY, WDC, BHVN, ILMN, TWLO, ELVN, IBRX, APPS, VCYT, LQDA, EVC, NTRA, CRSP, MLYS, CXW, HELP, ADEA, NKTR, BRKR, TNGX, WOLF, XNCR, ARQT
2026-10-07 00:57:18 BST | INFO | UNIVERSE | Built | tickers=118
2026-10-07 00:57:18 BST | INFO | FILE | Saved ibkr_gapup (movers) | /root/trading/ASJR/ASJR_Analyst/DataLake/2026-10-06/raw/ibkr_gapup.csv
2026-10-07 00:57:18 BST | INFO | YFINANCE | Daily 30D fetch started | tickers=118
2026-10-07 00:57:21 BST | INFO | YFINANCE | Daily 30D fetch completed | rows=3540
2026-10-07 00:57:21 BST | INFO | FILE | Saved daily_30d | /root/trading/ASJR/ASJR_Analyst/DataLake/2026-10-06/raw/daily_30d.csv
2026-10-07 00:57:21 BST | INFO | FEATURES | Daily summary built | rows=118
2026-10-07 00:57:21 BST | INFO | IBKR | 5m fetch started | tickers=118 | duration=3 D | batch_size=5
2026-10-07 00:57:46 BST | INFO | IBKR | 5m fetch completed | rows=62666
2026-10-07 00:57:47 BST | INFO | FILE | Saved intraday_5m | /root/trading/ASJR/ASJR_Analyst/DataLake/2026-10-06/raw/intraday_5m.csv
2026-10-07 00:57:48 BST | INFO | FEATURES | Intraday summary built | rows=118
2026-10-07 00:57:48 BST | INFO | YFINANCE | Sector/market fetch started
2026-10-07 00:57:49 BST | INFO | YFINANCE | Sector/market fetch completed | rows=15
2026-10-07 00:57:49 BST | INFO | FILE | Saved sector_market_daily | /root/trading/ASJR/ASJR_Analyst/DataLake/2026-10-06/raw/sector_market_daily.csv
2026-10-07 00:57:49 BST | INFO | FILE | Saved ticker_summary | rows=118 | /root/trading/ASJR/ASJR_Analyst/DataLake/2026-10-06/processed/ticker_summary.csv
2026-10-07 00:57:49 BST | INFO | FILE | Saved asjr_snapshot | /root/trading/ASJR/ASJR_Analyst/DataLake/2026-10-06/processed/asjr_snapshot.json
2026-10-07 00:57:49 BST | INFO | RUN | DATA COMPLETE | universe=118 | intraday_rows=62666 | ticker_summary=118
2026-10-07 00:57:49 BST | INFO | GIT | File verification started | count=7
