2026-10-06 15:49:03 BST | INFO | RUN | VERSION | 2026.10.06.4
2026-10-06 15:49:03 BST | INFO | RUN | START | trade_date=2026-10-06
2026-10-06 15:49:03 BST | INFO | WATCHLIST | /root/trading/ASJR/ASJR_Analyst/DataLake/2026-10-06/config/fixed_watchlist.csv | source=prepared
2026-10-06 15:49:03 BST | INFO | RUN | OPTIONS | include_sector=True | git_submit=True | fetch_gapup_from_app=True
2026-10-06 15:49:03 BST | INFO | FOREX | One-time downloader | ok=True | started=True | FOREX_DOWNLOAD | started | tmux=forex_download | log=/root/trading/ASJR/Backtesting/BacktestData/IBKR/Forex/logs/EURUSD_1y_download.log
2026-10-06 15:49:03 BST | INFO | NQ | One-time downloader | ok=True | started=True | NQ_DOWNLOAD | started | tmux=nq_download | log=/root/trading/ASJR/Backtesting/BacktestData/OpenSource/NQ/logs/NQ_yfinance_download.log
2026-10-06 15:49:03 BST | INFO | MOVERS | Fetch started
2026-10-06 15:49:05 BST | INFO | MOVERS | Fetch completed | rows=100
2026-10-06 15:49:05 BST | INFO | MOVERS | Tickers | OPCH, CEG, EROC, LW, CTVA, ALAB, VST, TIC, CIEN, OKLO, ASTS, PRIM, TSEM, MRVL, BWXT, NNE, FRSH, NRG, NTSK, SECZ, NBIS, NXE, MTSI, UEC, CRDO, PL, INIO, ACDC, SMR, BB, BRUN, CCJ, UUUU, AAP, SHAK, XE, PENN, BWA, GEV, DCH, ZS, NCLH, DELL, INTR, MIR, BW, FCEL, MOD, FIGS, ULCC, DNA, SYRE, PCVX, TXG, NEO, TWST, NVAX, ELVN, SDGR, TEM, BFLY, CTKB, IOVA, STTK, ADPT, STX, ABSI, NTRA, VCYT, HELP, CDNA, BRKR, MRNA, WDC, GH, MIAX, QURE, ILMN, BHVN, RVMD, CRSP, CORT, NEOG, CAI, ABCL, TRMD, ORIC, CERT, IBRX, RGEN, RLAY, TNGX, DFTX, IMNM, KLAC, MRVI, IMMX, SGMT, VERA, CHRW
2026-10-06 15:49:05 BST | INFO | UNIVERSE | Built | tickers=117
2026-10-06 15:49:05 BST | INFO | FILE | Saved ibkr_gapup (movers) | /root/trading/ASJR/ASJR_Analyst/DataLake/2026-10-06/raw/ibkr_gapup.csv
2026-10-06 15:49:05 BST | INFO | YFINANCE | Daily 30D fetch started | tickers=117
2026-10-06 15:49:11 BST | INFO | YFINANCE | Daily 30D fetch completed | rows=3510
2026-10-06 15:49:11 BST | INFO | FILE | Saved daily_30d | /root/trading/ASJR/ASJR_Analyst/DataLake/2026-10-06/raw/daily_30d.csv
2026-10-06 15:49:11 BST | INFO | FEATURES | Daily summary built | rows=117
2026-10-06 15:49:11 BST | INFO | IBKR | 5m fetch started | tickers=117 | duration=3 D | batch_size=5
2026-10-06 15:49:36 BST | INFO | IBKR | 5m fetch completed | rows=49704
2026-10-06 15:49:37 BST | INFO | FILE | Saved intraday_5m | /root/trading/ASJR/ASJR_Analyst/DataLake/2026-10-06/raw/intraday_5m.csv
2026-10-06 15:49:37 BST | INFO | FEATURES | Intraday summary built | rows=117
2026-10-06 15:49:37 BST | INFO | YFINANCE | Sector/market fetch started
2026-10-06 15:49:38 BST | INFO | YFINANCE | Sector/market fetch completed | rows=15
2026-10-06 15:49:38 BST | INFO | FILE | Saved sector_market_daily | /root/trading/ASJR/ASJR_Analyst/DataLake/2026-10-06/raw/sector_market_daily.csv
2026-10-06 15:49:38 BST | INFO | FILE | Saved ticker_summary | rows=117 | /root/trading/ASJR/ASJR_Analyst/DataLake/2026-10-06/processed/ticker_summary.csv
2026-10-06 15:49:38 BST | INFO | FILE | Saved asjr_snapshot | /root/trading/ASJR/ASJR_Analyst/DataLake/2026-10-06/processed/asjr_snapshot.json
2026-10-06 15:49:38 BST | INFO | RUN | DATA COMPLETE | universe=117 | intraday_rows=49704 | ticker_summary=117
2026-10-06 15:49:38 BST | INFO | GIT | File verification started | count=7
