2026-10-06 16:11:40 BST | INFO | RUN | VERSION | 2026.10.06.4
2026-10-06 16:11:40 BST | INFO | RUN | START | trade_date=2026-10-06
2026-10-06 16:11:40 BST | INFO | WATCHLIST | /root/trading/ASJR/ASJR_Analyst/DataLake/2026-10-06/config/fixed_watchlist.csv | source=prepared
2026-10-06 16:11:40 BST | INFO | RUN | OPTIONS | include_sector=True | git_submit=True | fetch_gapup_from_app=True
2026-10-06 16:11:40 BST | INFO | FOREX | One-time downloader | ok=True | started=True | FOREX_DOWNLOAD | started | tmux=forex_download | log=/root/trading/ASJR/Backtesting/BacktestData/IBKR/Forex/logs/EURUSD_1y_download.log
2026-10-06 16:11:40 BST | INFO | NQ | One-time downloader | ok=True | started=True | NQ_DOWNLOAD | started | tmux=nq_download | log=/root/trading/ASJR/Backtesting/BacktestData/OpenSource/NQ/logs/NQ_yfinance_download.log
2026-10-06 16:11:40 BST | INFO | MOVERS | Fetch started
2026-10-06 16:11:41 BST | INFO | MOVERS | Fetch completed | rows=88
2026-10-06 16:11:41 BST | INFO | MOVERS | Tickers | OPCH, CEG, EROC, LW, CTVA, VST, CIEN, ALAB, NBIS, ASTS, TIC, PRIM, MRVL, SECZ, INIO, FRSH, BWXT, NTSK, FCEL, BRUN, OKLO, NNE, AAOI, NRG, UEC, NXE, CCJ, TSEM, XE, BB, MTSI, CRDO, DCH, PL, MOD, INTR, GLW, SMR, MWH, NXT, ZS, UUUU, GEV, STLN, DELL, AAP, FIGS, PENN, BWA, NCLH, DNA, TXG, SYRE, NEO, TWST, PCVX, MIAX, TEM, NVAX, STX, CTKB, SDGR, STTK, GH, ADPT, WDC, IOVA, BFLY, NTRA, ILMN, CERT, CAI, ELVN, NEOG, EVC, HELP, BRKR, MRNA, CRSP, GRPN, ADEA, VCYT, TRMD, ABSI, RGEN, CDNA, QURE, CHRW
2026-10-06 16:11:41 BST | INFO | UNIVERSE | Built | tickers=105
2026-10-06 16:11:41 BST | INFO | FILE | Saved ibkr_gapup (movers) | /root/trading/ASJR/ASJR_Analyst/DataLake/2026-10-06/raw/ibkr_gapup.csv
2026-10-06 16:11:41 BST | INFO | YFINANCE | Daily 30D fetch started | tickers=105
2026-10-06 16:11:46 BST | INFO | YFINANCE | Daily 30D fetch completed | rows=3150
2026-10-06 16:11:46 BST | INFO | FILE | Saved daily_30d | /root/trading/ASJR/ASJR_Analyst/DataLake/2026-10-06/raw/daily_30d.csv
2026-10-06 16:11:46 BST | INFO | FEATURES | Daily summary built | rows=105
2026-10-06 16:11:46 BST | INFO | IBKR | 5m fetch started | tickers=105 | duration=3 D | batch_size=5
2026-10-06 16:12:11 BST | INFO | IBKR | 5m fetch completed | rows=45703
2026-10-06 16:12:12 BST | INFO | FILE | Saved intraday_5m | /root/trading/ASJR/ASJR_Analyst/DataLake/2026-10-06/raw/intraday_5m.csv
2026-10-06 16:12:12 BST | INFO | FEATURES | Intraday summary built | rows=105
2026-10-06 16:12:12 BST | INFO | YFINANCE | Sector/market fetch started
2026-10-06 16:12:13 BST | INFO | YFINANCE | Sector/market fetch completed | rows=15
2026-10-06 16:12:13 BST | INFO | FILE | Saved sector_market_daily | /root/trading/ASJR/ASJR_Analyst/DataLake/2026-10-06/raw/sector_market_daily.csv
2026-10-06 16:12:13 BST | INFO | FILE | Saved ticker_summary | rows=105 | /root/trading/ASJR/ASJR_Analyst/DataLake/2026-10-06/processed/ticker_summary.csv
2026-10-06 16:12:13 BST | INFO | FILE | Saved asjr_snapshot | /root/trading/ASJR/ASJR_Analyst/DataLake/2026-10-06/processed/asjr_snapshot.json
2026-10-06 16:12:13 BST | INFO | RUN | DATA COMPLETE | universe=105 | intraday_rows=45703 | ticker_summary=105
2026-10-06 16:12:13 BST | INFO | GIT | File verification started | count=7
