2026-10-06 15:32:00 BST | INFO | RUN | VERSION | 2026.10.06.4
2026-10-06 15:32:00 BST | INFO | RUN | START | trade_date=2026-10-06
2026-10-06 15:32:00 BST | INFO | WATCHLIST | /root/trading/ASJR/ASJR_Analyst/DataLake/2026-10-06/config/fixed_watchlist.csv | source=prepared
2026-10-06 15:32:00 BST | INFO | RUN | OPTIONS | include_sector=True | git_submit=True | fetch_gapup_from_app=True
2026-10-06 15:32:00 BST | INFO | FOREX | One-time downloader | ok=True | started=True | FOREX_DOWNLOAD | started | tmux=forex_download | log=/root/trading/ASJR/Backtesting/BacktestData/IBKR/Forex/logs/EURUSD_1y_download.log
2026-10-06 15:32:00 BST | INFO | NQ | One-time downloader | ok=True | started=True | NQ_DOWNLOAD | started | tmux=nq_download | log=/root/trading/ASJR/Backtesting/BacktestData/OpenSource/NQ/logs/NQ_yfinance_download.log
2026-10-06 15:32:00 BST | INFO | MOVERS | Fetch started
2026-10-06 15:32:02 BST | INFO | MOVERS | Fetch completed | rows=97
2026-10-06 15:32:02 BST | INFO | MOVERS | Tickers | OPCH, CEG, CTVA, LW, EROC, ASTS, ALAB, OKLO, VST, SECZ, CIEN, TIC, BWXT, MRVL, NRG, NNE, BW, PL, NXE, SMR, PRIM, NTSK, FRSH, BRUN, INIO, UUUU, CCJ, UEC, BB, QDEL, NBIS, TSEM, ACDC, DCH, MTSI, CRDO, XE, SATL, RDW, AAOI, BWA, BKSY, PENN, DELL, AAP, GEV, MIR, ZS, NCLH, INTR, SYRE, PCVX, NEO, NVAX, DNA, TXG, ELVN, STX, HELP, ABSI, TWST, WDC, STTK, TEM, BRKR, IOVA, QURE, MRNA, ADPT, BFLY, MIAX, CTKB, SDGR, NTRA, BHVN, TNGX, IMMX, ILMN, CORT, ORIC, RVMD, GRPN, RGEN, GH, RLAY, CDNA, TRMD, SGMT, VCYT, CRSP, SLDB, NEOG, IBRX, CERT, TGTX, SNDX, CELC
2026-10-06 15:32:02 BST | INFO | UNIVERSE | Built | tickers=114
2026-10-06 15:32:02 BST | INFO | FILE | Saved ibkr_gapup (movers) | /root/trading/ASJR/ASJR_Analyst/DataLake/2026-10-06/raw/ibkr_gapup.csv
2026-10-06 15:32:02 BST | INFO | YFINANCE | Daily 30D fetch started | tickers=114
2026-10-06 15:32:08 BST | INFO | YFINANCE | Daily 30D fetch completed | rows=3420
2026-10-06 15:32:08 BST | INFO | FILE | Saved daily_30d | /root/trading/ASJR/ASJR_Analyst/DataLake/2026-10-06/raw/daily_30d.csv
2026-10-06 15:32:08 BST | INFO | FEATURES | Daily summary built | rows=114
2026-10-06 15:32:08 BST | INFO | IBKR | 5m fetch started | tickers=114 | duration=3 D | batch_size=5
2026-10-06 15:32:36 BST | INFO | IBKR | 5m fetch completed | rows=48077
2026-10-06 15:32:36 BST | INFO | FILE | Saved intraday_5m | /root/trading/ASJR/ASJR_Analyst/DataLake/2026-10-06/raw/intraday_5m.csv
2026-10-06 15:32:37 BST | INFO | FEATURES | Intraday summary built | rows=114
2026-10-06 15:32:37 BST | INFO | YFINANCE | Sector/market fetch started
2026-10-06 15:32:38 BST | INFO | YFINANCE | Sector/market fetch completed | rows=15
2026-10-06 15:32:38 BST | INFO | FILE | Saved sector_market_daily | /root/trading/ASJR/ASJR_Analyst/DataLake/2026-10-06/raw/sector_market_daily.csv
2026-10-06 15:32:38 BST | INFO | FILE | Saved ticker_summary | rows=114 | /root/trading/ASJR/ASJR_Analyst/DataLake/2026-10-06/processed/ticker_summary.csv
2026-10-06 15:32:38 BST | INFO | FILE | Saved asjr_snapshot | /root/trading/ASJR/ASJR_Analyst/DataLake/2026-10-06/processed/asjr_snapshot.json
2026-10-06 15:32:38 BST | INFO | RUN | DATA COMPLETE | universe=114 | intraday_rows=48077 | ticker_summary=114
2026-10-06 15:32:38 BST | INFO | GIT | File verification started | count=7
