2026-10-06 20:06:31 BST | INFO | RUN | VERSION | 2026.10.06.4
2026-10-06 20:06:31 BST | INFO | RUN | START | trade_date=2026-10-06
2026-10-06 20:06:31 BST | INFO | WATCHLIST | /root/trading/ASJR/ASJR_Analyst/DataLake/2026-10-06/config/fixed_watchlist.csv | source=prepared
2026-10-06 20:06:31 BST | INFO | RUN | OPTIONS | include_sector=True | git_submit=True | fetch_gapup_from_app=True
2026-10-06 20:06:31 BST | INFO | FOREX | One-time downloader | ok=True | started=True | FOREX_DOWNLOAD | started | tmux=forex_download | log=/root/trading/ASJR/Backtesting/BacktestData/IBKR/Forex/logs/EURUSD_1y_download.log
2026-10-06 20:06:31 BST | INFO | NQ | One-time downloader | ok=True | started=True | NQ_DOWNLOAD | started | tmux=nq_download | log=/root/trading/ASJR/Backtesting/BacktestData/OpenSource/NQ/logs/NQ_yfinance_download.log
2026-10-06 20:06:31 BST | INFO | MOVERS | Fetch started
2026-10-06 20:06:32 BST | INFO | MOVERS | Fetch completed | rows=100
2026-10-06 20:06:32 BST | INFO | MOVERS | Tickers | OPCH, FCEL, EROC, CTVA, CIEN, CEG, INIO, VST, SECZ, UEC, PSQL, NBIS, XE, OKLO, BWXT, ASTS, NRG, FTAI, ALAB, BRUN, LW, INTR, MTSI, TIC, MIR, CCJ, VSAT, NNE, MRVL, AAOI, NXT, ADTN, WING, MWH, PL, CRWV, NTSK, GENI, BB, BKSY, BW, PRIM, GLW, BWA, PWR, SEI, FPS, SOLS, FRSH, EXTR, TXG, DNA, TWST, NEO, TEM, SYRE, NVAX, SDGR, PCVX, ABSI, CTKB, STX, CAI, MIAX, ADPT, GH, AEHR, EVC, NEOG, WDC, CDNA, IOVA, CERT, VCYT, ELVN, RGEN, BHVN, MRVI, STTK, NTRA, ILMN, IMNM, MRNA, TWLO, BFLY, HELP, APPS, GEO, TNGX, NKTR, BRKR, XNCR, CRSP, RLAY, CNXC, CXW, NAMS, LQDA, IBRX, MLYS
2026-10-06 20:06:32 BST | INFO | UNIVERSE | Built | tickers=118
2026-10-06 20:06:32 BST | INFO | FILE | Saved ibkr_gapup (movers) | /root/trading/ASJR/ASJR_Analyst/DataLake/2026-10-06/raw/ibkr_gapup.csv
2026-10-06 20:06:32 BST | INFO | YFINANCE | Daily 30D fetch started | tickers=118
2026-10-06 20:06:36 BST | INFO | YFINANCE | Daily 30D fetch completed | rows=3540
2026-10-06 20:06:36 BST | INFO | FILE | Saved daily_30d | /root/trading/ASJR/ASJR_Analyst/DataLake/2026-10-06/raw/daily_30d.csv
2026-10-06 20:06:36 BST | INFO | FEATURES | Daily summary built | rows=118
2026-10-06 20:06:36 BST | INFO | IBKR | 5m fetch started | tickers=118 | duration=3 D | batch_size=5
2026-10-06 20:07:03 BST | INFO | IBKR | 5m fetch completed | rows=55757
2026-10-06 20:07:03 BST | INFO | FILE | Saved intraday_5m | /root/trading/ASJR/ASJR_Analyst/DataLake/2026-10-06/raw/intraday_5m.csv
2026-10-06 20:07:04 BST | INFO | FEATURES | Intraday summary built | rows=118
2026-10-06 20:07:04 BST | INFO | YFINANCE | Sector/market fetch started
2026-10-06 20:07:05 BST | INFO | YFINANCE | Sector/market fetch completed | rows=15
2026-10-06 20:07:05 BST | INFO | FILE | Saved sector_market_daily | /root/trading/ASJR/ASJR_Analyst/DataLake/2026-10-06/raw/sector_market_daily.csv
2026-10-06 20:07:05 BST | INFO | FILE | Saved ticker_summary | rows=118 | /root/trading/ASJR/ASJR_Analyst/DataLake/2026-10-06/processed/ticker_summary.csv
2026-10-06 20:07:05 BST | INFO | FILE | Saved asjr_snapshot | /root/trading/ASJR/ASJR_Analyst/DataLake/2026-10-06/processed/asjr_snapshot.json
2026-10-06 20:07:05 BST | INFO | RUN | DATA COMPLETE | universe=118 | intraday_rows=55757 | ticker_summary=118
2026-10-06 20:07:05 BST | INFO | GIT | File verification started | count=7
