2026-10-06 13:59:12 BST | INFO | RUN | VERSION | 2026.10.06.4
2026-10-06 13:59:12 BST | INFO | RUN | START | trade_date=2026-10-06
2026-10-06 13:59:12 BST | INFO | WATCHLIST | /root/trading/ASJR/ASJR_Analyst/DataLake/2026-10-06/config/fixed_watchlist.csv | source=prepared
2026-10-06 13:59:12 BST | INFO | RUN | OPTIONS | include_sector=True | git_submit=True | fetch_gapup_from_app=True
2026-10-06 13:59:12 BST | INFO | FOREX | One-time downloader | ok=True | started=True | FOREX_DOWNLOAD | started | tmux=forex_download | log=/root/trading/ASJR/Backtesting/BacktestData/IBKR/Forex/logs/EURUSD_1y_download.log
2026-10-06 13:59:12 BST | INFO | NQ | One-time downloader | ok=True | started=True | NQ_DOWNLOAD | started | tmux=nq_download | log=/root/trading/ASJR/Backtesting/BacktestData/OpenSource/NQ/logs/NQ_yfinance_download.log
2026-10-06 13:59:12 BST | INFO | MOVERS | Fetch started
2026-10-06 13:59:13 BST | INFO | MOVERS | Fetch completed | rows=15
2026-10-06 13:59:13 BST | INFO | MOVERS | Tickers | OPCH, BRUN, CEG, PSQL, ADRX, PENN, CLF, BWA, NEO, FRSH, TTI, BEAM, LW, CHTR, VST
2026-10-06 13:59:13 BST | INFO | UNIVERSE | Built | tickers=35
2026-10-06 13:59:13 BST | INFO | FILE | Saved ibkr_gapup (movers) | /root/trading/ASJR/ASJR_Analyst/DataLake/2026-10-06/raw/ibkr_gapup.csv
2026-10-06 13:59:13 BST | INFO | YFINANCE | Daily 30D fetch started | tickers=35
2026-10-06 13:59:15 BST | INFO | YFINANCE | Daily 30D fetch completed | rows=1027
2026-10-06 13:59:15 BST | INFO | FILE | Saved daily_30d | /root/trading/ASJR/ASJR_Analyst/DataLake/2026-10-06/raw/daily_30d.csv
2026-10-06 13:59:15 BST | INFO | FEATURES | Daily summary built | rows=35
2026-10-06 13:59:15 BST | INFO | IBKR | 5m fetch started | tickers=35 | duration=3 D | batch_size=5
2026-10-06 13:59:22 BST | INFO | IBKR | 5m fetch completed | rows=14326
2026-10-06 13:59:22 BST | INFO | FILE | Saved intraday_5m | /root/trading/ASJR/ASJR_Analyst/DataLake/2026-10-06/raw/intraday_5m.csv
2026-10-06 13:59:23 BST | INFO | FEATURES | Intraday summary built | rows=35
2026-10-06 13:59:23 BST | INFO | YFINANCE | Sector/market fetch started
2026-10-06 13:59:24 BST | INFO | YFINANCE | Sector/market fetch completed | rows=15
2026-10-06 13:59:24 BST | INFO | FILE | Saved sector_market_daily | /root/trading/ASJR/ASJR_Analyst/DataLake/2026-10-06/raw/sector_market_daily.csv
2026-10-06 13:59:24 BST | INFO | FILE | Saved ticker_summary | rows=35 | /root/trading/ASJR/ASJR_Analyst/DataLake/2026-10-06/processed/ticker_summary.csv
2026-10-06 13:59:24 BST | INFO | FILE | Saved asjr_snapshot | /root/trading/ASJR/ASJR_Analyst/DataLake/2026-10-06/processed/asjr_snapshot.json
2026-10-06 13:59:24 BST | INFO | RUN | DATA COMPLETE | universe=35 | intraday_rows=14326 | ticker_summary=35
2026-10-06 13:59:24 BST | INFO | GIT | File verification started | count=7
2026-10-06 13:59:26 BST | ERROR | RUN | FAILED
Traceback (most recent call last):
  File "/root/trading/ASJR/ASJR_Analyst/Tests/test_asjr_pipeline.py", line 354, in run_asjr_manual_pipeline
    git_result = asjr_git.submit_datalake(
  File "/root/trading/ASJR/ASJR_Analyst/Utils/asjr_git.py", line 105, in submit_datalake
    _run_git(
  File "/root/trading/ASJR/ASJR_Analyst/Utils/asjr_git.py", line 13, in _run_git
    raise RuntimeError(
RuntimeError: Git command failed: git pull --rebase origin main
STDOUT:

STDERR:
git@github.com: Permission denied (publickey).
fatal: Could not read from remote repository.

Please make sure you have the correct access rights
and the repository exists.

