2026-10-06 17:07:43 BST | INFO | RUN | VERSION | 2026.10.06.4
2026-10-06 17:07:43 BST | INFO | RUN | START | trade_date=2026-10-06
2026-10-06 17:07:43 BST | INFO | WATCHLIST | /root/trading/ASJR/ASJR_Analyst/DataLake/2026-10-06/config/fixed_watchlist.csv | source=prepared
2026-10-06 17:07:43 BST | INFO | RUN | OPTIONS | include_sector=True | git_submit=True | fetch_gapup_from_app=True
2026-10-06 17:07:43 BST | INFO | FOREX | One-time downloader | ok=True | started=True | FOREX_DOWNLOAD | started | tmux=forex_download | log=/root/trading/ASJR/Backtesting/BacktestData/IBKR/Forex/logs/EURUSD_1y_download.log
2026-10-06 17:07:43 BST | INFO | NQ | One-time downloader | ok=True | started=True | NQ_DOWNLOAD | started | tmux=nq_download | log=/root/trading/ASJR/Backtesting/BacktestData/OpenSource/NQ/logs/NQ_yfinance_download.log
2026-10-06 17:07:43 BST | INFO | MOVERS | Fetch started
2026-10-06 17:07:45 BST | INFO | MOVERS | Fetch completed | rows=97
2026-10-06 17:07:45 BST | INFO | MOVERS | Tickers | OPCH, CEG, EROC, CTVA, LW, VST, FCEL, INIO, CIEN, UEC, NNE, NBIS, TIC, BWXT, NRG, NTSK, OKLO, NXT, CCJ, FTAI, FRSH, XE, NXE, SMR, ASTS, PRIM, ALAB, INTR, SECZ, UUUU, MWH, BB, WING, FIGS, MTSI, BWA, SHAK, DCH, AAOI, GEV, FRVO, GLW, MRVL, BRUN, PENN, MIR, NCLH, BW, TSEM, CPRI, DNA, TXG, TWST, SYRE, NEO, SDGR, PCVX, NVAX, TEM, CTKB, STX, BFLY, ABSI, MIAX, ADPT, GH, STTK, CAI, AEHR, IOVA, CERT, WDC, MRNA, ILMN, CDNA, RGEN, NEOG, CRSP, NTRA, ELVN, VCYT, APPS, GRPN, TWLO, BRKR, HTFL, TRMD, CHRW, IMNM, IBRX, BHVN, SKYD, NKTR, ORIC, NTLA, LQDA, ADEA
2026-10-06 17:07:45 BST | INFO | UNIVERSE | Built | tickers=115
2026-10-06 17:07:45 BST | INFO | FILE | Saved ibkr_gapup (movers) | /root/trading/ASJR/ASJR_Analyst/DataLake/2026-10-06/raw/ibkr_gapup.csv
2026-10-06 17:07:45 BST | INFO | YFINANCE | Daily 30D fetch started | tickers=115
2026-10-06 17:07:52 BST | INFO | YFINANCE | Daily 30D fetch completed | rows=3421
2026-10-06 17:07:52 BST | INFO | FILE | Saved daily_30d | /root/trading/ASJR/ASJR_Analyst/DataLake/2026-10-06/raw/daily_30d.csv
2026-10-06 17:07:52 BST | INFO | FEATURES | Daily summary built | rows=115
2026-10-06 17:07:52 BST | INFO | IBKR | 5m fetch started | tickers=115 | duration=3 D | batch_size=5
2026-10-06 17:08:16 BST | INFO | IBKR | 5m fetch completed | rows=50467
2026-10-06 17:08:17 BST | INFO | FILE | Saved intraday_5m | /root/trading/ASJR/ASJR_Analyst/DataLake/2026-10-06/raw/intraday_5m.csv
2026-10-06 17:08:18 BST | INFO | FEATURES | Intraday summary built | rows=115
2026-10-06 17:08:18 BST | INFO | YFINANCE | Sector/market fetch started
2026-10-06 17:08:18 BST | INFO | YFINANCE | Sector/market fetch completed | rows=15
2026-10-06 17:08:18 BST | INFO | FILE | Saved sector_market_daily | /root/trading/ASJR/ASJR_Analyst/DataLake/2026-10-06/raw/sector_market_daily.csv
2026-10-06 17:08:18 BST | INFO | FILE | Saved ticker_summary | rows=115 | /root/trading/ASJR/ASJR_Analyst/DataLake/2026-10-06/processed/ticker_summary.csv
2026-10-06 17:08:18 BST | INFO | FILE | Saved asjr_snapshot | /root/trading/ASJR/ASJR_Analyst/DataLake/2026-10-06/processed/asjr_snapshot.json
2026-10-06 17:08:18 BST | INFO | RUN | DATA COMPLETE | universe=115 | intraday_rows=50467 | ticker_summary=115
2026-10-06 17:08:18 BST | INFO | GIT | File verification started | count=7
