2026-10-06 15:25:25 BST | INFO | RUN | VERSION | 2026.10.06.4
2026-10-06 15:25:25 BST | INFO | RUN | START | trade_date=2026-10-06
2026-10-06 15:25:25 BST | INFO | WATCHLIST | /root/trading/ASJR/ASJR_Analyst/DataLake/2026-10-06/config/fixed_watchlist.csv | source=prepared
2026-10-06 15:25:25 BST | INFO | RUN | OPTIONS | include_sector=True | git_submit=True | fetch_gapup_from_app=True
2026-10-06 15:25:25 BST | INFO | FOREX | One-time downloader | ok=True | started=True | FOREX_DOWNLOAD | started | tmux=forex_download | log=/root/trading/ASJR/Backtesting/BacktestData/IBKR/Forex/logs/EURUSD_1y_download.log
2026-10-06 15:25:25 BST | INFO | NQ | One-time downloader | ok=True | started=True | NQ_DOWNLOAD | started | tmux=nq_download | log=/root/trading/ASJR/Backtesting/BacktestData/OpenSource/NQ/logs/NQ_yfinance_download.log
2026-10-06 15:25:25 BST | INFO | MOVERS | Fetch started
2026-10-06 15:25:26 BST | INFO | MOVERS | Fetch completed | rows=0
2026-10-06 15:25:26 BST | INFO | MOVERS | Tickers | None
2026-10-06 15:25:26 BST | INFO | UNIVERSE | Built | tickers=20
2026-10-06 15:25:26 BST | INFO | YFINANCE | Daily 30D fetch started | tickers=20
2026-10-06 15:25:28 BST | INFO | YFINANCE | Daily 30D fetch completed | rows=600
2026-10-06 15:25:28 BST | INFO | FILE | Saved daily_30d | /root/trading/ASJR/ASJR_Analyst/DataLake/2026-10-06/raw/daily_30d.csv
2026-10-06 15:25:28 BST | INFO | FEATURES | Daily summary built | rows=20
2026-10-06 15:25:28 BST | INFO | IBKR | 5m fetch started | tickers=20 | duration=3 D | batch_size=5
2026-10-06 15:26:55 BST | INFO | IBKR | 5m fetch completed | rows=4243
2026-10-06 15:26:55 BST | INFO | FILE | Saved intraday_5m | /root/trading/ASJR/ASJR_Analyst/DataLake/2026-10-06/raw/intraday_5m.csv
2026-10-06 15:26:55 BST | INFO | FEATURES | Intraday summary built | rows=10
2026-10-06 15:26:55 BST | INFO | YFINANCE | Sector/market fetch started
2026-10-06 15:26:57 BST | INFO | YFINANCE | Sector/market fetch completed | rows=15
2026-10-06 15:26:57 BST | INFO | FILE | Saved sector_market_daily | /root/trading/ASJR/ASJR_Analyst/DataLake/2026-10-06/raw/sector_market_daily.csv
2026-10-06 15:26:57 BST | INFO | FILE | Saved ticker_summary | rows=20 | /root/trading/ASJR/ASJR_Analyst/DataLake/2026-10-06/processed/ticker_summary.csv
2026-10-06 15:26:57 BST | INFO | FILE | Saved asjr_snapshot | /root/trading/ASJR/ASJR_Analyst/DataLake/2026-10-06/processed/asjr_snapshot.json
2026-10-06 15:26:57 BST | INFO | RUN | DATA COMPLETE | universe=20 | intraday_rows=4243 | ticker_summary=20
2026-10-06 15:26:57 BST | INFO | GIT | File verification started | count=6
