2026-10-06 17:56:51 BST | INFO | RUN | VERSION | 2026.10.06.4
2026-10-06 17:56:51 BST | INFO | RUN | START | trade_date=2026-10-06
2026-10-06 17:56:51 BST | INFO | WATCHLIST | /root/trading/ASJR/ASJR_Analyst/DataLake/2026-10-06/config/fixed_watchlist.csv | source=prepared
2026-10-06 17:56:51 BST | INFO | RUN | OPTIONS | include_sector=True | git_submit=True | fetch_gapup_from_app=True
2026-10-06 17:56:51 BST | INFO | FOREX | One-time downloader | ok=True | started=True | FOREX_DOWNLOAD | started | tmux=forex_download | log=/root/trading/ASJR/Backtesting/BacktestData/IBKR/Forex/logs/EURUSD_1y_download.log
2026-10-06 17:56:51 BST | INFO | NQ | One-time downloader | ok=True | started=True | NQ_DOWNLOAD | started | tmux=nq_download | log=/root/trading/ASJR/Backtesting/BacktestData/OpenSource/NQ/logs/NQ_yfinance_download.log
2026-10-06 17:56:51 BST | INFO | MOVERS | Fetch started
2026-10-06 17:56:52 BST | INFO | MOVERS | Fetch completed | rows=100
2026-10-06 17:56:52 BST | INFO | MOVERS | Tickers | OPCH, EROC, CEG, INIO, CTVA, LW, VST, FCEL, CIEN, UEC, BRUN, NXT, NRG, NBIS, NNE, BWXT, OKLO, TIC, CCJ, FTAI, XE, MTSI, WING, SMR, ALAB, PRIM, NXE, MWH, BW, FRVO, NTSK, INTR, UUUU, AAOI, FRSH, ASTS, GEV, GLW, MIR, SHAK, QXO, BSP, FIGS, BWA, NCLH, TSEM, MOD, AAON, SECZ, BB, TWST, TXG, DNA, SYRE, NEO, TEM, PCVX, NVAX, SDGR, STX, CTKB, ABSI, MIAX, ELVN, GH, ADPT, STTK, CAI, WDC, CERT, BFLY, NEOG, IOVA, ILMN, IMNM, CRSP, MRNA, VCYT, CDNA, RGEN, LQDA, SKYD, GRPN, TNGX, NTRA, TWLO, RLAY, APPS, BHVN, CLDX, TRMD, HELP, NKTR, CHRW, IMVT, IBRX, IMMX, ORIC, MLYS, NTLA
2026-10-06 17:56:52 BST | INFO | UNIVERSE | Built | tickers=119
2026-10-06 17:56:52 BST | INFO | FILE | Saved ibkr_gapup (movers) | /root/trading/ASJR/ASJR_Analyst/DataLake/2026-10-06/raw/ibkr_gapup.csv
2026-10-06 17:56:52 BST | INFO | YFINANCE | Daily 30D fetch started | tickers=119
2026-10-06 17:56:58 BST | INFO | YFINANCE | Daily 30D fetch completed | rows=3541
2026-10-06 17:56:58 BST | INFO | FILE | Saved daily_30d | /root/trading/ASJR/ASJR_Analyst/DataLake/2026-10-06/raw/daily_30d.csv
2026-10-06 17:56:58 BST | INFO | FEATURES | Daily summary built | rows=119
2026-10-06 17:56:58 BST | INFO | IBKR | 5m fetch started | tickers=119 | duration=3 D | batch_size=5
2026-10-06 17:57:25 BST | INFO | IBKR | 5m fetch completed | rows=53234
2026-10-06 17:57:26 BST | INFO | FILE | Saved intraday_5m | /root/trading/ASJR/ASJR_Analyst/DataLake/2026-10-06/raw/intraday_5m.csv
2026-10-06 17:57:27 BST | INFO | FEATURES | Intraday summary built | rows=119
2026-10-06 17:57:27 BST | INFO | YFINANCE | Sector/market fetch started
2026-10-06 17:57:28 BST | INFO | YFINANCE | Sector/market fetch completed | rows=15
2026-10-06 17:57:28 BST | INFO | FILE | Saved sector_market_daily | /root/trading/ASJR/ASJR_Analyst/DataLake/2026-10-06/raw/sector_market_daily.csv
2026-10-06 17:57:28 BST | INFO | FILE | Saved ticker_summary | rows=119 | /root/trading/ASJR/ASJR_Analyst/DataLake/2026-10-06/processed/ticker_summary.csv
2026-10-06 17:57:28 BST | INFO | FILE | Saved asjr_snapshot | /root/trading/ASJR/ASJR_Analyst/DataLake/2026-10-06/processed/asjr_snapshot.json
2026-10-06 17:57:28 BST | INFO | RUN | DATA COMPLETE | universe=119 | intraday_rows=53234 | ticker_summary=119
2026-10-06 17:57:28 BST | INFO | GIT | File verification started | count=7
