2026-09-28 04:59:28 | INFO | RUN | START | trade_date=2026-09-28
2026-09-28 04:59:28 | INFO | WATCHLIST | /root/trading/ASJR/ASJR_Analyst/DataLake/2026-09-28/config/fixed_watchlist.csv | source=prepared
2026-09-28 04:59:28 | INFO | RUN | OPTIONS | include_sector=True | git_submit=True | fetch_gapup_from_app=True
2026-09-28 04:59:28 | INFO | GAPUP | Fetch started
2026-09-28 04:59:29 | INFO | GAPUP | Fetch completed | rows=0
2026-09-28 04:59:29 | INFO | GAPUP | Tickers | None
2026-09-28 04:59:29 | INFO | UNIVERSE | Built | tickers=14
2026-09-28 04:59:29 | INFO | YFINANCE | Daily 30D fetch started | tickers=14
2026-09-28 04:59:29 | INFO | YFINANCE | Daily 30D fetch completed | rows=420
2026-09-28 04:59:29 | INFO | FILE | Saved daily_30d | /root/trading/ASJR/ASJR_Analyst/DataLake/2026-09-28/raw/daily_30d.csv
2026-09-28 04:59:29 | INFO | FEATURES | Daily summary built | rows=14
2026-09-28 04:59:29 | INFO | IBKR | 5m fetch started | tickers=14 | duration=3 D | batch_size=5
2026-09-28 04:59:33 | INFO | IBKR | 5m fetch completed | rows=7939
2026-09-28 04:59:33 | INFO | FILE | Saved intraday_5m | /root/trading/ASJR/ASJR_Analyst/DataLake/2026-09-28/raw/intraday_5m.csv
2026-09-28 04:59:33 | INFO | FEATURES | Intraday summary built | rows=14
2026-09-28 04:59:33 | INFO | YFINANCE | Sector/market fetch started
2026-09-28 04:59:33 | INFO | YFINANCE | Sector/market fetch completed | rows=15
2026-09-28 04:59:33 | INFO | FILE | Saved sector_market_daily | /root/trading/ASJR/ASJR_Analyst/DataLake/2026-09-28/raw/sector_market_daily.csv
2026-09-28 04:59:34 | INFO | FILE | Saved ticker_summary | rows=14 | /root/trading/ASJR/ASJR_Analyst/DataLake/2026-09-28/processed/ticker_summary.csv
2026-09-28 04:59:34 | INFO | FILE | Saved asjr_snapshot | /root/trading/ASJR/ASJR_Analyst/DataLake/2026-09-28/processed/asjr_snapshot.json
2026-09-28 04:59:34 | INFO | RUN | DATA COMPLETE | universe=14 | intraday_rows=7939 | ticker_summary=14
2026-09-28 04:59:34 | INFO | GIT | File verification started | count=6
