2026-09-28 13:50:52 | INFO | RUN | START | trade_date=2026-09-28
2026-09-28 13:50:52 | INFO | WATCHLIST | /root/trading/ASJR/ASJR_Analyst/DataLake/2026-09-28/config/fixed_watchlist.csv | source=prepared
2026-09-28 13:50:52 | INFO | RUN | OPTIONS | include_sector=True | git_submit=True | fetch_gapup_from_app=True
2026-09-28 13:50:52 | INFO | GAPUP | Fetch started
2026-09-28 13:50:53 | INFO | GAPUP | Fetch completed | rows=5
2026-09-28 13:50:53 | INFO | GAPUP | Tickers | AMPX, ZIM, CBC, TRMD, SG
2026-09-28 13:50:53 | INFO | UNIVERSE | Built | tickers=22
2026-09-28 13:50:53 | INFO | FILE | Saved ibkr_gapup | /root/trading/ASJR/ASJR_Analyst/DataLake/2026-09-28/raw/ibkr_gapup.csv
2026-09-28 13:50:53 | INFO | YFINANCE | Daily 30D fetch started | tickers=22
2026-09-28 13:50:58 | INFO | YFINANCE | Daily 30D fetch completed | rows=660
2026-09-28 13:50:58 | INFO | FILE | Saved daily_30d | /root/trading/ASJR/ASJR_Analyst/DataLake/2026-09-28/raw/daily_30d.csv
2026-09-28 13:50:58 | INFO | FEATURES | Daily summary built | rows=22
2026-09-28 13:50:58 | INFO | IBKR | 5m fetch started | tickers=22 | duration=3 D | batch_size=5
2026-09-28 13:51:04 | INFO | IBKR | 5m fetch completed | rows=9113
2026-09-28 13:51:04 | INFO | FILE | Saved intraday_5m | /root/trading/ASJR/ASJR_Analyst/DataLake/2026-09-28/raw/intraday_5m.csv
2026-09-28 13:51:04 | INFO | FEATURES | Intraday summary built | rows=22
2026-09-28 13:51:04 | INFO | YFINANCE | Sector/market fetch started
2026-09-28 13:51:05 | INFO | YFINANCE | Sector/market fetch completed | rows=15
2026-09-28 13:51:05 | INFO | FILE | Saved sector_market_daily | /root/trading/ASJR/ASJR_Analyst/DataLake/2026-09-28/raw/sector_market_daily.csv
2026-09-28 13:51:05 | INFO | FILE | Saved ticker_summary | rows=22 | /root/trading/ASJR/ASJR_Analyst/DataLake/2026-09-28/processed/ticker_summary.csv
2026-09-28 13:51:05 | INFO | FILE | Saved asjr_snapshot | /root/trading/ASJR/ASJR_Analyst/DataLake/2026-09-28/processed/asjr_snapshot.json
2026-09-28 13:51:05 | INFO | RUN | DATA COMPLETE | universe=22 | intraday_rows=9113 | ticker_summary=22
2026-09-28 13:51:05 | INFO | GIT | File verification started | count=7
