2026-09-28 16:04:50 | INFO | RUN | START | trade_date=2026-09-28
2026-09-28 16:04:50 | INFO | WATCHLIST | /root/trading/ASJR/ASJR_Analyst/DataLake/2026-09-28/config/fixed_watchlist.csv | source=prepared
2026-09-28 16:04:50 | INFO | RUN | OPTIONS | include_sector=True | git_submit=True | fetch_gapup_from_app=True
2026-09-28 16:04:50 | INFO | GAPUP | Fetch started
2026-09-28 16:04:50 | INFO | GAPUP | Fetch completed | rows=3
2026-09-28 16:04:50 | INFO | GAPUP | Tickers | AMPX, SG, NVDL
2026-09-28 16:04:50 | INFO | UNIVERSE | Built | tickers=20
2026-09-28 16:04:50 | INFO | FILE | Saved ibkr_gapup | /root/trading/ASJR/ASJR_Analyst/DataLake/2026-09-28/raw/ibkr_gapup.csv
2026-09-28 16:04:50 | INFO | YFINANCE | Daily 30D fetch started | tickers=20
2026-09-28 16:04:51 | INFO | YFINANCE | Daily 30D fetch completed | rows=600
2026-09-28 16:04:51 | INFO | FILE | Saved daily_30d | /root/trading/ASJR/ASJR_Analyst/DataLake/2026-09-28/raw/daily_30d.csv
2026-09-28 16:04:51 | INFO | FEATURES | Daily summary built | rows=20
2026-09-28 16:04:51 | INFO | IBKR | 5m fetch started | tickers=20 | duration=3 D | batch_size=5
2026-09-28 16:04:55 | INFO | IBKR | 5m fetch completed | rows=8936
2026-09-28 16:04:56 | INFO | FILE | Saved intraday_5m | /root/trading/ASJR/ASJR_Analyst/DataLake/2026-09-28/raw/intraday_5m.csv
2026-09-28 16:04:56 | INFO | FEATURES | Intraday summary built | rows=20
2026-09-28 16:04:56 | INFO | YFINANCE | Sector/market fetch started
2026-09-28 16:04:56 | INFO | YFINANCE | Sector/market fetch completed | rows=15
2026-09-28 16:04:56 | INFO | FILE | Saved sector_market_daily | /root/trading/ASJR/ASJR_Analyst/DataLake/2026-09-28/raw/sector_market_daily.csv
2026-09-28 16:04:56 | INFO | FILE | Saved ticker_summary | rows=20 | /root/trading/ASJR/ASJR_Analyst/DataLake/2026-09-28/processed/ticker_summary.csv
2026-09-28 16:04:56 | INFO | FILE | Saved asjr_snapshot | /root/trading/ASJR/ASJR_Analyst/DataLake/2026-09-28/processed/asjr_snapshot.json
2026-09-28 16:04:56 | INFO | RUN | DATA COMPLETE | universe=20 | intraday_rows=8936 | ticker_summary=20
2026-09-28 16:04:56 | INFO | GIT | File verification started | count=7
