2026-10-07 19:54:03 BST | INFO | RUN | VERSION | 2026.10.06.4
2026-10-07 19:54:03 BST | INFO | RUN | START | trade_date=2026-10-07
2026-10-07 19:54:03 BST | INFO | WATCHLIST | /root/trading/ASJR/ASJR_Analyst/DataLake/2026-10-07/config/fixed_watchlist.csv | source=prepared
2026-10-07 19:54:03 BST | INFO | RUN | OPTIONS | include_sector=True | git_submit=True | fetch_gapup_from_app=True
2026-10-07 19:54:03 BST | INFO | FOREX | One-time downloader | ok=True | started=True | FOREX_DOWNLOAD | started | tmux=forex_download | log=/root/trading/ASJR/Backtesting/BacktestData/IBKR/Forex/logs/EURUSD_1y_download.log
2026-10-07 19:54:03 BST | INFO | NQ | One-time downloader | ok=True | started=True | NQ_DOWNLOAD | started | tmux=nq_download | log=/root/trading/ASJR/Backtesting/BacktestData/OpenSource/NQ/logs/NQ_yfinance_download.log
2026-10-07 19:54:03 BST | INFO | MOVERS | Fetch started
2026-10-07 19:54:05 BST | INFO | MOVERS | Fetch completed | rows=74
2026-10-07 19:54:05 BST | INFO | MOVERS | Tickers | BSP, PENG, CCOI, BRZE, BKV, PGNY, VSTM, NRG, PSQL, KVYO, BCRX, SPOT, SPT, MRNA, TTAN, GLUE, CNXC, WING, STUB, NAVN, VST, INTR, PRGO, AHCO, BULL, FCEL, HESM, SECZ, SKYD, ABSI, UUUU, FSM, REZI, FWDI, YSS, XE, QMCO, INFQ, ALM, QXO, OUST, CGNX, VOYG, NUAI, IE, ACCV, EQPT, LGN, NVTS, COCO, AVEX, AGCO, SHAZ, CNH, UEC, SMR, MSTR, PURR, CLSK, MARA, IREN, CAT, BMNR, HYMC, TWST, NBIS, KRMN, SATL, MUX, BTDR, MCHP, HUBG, BRUN, CIFR
2026-10-07 19:54:05 BST | INFO | UNIVERSE | Built | tickers=92
2026-10-07 19:54:05 BST | INFO | FILE | Saved ibkr_gapup (movers) | /root/trading/ASJR/ASJR_Analyst/DataLake/2026-10-07/raw/ibkr_gapup.csv
2026-10-07 19:54:05 BST | INFO | YFINANCE | Daily 30D fetch started | tickers=92
2026-10-07 19:54:09 BST | INFO | YFINANCE | Daily 30D fetch completed | rows=2732
2026-10-07 19:54:09 BST | INFO | FILE | Saved daily_30d | /root/trading/ASJR/ASJR_Analyst/DataLake/2026-10-07/raw/daily_30d.csv
2026-10-07 19:54:09 BST | INFO | FEATURES | Daily summary built | rows=92
2026-10-07 19:54:09 BST | INFO | IBKR | 5m fetch started | tickers=92 | duration=3 D | batch_size=5
2026-10-07 19:54:30 BST | INFO | IBKR | 5m fetch completed | rows=43673
2026-10-07 19:54:30 BST | INFO | FILE | Saved intraday_5m | /root/trading/ASJR/ASJR_Analyst/DataLake/2026-10-07/raw/intraday_5m.csv
2026-10-07 19:54:31 BST | INFO | FEATURES | Intraday summary built | rows=92
2026-10-07 19:54:31 BST | INFO | YFINANCE | Sector/market fetch started
2026-10-07 19:54:31 BST | INFO | YFINANCE | Sector/market fetch completed | rows=15
2026-10-07 19:54:31 BST | INFO | FILE | Saved sector_market_daily | /root/trading/ASJR/ASJR_Analyst/DataLake/2026-10-07/raw/sector_market_daily.csv
2026-10-07 19:54:31 BST | INFO | FILE | Saved ticker_summary | rows=92 | /root/trading/ASJR/ASJR_Analyst/DataLake/2026-10-07/processed/ticker_summary.csv
2026-10-07 19:54:31 BST | INFO | FILE | Saved asjr_snapshot | /root/trading/ASJR/ASJR_Analyst/DataLake/2026-10-07/processed/asjr_snapshot.json
2026-10-07 19:54:31 BST | INFO | RUN | DATA COMPLETE | universe=92 | intraday_rows=43673 | ticker_summary=92
2026-10-07 19:54:31 BST | INFO | GIT | File verification started | count=7
