2026-10-07 20:10:39 BST | INFO | RUN | VERSION | 2026.10.06.4
2026-10-07 20:10:39 BST | INFO | RUN | START | trade_date=2026-10-07
2026-10-07 20:10:39 BST | INFO | WATCHLIST | /root/trading/ASJR/ASJR_Analyst/DataLake/2026-10-07/config/fixed_watchlist.csv | source=prepared
2026-10-07 20:10:39 BST | INFO | RUN | OPTIONS | include_sector=True | git_submit=True | fetch_gapup_from_app=True
2026-10-07 20:10:39 BST | INFO | FOREX | One-time downloader | ok=True | started=True | FOREX_DOWNLOAD | started | tmux=forex_download | log=/root/trading/ASJR/Backtesting/BacktestData/IBKR/Forex/logs/EURUSD_1y_download.log
2026-10-07 20:10:39 BST | INFO | NQ | One-time downloader | ok=True | started=True | NQ_DOWNLOAD | started | tmux=nq_download | log=/root/trading/ASJR/Backtesting/BacktestData/OpenSource/NQ/logs/NQ_yfinance_download.log
2026-10-07 20:10:39 BST | INFO | MOVERS | Fetch started
2026-10-07 20:10:41 BST | INFO | MOVERS | Fetch completed | rows=74
2026-10-07 20:10:41 BST | INFO | MOVERS | Tickers | BSP, PENG, CCOI, BRZE, PGNY, BKV, VSTM, PSQL, CNXC, KVYO, BCRX, NRG, SPT, TTAN, SPOT, NAVN, WING, STUB, SMCI, VST, RSKD, GO, PRCT, PRGO, BULL, FCEL, HESM, SECZ, SKYD, ABSI, FSM, UUUU, REZI, XE, QMCO, YSS, FWDI, INFQ, OUST, ALM, CGNX, NUAI, VOYG, EQPT, BRUN, QXO, IE, ACCV, PURR, COCO, LGN, HYMC, NVTS, CLSK, AGCO, MARA, MSTR, SHAZ, HUBG, CNH, SMR, UEC, IREN, BMNR, CAT, MUX, AVEX, NBIS, AAOI, SATL, TWST, DNA, MRVI, BTDR
2026-10-07 20:10:41 BST | INFO | UNIVERSE | Built | tickers=92
2026-10-07 20:10:41 BST | INFO | FILE | Saved ibkr_gapup (movers) | /root/trading/ASJR/ASJR_Analyst/DataLake/2026-10-07/raw/ibkr_gapup.csv
2026-10-07 20:10:41 BST | INFO | YFINANCE | Daily 30D fetch started | tickers=92
2026-10-07 20:10:44 BST | INFO | YFINANCE | Daily 30D fetch completed | rows=2732
2026-10-07 20:10:44 BST | INFO | FILE | Saved daily_30d | /root/trading/ASJR/ASJR_Analyst/DataLake/2026-10-07/raw/daily_30d.csv
2026-10-07 20:10:44 BST | INFO | FEATURES | Daily summary built | rows=92
2026-10-07 20:10:44 BST | INFO | IBKR | 5m fetch started | tickers=92 | duration=3 D | batch_size=5
2026-10-07 20:11:05 BST | INFO | IBKR | 5m fetch completed | rows=43882
2026-10-07 20:11:06 BST | INFO | FILE | Saved intraday_5m | /root/trading/ASJR/ASJR_Analyst/DataLake/2026-10-07/raw/intraday_5m.csv
2026-10-07 20:11:06 BST | INFO | FEATURES | Intraday summary built | rows=92
2026-10-07 20:11:06 BST | INFO | YFINANCE | Sector/market fetch started
2026-10-07 20:11:07 BST | INFO | YFINANCE | Sector/market fetch completed | rows=15
2026-10-07 20:11:07 BST | INFO | FILE | Saved sector_market_daily | /root/trading/ASJR/ASJR_Analyst/DataLake/2026-10-07/raw/sector_market_daily.csv
2026-10-07 20:11:07 BST | INFO | FILE | Saved ticker_summary | rows=92 | /root/trading/ASJR/ASJR_Analyst/DataLake/2026-10-07/processed/ticker_summary.csv
2026-10-07 20:11:07 BST | INFO | FILE | Saved asjr_snapshot | /root/trading/ASJR/ASJR_Analyst/DataLake/2026-10-07/processed/asjr_snapshot.json
2026-10-07 20:11:07 BST | INFO | RUN | DATA COMPLETE | universe=92 | intraday_rows=43882 | ticker_summary=92
2026-10-07 20:11:07 BST | INFO | GIT | File verification started | count=7
