2026-10-07 19:05:52 BST | INFO | RUN | VERSION | 2026.10.06.4
2026-10-07 19:05:52 BST | INFO | RUN | START | trade_date=2026-10-07
2026-10-07 19:05:52 BST | INFO | WATCHLIST | /root/trading/ASJR/ASJR_Analyst/DataLake/2026-10-07/config/fixed_watchlist.csv | source=prepared
2026-10-07 19:05:52 BST | INFO | RUN | OPTIONS | include_sector=True | git_submit=True | fetch_gapup_from_app=True
2026-10-07 19:05:52 BST | INFO | FOREX | One-time downloader | ok=True | started=True | FOREX_DOWNLOAD | started | tmux=forex_download | log=/root/trading/ASJR/Backtesting/BacktestData/IBKR/Forex/logs/EURUSD_1y_download.log
2026-10-07 19:05:52 BST | INFO | NQ | One-time downloader | ok=True | started=True | NQ_DOWNLOAD | started | tmux=nq_download | log=/root/trading/ASJR/Backtesting/BacktestData/OpenSource/NQ/logs/NQ_yfinance_download.log
2026-10-07 19:05:52 BST | INFO | MOVERS | Fetch started
2026-10-07 19:05:53 BST | INFO | MOVERS | Fetch completed | rows=70
2026-10-07 19:05:53 BST | INFO | MOVERS | Tickers | BSP, PENG, BRZE, CCOI, PGNY, BKV, NRG, VSTM, SPOT, KVYO, PSQL, BCRX, TTAN, CNXC, GLUE, WING, INTR, SNDK, AHCO, PRCT, BULL, HESM, FCEL, SKYD, ABSI, SECZ, YSS, UUUU, REZI, VOYG, XE, DNA, FWDI, NN, OUST, SATL, FSM, ALM, AVEX, INFQ, CGNX, QXO, BW, SHAZ, QMCO, SMR, FLY, IREN, AGCO, IE, VSAT, TWST, NVTS, MSTR, EQPT, BTDR, UEC, LUNR, ACCV, LGN, BMNR, BRUN, PURR, NUAI, KRMN, MARA, CNH, SBET, CAT, ASST
2026-10-07 19:05:53 BST | INFO | UNIVERSE | Built | tickers=89
2026-10-07 19:05:53 BST | INFO | FILE | Saved ibkr_gapup (movers) | /root/trading/ASJR/ASJR_Analyst/DataLake/2026-10-07/raw/ibkr_gapup.csv
2026-10-07 19:05:53 BST | INFO | YFINANCE | Daily 30D fetch started | tickers=89
2026-10-07 19:05:59 BST | INFO | YFINANCE | Daily 30D fetch completed | rows=2642
2026-10-07 19:05:59 BST | INFO | FILE | Saved daily_30d | /root/trading/ASJR/ASJR_Analyst/DataLake/2026-10-07/raw/daily_30d.csv
2026-10-07 19:05:59 BST | INFO | FEATURES | Daily summary built | rows=89
2026-10-07 19:05:59 BST | INFO | IBKR | 5m fetch started | tickers=89 | duration=3 D | batch_size=5
2026-10-07 19:06:19 BST | INFO | IBKR | 5m fetch completed | rows=41867
2026-10-07 19:06:20 BST | INFO | FILE | Saved intraday_5m | /root/trading/ASJR/ASJR_Analyst/DataLake/2026-10-07/raw/intraday_5m.csv
2026-10-07 19:06:20 BST | INFO | FEATURES | Intraday summary built | rows=89
2026-10-07 19:06:20 BST | INFO | YFINANCE | Sector/market fetch started
2026-10-07 19:06:22 BST | INFO | YFINANCE | Sector/market fetch completed | rows=15
2026-10-07 19:06:22 BST | INFO | FILE | Saved sector_market_daily | /root/trading/ASJR/ASJR_Analyst/DataLake/2026-10-07/raw/sector_market_daily.csv
2026-10-07 19:06:22 BST | INFO | FILE | Saved ticker_summary | rows=89 | /root/trading/ASJR/ASJR_Analyst/DataLake/2026-10-07/processed/ticker_summary.csv
2026-10-07 19:06:22 BST | INFO | FILE | Saved asjr_snapshot | /root/trading/ASJR/ASJR_Analyst/DataLake/2026-10-07/processed/asjr_snapshot.json
2026-10-07 19:06:22 BST | INFO | RUN | DATA COMPLETE | universe=89 | intraday_rows=41867 | ticker_summary=89
2026-10-07 19:06:22 BST | INFO | GIT | File verification started | count=7
