2026-10-07 16:31:19 BST | INFO | RUN | VERSION | 2026.10.06.4
2026-10-07 16:31:19 BST | INFO | RUN | START | trade_date=2026-10-07
2026-10-07 16:31:19 BST | INFO | WATCHLIST | /root/trading/ASJR/ASJR_Analyst/DataLake/2026-10-07/config/fixed_watchlist.csv | source=prepared
2026-10-07 16:31:19 BST | INFO | RUN | OPTIONS | include_sector=True | git_submit=True | fetch_gapup_from_app=True
2026-10-07 16:31:19 BST | INFO | FOREX | One-time downloader | ok=True | started=True | FOREX_DOWNLOAD | started | tmux=forex_download | log=/root/trading/ASJR/Backtesting/BacktestData/IBKR/Forex/logs/EURUSD_1y_download.log
2026-10-07 16:31:19 BST | INFO | NQ | One-time downloader | ok=True | started=True | NQ_DOWNLOAD | started | tmux=nq_download | log=/root/trading/ASJR/Backtesting/BacktestData/OpenSource/NQ/logs/NQ_yfinance_download.log
2026-10-07 16:31:19 BST | INFO | MOVERS | Fetch started
2026-10-07 16:31:21 BST | INFO | MOVERS | Fetch completed | rows=61
2026-10-07 16:31:21 BST | INFO | MOVERS | Tickers | PENG, BKV, SVRA, GLUE, PGNY, PSQL, BHC, SMMT, BSP, ZVRA, VSTM, BULL, HESM, FCEL, SKYD, QXO, SECZ, OUST, XE, AVEX, CGNX, VOYG, ARLO, YSS, BW, FWDI, UUUU, UMAC, SMR, REZI, AAOI, BTDR, SATL, MARA, LGN, BMNR, LUNR, AEHR, ACCV, CLSK, IREN, IE, CNH, INFQ, KRMN, ASTS, FLNC, DNA, ALM, CAT, FLY, BRUN, NUAI, APLD, AVAV, NBIS, SBET, SHAZ, MSTR, FUN, POET
2026-10-07 16:31:21 BST | INFO | UNIVERSE | Built | tickers=80
2026-10-07 16:31:21 BST | INFO | FILE | Saved ibkr_gapup (movers) | /root/trading/ASJR/ASJR_Analyst/DataLake/2026-10-07/raw/ibkr_gapup.csv
2026-10-07 16:31:21 BST | INFO | YFINANCE | Daily 30D fetch started | tickers=80
2026-10-07 16:31:24 BST | INFO | YFINANCE | Daily 30D fetch completed | rows=2372
2026-10-07 16:31:24 BST | INFO | FILE | Saved daily_30d | /root/trading/ASJR/ASJR_Analyst/DataLake/2026-10-07/raw/daily_30d.csv
2026-10-07 16:31:24 BST | INFO | FEATURES | Daily summary built | rows=80
2026-10-07 16:31:24 BST | INFO | IBKR | 5m fetch started | tickers=80 | duration=3 D | batch_size=5
2026-10-07 16:31:41 BST | INFO | IBKR | 5m fetch completed | rows=35640
2026-10-07 16:31:42 BST | INFO | FILE | Saved intraday_5m | /root/trading/ASJR/ASJR_Analyst/DataLake/2026-10-07/raw/intraday_5m.csv
2026-10-07 16:31:42 BST | INFO | FEATURES | Intraday summary built | rows=80
2026-10-07 16:31:42 BST | INFO | YFINANCE | Sector/market fetch started
2026-10-07 16:31:43 BST | INFO | YFINANCE | Sector/market fetch completed | rows=15
2026-10-07 16:31:43 BST | INFO | FILE | Saved sector_market_daily | /root/trading/ASJR/ASJR_Analyst/DataLake/2026-10-07/raw/sector_market_daily.csv
2026-10-07 16:31:43 BST | INFO | FILE | Saved ticker_summary | rows=80 | /root/trading/ASJR/ASJR_Analyst/DataLake/2026-10-07/processed/ticker_summary.csv
2026-10-07 16:31:43 BST | INFO | FILE | Saved asjr_snapshot | /root/trading/ASJR/ASJR_Analyst/DataLake/2026-10-07/processed/asjr_snapshot.json
2026-10-07 16:31:43 BST | INFO | RUN | DATA COMPLETE | universe=80 | intraday_rows=35640 | ticker_summary=80
2026-10-07 16:31:43 BST | INFO | GIT | File verification started | count=7
