2026-10-07 18:10:31 BST | INFO | RUN | VERSION | 2026.10.06.4
2026-10-07 18:10:31 BST | INFO | RUN | START | trade_date=2026-10-07
2026-10-07 18:10:31 BST | INFO | WATCHLIST | /root/trading/ASJR/ASJR_Analyst/DataLake/2026-10-07/config/fixed_watchlist.csv | source=prepared
2026-10-07 18:10:31 BST | INFO | RUN | OPTIONS | include_sector=True | git_submit=True | fetch_gapup_from_app=True
2026-10-07 18:10:31 BST | INFO | FOREX | One-time downloader | ok=True | started=True | FOREX_DOWNLOAD | started | tmux=forex_download | log=/root/trading/ASJR/Backtesting/BacktestData/IBKR/Forex/logs/EURUSD_1y_download.log
2026-10-07 18:10:31 BST | INFO | NQ | One-time downloader | ok=True | started=True | NQ_DOWNLOAD | started | tmux=nq_download | log=/root/trading/ASJR/Backtesting/BacktestData/OpenSource/NQ/logs/NQ_yfinance_download.log
2026-10-07 18:10:31 BST | INFO | MOVERS | Fetch started
2026-10-07 18:10:33 BST | INFO | MOVERS | Fetch completed | rows=75
2026-10-07 18:10:33 BST | INFO | MOVERS | Tickers | PENG, BSP, CCOI, SVRA, BRZE, BKV, PSQL, PGNY, VSTM, TTAN, GLUE, SPOT, ZVRA, PRCT, BCRX, FLO, NRG, SMMT, WING, INTR, MU, BHC, KVYO, SNDK, DYN, BULL, HESM, FCEL, SKYD, SECZ, ABSI, UUUU, YSS, XE, VOYG, QXO, FWDI, REZI, OUST, BRUN, DNA, ALM, INFQ, MARA, AAOI, CLSK, BTDR, SATL, AVEX, BMNR, SMR, LUNR, NVTS, IREN, CGNX, NUAI, FLY, FUN, IE, BW, MSTR, UEC, QMCO, DJT, SDGR, NBIS, CIFR, FLNC, KRMN, SBET, SHAZ, ACCV, PURR, SEDG, ASTS
2026-10-07 18:10:33 BST | INFO | UNIVERSE | Built | tickers=94
2026-10-07 18:10:33 BST | INFO | FILE | Saved ibkr_gapup (movers) | /root/trading/ASJR/ASJR_Analyst/DataLake/2026-10-07/raw/ibkr_gapup.csv
2026-10-07 18:10:33 BST | INFO | YFINANCE | Daily 30D fetch started | tickers=94
2026-10-07 18:10:38 BST | INFO | YFINANCE | Daily 30D fetch completed | rows=2792
2026-10-07 18:10:38 BST | INFO | FILE | Saved daily_30d | /root/trading/ASJR/ASJR_Analyst/DataLake/2026-10-07/raw/daily_30d.csv
2026-10-07 18:10:38 BST | INFO | FEATURES | Daily summary built | rows=94
2026-10-07 18:10:38 BST | INFO | IBKR | 5m fetch started | tickers=94 | duration=3 D | batch_size=5
2026-10-07 18:11:03 BST | INFO | IBKR | 5m fetch completed | rows=43871
2026-10-07 18:11:03 BST | INFO | FILE | Saved intraday_5m | /root/trading/ASJR/ASJR_Analyst/DataLake/2026-10-07/raw/intraday_5m.csv
2026-10-07 18:11:03 BST | INFO | FEATURES | Intraday summary built | rows=94
2026-10-07 18:11:03 BST | INFO | YFINANCE | Sector/market fetch started
2026-10-07 18:11:04 BST | INFO | YFINANCE | Sector/market fetch completed | rows=15
2026-10-07 18:11:04 BST | INFO | FILE | Saved sector_market_daily | /root/trading/ASJR/ASJR_Analyst/DataLake/2026-10-07/raw/sector_market_daily.csv
2026-10-07 18:11:04 BST | INFO | FILE | Saved ticker_summary | rows=94 | /root/trading/ASJR/ASJR_Analyst/DataLake/2026-10-07/processed/ticker_summary.csv
2026-10-07 18:11:04 BST | INFO | FILE | Saved asjr_snapshot | /root/trading/ASJR/ASJR_Analyst/DataLake/2026-10-07/processed/asjr_snapshot.json
2026-10-07 18:11:04 BST | INFO | RUN | DATA COMPLETE | universe=94 | intraday_rows=43871 | ticker_summary=94
2026-10-07 18:11:04 BST | INFO | GIT | File verification started | count=7
