2026-10-07 20:16:11 BST | INFO | RUN | VERSION | 2026.10.06.4
2026-10-07 20:16:11 BST | INFO | RUN | START | trade_date=2026-10-07
2026-10-07 20:16:11 BST | INFO | WATCHLIST | /root/trading/ASJR/ASJR_Analyst/DataLake/2026-10-07/config/fixed_watchlist.csv | source=prepared
2026-10-07 20:16:11 BST | INFO | RUN | OPTIONS | include_sector=True | git_submit=True | fetch_gapup_from_app=True
2026-10-07 20:16:11 BST | INFO | FOREX | One-time downloader | ok=True | started=True | FOREX_DOWNLOAD | started | tmux=forex_download | log=/root/trading/ASJR/Backtesting/BacktestData/IBKR/Forex/logs/EURUSD_1y_download.log
2026-10-07 20:16:11 BST | INFO | NQ | One-time downloader | ok=True | started=True | NQ_DOWNLOAD | started | tmux=nq_download | log=/root/trading/ASJR/Backtesting/BacktestData/OpenSource/NQ/logs/NQ_yfinance_download.log
2026-10-07 20:16:11 BST | INFO | MOVERS | Fetch started
2026-10-07 20:16:13 BST | INFO | MOVERS | Fetch completed | rows=73
2026-10-07 20:16:13 BST | INFO | MOVERS | Tickers | BSP, PENG, CCOI, BRZE, BKV, PGNY, VSTM, PSQL, CNXC, BCRX, SPT, KVYO, NRG, TTAN, SMCI, SPOT, NAVN, PRCT, GO, WING, STUB, VST, GLUE, BULL, FCEL, HESM, SECZ, SKYD, ABSI, FSM, UUUU, XE, REZI, QMCO, YSS, FWDI, INFQ, ALM, OUST, CGNX, NUAI, COCO, EQPT, BRUN, VOYG, NVTS, IE, HYMC, PURR, CNH, MSTR, ACCV, QXO, LGN, SHAZ, UEC, AGCO, CLSK, MARA, MUX, SMR, BMNR, CELC, CAT, AVEX, IREN, HUBG, DNA, BTDR, NBIS, BFLY, MRVI, SATL
2026-10-07 20:16:13 BST | INFO | UNIVERSE | Built | tickers=91
2026-10-07 20:16:13 BST | INFO | FILE | Saved ibkr_gapup (movers) | /root/trading/ASJR/ASJR_Analyst/DataLake/2026-10-07/raw/ibkr_gapup.csv
2026-10-07 20:16:13 BST | INFO | YFINANCE | Daily 30D fetch started | tickers=91
2026-10-07 20:16:16 BST | INFO | YFINANCE | Daily 30D fetch completed | rows=2702
2026-10-07 20:16:16 BST | INFO | FILE | Saved daily_30d | /root/trading/ASJR/ASJR_Analyst/DataLake/2026-10-07/raw/daily_30d.csv
2026-10-07 20:16:16 BST | INFO | FEATURES | Daily summary built | rows=91
2026-10-07 20:16:16 BST | INFO | IBKR | 5m fetch started | tickers=91 | duration=3 D | batch_size=5
2026-10-07 20:16:37 BST | INFO | IBKR | 5m fetch completed | rows=43450
2026-10-07 20:16:37 BST | INFO | FILE | Saved intraday_5m | /root/trading/ASJR/ASJR_Analyst/DataLake/2026-10-07/raw/intraday_5m.csv
2026-10-07 20:16:38 BST | INFO | FEATURES | Intraday summary built | rows=91
2026-10-07 20:16:38 BST | INFO | YFINANCE | Sector/market fetch started
2026-10-07 20:16:39 BST | INFO | YFINANCE | Sector/market fetch completed | rows=15
2026-10-07 20:16:39 BST | INFO | FILE | Saved sector_market_daily | /root/trading/ASJR/ASJR_Analyst/DataLake/2026-10-07/raw/sector_market_daily.csv
2026-10-07 20:16:39 BST | INFO | FILE | Saved ticker_summary | rows=91 | /root/trading/ASJR/ASJR_Analyst/DataLake/2026-10-07/processed/ticker_summary.csv
2026-10-07 20:16:39 BST | INFO | FILE | Saved asjr_snapshot | /root/trading/ASJR/ASJR_Analyst/DataLake/2026-10-07/processed/asjr_snapshot.json
2026-10-07 20:16:39 BST | INFO | RUN | DATA COMPLETE | universe=91 | intraday_rows=43450 | ticker_summary=91
2026-10-07 20:16:39 BST | INFO | GIT | File verification started | count=7
