2026-10-07 17:52:29 BST | INFO | RUN | VERSION | 2026.10.06.4
2026-10-07 17:52:29 BST | INFO | RUN | START | trade_date=2026-10-07
2026-10-07 17:52:29 BST | INFO | WATCHLIST | /root/trading/ASJR/ASJR_Analyst/DataLake/2026-10-07/config/fixed_watchlist.csv | source=prepared
2026-10-07 17:52:29 BST | INFO | RUN | OPTIONS | include_sector=True | git_submit=True | fetch_gapup_from_app=True
2026-10-07 17:52:29 BST | INFO | FOREX | One-time downloader | ok=True | started=True | FOREX_DOWNLOAD | started | tmux=forex_download | log=/root/trading/ASJR/Backtesting/BacktestData/IBKR/Forex/logs/EURUSD_1y_download.log
2026-10-07 17:52:29 BST | INFO | NQ | One-time downloader | ok=True | started=True | NQ_DOWNLOAD | started | tmux=nq_download | log=/root/trading/ASJR/Backtesting/BacktestData/OpenSource/NQ/logs/NQ_yfinance_download.log
2026-10-07 17:52:29 BST | INFO | MOVERS | Fetch started
2026-10-07 17:52:31 BST | INFO | MOVERS | Fetch completed | rows=71
2026-10-07 17:52:31 BST | INFO | MOVERS | Tickers | PENG, BSP, PSQL, SVRA, BRZE, BKV, PGNY, CCOI, GLUE, VSTM, PRCT, ZVRA, SPOT, FLO, TTAN, BCRX, WING, DYN, GO, MU, SNDK, BULL, HESM, FCEL, SKYD, SECZ, YSS, ABSI, UUUU, XE, VOYG, QXO, FWDI, INFQ, OUST, REZI, BRUN, SATL, AVEX, MARA, AAOI, UEC, FLY, LUNR, DNA, CGNX, CLSK, NVTS, SMR, BMNR, FUN, ALM, NUAI, IE, BW, IREN, BTDR, CIFR, EQPT, ASTS, HYMC, PL, FLNC, KRMN, SDGR, NBIS, LGN, MSTR, SBET, DJT, MP
2026-10-07 17:52:31 BST | INFO | UNIVERSE | Built | tickers=90
2026-10-07 17:52:31 BST | INFO | FILE | Saved ibkr_gapup (movers) | /root/trading/ASJR/ASJR_Analyst/DataLake/2026-10-07/raw/ibkr_gapup.csv
2026-10-07 17:52:31 BST | INFO | YFINANCE | Daily 30D fetch started | tickers=90
2026-10-07 17:52:35 BST | INFO | YFINANCE | Daily 30D fetch completed | rows=2700
2026-10-07 17:52:35 BST | INFO | FILE | Saved daily_30d | /root/trading/ASJR/ASJR_Analyst/DataLake/2026-10-07/raw/daily_30d.csv
2026-10-07 17:52:35 BST | INFO | FEATURES | Daily summary built | rows=90
2026-10-07 17:52:35 BST | INFO | IBKR | 5m fetch started | tickers=90 | duration=3 D | batch_size=5
2026-10-07 17:52:55 BST | INFO | IBKR | 5m fetch completed | rows=41291
2026-10-07 17:52:55 BST | INFO | FILE | Saved intraday_5m | /root/trading/ASJR/ASJR_Analyst/DataLake/2026-10-07/raw/intraday_5m.csv
2026-10-07 17:52:55 BST | INFO | FEATURES | Intraday summary built | rows=90
2026-10-07 17:52:55 BST | INFO | YFINANCE | Sector/market fetch started
2026-10-07 17:52:56 BST | INFO | YFINANCE | Sector/market fetch completed | rows=15
2026-10-07 17:52:56 BST | INFO | FILE | Saved sector_market_daily | /root/trading/ASJR/ASJR_Analyst/DataLake/2026-10-07/raw/sector_market_daily.csv
2026-10-07 17:52:56 BST | INFO | FILE | Saved ticker_summary | rows=90 | /root/trading/ASJR/ASJR_Analyst/DataLake/2026-10-07/processed/ticker_summary.csv
2026-10-07 17:52:56 BST | INFO | FILE | Saved asjr_snapshot | /root/trading/ASJR/ASJR_Analyst/DataLake/2026-10-07/processed/asjr_snapshot.json
2026-10-07 17:52:56 BST | INFO | RUN | DATA COMPLETE | universe=90 | intraday_rows=41291 | ticker_summary=90
2026-10-07 17:52:56 BST | INFO | GIT | File verification started | count=7
2026-10-07 17:52:59 BST | ERROR | RUN | FAILED
Traceback (most recent call last):
  File "/root/trading/ASJR/ASJR_Analyst/Tests/test_asjr_pipeline.py", line 354, in run_asjr_manual_pipeline
    git_result = asjr_git.submit_datalake(
  File "/root/trading/ASJR/ASJR_Analyst/Utils/asjr_git.py", line 113, in submit_datalake
    push = _run_git(
  File "/root/trading/ASJR/ASJR_Analyst/Utils/asjr_git.py", line 13, in _run_git
    raise RuntimeError(
RuntimeError: Git command failed: git push origin main
STDOUT:

STDERR:
remote: Internal Server Error        
remote: Request ID D17C:33290B:31FCBD:389D4A:6AC678E9        
remote: Time 2026-10-07T16:52:59Z
To github.com:raghunathbhandari/ASJR.git
 ! [remote rejected]   main -> main (Internal Server Error)
error: failed to push some refs to 'github.com:raghunathbhandari/ASJR.git'

