2026-10-07 18:16:10 BST | INFO | RUN | VERSION | 2026.10.06.4
2026-10-07 18:16:10 BST | INFO | RUN | START | trade_date=2026-10-07
2026-10-07 18:16:10 BST | INFO | WATCHLIST | /root/trading/ASJR/ASJR_Analyst/DataLake/2026-10-07/config/fixed_watchlist.csv | source=prepared
2026-10-07 18:16:10 BST | INFO | RUN | OPTIONS | include_sector=True | git_submit=True | fetch_gapup_from_app=True
2026-10-07 18:16:10 BST | INFO | FOREX | One-time downloader | ok=True | started=True | FOREX_DOWNLOAD | started | tmux=forex_download | log=/root/trading/ASJR/Backtesting/BacktestData/IBKR/Forex/logs/EURUSD_1y_download.log
2026-10-07 18:16:10 BST | INFO | NQ | One-time downloader | ok=True | started=True | NQ_DOWNLOAD | started | tmux=nq_download | log=/root/trading/ASJR/Backtesting/BacktestData/OpenSource/NQ/logs/NQ_yfinance_download.log
2026-10-07 18:16:10 BST | INFO | MOVERS | Fetch started
2026-10-07 18:16:11 BST | INFO | MOVERS | Fetch completed | rows=73
2026-10-07 18:16:11 BST | INFO | MOVERS | Tickers | PENG, BSP, BRZE, CCOI, BKV, PSQL, SVRA, PGNY, TTAN, VSTM, SPOT, PRCT, GLUE, ZVRA, BCRX, FLO, NRG, WING, SMMT, CNXC, BHC, KVYO, ALHC, BULL, HESM, FCEL, SKYD, SECZ, ABSI, UUUU, XE, YSS, VOYG, FWDI, DNA, REZI, OUST, QXO, INFQ, SATL, ALM, AAOI, AVEX, BRUN, BTDR, CLSK, LUNR, MARA, SMR, SDGR, FLY, BMNR, NVTS, CGNX, NUAI, UEC, QMCO, IE, IREN, ACCV, MSTR, BW, ASTS, NBIS, DJT, FLNC, KRMN, SEDG, SBET, LGN, AGCO, MRVI, SHAZ
2026-10-07 18:16:12 BST | INFO | UNIVERSE | Built | tickers=93
2026-10-07 18:16:12 BST | INFO | FILE | Saved ibkr_gapup (movers) | /root/trading/ASJR/ASJR_Analyst/DataLake/2026-10-07/raw/ibkr_gapup.csv
2026-10-07 18:16:12 BST | INFO | YFINANCE | Daily 30D fetch started | tickers=93
2026-10-07 18:16:16 BST | INFO | YFINANCE | Daily 30D fetch completed | rows=2762
2026-10-07 18:16:16 BST | INFO | FILE | Saved daily_30d | /root/trading/ASJR/ASJR_Analyst/DataLake/2026-10-07/raw/daily_30d.csv
2026-10-07 18:16:16 BST | INFO | FEATURES | Daily summary built | rows=93
2026-10-07 18:16:16 BST | INFO | IBKR | 5m fetch started | tickers=93 | duration=3 D | batch_size=5
2026-10-07 18:16:39 BST | INFO | IBKR | 5m fetch completed | rows=43184
2026-10-07 18:16:39 BST | INFO | FILE | Saved intraday_5m | /root/trading/ASJR/ASJR_Analyst/DataLake/2026-10-07/raw/intraday_5m.csv
2026-10-07 18:16:39 BST | INFO | FEATURES | Intraday summary built | rows=93
2026-10-07 18:16:39 BST | INFO | YFINANCE | Sector/market fetch started
2026-10-07 18:16:40 BST | INFO | YFINANCE | Sector/market fetch completed | rows=15
2026-10-07 18:16:40 BST | INFO | FILE | Saved sector_market_daily | /root/trading/ASJR/ASJR_Analyst/DataLake/2026-10-07/raw/sector_market_daily.csv
2026-10-07 18:16:40 BST | INFO | FILE | Saved ticker_summary | rows=93 | /root/trading/ASJR/ASJR_Analyst/DataLake/2026-10-07/processed/ticker_summary.csv
2026-10-07 18:16:40 BST | INFO | FILE | Saved asjr_snapshot | /root/trading/ASJR/ASJR_Analyst/DataLake/2026-10-07/processed/asjr_snapshot.json
2026-10-07 18:16:40 BST | INFO | RUN | DATA COMPLETE | universe=93 | intraday_rows=43184 | ticker_summary=93
2026-10-07 18:16:40 BST | INFO | GIT | File verification started | count=7
