2026-10-07 14:41:59 BST | INFO | RUN | VERSION | 2026.10.06.4
2026-10-07 14:41:59 BST | INFO | RUN | START | trade_date=2026-10-07
2026-10-07 14:41:59 BST | INFO | WATCHLIST | /root/trading/ASJR/ASJR_Analyst/DataLake/2026-10-07/config/fixed_watchlist.csv | source=prepared
2026-10-07 14:41:59 BST | INFO | RUN | OPTIONS | include_sector=True | git_submit=True | fetch_gapup_from_app=True
2026-10-07 14:41:59 BST | INFO | FOREX | One-time downloader | ok=True | started=True | FOREX_DOWNLOAD | started | tmux=forex_download | log=/root/trading/ASJR/Backtesting/BacktestData/IBKR/Forex/logs/EURUSD_1y_download.log
2026-10-07 14:41:59 BST | INFO | NQ | One-time downloader | ok=True | started=True | NQ_DOWNLOAD | started | tmux=nq_download | log=/root/trading/ASJR/Backtesting/BacktestData/OpenSource/NQ/logs/NQ_yfinance_download.log
2026-10-07 14:41:59 BST | INFO | MOVERS | Fetch started
2026-10-07 14:42:00 BST | INFO | MOVERS | Fetch completed | rows=53
2026-10-07 14:42:00 BST | INFO | MOVERS | Tickers | PENG, BKV, VSTM, BULL, HESM, FCEL, DNA, FWDI, SECZ, XE, TXG, ALAB, GRPN, SHAZ, FLNC, UMAC, SATL, HYMC, BKSY, AAOI, OKLO, QXO, NNE, FLY, ASTS, RDW, UEC, PL, AG, SMR, AYA, AMPX, ASM, UUUU, LUNR, PPTA, SVM, EGO, FSM, SKYD, ARIS, HUT, MARA, NG, CLSK, OUST, AEVA, EXK, SBET, AU, GLXY, IE, TWST
2026-10-07 14:42:00 BST | INFO | UNIVERSE | Built | tickers=73
2026-10-07 14:42:00 BST | INFO | FILE | Saved ibkr_gapup (movers) | /root/trading/ASJR/ASJR_Analyst/DataLake/2026-10-07/raw/ibkr_gapup.csv
2026-10-07 14:42:00 BST | INFO | YFINANCE | Daily 30D fetch started | tickers=73
2026-10-07 14:42:06 BST | INFO | YFINANCE | Daily 30D fetch completed | rows=2190
2026-10-07 14:42:06 BST | INFO | FILE | Saved daily_30d | /root/trading/ASJR/ASJR_Analyst/DataLake/2026-10-07/raw/daily_30d.csv
2026-10-07 14:42:06 BST | INFO | FEATURES | Daily summary built | rows=73
2026-10-07 14:42:06 BST | INFO | IBKR | 5m fetch started | tickers=73 | duration=3 D | batch_size=5
2026-10-07 14:42:22 BST | INFO | IBKR | 5m fetch completed | rows=31594
2026-10-07 14:42:22 BST | INFO | FILE | Saved intraday_5m | /root/trading/ASJR/ASJR_Analyst/DataLake/2026-10-07/raw/intraday_5m.csv
2026-10-07 14:42:22 BST | INFO | FEATURES | Intraday summary built | rows=73
2026-10-07 14:42:22 BST | INFO | YFINANCE | Sector/market fetch started
2026-10-07 14:42:23 BST | INFO | YFINANCE | Sector/market fetch completed | rows=15
2026-10-07 14:42:23 BST | INFO | FILE | Saved sector_market_daily | /root/trading/ASJR/ASJR_Analyst/DataLake/2026-10-07/raw/sector_market_daily.csv
2026-10-07 14:42:23 BST | INFO | FILE | Saved ticker_summary | rows=73 | /root/trading/ASJR/ASJR_Analyst/DataLake/2026-10-07/processed/ticker_summary.csv
2026-10-07 14:42:23 BST | INFO | FILE | Saved asjr_snapshot | /root/trading/ASJR/ASJR_Analyst/DataLake/2026-10-07/processed/asjr_snapshot.json
2026-10-07 14:42:23 BST | INFO | RUN | DATA COMPLETE | universe=73 | intraday_rows=31594 | ticker_summary=73
2026-10-07 14:42:23 BST | INFO | GIT | File verification started | count=7
