2026-10-07 16:03:58 BST | INFO | RUN | VERSION | 2026.10.06.4
2026-10-07 16:03:58 BST | INFO | RUN | START | trade_date=2026-10-07
2026-10-07 16:03:58 BST | INFO | WATCHLIST | /root/trading/ASJR/ASJR_Analyst/DataLake/2026-10-07/config/fixed_watchlist.csv | source=prepared
2026-10-07 16:03:58 BST | INFO | RUN | OPTIONS | include_sector=True | git_submit=True | fetch_gapup_from_app=True
2026-10-07 16:03:58 BST | INFO | FOREX | One-time downloader | ok=True | started=True | FOREX_DOWNLOAD | started | tmux=forex_download | log=/root/trading/ASJR/Backtesting/BacktestData/IBKR/Forex/logs/EURUSD_1y_download.log
2026-10-07 16:03:58 BST | INFO | NQ | One-time downloader | ok=True | started=True | NQ_DOWNLOAD | started | tmux=nq_download | log=/root/trading/ASJR/Backtesting/BacktestData/OpenSource/NQ/logs/NQ_yfinance_download.log
2026-10-07 16:03:58 BST | INFO | MOVERS | Fetch started
2026-10-07 16:03:59 BST | INFO | MOVERS | Fetch completed | rows=57
2026-10-07 16:03:59 BST | INFO | MOVERS | Tickers | PENG, PSQL, BKV, GLUE, PGNY, BSP, VSTM, BULL, HESM, FCEL, QXO, SKYD, SECZ, ARLO, CGNX, XE, OUST, FWDI, AAOI, AVEX, REZI, SMR, BW, LGN, UMAC, PURR, BMNR, FLNC, DNA, VOYG, LUNR, SATL, IE, UUUU, KRMN, SBET, MARA, CNH, EQPT, ALM, CAT, CLSK, CNM, KTOS, HYMC, BTDR, AVAV, INFQ, SUNB, ASTS, AGCO, AMPX, POET, MSTR, CIFR, NUAI, BRUN
2026-10-07 16:03:59 BST | INFO | UNIVERSE | Built | tickers=76
2026-10-07 16:03:59 BST | INFO | FILE | Saved ibkr_gapup (movers) | /root/trading/ASJR/ASJR_Analyst/DataLake/2026-10-07/raw/ibkr_gapup.csv
2026-10-07 16:03:59 BST | INFO | YFINANCE | Daily 30D fetch started | tickers=76
2026-10-07 16:04:03 BST | INFO | YFINANCE | Daily 30D fetch completed | rows=2280
2026-10-07 16:04:03 BST | INFO | FILE | Saved daily_30d | /root/trading/ASJR/ASJR_Analyst/DataLake/2026-10-07/raw/daily_30d.csv
2026-10-07 16:04:03 BST | INFO | FEATURES | Daily summary built | rows=76
2026-10-07 16:04:03 BST | INFO | IBKR | 5m fetch started | tickers=76 | duration=3 D | batch_size=5
2026-10-07 16:04:20 BST | INFO | IBKR | 5m fetch completed | rows=33190
2026-10-07 16:04:20 BST | INFO | FILE | Saved intraday_5m | /root/trading/ASJR/ASJR_Analyst/DataLake/2026-10-07/raw/intraday_5m.csv
2026-10-07 16:04:21 BST | INFO | FEATURES | Intraday summary built | rows=76
2026-10-07 16:04:21 BST | INFO | YFINANCE | Sector/market fetch started
2026-10-07 16:04:22 BST | INFO | YFINANCE | Sector/market fetch completed | rows=15
2026-10-07 16:04:22 BST | INFO | FILE | Saved sector_market_daily | /root/trading/ASJR/ASJR_Analyst/DataLake/2026-10-07/raw/sector_market_daily.csv
2026-10-07 16:04:22 BST | INFO | FILE | Saved ticker_summary | rows=76 | /root/trading/ASJR/ASJR_Analyst/DataLake/2026-10-07/processed/ticker_summary.csv
2026-10-07 16:04:22 BST | INFO | FILE | Saved asjr_snapshot | /root/trading/ASJR/ASJR_Analyst/DataLake/2026-10-07/processed/asjr_snapshot.json
2026-10-07 16:04:22 BST | INFO | RUN | DATA COMPLETE | universe=76 | intraday_rows=33190 | ticker_summary=76
2026-10-07 16:04:22 BST | INFO | GIT | File verification started | count=7
