2026-10-07 16:14:52 BST | INFO | RUN | VERSION | 2026.10.06.4
2026-10-07 16:14:52 BST | INFO | RUN | START | trade_date=2026-10-07
2026-10-07 16:14:52 BST | INFO | WATCHLIST | /root/trading/ASJR/ASJR_Analyst/DataLake/2026-10-07/config/fixed_watchlist.csv | source=prepared
2026-10-07 16:14:52 BST | INFO | RUN | OPTIONS | include_sector=True | git_submit=True | fetch_gapup_from_app=True
2026-10-07 16:14:52 BST | INFO | FOREX | One-time downloader | ok=True | started=True | FOREX_DOWNLOAD | started | tmux=forex_download | log=/root/trading/ASJR/Backtesting/BacktestData/IBKR/Forex/logs/EURUSD_1y_download.log
2026-10-07 16:14:52 BST | INFO | NQ | One-time downloader | ok=True | started=True | NQ_DOWNLOAD | started | tmux=nq_download | log=/root/trading/ASJR/Backtesting/BacktestData/OpenSource/NQ/logs/NQ_yfinance_download.log
2026-10-07 16:14:52 BST | INFO | MOVERS | Fetch started
2026-10-07 16:14:53 BST | INFO | MOVERS | Fetch completed | rows=58
2026-10-07 16:14:53 BST | INFO | MOVERS | Tickers | PENG, BKV, PSQL, GLUE, PGNY, VSTM, SMMT, BSP, BULL, HESM, FCEL, SKYD, QXO, SECZ, ARLO, XE, OUST, CGNX, AAOI, SMR, BW, VOYG, AVEX, REZI, UMAC, LGN, SATL, BTDR, UUUU, ALM, BMNR, LUNR, KRMN, CNH, IE, AEHR, FLNC, AVAV, MARA, ACCV, CAT, CNM, SBET, DNA, ASTS, PURR, AGCO, KTOS, INFQ, EQPT, TTMI, HYMC, AMPX, CLSK, ACM, YSS, FLY, CIFR
2026-10-07 16:14:53 BST | INFO | UNIVERSE | Built | tickers=77
2026-10-07 16:14:53 BST | INFO | FILE | Saved ibkr_gapup (movers) | /root/trading/ASJR/ASJR_Analyst/DataLake/2026-10-07/raw/ibkr_gapup.csv
2026-10-07 16:14:53 BST | INFO | YFINANCE | Daily 30D fetch started | tickers=77
2026-10-07 16:14:56 BST | INFO | YFINANCE | Daily 30D fetch completed | rows=2282
2026-10-07 16:14:57 BST | INFO | FILE | Saved daily_30d | /root/trading/ASJR/ASJR_Analyst/DataLake/2026-10-07/raw/daily_30d.csv
2026-10-07 16:14:57 BST | INFO | FEATURES | Daily summary built | rows=77
2026-10-07 16:14:57 BST | INFO | IBKR | 5m fetch started | tickers=77 | duration=3 D | batch_size=5
2026-10-07 16:15:14 BST | INFO | IBKR | 5m fetch completed | rows=33735
2026-10-07 16:15:14 BST | INFO | FILE | Saved intraday_5m | /root/trading/ASJR/ASJR_Analyst/DataLake/2026-10-07/raw/intraday_5m.csv
2026-10-07 16:15:15 BST | INFO | FEATURES | Intraday summary built | rows=77
2026-10-07 16:15:15 BST | INFO | YFINANCE | Sector/market fetch started
2026-10-07 16:15:18 BST | INFO | YFINANCE | Sector/market fetch completed | rows=15
2026-10-07 16:15:18 BST | INFO | FILE | Saved sector_market_daily | /root/trading/ASJR/ASJR_Analyst/DataLake/2026-10-07/raw/sector_market_daily.csv
2026-10-07 16:15:18 BST | INFO | FILE | Saved ticker_summary | rows=77 | /root/trading/ASJR/ASJR_Analyst/DataLake/2026-10-07/processed/ticker_summary.csv
2026-10-07 16:15:18 BST | INFO | FILE | Saved asjr_snapshot | /root/trading/ASJR/ASJR_Analyst/DataLake/2026-10-07/processed/asjr_snapshot.json
2026-10-07 16:15:18 BST | INFO | RUN | DATA COMPLETE | universe=77 | intraday_rows=33735 | ticker_summary=77
2026-10-07 16:15:18 BST | INFO | GIT | File verification started | count=7
2026-10-07 16:15:22 BST | ERROR | RUN | FAILED
Traceback (most recent call last):
  File "/root/trading/ASJR/ASJR_Analyst/Tests/test_asjr_pipeline.py", line 354, in run_asjr_manual_pipeline
    git_result = asjr_git.submit_datalake(
  File "/root/trading/ASJR/ASJR_Analyst/Utils/asjr_git.py", line 113, in submit_datalake
    push = _run_git(
  File "/root/trading/ASJR/ASJR_Analyst/Utils/asjr_git.py", line 13, in _run_git
    raise RuntimeError(
RuntimeError: Git command failed: git push origin main
STDOUT:

STDERR:
remote: Internal Server Error        
remote: Request ID A98E:2E3E0C:21E8D6:26532F:6AC66208        
remote: Time 2026-10-07T15:15:22Z
To github.com:raghunathbhandari/ASJR.git
 ! [remote rejected]   main -> main (Internal Server Error)
error: failed to push some refs to 'github.com:raghunathbhandari/ASJR.git'

