2026-10-07 17:06:56 BST | INFO | RUN | VERSION | 2026.10.06.4
2026-10-07 17:06:56 BST | INFO | RUN | START | trade_date=2026-10-07
2026-10-07 17:06:56 BST | INFO | WATCHLIST | /root/trading/ASJR/ASJR_Analyst/DataLake/2026-10-07/config/fixed_watchlist.csv | source=prepared
2026-10-07 17:06:56 BST | INFO | RUN | OPTIONS | include_sector=True | git_submit=True | fetch_gapup_from_app=True
2026-10-07 17:06:56 BST | INFO | FOREX | One-time downloader | ok=True | started=True | FOREX_DOWNLOAD | started | tmux=forex_download | log=/root/trading/ASJR/Backtesting/BacktestData/IBKR/Forex/logs/EURUSD_1y_download.log
2026-10-07 17:06:56 BST | INFO | NQ | One-time downloader | ok=True | started=True | NQ_DOWNLOAD | started | tmux=nq_download | log=/root/trading/ASJR/Backtesting/BacktestData/OpenSource/NQ/logs/NQ_yfinance_download.log
2026-10-07 17:06:56 BST | INFO | MOVERS | Fetch started
2026-10-07 17:06:59 BST | INFO | MOVERS | Fetch completed | rows=68
2026-10-07 17:07:00 BST | INFO | MOVERS | Tickers | PENG, BKV, SVRA, BRZE, PGNY, BSP, SPOT, PSQL, GLUE, ZVRA, SMMT, BCRX, KURA, PRCT, BHC, ACHV, VSTM, FLO, BULL, HESM, FCEL, SKYD, QXO, YSS, SECZ, XE, VOYG, OUST, AVEX, CGNX, UUUU, REZI, BW, SMR, UMAC, SATL, FWDI, IE, INFQ, LUNR, QMCO, AAOI, MARA, LGN, BTDR, KRMN, FLY, IREN, BMNR, ALM, FLNC, NUAI, HYMC, CLSK, CIFR, RDW, ASTS, NVTS, EQPT, VSAT, UEC, CAT, PL, FUN, AVAV, MP, TER, NBIS
2026-10-07 17:07:00 BST | INFO | UNIVERSE | Built | tickers=87
2026-10-07 17:07:00 BST | INFO | FILE | Saved ibkr_gapup (movers) | /root/trading/ASJR/ASJR_Analyst/DataLake/2026-10-07/raw/ibkr_gapup.csv
2026-10-07 17:07:00 BST | INFO | YFINANCE | Daily 30D fetch started | tickers=87
2026-10-07 17:07:04 BST | INFO | YFINANCE | Daily 30D fetch completed | rows=2610
2026-10-07 17:07:04 BST | INFO | FILE | Saved daily_30d | /root/trading/ASJR/ASJR_Analyst/DataLake/2026-10-07/raw/daily_30d.csv
2026-10-07 17:07:04 BST | INFO | FEATURES | Daily summary built | rows=87
2026-10-07 17:07:04 BST | INFO | IBKR | 5m fetch started | tickers=87 | duration=3 D | batch_size=5
2026-10-07 17:07:33 BST | INFO | IBKR | 5m fetch completed | rows=39279
2026-10-07 17:07:34 BST | INFO | FILE | Saved intraday_5m | /root/trading/ASJR/ASJR_Analyst/DataLake/2026-10-07/raw/intraday_5m.csv
2026-10-07 17:07:34 BST | INFO | FEATURES | Intraday summary built | rows=87
2026-10-07 17:07:34 BST | INFO | YFINANCE | Sector/market fetch started
2026-10-07 17:07:35 BST | INFO | YFINANCE | Sector/market fetch completed | rows=15
2026-10-07 17:07:35 BST | INFO | FILE | Saved sector_market_daily | /root/trading/ASJR/ASJR_Analyst/DataLake/2026-10-07/raw/sector_market_daily.csv
2026-10-07 17:07:35 BST | INFO | FILE | Saved ticker_summary | rows=87 | /root/trading/ASJR/ASJR_Analyst/DataLake/2026-10-07/processed/ticker_summary.csv
2026-10-07 17:07:35 BST | INFO | FILE | Saved asjr_snapshot | /root/trading/ASJR/ASJR_Analyst/DataLake/2026-10-07/processed/asjr_snapshot.json
2026-10-07 17:07:35 BST | INFO | RUN | DATA COMPLETE | universe=87 | intraday_rows=39279 | ticker_summary=87
2026-10-07 17:07:35 BST | INFO | GIT | File verification started | count=7
