2026-10-07 18:54:48 BST | INFO | RUN | VERSION | 2026.10.06.4
2026-10-07 18:54:48 BST | INFO | RUN | START | trade_date=2026-10-07
2026-10-07 18:54:48 BST | INFO | WATCHLIST | /root/trading/ASJR/ASJR_Analyst/DataLake/2026-10-07/config/fixed_watchlist.csv | source=prepared
2026-10-07 18:54:48 BST | INFO | RUN | OPTIONS | include_sector=True | git_submit=True | fetch_gapup_from_app=True
2026-10-07 18:54:48 BST | INFO | FOREX | One-time downloader | ok=True | started=True | FOREX_DOWNLOAD | started | tmux=forex_download | log=/root/trading/ASJR/Backtesting/BacktestData/IBKR/Forex/logs/EURUSD_1y_download.log
2026-10-07 18:54:48 BST | INFO | NQ | One-time downloader | ok=True | started=True | NQ_DOWNLOAD | started | tmux=nq_download | log=/root/trading/ASJR/Backtesting/BacktestData/OpenSource/NQ/logs/NQ_yfinance_download.log
2026-10-07 18:54:48 BST | INFO | MOVERS | Fetch started
2026-10-07 18:54:49 BST | INFO | MOVERS | Fetch completed | rows=67
2026-10-07 18:54:49 BST | INFO | MOVERS | Tickers | BSP, PENG, BRZE, PSQL, CCOI, PGNY, BKV, VSTM, SPOT, TTAN, NRG, KVYO, GLUE, WING, BCRX, CNXC, AHCO, BULL, HESM, FCEL, SKYD, SECZ, ABSI, YSS, FWDI, VOYG, UUUU, XE, DNA, OUST, REZI, SATL, QXO, AVEX, INFQ, FLY, LUNR, ALM, CGNX, BTDR, SMR, BRUN, FSM, SHAZ, NVTS, IREN, MSTR, KRMN, QMCO, IE, SBET, ASTS, BMNR, UEC, BW, LGN, NN, ASST, CLSK, MARA, PURR, VSAT, MRVI, NUAI, AGCO, SDGR, NBIS
2026-10-07 18:54:49 BST | INFO | UNIVERSE | Built | tickers=87
2026-10-07 18:54:49 BST | INFO | FILE | Saved ibkr_gapup (movers) | /root/trading/ASJR/ASJR_Analyst/DataLake/2026-10-07/raw/ibkr_gapup.csv
2026-10-07 18:54:49 BST | INFO | YFINANCE | Daily 30D fetch started | tickers=87
2026-10-07 18:54:53 BST | INFO | YFINANCE | Daily 30D fetch completed | rows=2610
2026-10-07 18:54:53 BST | INFO | FILE | Saved daily_30d | /root/trading/ASJR/ASJR_Analyst/DataLake/2026-10-07/raw/daily_30d.csv
2026-10-07 18:54:53 BST | INFO | FEATURES | Daily summary built | rows=87
2026-10-07 18:54:53 BST | INFO | IBKR | 5m fetch started | tickers=87 | duration=3 D | batch_size=5
2026-10-07 18:55:13 BST | INFO | IBKR | 5m fetch completed | rows=40747
2026-10-07 18:55:13 BST | INFO | FILE | Saved intraday_5m | /root/trading/ASJR/ASJR_Analyst/DataLake/2026-10-07/raw/intraday_5m.csv
2026-10-07 18:55:13 BST | INFO | FEATURES | Intraday summary built | rows=87
2026-10-07 18:55:13 BST | INFO | YFINANCE | Sector/market fetch started
2026-10-07 18:55:14 BST | INFO | YFINANCE | Sector/market fetch completed | rows=15
2026-10-07 18:55:14 BST | INFO | FILE | Saved sector_market_daily | /root/trading/ASJR/ASJR_Analyst/DataLake/2026-10-07/raw/sector_market_daily.csv
2026-10-07 18:55:14 BST | INFO | FILE | Saved ticker_summary | rows=87 | /root/trading/ASJR/ASJR_Analyst/DataLake/2026-10-07/processed/ticker_summary.csv
2026-10-07 18:55:14 BST | INFO | FILE | Saved asjr_snapshot | /root/trading/ASJR/ASJR_Analyst/DataLake/2026-10-07/processed/asjr_snapshot.json
2026-10-07 18:55:14 BST | INFO | RUN | DATA COMPLETE | universe=87 | intraday_rows=40747 | ticker_summary=87
2026-10-07 18:55:14 BST | INFO | GIT | File verification started | count=7
