2026-10-07 20:38:12 BST | INFO | RUN | VERSION | 2026.10.06.4
2026-10-07 20:38:12 BST | INFO | RUN | START | trade_date=2026-10-07
2026-10-07 20:38:12 BST | INFO | WATCHLIST | /root/trading/ASJR/ASJR_Analyst/DataLake/2026-10-07/config/fixed_watchlist.csv | source=prepared
2026-10-07 20:38:12 BST | INFO | RUN | OPTIONS | include_sector=True | git_submit=True | fetch_gapup_from_app=True
2026-10-07 20:38:12 BST | INFO | FOREX | One-time downloader | ok=True | started=True | FOREX_DOWNLOAD | started | tmux=forex_download | log=/root/trading/ASJR/Backtesting/BacktestData/IBKR/Forex/logs/EURUSD_1y_download.log
2026-10-07 20:38:12 BST | INFO | NQ | One-time downloader | ok=True | started=True | NQ_DOWNLOAD | started | tmux=nq_download | log=/root/trading/ASJR/Backtesting/BacktestData/OpenSource/NQ/logs/NQ_yfinance_download.log
2026-10-07 20:38:12 BST | INFO | MOVERS | Fetch started
2026-10-07 20:38:14 BST | INFO | MOVERS | Fetch completed | rows=72
2026-10-07 20:38:14 BST | INFO | MOVERS | Tickers | BSP, PENG, BRZE, CCOI, BKV, VSTM, PGNY, PSQL, KVYO, CNXC, STUB, NRG, BCRX, TTAN, SPOT, WING, MRNA, DYN, VST, GO, SMCI, SPT, BULL, HESM, FCEL, SECZ, ABSI, FSM, SKYD, FWDI, UUUU, QMCO, BRUN, YSS, REZI, CELC, XE, INFQ, OUST, CGNX, ALM, DNA, BB, MSTR, ARLO, NUAI, SHAZ, EQPT, AVEX, HYMC, MRVI, PURR, TWST, IREN, UEC, BFLY, ADRX, HUBG, CLSK, MUX, MARA, CNH, IE, AGCO, VOYG, LGN, COCO, QXO, BTDR, BMNR, ACCV, CIFR
2026-10-07 20:38:14 BST | INFO | UNIVERSE | Built | tickers=91
2026-10-07 20:38:14 BST | INFO | FILE | Saved ibkr_gapup (movers) | /root/trading/ASJR/ASJR_Analyst/DataLake/2026-10-07/raw/ibkr_gapup.csv
2026-10-07 20:38:14 BST | INFO | YFINANCE | Daily 30D fetch started | tickers=91
2026-10-07 20:38:17 BST | INFO | YFINANCE | Daily 30D fetch completed | rows=2681
2026-10-07 20:38:17 BST | INFO | FILE | Saved daily_30d | /root/trading/ASJR/ASJR_Analyst/DataLake/2026-10-07/raw/daily_30d.csv
2026-10-07 20:38:17 BST | INFO | FEATURES | Daily summary built | rows=91
2026-10-07 20:38:17 BST | INFO | IBKR | 5m fetch started | tickers=91 | duration=3 D | batch_size=5
2026-10-07 20:38:38 BST | INFO | IBKR | 5m fetch completed | rows=43819
2026-10-07 20:38:38 BST | INFO | FILE | Saved intraday_5m | /root/trading/ASJR/ASJR_Analyst/DataLake/2026-10-07/raw/intraday_5m.csv
2026-10-07 20:38:39 BST | INFO | FEATURES | Intraday summary built | rows=91
2026-10-07 20:38:39 BST | INFO | YFINANCE | Sector/market fetch started
2026-10-07 20:38:39 BST | INFO | YFINANCE | Sector/market fetch completed | rows=15
2026-10-07 20:38:39 BST | INFO | FILE | Saved sector_market_daily | /root/trading/ASJR/ASJR_Analyst/DataLake/2026-10-07/raw/sector_market_daily.csv
2026-10-07 20:38:39 BST | INFO | FILE | Saved ticker_summary | rows=91 | /root/trading/ASJR/ASJR_Analyst/DataLake/2026-10-07/processed/ticker_summary.csv
2026-10-07 20:38:39 BST | INFO | FILE | Saved asjr_snapshot | /root/trading/ASJR/ASJR_Analyst/DataLake/2026-10-07/processed/asjr_snapshot.json
2026-10-07 20:38:39 BST | INFO | RUN | DATA COMPLETE | universe=91 | intraday_rows=43819 | ticker_summary=91
2026-10-07 20:38:39 BST | INFO | GIT | File verification started | count=7
