2026-10-07 16:53:14 BST | INFO | RUN | VERSION | 2026.10.06.4
2026-10-07 16:53:14 BST | INFO | RUN | START | trade_date=2026-10-07
2026-10-07 16:53:14 BST | INFO | WATCHLIST | /root/trading/ASJR/ASJR_Analyst/DataLake/2026-10-07/config/fixed_watchlist.csv | source=prepared
2026-10-07 16:53:14 BST | INFO | RUN | OPTIONS | include_sector=True | git_submit=True | fetch_gapup_from_app=True
2026-10-07 16:53:14 BST | INFO | FOREX | One-time downloader | ok=True | started=True | FOREX_DOWNLOAD | started | tmux=forex_download | log=/root/trading/ASJR/Backtesting/BacktestData/IBKR/Forex/logs/EURUSD_1y_download.log
2026-10-07 16:53:14 BST | INFO | NQ | One-time downloader | ok=True | started=True | NQ_DOWNLOAD | started | tmux=nq_download | log=/root/trading/ASJR/Backtesting/BacktestData/OpenSource/NQ/logs/NQ_yfinance_download.log
2026-10-07 16:53:14 BST | INFO | MOVERS | Fetch started
2026-10-07 16:53:15 BST | INFO | MOVERS | Fetch completed | rows=66
2026-10-07 16:53:15 BST | INFO | MOVERS | Tickers | PENG, BKV, BSP, BRZE, ZVRA, PGNY, PSQL, GLUE, SMMT, SPOT, PRCT, BHC, BCRX, VSTM, KURA, LLY, BULL, HESM, FCEL, SKYD, QXO, XE, SECZ, CGNX, YSS, OUST, VOYG, AVEX, UUUU, REZI, BW, FWDI, SMR, UMAC, IE, LGN, AAOI, MARA, LUNR, BMNR, ALM, EQPT, SATL, INFQ, HYMC, CLSK, KRMN, CAT, CNM, ARLO, HUBG, AGCO, FLY, ALLE, PURR, CNH, BTDR, CWK, ASTS, VSAT, TEX, IREN, CIFR, AVAV, FLNC, BGC
2026-10-07 16:53:15 BST | INFO | UNIVERSE | Built | tickers=85
2026-10-07 16:53:15 BST | INFO | FILE | Saved ibkr_gapup (movers) | /root/trading/ASJR/ASJR_Analyst/DataLake/2026-10-07/raw/ibkr_gapup.csv
2026-10-07 16:53:15 BST | INFO | YFINANCE | Daily 30D fetch started | tickers=85
2026-10-07 16:53:43 BST | INFO | YFINANCE | Daily 30D fetch completed | rows=2550
2026-10-07 16:53:43 BST | INFO | FILE | Saved daily_30d | /root/trading/ASJR/ASJR_Analyst/DataLake/2026-10-07/raw/daily_30d.csv
2026-10-07 16:53:43 BST | INFO | FEATURES | Daily summary built | rows=85
2026-10-07 16:53:43 BST | INFO | IBKR | 5m fetch started | tickers=85 | duration=3 D | batch_size=5
2026-10-07 16:54:01 BST | INFO | IBKR | 5m fetch completed | rows=36860
2026-10-07 16:54:01 BST | INFO | FILE | Saved intraday_5m | /root/trading/ASJR/ASJR_Analyst/DataLake/2026-10-07/raw/intraday_5m.csv
2026-10-07 16:54:02 BST | INFO | FEATURES | Intraday summary built | rows=85
2026-10-07 16:54:02 BST | INFO | YFINANCE | Sector/market fetch started
2026-10-07 16:54:08 BST | INFO | YFINANCE | Sector/market fetch completed | rows=15
2026-10-07 16:54:08 BST | INFO | FILE | Saved sector_market_daily | /root/trading/ASJR/ASJR_Analyst/DataLake/2026-10-07/raw/sector_market_daily.csv
2026-10-07 16:54:08 BST | INFO | FILE | Saved ticker_summary | rows=85 | /root/trading/ASJR/ASJR_Analyst/DataLake/2026-10-07/processed/ticker_summary.csv
2026-10-07 16:54:08 BST | INFO | FILE | Saved asjr_snapshot | /root/trading/ASJR/ASJR_Analyst/DataLake/2026-10-07/processed/asjr_snapshot.json
2026-10-07 16:54:08 BST | INFO | RUN | DATA COMPLETE | universe=85 | intraday_rows=36860 | ticker_summary=85
2026-10-07 16:54:08 BST | INFO | GIT | File verification started | count=7
