2026-10-07 17:12:39 BST | INFO | RUN | VERSION | 2026.10.06.4
2026-10-07 17:12:39 BST | INFO | RUN | START | trade_date=2026-10-07
2026-10-07 17:12:39 BST | INFO | WATCHLIST | /root/trading/ASJR/ASJR_Analyst/DataLake/2026-10-07/config/fixed_watchlist.csv | source=prepared
2026-10-07 17:12:39 BST | INFO | RUN | OPTIONS | include_sector=True | git_submit=True | fetch_gapup_from_app=True
2026-10-07 17:12:39 BST | INFO | FOREX | One-time downloader | ok=True | started=True | FOREX_DOWNLOAD | started | tmux=forex_download | log=/root/trading/ASJR/Backtesting/BacktestData/IBKR/Forex/logs/EURUSD_1y_download.log
2026-10-07 17:12:39 BST | INFO | NQ | One-time downloader | ok=True | started=True | NQ_DOWNLOAD | started | tmux=nq_download | log=/root/trading/ASJR/Backtesting/BacktestData/OpenSource/NQ/logs/NQ_yfinance_download.log
2026-10-07 17:12:39 BST | INFO | MOVERS | Fetch started
2026-10-07 17:12:40 BST | INFO | MOVERS | Fetch completed | rows=67
2026-10-07 17:12:40 BST | INFO | MOVERS | Tickers | PENG, BKV, SVRA, BRZE, BSP, PGNY, GLUE, SPOT, PSQL, SMMT, ZVRA, BCRX, BHC, PRCT, ALHC, VSTM, LLY, BULL, HESM, FCEL, SKYD, QXO, VOYG, YSS, SECZ, OUST, XE, UUUU, AVEX, CGNX, SMR, REZI, SATL, BW, LUNR, UMAC, IE, FWDI, INFQ, AAOI, MARA, FLY, QMCO, LGN, IREN, BMNR, NUAI, ALM, KRMN, UEC, VSAT, CLSK, ASTS, EQPT, HYMC, CIFR, PL, BTDR, NVTS, RDW, FLNC, NBIS, CAT, FUN, AVAV, OKLO, AGCO
2026-10-07 17:12:40 BST | INFO | UNIVERSE | Built | tickers=86
2026-10-07 17:12:40 BST | INFO | FILE | Saved ibkr_gapup (movers) | /root/trading/ASJR/ASJR_Analyst/DataLake/2026-10-07/raw/ibkr_gapup.csv
2026-10-07 17:12:40 BST | INFO | YFINANCE | Daily 30D fetch started | tickers=86
2026-10-07 17:12:44 BST | INFO | YFINANCE | Daily 30D fetch completed | rows=2580
2026-10-07 17:12:44 BST | INFO | FILE | Saved daily_30d | /root/trading/ASJR/ASJR_Analyst/DataLake/2026-10-07/raw/daily_30d.csv
2026-10-07 17:12:44 BST | INFO | FEATURES | Daily summary built | rows=86
2026-10-07 17:12:44 BST | INFO | IBKR | 5m fetch started | tickers=86 | duration=3 D | batch_size=5
2026-10-07 17:13:07 BST | INFO | IBKR | 5m fetch completed | rows=38735
2026-10-07 17:13:07 BST | INFO | FILE | Saved intraday_5m | /root/trading/ASJR/ASJR_Analyst/DataLake/2026-10-07/raw/intraday_5m.csv
2026-10-07 17:13:08 BST | INFO | FEATURES | Intraday summary built | rows=86
2026-10-07 17:13:08 BST | INFO | YFINANCE | Sector/market fetch started
2026-10-07 17:13:10 BST | INFO | YFINANCE | Sector/market fetch completed | rows=15
2026-10-07 17:13:10 BST | INFO | FILE | Saved sector_market_daily | /root/trading/ASJR/ASJR_Analyst/DataLake/2026-10-07/raw/sector_market_daily.csv
2026-10-07 17:13:10 BST | INFO | FILE | Saved ticker_summary | rows=86 | /root/trading/ASJR/ASJR_Analyst/DataLake/2026-10-07/processed/ticker_summary.csv
2026-10-07 17:13:10 BST | INFO | FILE | Saved asjr_snapshot | /root/trading/ASJR/ASJR_Analyst/DataLake/2026-10-07/processed/asjr_snapshot.json
2026-10-07 17:13:10 BST | INFO | RUN | DATA COMPLETE | universe=86 | intraday_rows=38735 | ticker_summary=86
2026-10-07 17:13:10 BST | INFO | GIT | File verification started | count=7
