2026-10-07 20:49:14 BST | INFO | RUN | VERSION | 2026.10.06.4
2026-10-07 20:49:14 BST | INFO | RUN | START | trade_date=2026-10-07
2026-10-07 20:49:14 BST | INFO | WATCHLIST | /root/trading/ASJR/ASJR_Analyst/DataLake/2026-10-07/config/fixed_watchlist.csv | source=prepared
2026-10-07 20:49:14 BST | INFO | RUN | OPTIONS | include_sector=True | git_submit=True | fetch_gapup_from_app=True
2026-10-07 20:49:14 BST | INFO | FOREX | One-time downloader | ok=True | started=True | FOREX_DOWNLOAD | started | tmux=forex_download | log=/root/trading/ASJR/Backtesting/BacktestData/IBKR/Forex/logs/EURUSD_1y_download.log
2026-10-07 20:49:14 BST | INFO | NQ | One-time downloader | ok=True | started=True | NQ_DOWNLOAD | started | tmux=nq_download | log=/root/trading/ASJR/Backtesting/BacktestData/OpenSource/NQ/logs/NQ_yfinance_download.log
2026-10-07 20:49:14 BST | INFO | MOVERS | Fetch started
2026-10-07 20:49:16 BST | INFO | MOVERS | Fetch completed | rows=72
2026-10-07 20:49:16 BST | INFO | MOVERS | Tickers | BSP, PENG, CCOI, BKV, BRZE, VSTM, PSQL, PGNY, KVYO, CNXC, TTAN, BCRX, STUB, NRG, SPOT, GO, MRNA, NAVN, CTVA, DYN, SMCI, P, BULL, HESM, FCEL, ABSI, SECZ, FSM, SKYD, FWDI, QMCO, YSS, UUUU, BRUN, BB, CGNX, REZI, INFQ, CELC, XE, ALM, MSTR, OUST, DNA, TWST, ACCV, AVEX, ADRX, SHAZ, PURR, HUBG, ARLO, NUAI, BMNR, UEC, EQPT, MRVI, QXO, CNH, HYMC, IREN, SBET, COCO, MUX, AGCO, IE, CLSK, CIFR, CAT, ASST, TXG, APLD
2026-10-07 20:49:16 BST | INFO | UNIVERSE | Built | tickers=90
2026-10-07 20:49:16 BST | INFO | FILE | Saved ibkr_gapup (movers) | /root/trading/ASJR/ASJR_Analyst/DataLake/2026-10-07/raw/ibkr_gapup.csv
2026-10-07 20:49:16 BST | INFO | YFINANCE | Daily 30D fetch started | tickers=90
2026-10-07 20:49:20 BST | INFO | YFINANCE | Daily 30D fetch completed | rows=2651
2026-10-07 20:49:20 BST | INFO | FILE | Saved daily_30d | /root/trading/ASJR/ASJR_Analyst/DataLake/2026-10-07/raw/daily_30d.csv
2026-10-07 20:49:20 BST | INFO | FEATURES | Daily summary built | rows=90
2026-10-07 20:49:20 BST | INFO | IBKR | 5m fetch started | tickers=90 | duration=3 D | batch_size=5
2026-10-07 20:49:40 BST | INFO | IBKR | 5m fetch completed | rows=43895
2026-10-07 20:49:40 BST | INFO | FILE | Saved intraday_5m | /root/trading/ASJR/ASJR_Analyst/DataLake/2026-10-07/raw/intraday_5m.csv
2026-10-07 20:49:41 BST | INFO | FEATURES | Intraday summary built | rows=90
2026-10-07 20:49:41 BST | INFO | YFINANCE | Sector/market fetch started
2026-10-07 20:49:41 BST | INFO | YFINANCE | Sector/market fetch completed | rows=15
2026-10-07 20:49:41 BST | INFO | FILE | Saved sector_market_daily | /root/trading/ASJR/ASJR_Analyst/DataLake/2026-10-07/raw/sector_market_daily.csv
2026-10-07 20:49:41 BST | INFO | FILE | Saved ticker_summary | rows=90 | /root/trading/ASJR/ASJR_Analyst/DataLake/2026-10-07/processed/ticker_summary.csv
2026-10-07 20:49:41 BST | INFO | FILE | Saved asjr_snapshot | /root/trading/ASJR/ASJR_Analyst/DataLake/2026-10-07/processed/asjr_snapshot.json
2026-10-07 20:49:41 BST | INFO | RUN | DATA COMPLETE | universe=90 | intraday_rows=43895 | ticker_summary=90
2026-10-07 20:49:41 BST | INFO | GIT | File verification started | count=7
