2026-10-07 19:20:54 BST | INFO | RUN | VERSION | 2026.10.06.4
2026-10-07 19:20:54 BST | INFO | RUN | START | trade_date=2026-10-07
2026-10-07 19:20:54 BST | INFO | WATCHLIST | /root/trading/ASJR/ASJR_Analyst/DataLake/2026-10-07/config/fixed_watchlist.csv | source=prepared
2026-10-07 19:20:54 BST | INFO | RUN | OPTIONS | include_sector=True | git_submit=True | fetch_gapup_from_app=True
2026-10-07 19:20:54 BST | INFO | FOREX | One-time downloader | ok=True | started=True | FOREX_DOWNLOAD | started | tmux=forex_download | log=/root/trading/ASJR/Backtesting/BacktestData/IBKR/Forex/logs/EURUSD_1y_download.log
2026-10-07 19:20:54 BST | INFO | NQ | One-time downloader | ok=True | started=True | NQ_DOWNLOAD | started | tmux=nq_download | log=/root/trading/ASJR/Backtesting/BacktestData/OpenSource/NQ/logs/NQ_yfinance_download.log
2026-10-07 19:20:54 BST | INFO | MOVERS | Fetch started
2026-10-07 19:20:56 BST | INFO | MOVERS | Fetch completed | rows=68
2026-10-07 19:20:56 BST | INFO | MOVERS | Tickers | BSP, PENG, BRZE, CCOI, PGNY, BKV, PSQL, VSTM, NRG, TTAN, BCRX, KVYO, SPOT, CNXC, GLUE, WING, INTR, VST, BULL, HESM, FCEL, SKYD, ABSI, SECZ, REZI, YSS, VOYG, UUUU, XE, INFQ, OUST, ALM, CGNX, QXO, NN, QMCO, AVEX, FSM, SATL, IREN, FWDI, LGN, VSAT, NUAI, NVTS, ACCV, MSTR, BRUN, TWST, SMR, DNA, SHAZ, CLSK, MARA, AGCO, SBET, IE, EQPT, BMNR, CNH, FLY, UEC, CIFR, PURR, LUNR, FLNC, BW, KRMN
2026-10-07 19:20:56 BST | INFO | UNIVERSE | Built | tickers=88
2026-10-07 19:20:56 BST | INFO | FILE | Saved ibkr_gapup (movers) | /root/trading/ASJR/ASJR_Analyst/DataLake/2026-10-07/raw/ibkr_gapup.csv
2026-10-07 19:20:56 BST | INFO | YFINANCE | Daily 30D fetch started | tickers=88
2026-10-07 19:21:00 BST | INFO | YFINANCE | Daily 30D fetch completed | rows=2612
2026-10-07 19:21:00 BST | INFO | FILE | Saved daily_30d | /root/trading/ASJR/ASJR_Analyst/DataLake/2026-10-07/raw/daily_30d.csv
2026-10-07 19:21:00 BST | INFO | FEATURES | Daily summary built | rows=88
2026-10-07 19:21:00 BST | INFO | IBKR | 5m fetch started | tickers=88 | duration=3 D | batch_size=5
2026-10-07 19:21:22 BST | INFO | IBKR | 5m fetch completed | rows=41790
2026-10-07 19:21:22 BST | INFO | FILE | Saved intraday_5m | /root/trading/ASJR/ASJR_Analyst/DataLake/2026-10-07/raw/intraday_5m.csv
2026-10-07 19:21:22 BST | INFO | FEATURES | Intraday summary built | rows=88
2026-10-07 19:21:22 BST | INFO | YFINANCE | Sector/market fetch started
2026-10-07 19:21:23 BST | INFO | YFINANCE | Sector/market fetch completed | rows=15
2026-10-07 19:21:23 BST | INFO | FILE | Saved sector_market_daily | /root/trading/ASJR/ASJR_Analyst/DataLake/2026-10-07/raw/sector_market_daily.csv
2026-10-07 19:21:23 BST | INFO | FILE | Saved ticker_summary | rows=88 | /root/trading/ASJR/ASJR_Analyst/DataLake/2026-10-07/processed/ticker_summary.csv
2026-10-07 19:21:23 BST | INFO | FILE | Saved asjr_snapshot | /root/trading/ASJR/ASJR_Analyst/DataLake/2026-10-07/processed/asjr_snapshot.json
2026-10-07 19:21:23 BST | INFO | RUN | DATA COMPLETE | universe=88 | intraday_rows=41790 | ticker_summary=88
2026-10-07 19:21:23 BST | INFO | GIT | File verification started | count=7
