2026-09-30 15:30:50 BST | INFO | RUN | VERSION | 2026.09.30.1
2026-09-30 15:30:50 BST | INFO | RUN | START | trade_date=2026-09-30
2026-09-30 15:30:50 BST | INFO | WATCHLIST | /root/trading/ASJR/ASJR_Analyst/DataLake/2026-09-30/config/fixed_watchlist.csv | source=prepared
2026-09-30 15:30:50 BST | INFO | RUN | OPTIONS | include_sector=True | git_submit=True | fetch_gapup_from_app=True
2026-09-30 15:30:50 BST | INFO | MOVERS | Fetch started
2026-09-30 15:30:52 BST | INFO | MOVERS | Fetch completed | rows=57
2026-09-30 15:30:52 BST | INFO | MOVERS | Tickers | CAPR, STTK, COUR, FORM, IBRX, MDB, CNXC, SYRE, MP, SGMT, BRZE, TRMD, HIMS, GEN, FLY, ENPH, RKLB, VYX, VOYG, ALOY, SATL, CBOE, AMPL, HPE, RPD, FROG, SNOW, SLS, ETSY, OMDA, IONQ, VOR, ETRA, PTRN, AI, PATH, SMR, ASTS, NAMS, BSP, ASAN, CLF, QURE, HUBS, SNAP, TRLV, SECZ, JBL, MRNA, HUT, CBRS, BBNX, KMX, LBRT, CEG, BJ, WING
2026-09-30 15:30:52 BST | INFO | UNIVERSE | Built | tickers=74
2026-09-30 15:30:52 BST | INFO | FILE | Saved ibkr_gapup (movers) | /root/trading/ASJR/ASJR_Analyst/DataLake/2026-09-30/raw/ibkr_gapup.csv
2026-09-30 15:30:52 BST | INFO | YFINANCE | Daily 30D fetch started | tickers=74
2026-09-30 15:30:54 BST | INFO | YFINANCE | Daily 30D fetch completed | rows=2199
2026-09-30 15:30:54 BST | INFO | FILE | Saved daily_30d | /root/trading/ASJR/ASJR_Analyst/DataLake/2026-09-30/raw/daily_30d.csv
2026-09-30 15:30:54 BST | INFO | FEATURES | Daily summary built | rows=74
2026-09-30 15:30:54 BST | INFO | IBKR | 5m fetch started | tickers=74 | duration=3 D | batch_size=5
2026-09-30 15:31:11 BST | INFO | IBKR | 5m fetch completed | rows=31325
2026-09-30 15:31:11 BST | INFO | FILE | Saved intraday_5m | /root/trading/ASJR/ASJR_Analyst/DataLake/2026-09-30/raw/intraday_5m.csv
2026-09-30 15:31:12 BST | INFO | FEATURES | Intraday summary built | rows=74
2026-09-30 15:31:12 BST | INFO | YFINANCE | Sector/market fetch started
2026-09-30 15:31:12 BST | INFO | YFINANCE | Sector/market fetch completed | rows=15
2026-09-30 15:31:12 BST | INFO | FILE | Saved sector_market_daily | /root/trading/ASJR/ASJR_Analyst/DataLake/2026-09-30/raw/sector_market_daily.csv
2026-09-30 15:31:12 BST | INFO | FILE | Saved ticker_summary | rows=74 | /root/trading/ASJR/ASJR_Analyst/DataLake/2026-09-30/processed/ticker_summary.csv
2026-09-30 15:31:12 BST | INFO | FILE | Saved asjr_snapshot | /root/trading/ASJR/ASJR_Analyst/DataLake/2026-09-30/processed/asjr_snapshot.json
2026-09-30 15:31:12 BST | INFO | RUN | DATA COMPLETE | universe=74 | intraday_rows=31325 | ticker_summary=74
2026-09-30 15:31:12 BST | INFO | GIT | File verification started | count=7
