2026-09-30 17:54:20 BST | INFO | RUN | VERSION | 2026.09.30.1
2026-09-30 17:54:20 BST | INFO | RUN | START | trade_date=2026-09-30
2026-09-30 17:54:20 BST | INFO | WATCHLIST | /root/trading/ASJR/ASJR_Analyst/DataLake/2026-09-30/config/fixed_watchlist.csv | source=prepared
2026-09-30 17:54:20 BST | INFO | RUN | OPTIONS | include_sector=True | git_submit=True | fetch_gapup_from_app=True
2026-09-30 17:54:20 BST | INFO | MOVERS | Fetch started
2026-09-30 17:54:22 BST | INFO | MOVERS | Fetch completed | rows=63
2026-09-30 17:54:22 BST | INFO | MOVERS | Tickers | IBRX, CAPR, DNA, STTK, ZETA, COUR, FORM, BRZE, RPD, GEN, HIMS, PGEN, STUB, TENB, OMDA, DOCS, FLY, ATEN, SLS, TRMD, CBOE, CNXC, BB, MP, HPE, ACMR, ACHV, TWST, AI, BLZE, FROG, ETSY, ASTS, MDB, SYRE, SMMT, DK, VOR, U, SNOW, SATL, EWTX, FSLY, ADEA, PBF, NAMS, PLNT, SPT, ALKT, XP, LQDA, TRLV, CBRS, JBL, MRNA, SECZ, MTG, HUT, MAT, KMX, CEG, BJ, ULCC
2026-09-30 17:54:22 BST | INFO | UNIVERSE | Built | tickers=80
2026-09-30 17:54:22 BST | INFO | FILE | Saved ibkr_gapup (movers) | /root/trading/ASJR/ASJR_Analyst/DataLake/2026-09-30/raw/ibkr_gapup.csv
2026-09-30 17:54:22 BST | INFO | YFINANCE | Daily 30D fetch started | tickers=80
2026-09-30 17:54:24 BST | INFO | YFINANCE | Daily 30D fetch completed | rows=2400
2026-09-30 17:54:24 BST | INFO | FILE | Saved daily_30d | /root/trading/ASJR/ASJR_Analyst/DataLake/2026-09-30/raw/daily_30d.csv
2026-09-30 17:54:24 BST | INFO | FEATURES | Daily summary built | rows=80
2026-09-30 17:54:24 BST | INFO | IBKR | 5m fetch started | tickers=80 | duration=3 D | batch_size=5
2026-09-30 17:54:41 BST | INFO | IBKR | 5m fetch completed | rows=35728
2026-09-30 17:54:41 BST | INFO | FILE | Saved intraday_5m | /root/trading/ASJR/ASJR_Analyst/DataLake/2026-09-30/raw/intraday_5m.csv
2026-09-30 17:54:41 BST | INFO | FEATURES | Intraday summary built | rows=80
2026-09-30 17:54:41 BST | INFO | YFINANCE | Sector/market fetch started
2026-09-30 17:54:42 BST | INFO | YFINANCE | Sector/market fetch completed | rows=15
2026-09-30 17:54:42 BST | INFO | FILE | Saved sector_market_daily | /root/trading/ASJR/ASJR_Analyst/DataLake/2026-09-30/raw/sector_market_daily.csv
2026-09-30 17:54:42 BST | INFO | FILE | Saved ticker_summary | rows=80 | /root/trading/ASJR/ASJR_Analyst/DataLake/2026-09-30/processed/ticker_summary.csv
2026-09-30 17:54:42 BST | INFO | FILE | Saved asjr_snapshot | /root/trading/ASJR/ASJR_Analyst/DataLake/2026-09-30/processed/asjr_snapshot.json
2026-09-30 17:54:42 BST | INFO | RUN | DATA COMPLETE | universe=80 | intraday_rows=35728 | ticker_summary=80
2026-09-30 17:54:42 BST | INFO | GIT | File verification started | count=7
