2026-09-30 01:32:57 | INFO | RUN | VERSION | 2026.09.29.1
2026-09-30 01:32:57 | INFO | RUN | START | trade_date=2026-09-30
2026-09-30 01:32:57 | INFO | WATCHLIST | /root/trading/ASJR/ASJR_Analyst/DataLake/2026-09-30/config/fixed_watchlist.csv | source=prepared
2026-09-30 01:32:57 | INFO | RUN | OPTIONS | include_sector=True | git_submit=True | fetch_gapup_from_app=True
2026-09-30 01:32:57 | INFO | MOVERS | Fetch started
2026-09-30 01:32:59 | INFO | MOVERS | Fetch completed | rows=3
2026-09-30 01:32:59 | INFO | MOVERS | Tickers | CAPR, GRML, CNXC
2026-09-30 01:32:59 | INFO | UNIVERSE | Built | tickers=20
2026-09-30 01:32:59 | INFO | FILE | Saved ibkr_gapup (movers) | /root/trading/ASJR/ASJR_Analyst/DataLake/2026-09-30/raw/ibkr_gapup.csv
2026-09-30 01:32:59 | INFO | YFINANCE | Daily 30D fetch started | tickers=20
2026-09-30 01:32:59 | INFO | YFINANCE | Daily 30D fetch completed | rows=600
2026-09-30 01:32:59 | INFO | FILE | Saved daily_30d | /root/trading/ASJR/ASJR_Analyst/DataLake/2026-09-30/raw/daily_30d.csv
2026-09-30 01:32:59 | INFO | FEATURES | Daily summary built | rows=20
2026-09-30 01:32:59 | INFO | IBKR | 5m fetch started | tickers=20 | duration=3 D | batch_size=5
2026-09-30 01:33:04 | INFO | IBKR | 5m fetch completed | rows=11060
2026-09-30 01:33:04 | INFO | FILE | Saved intraday_5m | /root/trading/ASJR/ASJR_Analyst/DataLake/2026-09-30/raw/intraday_5m.csv
2026-09-30 01:33:04 | INFO | FEATURES | Intraday summary built | rows=20
2026-09-30 01:33:04 | INFO | YFINANCE | Sector/market fetch started
2026-09-30 01:33:04 | INFO | YFINANCE | Sector/market fetch completed | rows=15
2026-09-30 01:33:04 | INFO | FILE | Saved sector_market_daily | /root/trading/ASJR/ASJR_Analyst/DataLake/2026-09-30/raw/sector_market_daily.csv
2026-09-30 01:33:04 | INFO | FILE | Saved ticker_summary | rows=20 | /root/trading/ASJR/ASJR_Analyst/DataLake/2026-09-30/processed/ticker_summary.csv
2026-09-30 01:33:04 | INFO | FILE | Saved asjr_snapshot | /root/trading/ASJR/ASJR_Analyst/DataLake/2026-09-30/processed/asjr_snapshot.json
2026-09-30 01:33:04 | INFO | RUN | DATA COMPLETE | universe=20 | intraday_rows=11060 | ticker_summary=20
2026-09-30 01:33:04 | INFO | GIT | File verification started | count=7
