2026-09-30 20:10:38 BST | INFO | RUN | VERSION | 2026.09.30.1
2026-09-30 20:10:38 BST | INFO | RUN | START | trade_date=2026-09-30
2026-09-30 20:10:38 BST | INFO | WATCHLIST | /root/trading/ASJR/ASJR_Analyst/DataLake/2026-09-30/config/fixed_watchlist.csv | source=prepared
2026-09-30 20:10:38 BST | INFO | RUN | OPTIONS | include_sector=True | git_submit=True | fetch_gapup_from_app=True
2026-09-30 20:10:38 BST | INFO | MOVERS | Fetch started
2026-09-30 20:10:40 BST | INFO | MOVERS | Fetch completed | rows=78
2026-09-30 20:10:40 BST | INFO | MOVERS | Tickers | CAPR, ZETA, IBRX, PGEN, DNA, BRZE, FORM, COUR, ACMR, STUB, DOCS, ABSI, ACHV, GEN, SLS, OMDA, FROG, AI, ATEN, RPD, SGMT, SYRE, DK, SMMT, HPE, MP, STTK, ADEA, PBF, TRMD, TENB, BLZE, DXC, XP, HIMS, DBX, VYX, CBOE, SDGR, ETSY, VOR, TWST, ALKT, NN, HUBS, MDB, BB, AVPT, VERX, EWTX, LQDA, TRLV, JBL, CBRS, SECZ, MTG, MRNA, GENI, FNF, ADIG, HUT, RDN, IE, KMX, APPS, EQPT, RIOT, APP, CEG, SGML, CAG, BE, CROX, GM, BJ, TOST, GRND, GIS
2026-09-30 20:10:40 BST | INFO | UNIVERSE | Built | tickers=95
2026-09-30 20:10:40 BST | INFO | FILE | Saved ibkr_gapup (movers) | /root/trading/ASJR/ASJR_Analyst/DataLake/2026-09-30/raw/ibkr_gapup.csv
2026-09-30 20:10:40 BST | INFO | YFINANCE | Daily 30D fetch started | tickers=95
2026-09-30 20:10:43 BST | INFO | YFINANCE | Daily 30D fetch completed | rows=2850
2026-09-30 20:10:43 BST | INFO | FILE | Saved daily_30d | /root/trading/ASJR/ASJR_Analyst/DataLake/2026-09-30/raw/daily_30d.csv
2026-09-30 20:10:43 BST | INFO | FEATURES | Daily summary built | rows=95
2026-09-30 20:10:43 BST | INFO | IBKR | 5m fetch started | tickers=95 | duration=3 D | batch_size=5
2026-09-30 20:11:03 BST | INFO | IBKR | 5m fetch completed | rows=44291
2026-09-30 20:11:04 BST | INFO | FILE | Saved intraday_5m | /root/trading/ASJR/ASJR_Analyst/DataLake/2026-09-30/raw/intraday_5m.csv
2026-09-30 20:11:04 BST | INFO | FEATURES | Intraday summary built | rows=95
2026-09-30 20:11:04 BST | INFO | YFINANCE | Sector/market fetch started
2026-09-30 20:11:05 BST | INFO | YFINANCE | Sector/market fetch completed | rows=15
2026-09-30 20:11:05 BST | INFO | FILE | Saved sector_market_daily | /root/trading/ASJR/ASJR_Analyst/DataLake/2026-09-30/raw/sector_market_daily.csv
2026-09-30 20:11:05 BST | INFO | FILE | Saved ticker_summary | rows=95 | /root/trading/ASJR/ASJR_Analyst/DataLake/2026-09-30/processed/ticker_summary.csv
2026-09-30 20:11:05 BST | INFO | FILE | Saved asjr_snapshot | /root/trading/ASJR/ASJR_Analyst/DataLake/2026-09-30/processed/asjr_snapshot.json
2026-09-30 20:11:05 BST | INFO | RUN | DATA COMPLETE | universe=95 | intraday_rows=44291 | ticker_summary=95
2026-09-30 20:11:05 BST | INFO | GIT | File verification started | count=7
