2026-09-30 18:31:36 BST | INFO | RUN | VERSION | 2026.09.30.1
2026-09-30 18:31:36 BST | INFO | RUN | START | trade_date=2026-09-30
2026-09-30 18:31:36 BST | INFO | WATCHLIST | /root/trading/ASJR/ASJR_Analyst/DataLake/2026-09-30/config/fixed_watchlist.csv | source=prepared
2026-09-30 18:31:36 BST | INFO | RUN | OPTIONS | include_sector=True | git_submit=True | fetch_gapup_from_app=True
2026-09-30 18:31:36 BST | INFO | MOVERS | Fetch started
2026-09-30 18:31:38 BST | INFO | MOVERS | Fetch completed | rows=71
2026-09-30 18:31:38 BST | INFO | MOVERS | Tickers | CAPR, IBRX, DNA, PGEN, SGMT, ZETA, COUR, BRZE, FORM, STTK, GEN, DOCS, TRMD, ATEN, SMMT, OMDA, RPD, ACHV, ACMR, TENB, HPE, SLS, MP, FLY, HIMS, DK, CBOE, ABSI, FROG, VOR, PBF, STUB, SDGR, PLNT, ETSY, TWST, ADEA, SYRE, AI, MDB, U, XP, NN, DXC, BLZE, DBX, BB, ALKT, NAMS, SPT, LQDA, TRLV, JBL, CBRS, ADIG, MRNA, SECZ, MTG, HUT, IE, CEG, APPS, GENI, KMX, MAT, FNF, ULCC, BLMN, BE, TIGO, CROX
2026-09-30 18:31:38 BST | INFO | UNIVERSE | Built | tickers=88
2026-09-30 18:31:38 BST | INFO | FILE | Saved ibkr_gapup (movers) | /root/trading/ASJR/ASJR_Analyst/DataLake/2026-09-30/raw/ibkr_gapup.csv
2026-09-30 18:31:38 BST | INFO | YFINANCE | Daily 30D fetch started | tickers=88
2026-09-30 18:31:41 BST | INFO | YFINANCE | Daily 30D fetch completed | rows=2640
2026-09-30 18:31:41 BST | INFO | FILE | Saved daily_30d | /root/trading/ASJR/ASJR_Analyst/DataLake/2026-09-30/raw/daily_30d.csv
2026-09-30 18:31:41 BST | INFO | FEATURES | Daily summary built | rows=88
2026-09-30 18:31:41 BST | INFO | IBKR | 5m fetch started | tickers=88 | duration=3 D | batch_size=5
2026-09-30 18:32:01 BST | INFO | IBKR | 5m fetch completed | rows=39403
2026-09-30 18:32:02 BST | INFO | FILE | Saved intraday_5m | /root/trading/ASJR/ASJR_Analyst/DataLake/2026-09-30/raw/intraday_5m.csv
2026-09-30 18:32:02 BST | INFO | FEATURES | Intraday summary built | rows=88
2026-09-30 18:32:02 BST | INFO | YFINANCE | Sector/market fetch started
2026-09-30 18:32:02 BST | INFO | YFINANCE | Sector/market fetch completed | rows=15
2026-09-30 18:32:02 BST | INFO | FILE | Saved sector_market_daily | /root/trading/ASJR/ASJR_Analyst/DataLake/2026-09-30/raw/sector_market_daily.csv
2026-09-30 18:32:02 BST | INFO | FILE | Saved ticker_summary | rows=88 | /root/trading/ASJR/ASJR_Analyst/DataLake/2026-09-30/processed/ticker_summary.csv
2026-09-30 18:32:02 BST | INFO | FILE | Saved asjr_snapshot | /root/trading/ASJR/ASJR_Analyst/DataLake/2026-09-30/processed/asjr_snapshot.json
2026-09-30 18:32:02 BST | INFO | RUN | DATA COMPLETE | universe=88 | intraday_rows=39403 | ticker_summary=88
2026-09-30 18:32:02 BST | INFO | GIT | File verification started | count=7
