2026-09-30 18:20:37 BST | INFO | RUN | VERSION | 2026.09.30.1
2026-09-30 18:20:37 BST | INFO | RUN | START | trade_date=2026-09-30
2026-09-30 18:20:37 BST | INFO | WATCHLIST | /root/trading/ASJR/ASJR_Analyst/DataLake/2026-09-30/config/fixed_watchlist.csv | source=prepared
2026-09-30 18:20:37 BST | INFO | RUN | OPTIONS | include_sector=True | git_submit=True | fetch_gapup_from_app=True
2026-09-30 18:20:37 BST | INFO | MOVERS | Fetch started
2026-09-30 18:20:38 BST | INFO | MOVERS | Fetch completed | rows=68
2026-09-30 18:20:38 BST | INFO | MOVERS | Tickers | CAPR, IBRX, DNA, COUR, PGEN, ZETA, FORM, STTK, BRZE, SGMT, GEN, DOCS, OMDA, SMMT, TRMD, MP, SLS, HIMS, ACMR, RPD, ATEN, ACHV, FLY, HPE, CBOE, STUB, DK, ABSI, FROG, TENB, SDGR, PBF, AI, CNXC, VOR, U, BLZE, ETSY, PLNT, BB, EWTX, SYRE, ADEA, TWST, PSQL, NAMS, MDB, DBX, XP, SPT, LQDA, TRLV, JBL, CBRS, MRNA, SECZ, HUT, MTG, CEG, KMX, MAT, BE, ULCC, BJ, APPS, TRU, IE, RIOT
2026-09-30 18:20:38 BST | INFO | UNIVERSE | Built | tickers=85
2026-09-30 18:20:38 BST | INFO | FILE | Saved ibkr_gapup (movers) | /root/trading/ASJR/ASJR_Analyst/DataLake/2026-09-30/raw/ibkr_gapup.csv
2026-09-30 18:20:38 BST | INFO | YFINANCE | Daily 30D fetch started | tickers=85
2026-09-30 18:20:41 BST | INFO | YFINANCE | Daily 30D fetch completed | rows=2550
2026-09-30 18:20:41 BST | INFO | FILE | Saved daily_30d | /root/trading/ASJR/ASJR_Analyst/DataLake/2026-09-30/raw/daily_30d.csv
2026-09-30 18:20:41 BST | INFO | FEATURES | Daily summary built | rows=85
2026-09-30 18:20:41 BST | INFO | IBKR | 5m fetch started | tickers=85 | duration=3 D | batch_size=5
2026-09-30 18:21:02 BST | INFO | IBKR | 5m fetch completed | rows=38379
2026-09-30 18:21:02 BST | INFO | FILE | Saved intraday_5m | /root/trading/ASJR/ASJR_Analyst/DataLake/2026-09-30/raw/intraday_5m.csv
2026-09-30 18:21:02 BST | INFO | FEATURES | Intraday summary built | rows=85
2026-09-30 18:21:02 BST | INFO | YFINANCE | Sector/market fetch started
2026-09-30 18:21:03 BST | INFO | YFINANCE | Sector/market fetch completed | rows=15
2026-09-30 18:21:03 BST | INFO | FILE | Saved sector_market_daily | /root/trading/ASJR/ASJR_Analyst/DataLake/2026-09-30/raw/sector_market_daily.csv
2026-09-30 18:21:03 BST | INFO | FILE | Saved ticker_summary | rows=85 | /root/trading/ASJR/ASJR_Analyst/DataLake/2026-09-30/processed/ticker_summary.csv
2026-09-30 18:21:03 BST | INFO | FILE | Saved asjr_snapshot | /root/trading/ASJR/ASJR_Analyst/DataLake/2026-09-30/processed/asjr_snapshot.json
2026-09-30 18:21:03 BST | INFO | RUN | DATA COMPLETE | universe=85 | intraday_rows=38379 | ticker_summary=85
2026-09-30 18:21:03 BST | INFO | GIT | File verification started | count=7
