2026-09-30 15:41:43 BST | INFO | RUN | VERSION | 2026.09.30.1
2026-09-30 15:41:43 BST | INFO | RUN | START | trade_date=2026-09-30
2026-09-30 15:41:43 BST | INFO | WATCHLIST | /root/trading/ASJR/ASJR_Analyst/DataLake/2026-09-30/config/fixed_watchlist.csv | source=prepared
2026-09-30 15:41:43 BST | INFO | RUN | OPTIONS | include_sector=True | git_submit=True | fetch_gapup_from_app=True
2026-09-30 15:41:43 BST | INFO | MOVERS | Fetch started
2026-09-30 15:41:44 BST | INFO | MOVERS | Fetch completed | rows=60
2026-09-30 15:41:44 BST | INFO | MOVERS | Tickers | CAPR, STTK, IBRX, COUR, FORM, BRZE, MP, SGMT, QURE, MDB, SYRE, FLY, HIMS, ENPH, CNXC, SATL, VYX, GEN, RKLB, TRMD, ETRA, AMPL, OMDA, AI, ALOY, RPD, HPE, SLS, SNAP, ASTS, PATH, CBOE, VOR, DOCS, ASAN, NAMS, HUBS, CLF, KVYO, FROG, MNDY, SMR, ETSY, PTRN, DNA, VOYG, WLTH, WTTR, AVPT, USAR, TRLV, JBL, SECZ, CBRS, HUT, MRNA, KMX, MXL, BJ, VIAV
2026-09-30 15:41:44 BST | INFO | UNIVERSE | Built | tickers=76
2026-09-30 15:41:44 BST | INFO | FILE | Saved ibkr_gapup (movers) | /root/trading/ASJR/ASJR_Analyst/DataLake/2026-09-30/raw/ibkr_gapup.csv
2026-09-30 15:41:44 BST | INFO | YFINANCE | Daily 30D fetch started | tickers=76
2026-09-30 15:41:47 BST | INFO | YFINANCE | Daily 30D fetch completed | rows=2259
2026-09-30 15:41:47 BST | INFO | FILE | Saved daily_30d | /root/trading/ASJR/ASJR_Analyst/DataLake/2026-09-30/raw/daily_30d.csv
2026-09-30 15:41:47 BST | INFO | FEATURES | Daily summary built | rows=76
2026-09-30 15:41:47 BST | INFO | IBKR | 5m fetch started | tickers=76 | duration=3 D | batch_size=5
2026-09-30 15:42:04 BST | INFO | IBKR | 5m fetch completed | rows=32434
2026-09-30 15:42:04 BST | INFO | FILE | Saved intraday_5m | /root/trading/ASJR/ASJR_Analyst/DataLake/2026-09-30/raw/intraday_5m.csv
2026-09-30 15:42:04 BST | INFO | FEATURES | Intraday summary built | rows=76
2026-09-30 15:42:04 BST | INFO | YFINANCE | Sector/market fetch started
2026-09-30 15:42:05 BST | INFO | YFINANCE | Sector/market fetch completed | rows=15
2026-09-30 15:42:05 BST | INFO | FILE | Saved sector_market_daily | /root/trading/ASJR/ASJR_Analyst/DataLake/2026-09-30/raw/sector_market_daily.csv
2026-09-30 15:42:05 BST | INFO | FILE | Saved ticker_summary | rows=76 | /root/trading/ASJR/ASJR_Analyst/DataLake/2026-09-30/processed/ticker_summary.csv
2026-09-30 15:42:05 BST | INFO | FILE | Saved asjr_snapshot | /root/trading/ASJR/ASJR_Analyst/DataLake/2026-09-30/processed/asjr_snapshot.json
2026-09-30 15:42:05 BST | INFO | RUN | DATA COMPLETE | universe=76 | intraday_rows=32434 | ticker_summary=76
2026-09-30 15:42:05 BST | INFO | GIT | File verification started | count=7
