2026-09-30 17:43:28 BST | INFO | RUN | VERSION | 2026.09.30.1
2026-09-30 17:43:28 BST | INFO | RUN | START | trade_date=2026-09-30
2026-09-30 17:43:28 BST | INFO | WATCHLIST | /root/trading/ASJR/ASJR_Analyst/DataLake/2026-09-30/config/fixed_watchlist.csv | source=prepared
2026-09-30 17:43:28 BST | INFO | RUN | OPTIONS | include_sector=True | git_submit=True | fetch_gapup_from_app=True
2026-09-30 17:43:28 BST | INFO | MOVERS | Fetch started
2026-09-30 17:43:30 BST | INFO | MOVERS | Fetch completed | rows=64
2026-09-30 17:43:30 BST | INFO | MOVERS | Tickers | IBRX, CAPR, DNA, BRZE, STTK, COUR, FORM, ZETA, CNXC, RPD, GEN, HIMS, STUB, ATEN, OMDA, FLY, PGEN, ACHV, TENB, HPE, CBOE, TRMD, MP, ABSI, DOCS, ACMR, SMMT, AI, BLZE, SYRE, MDB, FROG, SLS, VOR, DK, BB, ETSY, SATL, SGMT, FSLY, U, ASTS, SPT, NN, EWTX, ADEA, ASAN, KVYO, ALKT, SNOW, LQDA, TRLV, CBRS, MRNA, JBL, HUT, MTG, CEG, SECZ, KMX, BJ, MAT, BE, ULCC
2026-09-30 17:43:30 BST | INFO | UNIVERSE | Built | tickers=81
2026-09-30 17:43:30 BST | INFO | FILE | Saved ibkr_gapup (movers) | /root/trading/ASJR/ASJR_Analyst/DataLake/2026-09-30/raw/ibkr_gapup.csv
2026-09-30 17:43:30 BST | INFO | YFINANCE | Daily 30D fetch started | tickers=81
2026-09-30 17:43:32 BST | INFO | YFINANCE | Daily 30D fetch completed | rows=2430
2026-09-30 17:43:32 BST | INFO | FILE | Saved daily_30d | /root/trading/ASJR/ASJR_Analyst/DataLake/2026-09-30/raw/daily_30d.csv
2026-09-30 17:43:32 BST | INFO | FEATURES | Daily summary built | rows=81
2026-09-30 17:43:32 BST | INFO | IBKR | 5m fetch started | tickers=81 | duration=3 D | batch_size=5
2026-09-30 17:43:50 BST | INFO | IBKR | 5m fetch completed | rows=35970
2026-09-30 17:43:50 BST | INFO | FILE | Saved intraday_5m | /root/trading/ASJR/ASJR_Analyst/DataLake/2026-09-30/raw/intraday_5m.csv
2026-09-30 17:43:50 BST | INFO | FEATURES | Intraday summary built | rows=81
2026-09-30 17:43:50 BST | INFO | YFINANCE | Sector/market fetch started
2026-09-30 17:43:51 BST | INFO | YFINANCE | Sector/market fetch completed | rows=15
2026-09-30 17:43:51 BST | INFO | FILE | Saved sector_market_daily | /root/trading/ASJR/ASJR_Analyst/DataLake/2026-09-30/raw/sector_market_daily.csv
2026-09-30 17:43:51 BST | INFO | FILE | Saved ticker_summary | rows=81 | /root/trading/ASJR/ASJR_Analyst/DataLake/2026-09-30/processed/ticker_summary.csv
2026-09-30 17:43:51 BST | INFO | FILE | Saved asjr_snapshot | /root/trading/ASJR/ASJR_Analyst/DataLake/2026-09-30/processed/asjr_snapshot.json
2026-09-30 17:43:51 BST | INFO | RUN | DATA COMPLETE | universe=81 | intraday_rows=35970 | ticker_summary=81
2026-09-30 17:43:51 BST | INFO | GIT | File verification started | count=7
