2026-09-30 15:25:22 BST | INFO | RUN | VERSION | 2026.09.30.1
2026-09-30 15:25:22 BST | INFO | RUN | START | trade_date=2026-09-30
2026-09-30 15:25:22 BST | INFO | WATCHLIST | /root/trading/ASJR/ASJR_Analyst/DataLake/2026-09-30/config/fixed_watchlist.csv | source=prepared
2026-09-30 15:25:22 BST | INFO | RUN | OPTIONS | include_sector=True | git_submit=True | fetch_gapup_from_app=True
2026-09-30 15:25:22 BST | INFO | MOVERS | Fetch started
2026-09-30 15:25:23 BST | INFO | MOVERS | Fetch completed | rows=57
2026-09-30 15:25:23 BST | INFO | MOVERS | Tickers | CAPR, STTK, FORM, MDB, COUR, CNXC, IBRX, SYRE, HIMS, MP, TRMD, SGMT, ENPH, BRZE, SATL, VOR, ETRA, IONQ, HPE, FLY, RKLB, IMMX, CBOE, ALOY, GEN, SNAP, ACHV, EROC, PTRN, CLF, QURE, VOYG, SNOW, SMR, AMPL, RPD, AVPT, NAMS, OMDA, UEC, ETSY, BSP, SEDG, TECK, AI, DNA, VYX, TRLV, SECZ, MRNA, HUT, JBL, CBRS, BBNX, CEG, XERS, KMX
2026-09-30 15:25:23 BST | INFO | UNIVERSE | Built | tickers=74
2026-09-30 15:25:23 BST | INFO | FILE | Saved ibkr_gapup (movers) | /root/trading/ASJR/ASJR_Analyst/DataLake/2026-09-30/raw/ibkr_gapup.csv
2026-09-30 15:25:23 BST | INFO | YFINANCE | Daily 30D fetch started | tickers=74
2026-09-30 15:25:27 BST | INFO | YFINANCE | Daily 30D fetch completed | rows=2199
2026-09-30 15:25:27 BST | INFO | FILE | Saved daily_30d | /root/trading/ASJR/ASJR_Analyst/DataLake/2026-09-30/raw/daily_30d.csv
2026-09-30 15:25:27 BST | INFO | FEATURES | Daily summary built | rows=74
2026-09-30 15:25:27 BST | INFO | IBKR | 5m fetch started | tickers=74 | duration=3 D | batch_size=5
2026-09-30 15:25:44 BST | INFO | IBKR | 5m fetch completed | rows=31568
2026-09-30 15:25:44 BST | INFO | FILE | Saved intraday_5m | /root/trading/ASJR/ASJR_Analyst/DataLake/2026-09-30/raw/intraday_5m.csv
2026-09-30 15:25:44 BST | INFO | FEATURES | Intraday summary built | rows=74
2026-09-30 15:25:44 BST | INFO | YFINANCE | Sector/market fetch started
2026-09-30 15:25:45 BST | INFO | YFINANCE | Sector/market fetch completed | rows=15
2026-09-30 15:25:45 BST | INFO | FILE | Saved sector_market_daily | /root/trading/ASJR/ASJR_Analyst/DataLake/2026-09-30/raw/sector_market_daily.csv
2026-09-30 15:25:45 BST | INFO | FILE | Saved ticker_summary | rows=74 | /root/trading/ASJR/ASJR_Analyst/DataLake/2026-09-30/processed/ticker_summary.csv
2026-09-30 15:25:45 BST | INFO | FILE | Saved asjr_snapshot | /root/trading/ASJR/ASJR_Analyst/DataLake/2026-09-30/processed/asjr_snapshot.json
2026-09-30 15:25:45 BST | INFO | RUN | DATA COMPLETE | universe=74 | intraday_rows=31568 | ticker_summary=74
2026-09-30 15:25:45 BST | INFO | GIT | File verification started | count=7
