2026-09-30 19:32:06 BST | INFO | RUN | VERSION | 2026.09.30.1
2026-09-30 19:32:06 BST | INFO | RUN | START | trade_date=2026-09-30
2026-09-30 19:32:06 BST | INFO | WATCHLIST | /root/trading/ASJR/ASJR_Analyst/DataLake/2026-09-30/config/fixed_watchlist.csv | source=prepared
2026-09-30 19:32:06 BST | INFO | RUN | OPTIONS | include_sector=True | git_submit=True | fetch_gapup_from_app=True
2026-09-30 19:32:06 BST | INFO | MOVERS | Fetch started
2026-09-30 19:32:08 BST | INFO | MOVERS | Fetch completed | rows=77
2026-09-30 19:32:08 BST | INFO | MOVERS | Tickers | CAPR, PGEN, ZETA, IBRX, DNA, COUR, BRZE, FORM, SLS, ABSI, ACMR, ACHV, OMDA, DOCS, DK, GEN, ATEN, PBF, SMMT, VOR, RPD, STUB, SYRE, SNPS, MP, SGMT, AI, ADEA, FROG, SDGR, TENB, HPE, TRMD, CVI, TWST, HIMS, DXC, STTK, HUBS, MDB, XP, DBX, BB, VIR, EWTX, ETSY, ALKT, BLZE, U, CBOE, LQDA, TRLV, JBL, CBRS, ADIG, MTG, SECZ, SGML, MRNA, FNF, GENI, APPS, KMX, IE, HUT, NESR, RIOT, RDN, CROX, TRU, APP, CADL, TIGO, CEG, BJ, GM, TOST
2026-09-30 19:32:08 BST | INFO | UNIVERSE | Built | tickers=94
2026-09-30 19:32:08 BST | INFO | FILE | Saved ibkr_gapup (movers) | /root/trading/ASJR/ASJR_Analyst/DataLake/2026-09-30/raw/ibkr_gapup.csv
2026-09-30 19:32:08 BST | INFO | YFINANCE | Daily 30D fetch started | tickers=94
2026-09-30 19:32:11 BST | INFO | YFINANCE | Daily 30D fetch completed | rows=2820
2026-09-30 19:32:11 BST | INFO | FILE | Saved daily_30d | /root/trading/ASJR/ASJR_Analyst/DataLake/2026-09-30/raw/daily_30d.csv
2026-09-30 19:32:11 BST | INFO | FEATURES | Daily summary built | rows=94
2026-09-30 19:32:11 BST | INFO | IBKR | 5m fetch started | tickers=94 | duration=3 D | batch_size=5
2026-09-30 19:32:31 BST | INFO | IBKR | 5m fetch completed | rows=43133
2026-09-30 19:32:31 BST | INFO | FILE | Saved intraday_5m | /root/trading/ASJR/ASJR_Analyst/DataLake/2026-09-30/raw/intraday_5m.csv
2026-09-30 19:32:32 BST | INFO | FEATURES | Intraday summary built | rows=94
2026-09-30 19:32:32 BST | INFO | YFINANCE | Sector/market fetch started
2026-09-30 19:32:33 BST | INFO | YFINANCE | Sector/market fetch completed | rows=15
2026-09-30 19:32:33 BST | INFO | FILE | Saved sector_market_daily | /root/trading/ASJR/ASJR_Analyst/DataLake/2026-09-30/raw/sector_market_daily.csv
2026-09-30 19:32:33 BST | INFO | FILE | Saved ticker_summary | rows=94 | /root/trading/ASJR/ASJR_Analyst/DataLake/2026-09-30/processed/ticker_summary.csv
2026-09-30 19:32:33 BST | INFO | FILE | Saved asjr_snapshot | /root/trading/ASJR/ASJR_Analyst/DataLake/2026-09-30/processed/asjr_snapshot.json
2026-09-30 19:32:33 BST | INFO | RUN | DATA COMPLETE | universe=94 | intraday_rows=43133 | ticker_summary=94
2026-09-30 19:32:33 BST | INFO | GIT | File verification started | count=7
