2026-09-30 20:43:48 BST | INFO | RUN | VERSION | 2026.09.30.1
2026-09-30 20:43:48 BST | INFO | RUN | START | trade_date=2026-09-30
2026-09-30 20:43:48 BST | INFO | WATCHLIST | /root/trading/ASJR/ASJR_Analyst/DataLake/2026-09-30/config/fixed_watchlist.csv | source=prepared
2026-09-30 20:43:48 BST | INFO | RUN | OPTIONS | include_sector=True | git_submit=True | fetch_gapup_from_app=True
2026-09-30 20:43:48 BST | INFO | MOVERS | Fetch started
2026-09-30 20:43:49 BST | INFO | MOVERS | Fetch completed | rows=81
2026-09-30 20:43:49 BST | INFO | MOVERS | Tickers | CAPR, DNA, ZETA, FORM, IBRX, BRZE, ACMR, PGEN, SLS, ACHV, OMDA, DOCS, FROG, ABSI, GEN, STUB, AI, SYRE, SGMT, RPD, ATEN, SNPS, TRMD, EWTX, VOR, DXC, SMMT, BLZE, VERX, SEI, SDGR, HPE, TWST, ETSY, DK, ADEA, VIR, MP, DBX, HIMS, STTK, PCOR, TENB, ERAS, CBOE, VYX, GME, KVYO, MDB, LQDA, TRLV, JBL, CBRS, MTG, SECZ, GENI, FNF, RDN, MRNA, HUT, IE, KMX, APPS, GRND, EQPT, GIS, RIOT, BE, TIGO, CAG, APP, ADIG, TOST, SGML, CROX, MARA, BLMN, NESR, MAT, TRU, GM
2026-09-30 20:43:49 BST | INFO | UNIVERSE | Built | tickers=98
2026-09-30 20:43:49 BST | INFO | FILE | Saved ibkr_gapup (movers) | /root/trading/ASJR/ASJR_Analyst/DataLake/2026-09-30/raw/ibkr_gapup.csv
2026-09-30 20:43:49 BST | INFO | YFINANCE | Daily 30D fetch started | tickers=98
2026-09-30 20:43:53 BST | INFO | YFINANCE | Daily 30D fetch completed | rows=2940
2026-09-30 20:43:53 BST | INFO | FILE | Saved daily_30d | /root/trading/ASJR/ASJR_Analyst/DataLake/2026-09-30/raw/daily_30d.csv
2026-09-30 20:43:53 BST | INFO | FEATURES | Daily summary built | rows=98
2026-09-30 20:43:53 BST | INFO | IBKR | 5m fetch started | tickers=98 | duration=3 D | batch_size=5
2026-09-30 20:44:14 BST | INFO | IBKR | 5m fetch completed | rows=45961
2026-09-30 20:44:14 BST | INFO | FILE | Saved intraday_5m | /root/trading/ASJR/ASJR_Analyst/DataLake/2026-09-30/raw/intraday_5m.csv
2026-09-30 20:44:15 BST | INFO | FEATURES | Intraday summary built | rows=98
2026-09-30 20:44:15 BST | INFO | YFINANCE | Sector/market fetch started
2026-09-30 20:44:15 BST | INFO | YFINANCE | Sector/market fetch completed | rows=15
2026-09-30 20:44:15 BST | INFO | FILE | Saved sector_market_daily | /root/trading/ASJR/ASJR_Analyst/DataLake/2026-09-30/raw/sector_market_daily.csv
2026-09-30 20:44:15 BST | INFO | FILE | Saved ticker_summary | rows=98 | /root/trading/ASJR/ASJR_Analyst/DataLake/2026-09-30/processed/ticker_summary.csv
2026-09-30 20:44:15 BST | INFO | FILE | Saved asjr_snapshot | /root/trading/ASJR/ASJR_Analyst/DataLake/2026-09-30/processed/asjr_snapshot.json
2026-09-30 20:44:15 BST | INFO | RUN | DATA COMPLETE | universe=98 | intraday_rows=45961 | ticker_summary=98
2026-09-30 20:44:15 BST | INFO | GIT | File verification started | count=7
