2026-09-30 18:48:04 BST | INFO | RUN | VERSION | 2026.09.30.1
2026-09-30 18:48:04 BST | INFO | RUN | START | trade_date=2026-09-30
2026-09-30 18:48:04 BST | INFO | WATCHLIST | /root/trading/ASJR/ASJR_Analyst/DataLake/2026-09-30/config/fixed_watchlist.csv | source=prepared
2026-09-30 18:48:04 BST | INFO | RUN | OPTIONS | include_sector=True | git_submit=True | fetch_gapup_from_app=True
2026-09-30 18:48:04 BST | INFO | MOVERS | Fetch started
2026-09-30 18:48:06 BST | INFO | MOVERS | Fetch completed | rows=72
2026-09-30 18:48:06 BST | INFO | MOVERS | Tickers | CAPR, IBRX, PGEN, DNA, ZETA, SGMT, FORM, BRZE, COUR, STTK, SLS, OMDA, ACMR, GEN, ACHV, DOCS, SMMT, MP, TRMD, RPD, ATEN, HIMS, ABSI, FLY, TENB, STUB, HPE, AI, SYRE, TWST, FROG, VOR, PBF, BLZE, ADEA, CBOE, DK, NN, XP, BB, ETSY, MDB, DXC, U, VIR, DBX, HUBS, SPT, SDGR, FSLY, LQDA, TRLV, JBL, CBRS, ADIG, MTG, MRNA, GENI, IE, SECZ, KMX, RDN, SGML, FNF, NESR, CROX, APPS, MAT, BE, GM, TIGO, HUT
2026-09-30 18:48:06 BST | INFO | UNIVERSE | Built | tickers=89
2026-09-30 18:48:06 BST | INFO | FILE | Saved ibkr_gapup (movers) | /root/trading/ASJR/ASJR_Analyst/DataLake/2026-09-30/raw/ibkr_gapup.csv
2026-09-30 18:48:06 BST | INFO | YFINANCE | Daily 30D fetch started | tickers=89
2026-09-30 18:48:09 BST | INFO | YFINANCE | Daily 30D fetch completed | rows=2670
2026-09-30 18:48:09 BST | INFO | FILE | Saved daily_30d | /root/trading/ASJR/ASJR_Analyst/DataLake/2026-09-30/raw/daily_30d.csv
2026-09-30 18:48:09 BST | INFO | FEATURES | Daily summary built | rows=89
2026-09-30 18:48:09 BST | INFO | IBKR | 5m fetch started | tickers=89 | duration=3 D | batch_size=5
2026-09-30 18:48:29 BST | INFO | IBKR | 5m fetch completed | rows=40229
2026-09-30 18:48:29 BST | INFO | FILE | Saved intraday_5m | /root/trading/ASJR/ASJR_Analyst/DataLake/2026-09-30/raw/intraday_5m.csv
2026-09-30 18:48:29 BST | INFO | FEATURES | Intraday summary built | rows=89
2026-09-30 18:48:29 BST | INFO | YFINANCE | Sector/market fetch started
2026-09-30 18:48:30 BST | INFO | YFINANCE | Sector/market fetch completed | rows=15
2026-09-30 18:48:30 BST | INFO | FILE | Saved sector_market_daily | /root/trading/ASJR/ASJR_Analyst/DataLake/2026-09-30/raw/sector_market_daily.csv
2026-09-30 18:48:30 BST | INFO | FILE | Saved ticker_summary | rows=89 | /root/trading/ASJR/ASJR_Analyst/DataLake/2026-09-30/processed/ticker_summary.csv
2026-09-30 18:48:30 BST | INFO | FILE | Saved asjr_snapshot | /root/trading/ASJR/ASJR_Analyst/DataLake/2026-09-30/processed/asjr_snapshot.json
2026-09-30 18:48:30 BST | INFO | RUN | DATA COMPLETE | universe=89 | intraday_rows=40229 | ticker_summary=89
2026-09-30 18:48:30 BST | INFO | GIT | File verification started | count=7
