2026-10-01 00:42:01 BST | INFO | RUN | VERSION | 2026.09.30.1
2026-10-01 00:42:01 BST | INFO | RUN | START | trade_date=2026-09-30
2026-10-01 00:42:01 BST | INFO | WATCHLIST | /root/trading/ASJR/ASJR_Analyst/DataLake/2026-09-30/config/fixed_watchlist.csv | source=prepared
2026-10-01 00:42:01 BST | INFO | RUN | OPTIONS | include_sector=True | git_submit=True | fetch_gapup_from_app=True
2026-10-01 00:42:01 BST | INFO | MOVERS | Fetch started
2026-10-01 00:42:02 BST | INFO | MOVERS | Fetch completed | rows=73
2026-10-01 00:42:02 BST | INFO | MOVERS | Tickers | CAPR, FORM, ZETA, BRZE, OMDA, FROG, DNA, ACMR, SLS, IBRX, DOCS, PGEN, AI, ABSI, SGMT, VERX, GEN, TRMD, ACHV, CBOE, SYRE, STUB, ATEN, VIR, DXC, SNPS, BLZE, PCOR, RPD, STTK, SHLS, ODD, PATH, SEI, MP, INTR, VOR, KOD, TENB, LQDA, TRLV, JBL, CBRS, MTG, SECZ, HUT, GENI, KMX, IE, RDN, EQPT, FNF, RIOT, ADIG, MARA, MRNA, TIGO, APP, TRU, GIS, BE, CAG, TOST, APPS, CROX, GM, GRND, MAT, XERS, CIFR, MKC, APLD, CADL
2026-10-01 00:42:02 BST | INFO | UNIVERSE | Built | tickers=90
2026-10-01 00:42:02 BST | INFO | FILE | Saved ibkr_gapup (movers) | /root/trading/ASJR/ASJR_Analyst/DataLake/2026-09-30/raw/ibkr_gapup.csv
2026-10-01 00:42:02 BST | INFO | YFINANCE | Daily 30D fetch started | tickers=90
2026-10-01 00:42:04 BST | INFO | YFINANCE | Daily 30D fetch completed | rows=2700
2026-10-01 00:42:05 BST | INFO | FILE | Saved daily_30d | /root/trading/ASJR/ASJR_Analyst/DataLake/2026-09-30/raw/daily_30d.csv
2026-10-01 00:42:05 BST | INFO | FEATURES | Daily summary built | rows=90
2026-10-01 00:42:05 BST | INFO | IBKR | 5m fetch started | tickers=90 | duration=3 D | batch_size=5
2026-10-01 00:42:24 BST | INFO | IBKR | 5m fetch completed | rows=46464
2026-10-01 00:42:24 BST | INFO | FILE | Saved intraday_5m | /root/trading/ASJR/ASJR_Analyst/DataLake/2026-09-30/raw/intraday_5m.csv
2026-10-01 00:42:24 BST | INFO | FEATURES | Intraday summary built | rows=90
2026-10-01 00:42:24 BST | INFO | YFINANCE | Sector/market fetch started
2026-10-01 00:42:25 BST | INFO | YFINANCE | Sector/market fetch completed | rows=15
2026-10-01 00:42:25 BST | INFO | FILE | Saved sector_market_daily | /root/trading/ASJR/ASJR_Analyst/DataLake/2026-09-30/raw/sector_market_daily.csv
2026-10-01 00:42:25 BST | INFO | FILE | Saved ticker_summary | rows=90 | /root/trading/ASJR/ASJR_Analyst/DataLake/2026-09-30/processed/ticker_summary.csv
2026-10-01 00:42:25 BST | INFO | FILE | Saved asjr_snapshot | /root/trading/ASJR/ASJR_Analyst/DataLake/2026-09-30/processed/asjr_snapshot.json
2026-10-01 00:42:25 BST | INFO | RUN | DATA COMPLETE | universe=90 | intraday_rows=46464 | ticker_summary=90
2026-10-01 00:42:25 BST | INFO | GIT | File verification started | count=7
