2026-09-30 19:43:07 BST | INFO | RUN | VERSION | 2026.09.30.1
2026-09-30 19:43:07 BST | INFO | RUN | START | trade_date=2026-09-30
2026-09-30 19:43:07 BST | INFO | WATCHLIST | /root/trading/ASJR/ASJR_Analyst/DataLake/2026-09-30/config/fixed_watchlist.csv | source=prepared
2026-09-30 19:43:07 BST | INFO | RUN | OPTIONS | include_sector=True | git_submit=True | fetch_gapup_from_app=True
2026-09-30 19:43:07 BST | INFO | MOVERS | Fetch started
2026-09-30 19:43:08 BST | INFO | MOVERS | Fetch completed | rows=72
2026-09-30 19:43:08 BST | INFO | MOVERS | Tickers | CAPR, IBRX, ZETA, PGEN, DNA, BRZE, FORM, COUR, ACMR, GEN, SLS, STUB, DOCS, ABSI, DK, ATEN, PBF, RPD, ACHV, AI, VOR, MP, OMDA, SMMT, FROG, SYRE, ADEA, TRMD, TENB, SDGR, HPE, TWST, HIMS, CVI, STTK, XP, MDB, HUBS, DXC, VIR, DBX, NN, U, CBOE, BLZE, SGMT, MLTX, EWTX, ETSY, ALKT, LQDA, TRLV, JBL, CBRS, MTG, FNF, ADIG, GENI, MRNA, SECZ, KMX, IE, SGML, APPS, RDN, HUT, NESR, APP, CADL, CROX, GRND, TOST
2026-09-30 19:43:08 BST | INFO | UNIVERSE | Built | tickers=89
2026-09-30 19:43:08 BST | INFO | FILE | Saved ibkr_gapup (movers) | /root/trading/ASJR/ASJR_Analyst/DataLake/2026-09-30/raw/ibkr_gapup.csv
2026-09-30 19:43:08 BST | INFO | YFINANCE | Daily 30D fetch started | tickers=89
2026-09-30 19:43:12 BST | INFO | YFINANCE | Daily 30D fetch completed | rows=2670
2026-09-30 19:43:12 BST | INFO | FILE | Saved daily_30d | /root/trading/ASJR/ASJR_Analyst/DataLake/2026-09-30/raw/daily_30d.csv
2026-09-30 19:43:12 BST | INFO | FEATURES | Daily summary built | rows=89
2026-09-30 19:43:12 BST | INFO | IBKR | 5m fetch started | tickers=89 | duration=3 D | batch_size=5
2026-09-30 19:43:32 BST | INFO | IBKR | 5m fetch completed | rows=40781
2026-09-30 19:43:32 BST | INFO | FILE | Saved intraday_5m | /root/trading/ASJR/ASJR_Analyst/DataLake/2026-09-30/raw/intraday_5m.csv
2026-09-30 19:43:33 BST | INFO | FEATURES | Intraday summary built | rows=89
2026-09-30 19:43:33 BST | INFO | YFINANCE | Sector/market fetch started
2026-09-30 19:43:33 BST | INFO | YFINANCE | Sector/market fetch completed | rows=15
2026-09-30 19:43:33 BST | INFO | FILE | Saved sector_market_daily | /root/trading/ASJR/ASJR_Analyst/DataLake/2026-09-30/raw/sector_market_daily.csv
2026-09-30 19:43:33 BST | INFO | FILE | Saved ticker_summary | rows=89 | /root/trading/ASJR/ASJR_Analyst/DataLake/2026-09-30/processed/ticker_summary.csv
2026-09-30 19:43:33 BST | INFO | FILE | Saved asjr_snapshot | /root/trading/ASJR/ASJR_Analyst/DataLake/2026-09-30/processed/asjr_snapshot.json
2026-09-30 19:43:33 BST | INFO | RUN | DATA COMPLETE | universe=89 | intraday_rows=40781 | ticker_summary=89
2026-09-30 19:43:33 BST | INFO | GIT | File verification started | count=7
