2026-09-30 19:59:38 BST | INFO | RUN | VERSION | 2026.09.30.1
2026-09-30 19:59:38 BST | INFO | RUN | START | trade_date=2026-09-30
2026-09-30 19:59:38 BST | INFO | WATCHLIST | /root/trading/ASJR/ASJR_Analyst/DataLake/2026-09-30/config/fixed_watchlist.csv | source=prepared
2026-09-30 19:59:38 BST | INFO | RUN | OPTIONS | include_sector=True | git_submit=True | fetch_gapup_from_app=True
2026-09-30 19:59:38 BST | INFO | MOVERS | Fetch started
2026-09-30 19:59:40 BST | INFO | MOVERS | Fetch completed | rows=77
2026-09-30 19:59:40 BST | INFO | MOVERS | Tickers | CAPR, ZETA, IBRX, PGEN, BRZE, COUR, FORM, DNA, ACMR, STUB, DOCS, ABSI, VYX, GEN, AI, ACHV, ADEA, OMDA, SLS, ATEN, MP, SDGR, PBF, DK, RPD, TRMD, TENB, VOR, HPE, SMMT, FROG, STTK, HIMS, SYRE, XP, DXC, HUBS, ETSY, ALKT, NN, SGMT, BLZE, MDB, DBX, U, TWST, GME, CBOE, BB, PATH, LQDA, TRLV, JBL, CBRS, MTG, MRNA, FNF, ADIG, SECZ, GENI, RDN, KMX, IE, HUT, CADL, GRND, SGML, CEG, APPS, BE, EQPT, CROX, RIOT, APP, TOST, TIGO, GM
2026-09-30 19:59:40 BST | INFO | UNIVERSE | Built | tickers=94
2026-09-30 19:59:40 BST | INFO | FILE | Saved ibkr_gapup (movers) | /root/trading/ASJR/ASJR_Analyst/DataLake/2026-09-30/raw/ibkr_gapup.csv
2026-09-30 19:59:40 BST | INFO | YFINANCE | Daily 30D fetch started | tickers=94
2026-09-30 19:59:42 BST | INFO | YFINANCE | Daily 30D fetch completed | rows=2820
2026-09-30 19:59:42 BST | INFO | FILE | Saved daily_30d | /root/trading/ASJR/ASJR_Analyst/DataLake/2026-09-30/raw/daily_30d.csv
2026-09-30 19:59:42 BST | INFO | FEATURES | Daily summary built | rows=94
2026-09-30 19:59:42 BST | INFO | IBKR | 5m fetch started | tickers=94 | duration=3 D | batch_size=5
2026-09-30 20:00:02 BST | INFO | IBKR | 5m fetch completed | rows=43645
2026-09-30 20:00:02 BST | INFO | FILE | Saved intraday_5m | /root/trading/ASJR/ASJR_Analyst/DataLake/2026-09-30/raw/intraday_5m.csv
2026-09-30 20:00:03 BST | INFO | FEATURES | Intraday summary built | rows=94
2026-09-30 20:00:03 BST | INFO | YFINANCE | Sector/market fetch started
2026-09-30 20:00:03 BST | INFO | YFINANCE | Sector/market fetch completed | rows=15
2026-09-30 20:00:03 BST | INFO | FILE | Saved sector_market_daily | /root/trading/ASJR/ASJR_Analyst/DataLake/2026-09-30/raw/sector_market_daily.csv
2026-09-30 20:00:03 BST | INFO | FILE | Saved ticker_summary | rows=94 | /root/trading/ASJR/ASJR_Analyst/DataLake/2026-09-30/processed/ticker_summary.csv
2026-09-30 20:00:03 BST | INFO | FILE | Saved asjr_snapshot | /root/trading/ASJR/ASJR_Analyst/DataLake/2026-09-30/processed/asjr_snapshot.json
2026-09-30 20:00:03 BST | INFO | RUN | DATA COMPLETE | universe=94 | intraday_rows=43645 | ticker_summary=94
2026-09-30 20:00:03 BST | INFO | GIT | File verification started | count=7
