2026-09-30 20:16:08 BST | INFO | RUN | VERSION | 2026.09.30.1
2026-09-30 20:16:08 BST | INFO | RUN | START | trade_date=2026-09-30
2026-09-30 20:16:08 BST | INFO | WATCHLIST | /root/trading/ASJR/ASJR_Analyst/DataLake/2026-09-30/config/fixed_watchlist.csv | source=prepared
2026-09-30 20:16:08 BST | INFO | RUN | OPTIONS | include_sector=True | git_submit=True | fetch_gapup_from_app=True
2026-09-30 20:16:08 BST | INFO | MOVERS | Fetch started
2026-09-30 20:16:11 BST | INFO | MOVERS | Fetch completed | rows=79
2026-09-30 20:16:11 BST | INFO | MOVERS | Tickers | CAPR, ZETA, PGEN, IBRX, DNA, BRZE, FORM, COUR, ACMR, ABSI, DOCS, STUB, OMDA, ACHV, GEN, SLS, FROG, AI, SYRE, SGMT, RPD, SMMT, MP, HPE, BLZE, VOR, DK, TRMD, ATEN, VYX, STTK, TENB, ADEA, PBF, DXC, XP, TWST, HIMS, MDB, ETSY, EWTX, HUBS, DBX, AVPT, VERX, CBOE, SDGR, ALKT, GME, BB, LQDA, TRLV, JBL, CBRS, SECZ, MTG, MRNA, GENI, FNF, HUT, RDN, IE, APPS, KMX, APP, RIOT, CEG, CROX, EQPT, SGML, BJ, GRND, BE, GM, TOST, CAG, ADIG, GIS, TIGO
2026-09-30 20:16:11 BST | INFO | UNIVERSE | Built | tickers=96
2026-09-30 20:16:11 BST | INFO | FILE | Saved ibkr_gapup (movers) | /root/trading/ASJR/ASJR_Analyst/DataLake/2026-09-30/raw/ibkr_gapup.csv
2026-09-30 20:16:11 BST | INFO | YFINANCE | Daily 30D fetch started | tickers=96
2026-09-30 20:16:13 BST | INFO | YFINANCE | Daily 30D fetch completed | rows=2880
2026-09-30 20:16:13 BST | INFO | FILE | Saved daily_30d | /root/trading/ASJR/ASJR_Analyst/DataLake/2026-09-30/raw/daily_30d.csv
2026-09-30 20:16:13 BST | INFO | FEATURES | Daily summary built | rows=96
2026-09-30 20:16:13 BST | INFO | IBKR | 5m fetch started | tickers=96 | duration=3 D | batch_size=5
2026-09-30 20:16:34 BST | INFO | IBKR | 5m fetch completed | rows=44894
2026-09-30 20:16:34 BST | INFO | FILE | Saved intraday_5m | /root/trading/ASJR/ASJR_Analyst/DataLake/2026-09-30/raw/intraday_5m.csv
2026-09-30 20:16:35 BST | INFO | FEATURES | Intraday summary built | rows=96
2026-09-30 20:16:35 BST | INFO | YFINANCE | Sector/market fetch started
2026-09-30 20:16:35 BST | INFO | YFINANCE | Sector/market fetch completed | rows=15
2026-09-30 20:16:35 BST | INFO | FILE | Saved sector_market_daily | /root/trading/ASJR/ASJR_Analyst/DataLake/2026-09-30/raw/sector_market_daily.csv
2026-09-30 20:16:35 BST | INFO | FILE | Saved ticker_summary | rows=96 | /root/trading/ASJR/ASJR_Analyst/DataLake/2026-09-30/processed/ticker_summary.csv
2026-09-30 20:16:35 BST | INFO | FILE | Saved asjr_snapshot | /root/trading/ASJR/ASJR_Analyst/DataLake/2026-09-30/processed/asjr_snapshot.json
2026-09-30 20:16:35 BST | INFO | RUN | DATA COMPLETE | universe=96 | intraday_rows=44894 | ticker_summary=96
2026-09-30 20:16:35 BST | INFO | GIT | File verification started | count=7
