2026-09-30 17:16:16 BST | INFO | RUN | VERSION | 2026.09.30.1
2026-09-30 17:16:16 BST | INFO | RUN | START | trade_date=2026-09-30
2026-09-30 17:16:16 BST | INFO | WATCHLIST | /root/trading/ASJR/ASJR_Analyst/DataLake/2026-09-30/config/fixed_watchlist.csv | source=prepared
2026-09-30 17:16:16 BST | INFO | RUN | OPTIONS | include_sector=True | git_submit=True | fetch_gapup_from_app=True
2026-09-30 17:16:16 BST | INFO | MOVERS | Fetch started
2026-09-30 17:16:17 BST | INFO | MOVERS | Fetch completed | rows=61
2026-09-30 17:16:17 BST | INFO | MOVERS | Tickers | IBRX, CAPR, BRZE, STTK, FORM, COUR, SMMT, ZETA, RPD, CNXC, STUB, GEN, VOR, HPE, ACHV, HIMS, PGEN, NN, TENB, MDB, CBOE, SGMT, WLTH, OMDA, BLZE, ATEN, TRMD, ACMR, FROG, DK, SLS, AI, DOCS, MP, EWTX, DNA, SDGR, PBF, SNOW, ADEA, ETSY, TWST, SPT, KVYO, PTRN, HUBS, SYRE, FLY, ABSI, ALKT, LQDA, TRLV, CBRS, MRNA, JBL, HUT, CEG, KMX, MXL, BE, BJ
2026-09-30 17:16:17 BST | INFO | UNIVERSE | Built | tickers=78
2026-09-30 17:16:17 BST | INFO | FILE | Saved ibkr_gapup (movers) | /root/trading/ASJR/ASJR_Analyst/DataLake/2026-09-30/raw/ibkr_gapup.csv
2026-09-30 17:16:17 BST | INFO | YFINANCE | Daily 30D fetch started | tickers=78
2026-09-30 17:16:20 BST | INFO | YFINANCE | Daily 30D fetch completed | rows=2340
2026-09-30 17:16:20 BST | INFO | FILE | Saved daily_30d | /root/trading/ASJR/ASJR_Analyst/DataLake/2026-09-30/raw/daily_30d.csv
2026-09-30 17:16:20 BST | INFO | FEATURES | Daily summary built | rows=78
2026-09-30 17:16:20 BST | INFO | IBKR | 5m fetch started | tickers=78 | duration=3 D | batch_size=5
2026-09-30 17:16:37 BST | INFO | IBKR | 5m fetch completed | rows=34235
2026-09-30 17:16:37 BST | INFO | FILE | Saved intraday_5m | /root/trading/ASJR/ASJR_Analyst/DataLake/2026-09-30/raw/intraday_5m.csv
2026-09-30 17:16:37 BST | INFO | FEATURES | Intraday summary built | rows=78
2026-09-30 17:16:37 BST | INFO | YFINANCE | Sector/market fetch started
2026-09-30 17:16:38 BST | INFO | YFINANCE | Sector/market fetch completed | rows=15
2026-09-30 17:16:38 BST | INFO | FILE | Saved sector_market_daily | /root/trading/ASJR/ASJR_Analyst/DataLake/2026-09-30/raw/sector_market_daily.csv
2026-09-30 17:16:38 BST | INFO | FILE | Saved ticker_summary | rows=78 | /root/trading/ASJR/ASJR_Analyst/DataLake/2026-09-30/processed/ticker_summary.csv
2026-09-30 17:16:38 BST | INFO | FILE | Saved asjr_snapshot | /root/trading/ASJR/ASJR_Analyst/DataLake/2026-09-30/processed/asjr_snapshot.json
2026-09-30 17:16:38 BST | INFO | RUN | DATA COMPLETE | universe=78 | intraday_rows=34235 | ticker_summary=78
2026-09-30 17:16:38 BST | INFO | GIT | File verification started | count=7
