2026-09-30 17:38:02 BST | INFO | RUN | VERSION | 2026.09.30.1
2026-09-30 17:38:02 BST | INFO | RUN | START | trade_date=2026-09-30
2026-09-30 17:38:02 BST | INFO | WATCHLIST | /root/trading/ASJR/ASJR_Analyst/DataLake/2026-09-30/config/fixed_watchlist.csv | source=prepared
2026-09-30 17:38:02 BST | INFO | RUN | OPTIONS | include_sector=True | git_submit=True | fetch_gapup_from_app=True
2026-09-30 17:38:02 BST | INFO | MOVERS | Fetch started
2026-09-30 17:38:04 BST | INFO | MOVERS | Fetch completed | rows=63
2026-09-30 17:38:04 BST | INFO | MOVERS | Tickers | IBRX, CAPR, STTK, BRZE, DNA, ZETA, FORM, COUR, CNXC, RPD, ATEN, STUB, GEN, HIMS, ACHV, HPE, OMDA, FLY, TRMD, TENB, SMMT, CBOE, PGEN, MP, ACMR, BLZE, AI, VOR, DOCS, FROG, SGMT, WLTH, MDB, ABSI, DK, SYRE, BB, SLS, ETSY, NN, SPT, XP, ASAN, U, SOUN, ALKT, KVYO, SHAK, SATL, SNOW, LQDA, TRLV, MRNA, CBRS, JBL, HUT, CEG, MTG, KMX, SECZ, BE, BJ, MXL
2026-09-30 17:38:04 BST | INFO | UNIVERSE | Built | tickers=80
2026-09-30 17:38:04 BST | INFO | FILE | Saved ibkr_gapup (movers) | /root/trading/ASJR/ASJR_Analyst/DataLake/2026-09-30/raw/ibkr_gapup.csv
2026-09-30 17:38:04 BST | INFO | YFINANCE | Daily 30D fetch started | tickers=80
2026-09-30 17:38:06 BST | INFO | YFINANCE | Daily 30D fetch completed | rows=2400
2026-09-30 17:38:06 BST | INFO | FILE | Saved daily_30d | /root/trading/ASJR/ASJR_Analyst/DataLake/2026-09-30/raw/daily_30d.csv
2026-09-30 17:38:06 BST | INFO | FEATURES | Daily summary built | rows=80
2026-09-30 17:38:06 BST | INFO | IBKR | 5m fetch started | tickers=80 | duration=3 D | batch_size=5
2026-09-30 17:38:24 BST | INFO | IBKR | 5m fetch completed | rows=35584
2026-09-30 17:38:24 BST | INFO | FILE | Saved intraday_5m | /root/trading/ASJR/ASJR_Analyst/DataLake/2026-09-30/raw/intraday_5m.csv
2026-09-30 17:38:24 BST | INFO | FEATURES | Intraday summary built | rows=80
2026-09-30 17:38:24 BST | INFO | YFINANCE | Sector/market fetch started
2026-09-30 17:38:25 BST | INFO | YFINANCE | Sector/market fetch completed | rows=15
2026-09-30 17:38:25 BST | INFO | FILE | Saved sector_market_daily | /root/trading/ASJR/ASJR_Analyst/DataLake/2026-09-30/raw/sector_market_daily.csv
2026-09-30 17:38:25 BST | INFO | FILE | Saved ticker_summary | rows=80 | /root/trading/ASJR/ASJR_Analyst/DataLake/2026-09-30/processed/ticker_summary.csv
2026-09-30 17:38:25 BST | INFO | FILE | Saved asjr_snapshot | /root/trading/ASJR/ASJR_Analyst/DataLake/2026-09-30/processed/asjr_snapshot.json
2026-09-30 17:38:25 BST | INFO | RUN | DATA COMPLETE | universe=80 | intraday_rows=35584 | ticker_summary=80
2026-09-30 17:38:25 BST | INFO | GIT | File verification started | count=7
