2026-09-30 15:36:16 BST | INFO | RUN | VERSION | 2026.09.30.1
2026-09-30 15:36:16 BST | INFO | RUN | START | trade_date=2026-09-30
2026-09-30 15:36:16 BST | INFO | WATCHLIST | /root/trading/ASJR/ASJR_Analyst/DataLake/2026-09-30/config/fixed_watchlist.csv | source=prepared
2026-09-30 15:36:16 BST | INFO | RUN | OPTIONS | include_sector=True | git_submit=True | fetch_gapup_from_app=True
2026-09-30 15:36:16 BST | INFO | MOVERS | Fetch started
2026-09-30 15:36:18 BST | INFO | MOVERS | Fetch completed | rows=60
2026-09-30 15:36:18 BST | INFO | MOVERS | Tickers | CAPR, STTK, COUR, FORM, IBRX, SGMT, SYRE, MP, FLY, CNXC, BRZE, MDB, RKLB, HIMS, ENPH, QURE, TRMD, GEN, SATL, ETRA, VOYG, ALOY, VYX, CBOE, PATH, ASTS, AMPL, VOR, OMDA, HPE, PTRN, AI, ETSY, LUNR, HUBS, CLF, ASAN, KVYO, NAMS, SNAP, FROG, SNOW, ZETA, UEC, SMR, SLS, DOCS, TRLV, SECZ, JBL, HUT, MRNA, CBRS, VIAV, RIOT, QMCO, BBNX, XERS, KMX, MXL
2026-09-30 15:36:18 BST | INFO | UNIVERSE | Built | tickers=77
2026-09-30 15:36:18 BST | INFO | FILE | Saved ibkr_gapup (movers) | /root/trading/ASJR/ASJR_Analyst/DataLake/2026-09-30/raw/ibkr_gapup.csv
2026-09-30 15:36:18 BST | INFO | YFINANCE | Daily 30D fetch started | tickers=77
2026-09-30 15:36:20 BST | INFO | YFINANCE | Daily 30D fetch completed | rows=2289
2026-09-30 15:36:20 BST | INFO | FILE | Saved daily_30d | /root/trading/ASJR/ASJR_Analyst/DataLake/2026-09-30/raw/daily_30d.csv
2026-09-30 15:36:20 BST | INFO | FEATURES | Daily summary built | rows=77
2026-09-30 15:36:20 BST | INFO | IBKR | 5m fetch started | tickers=77 | duration=3 D | batch_size=5
2026-09-30 15:36:38 BST | INFO | IBKR | 5m fetch completed | rows=33074
2026-09-30 15:36:38 BST | INFO | FILE | Saved intraday_5m | /root/trading/ASJR/ASJR_Analyst/DataLake/2026-09-30/raw/intraday_5m.csv
2026-09-30 15:36:38 BST | INFO | FEATURES | Intraday summary built | rows=77
2026-09-30 15:36:38 BST | INFO | YFINANCE | Sector/market fetch started
2026-09-30 15:36:39 BST | INFO | YFINANCE | Sector/market fetch completed | rows=15
2026-09-30 15:36:39 BST | INFO | FILE | Saved sector_market_daily | /root/trading/ASJR/ASJR_Analyst/DataLake/2026-09-30/raw/sector_market_daily.csv
2026-09-30 15:36:39 BST | INFO | FILE | Saved ticker_summary | rows=77 | /root/trading/ASJR/ASJR_Analyst/DataLake/2026-09-30/processed/ticker_summary.csv
2026-09-30 15:36:39 BST | INFO | FILE | Saved asjr_snapshot | /root/trading/ASJR/ASJR_Analyst/DataLake/2026-09-30/processed/asjr_snapshot.json
2026-09-30 15:36:39 BST | INFO | RUN | DATA COMPLETE | universe=77 | intraday_rows=33074 | ticker_summary=77
2026-09-30 15:36:39 BST | INFO | GIT | File verification started | count=7
