2026-09-30 19:15:35 BST | INFO | RUN | VERSION | 2026.09.30.1
2026-09-30 19:15:35 BST | INFO | RUN | START | trade_date=2026-09-30
2026-09-30 19:15:35 BST | INFO | WATCHLIST | /root/trading/ASJR/ASJR_Analyst/DataLake/2026-09-30/config/fixed_watchlist.csv | source=prepared
2026-09-30 19:15:35 BST | INFO | RUN | OPTIONS | include_sector=True | git_submit=True | fetch_gapup_from_app=True
2026-09-30 19:15:35 BST | INFO | MOVERS | Fetch started
2026-09-30 19:15:36 BST | INFO | MOVERS | Fetch completed | rows=73
2026-09-30 19:15:36 BST | INFO | MOVERS | Tickers | CAPR, IBRX, PGEN, ZETA, SGMT, BRZE, COUR, FORM, DNA, GEN, SLS, OMDA, DOCS, ACMR, ATEN, ACHV, ABSI, TRMD, VOR, MP, STUB, SYRE, DK, RPD, ADEA, PBF, TENB, XP, FROG, HIMS, HPE, CBOE, AI, STTK, SDGR, ETSY, TWST, HUBS, SMMT, DBX, MDB, REPL, VIR, DXC, CVI, BB, EWTX, AVPT, U, ALKT, LQDA, TRLV, JBL, CBRS, ADIG, SGML, MTG, MRNA, SECZ, FNF, GENI, IE, KMX, APPS, HUT, TRU, GM, NESR, AVAH, BJ, TIGO, RIOT, RDN
2026-09-30 19:15:36 BST | INFO | UNIVERSE | Built | tickers=90
2026-09-30 19:15:36 BST | INFO | FILE | Saved ibkr_gapup (movers) | /root/trading/ASJR/ASJR_Analyst/DataLake/2026-09-30/raw/ibkr_gapup.csv
2026-09-30 19:15:36 BST | INFO | YFINANCE | Daily 30D fetch started | tickers=90
2026-09-30 19:15:40 BST | INFO | YFINANCE | Daily 30D fetch completed | rows=2700
2026-09-30 19:15:40 BST | INFO | FILE | Saved daily_30d | /root/trading/ASJR/ASJR_Analyst/DataLake/2026-09-30/raw/daily_30d.csv
2026-09-30 19:15:40 BST | INFO | FEATURES | Daily summary built | rows=90
2026-09-30 19:15:40 BST | INFO | IBKR | 5m fetch started | tickers=90 | duration=3 D | batch_size=5
2026-09-30 19:15:59 BST | INFO | IBKR | 5m fetch completed | rows=41206
2026-09-30 19:15:59 BST | INFO | FILE | Saved intraday_5m | /root/trading/ASJR/ASJR_Analyst/DataLake/2026-09-30/raw/intraday_5m.csv
2026-09-30 19:16:00 BST | INFO | FEATURES | Intraday summary built | rows=90
2026-09-30 19:16:00 BST | INFO | YFINANCE | Sector/market fetch started
2026-09-30 19:16:00 BST | INFO | YFINANCE | Sector/market fetch completed | rows=15
2026-09-30 19:16:00 BST | INFO | FILE | Saved sector_market_daily | /root/trading/ASJR/ASJR_Analyst/DataLake/2026-09-30/raw/sector_market_daily.csv
2026-09-30 19:16:00 BST | INFO | FILE | Saved ticker_summary | rows=90 | /root/trading/ASJR/ASJR_Analyst/DataLake/2026-09-30/processed/ticker_summary.csv
2026-09-30 19:16:00 BST | INFO | FILE | Saved asjr_snapshot | /root/trading/ASJR/ASJR_Analyst/DataLake/2026-09-30/processed/asjr_snapshot.json
2026-09-30 19:16:00 BST | INFO | RUN | DATA COMPLETE | universe=90 | intraday_rows=41206 | ticker_summary=90
2026-09-30 19:16:00 BST | INFO | GIT | File verification started | count=7
