2026-09-30 17:10:47 BST | INFO | RUN | VERSION | 2026.09.30.1
2026-09-30 17:10:47 BST | INFO | RUN | START | trade_date=2026-09-30
2026-09-30 17:10:47 BST | INFO | WATCHLIST | /root/trading/ASJR/ASJR_Analyst/DataLake/2026-09-30/config/fixed_watchlist.csv | source=prepared
2026-09-30 17:10:47 BST | INFO | RUN | OPTIONS | include_sector=True | git_submit=True | fetch_gapup_from_app=True
2026-09-30 17:10:47 BST | INFO | MOVERS | Fetch started
2026-09-30 17:10:49 BST | INFO | MOVERS | Fetch completed | rows=66
2026-09-30 17:10:49 BST | INFO | MOVERS | Tickers | CAPR, IBRX, STTK, FORM, BRZE, COUR, VOR, ZETA, CNXC, NN, GEN, SMMT, ACHV, SGMT, RPD, HPE, PGEN, CBOE, HIMS, MDB, TENB, OMDA, TRMD, WLTH, ACMR, SLS, BLZE, FROG, ATEN, STUB, DOCS, DK, MP, SDGR, SYRE, BB, ABSI, EWTX, FSLY, SPT, PBF, SNOW, AI, ADEA, DNA, KVYO, PTEN, ETSY, SM, SOUN, LQDA, TRLV, JBL, CBRS, MRNA, HUT, KMX, CEG, MXL, BJ, CAG, BE, CROX, MAT, MTG, SECZ
2026-09-30 17:10:49 BST | INFO | UNIVERSE | Built | tickers=83
2026-09-30 17:10:49 BST | INFO | FILE | Saved ibkr_gapup (movers) | /root/trading/ASJR/ASJR_Analyst/DataLake/2026-09-30/raw/ibkr_gapup.csv
2026-09-30 17:10:49 BST | INFO | YFINANCE | Daily 30D fetch started | tickers=83
2026-09-30 17:10:52 BST | INFO | YFINANCE | Daily 30D fetch completed | rows=2490
2026-09-30 17:10:52 BST | INFO | FILE | Saved daily_30d | /root/trading/ASJR/ASJR_Analyst/DataLake/2026-09-30/raw/daily_30d.csv
2026-09-30 17:10:52 BST | INFO | FEATURES | Daily summary built | rows=83
2026-09-30 17:10:52 BST | INFO | IBKR | 5m fetch started | tickers=83 | duration=3 D | batch_size=5
2026-09-30 17:11:11 BST | INFO | IBKR | 5m fetch completed | rows=36193
2026-09-30 17:11:11 BST | INFO | FILE | Saved intraday_5m | /root/trading/ASJR/ASJR_Analyst/DataLake/2026-09-30/raw/intraday_5m.csv
2026-09-30 17:11:11 BST | INFO | FEATURES | Intraday summary built | rows=83
2026-09-30 17:11:11 BST | INFO | YFINANCE | Sector/market fetch started
2026-09-30 17:11:12 BST | INFO | YFINANCE | Sector/market fetch completed | rows=15
2026-09-30 17:11:12 BST | INFO | FILE | Saved sector_market_daily | /root/trading/ASJR/ASJR_Analyst/DataLake/2026-09-30/raw/sector_market_daily.csv
2026-09-30 17:11:12 BST | INFO | FILE | Saved ticker_summary | rows=83 | /root/trading/ASJR/ASJR_Analyst/DataLake/2026-09-30/processed/ticker_summary.csv
2026-09-30 17:11:12 BST | INFO | FILE | Saved asjr_snapshot | /root/trading/ASJR/ASJR_Analyst/DataLake/2026-09-30/processed/asjr_snapshot.json
2026-09-30 17:11:12 BST | INFO | RUN | DATA COMPLETE | universe=83 | intraday_rows=36193 | ticker_summary=83
2026-09-30 17:11:12 BST | INFO | GIT | File verification started | count=7
