2026-09-30 17:21:42 BST | INFO | RUN | VERSION | 2026.09.30.1
2026-09-30 17:21:42 BST | INFO | RUN | START | trade_date=2026-09-30
2026-09-30 17:21:42 BST | INFO | WATCHLIST | /root/trading/ASJR/ASJR_Analyst/DataLake/2026-09-30/config/fixed_watchlist.csv | source=prepared
2026-09-30 17:21:42 BST | INFO | RUN | OPTIONS | include_sector=True | git_submit=True | fetch_gapup_from_app=True
2026-09-30 17:21:42 BST | INFO | MOVERS | Fetch started
2026-09-30 17:21:43 BST | INFO | MOVERS | Fetch completed | rows=62
2026-09-30 17:21:43 BST | INFO | MOVERS | Tickers | IBRX, CAPR, BRZE, STTK, FORM, COUR, ZETA, SMMT, GEN, CNXC, RPD, STUB, VOR, HPE, ACHV, TENB, ATEN, CBOE, OMDA, HIMS, WLTH, MDB, PGEN, TRMD, MP, DOCS, ACMR, BLZE, AI, SGMT, DK, NN, FROG, SLS, ABSI, SPT, FLY, ADEA, SATL, ETSY, DNA, SDGR, EWTX, KVYO, SYRE, PBF, PATH, HUBS, ASAN, FSLY, LQDA, TRLV, CBRS, MRNA, JBL, HUT, CEG, KMX, BE, BJ, MAT, MXL
2026-09-30 17:21:43 BST | INFO | UNIVERSE | Built | tickers=79
2026-09-30 17:21:43 BST | INFO | FILE | Saved ibkr_gapup (movers) | /root/trading/ASJR/ASJR_Analyst/DataLake/2026-09-30/raw/ibkr_gapup.csv
2026-09-30 17:21:43 BST | INFO | YFINANCE | Daily 30D fetch started | tickers=79
2026-09-30 17:21:46 BST | INFO | YFINANCE | Daily 30D fetch completed | rows=2370
2026-09-30 17:21:46 BST | INFO | FILE | Saved daily_30d | /root/trading/ASJR/ASJR_Analyst/DataLake/2026-09-30/raw/daily_30d.csv
2026-09-30 17:21:46 BST | INFO | FEATURES | Daily summary built | rows=79
2026-09-30 17:21:46 BST | INFO | IBKR | 5m fetch started | tickers=79 | duration=3 D | batch_size=5
2026-09-30 17:22:03 BST | INFO | IBKR | 5m fetch completed | rows=34854
2026-09-30 17:22:03 BST | INFO | FILE | Saved intraday_5m | /root/trading/ASJR/ASJR_Analyst/DataLake/2026-09-30/raw/intraday_5m.csv
2026-09-30 17:22:03 BST | INFO | FEATURES | Intraday summary built | rows=79
2026-09-30 17:22:03 BST | INFO | YFINANCE | Sector/market fetch started
2026-09-30 17:22:04 BST | INFO | YFINANCE | Sector/market fetch completed | rows=15
2026-09-30 17:22:04 BST | INFO | FILE | Saved sector_market_daily | /root/trading/ASJR/ASJR_Analyst/DataLake/2026-09-30/raw/sector_market_daily.csv
2026-09-30 17:22:04 BST | INFO | FILE | Saved ticker_summary | rows=79 | /root/trading/ASJR/ASJR_Analyst/DataLake/2026-09-30/processed/ticker_summary.csv
2026-09-30 17:22:04 BST | INFO | FILE | Saved asjr_snapshot | /root/trading/ASJR/ASJR_Analyst/DataLake/2026-09-30/processed/asjr_snapshot.json
2026-09-30 17:22:04 BST | INFO | RUN | DATA COMPLETE | universe=79 | intraday_rows=34854 | ticker_summary=79
2026-09-30 17:22:04 BST | INFO | GIT | File verification started | count=7
