2026-09-30 05:10:00 | INFO | RUN | VERSION | 2026.09.29.1
2026-09-30 05:10:00 | INFO | RUN | START | trade_date=2026-09-30
2026-09-30 05:10:00 | INFO | WATCHLIST | /root/trading/ASJR/ASJR_Analyst/DataLake/2026-09-30/config/fixed_watchlist.csv | source=prepared
2026-09-30 05:10:00 | INFO | RUN | OPTIONS | include_sector=True | git_submit=True | fetch_gapup_from_app=True
2026-09-30 05:10:00 | INFO | MOVERS | Fetch started
2026-09-30 05:10:01 | INFO | MOVERS | Fetch completed | rows=2
2026-09-30 05:10:01 | INFO | MOVERS | Tickers | CAPR, CNXC
2026-09-30 05:10:01 | INFO | UNIVERSE | Built | tickers=19
2026-09-30 05:10:01 | INFO | FILE | Saved ibkr_gapup (movers) | /root/trading/ASJR/ASJR_Analyst/DataLake/2026-09-30/raw/ibkr_gapup.csv
2026-09-30 05:10:01 | INFO | YFINANCE | Daily 30D fetch started | tickers=19
2026-09-30 05:10:01 | INFO | YFINANCE | Daily 30D fetch completed | rows=570
2026-09-30 05:10:01 | INFO | FILE | Saved daily_30d | /root/trading/ASJR/ASJR_Analyst/DataLake/2026-09-30/raw/daily_30d.csv
2026-09-30 05:10:01 | INFO | FEATURES | Daily summary built | rows=19
2026-09-30 05:10:01 | INFO | IBKR | 5m fetch started | tickers=19 | duration=3 D | batch_size=5
2026-09-30 05:10:08 | INFO | IBKR | 5m fetch completed | rows=10484
2026-09-30 05:10:08 | INFO | FILE | Saved intraday_5m | /root/trading/ASJR/ASJR_Analyst/DataLake/2026-09-30/raw/intraday_5m.csv
2026-09-30 05:10:08 | INFO | FEATURES | Intraday summary built | rows=19
2026-09-30 05:10:08 | INFO | YFINANCE | Sector/market fetch started
2026-09-30 05:10:09 | INFO | YFINANCE | Sector/market fetch completed | rows=15
2026-09-30 05:10:09 | INFO | FILE | Saved sector_market_daily | /root/trading/ASJR/ASJR_Analyst/DataLake/2026-09-30/raw/sector_market_daily.csv
2026-09-30 05:10:09 | INFO | FILE | Saved ticker_summary | rows=19 | /root/trading/ASJR/ASJR_Analyst/DataLake/2026-09-30/processed/ticker_summary.csv
2026-09-30 05:10:09 | INFO | FILE | Saved asjr_snapshot | /root/trading/ASJR/ASJR_Analyst/DataLake/2026-09-30/processed/asjr_snapshot.json
2026-09-30 05:10:09 | INFO | RUN | DATA COMPLETE | universe=19 | intraday_rows=10484 | ticker_summary=19
2026-09-30 05:10:09 | INFO | GIT | File verification started | count=7
2026-09-30 05:10:13 | ERROR | RUN | FAILED
Traceback (most recent call last):
  File "/root/trading/ASJR/ASJR_Analyst/Tests/test_asjr_pipeline.py", line 284, in run_asjr_manual_pipeline
    git_result = asjr_git.submit_datalake(
  File "/root/trading/ASJR/ASJR_Analyst/Utils/asjr_git.py", line 113, in submit_datalake
    push = _run_git(
  File "/root/trading/ASJR/ASJR_Analyst/Utils/asjr_git.py", line 13, in _run_git
    raise RuntimeError(
RuntimeError: Git command failed: git push origin main
STDOUT:

STDERR:
remote: Internal Server Error        
remote: Request ID B012:1A16B6:3D725B:48A5CA:6ABC8BA2        
remote: Time 2026-09-30T04:10:13Z
To github.com:raghunathbhandari/ASJR.git
 ! [remote rejected] main -> main (Internal Server Error)
error: failed to push some refs to 'github.com:raghunathbhandari/ASJR.git'

