2026-09-30 20:54:55 BST | INFO | RUN | VERSION | 2026.09.30.1
2026-09-30 20:54:55 BST | INFO | RUN | START | trade_date=2026-09-30
2026-09-30 20:54:55 BST | INFO | WATCHLIST | /root/trading/ASJR/ASJR_Analyst/DataLake/2026-09-30/config/fixed_watchlist.csv | source=prepared
2026-09-30 20:54:55 BST | INFO | RUN | OPTIONS | include_sector=True | git_submit=True | fetch_gapup_from_app=True
2026-09-30 20:54:55 BST | INFO | MOVERS | Fetch started
2026-09-30 20:54:57 BST | INFO | MOVERS | Fetch completed | rows=78
2026-09-30 20:54:57 BST | INFO | MOVERS | Tickers | CAPR, FORM, ZETA, DNA, BRZE, IBRX, SLS, ABSI, FROG, OMDA, PGEN, ACMR, DOCS, ACHV, AI, GEN, STTK, STUB, SYRE, SGMT, ATEN, CBOE, VIR, TRMD, VERX, RPD, BLZE, TWST, VOR, SEI, DXC, SMMT, ADEA, KOD, DK, SNPS, MP, TENB, EWTX, PCOR, INTR, ODD, HPE, TTAN, HIMS, PATH, DBX, GME, RMBS, LQDA, TRLV, JBL, MTG, CBRS, SECZ, GENI, HUT, KMX, RDN, IE, FNF, MRNA, EQPT, CAG, RIOT, GIS, NESR, MARA, TIGO, TRU, APPS, APP, BE, ADIG, GRND, TOST, CROX, BLMN
2026-09-30 20:54:57 BST | INFO | UNIVERSE | Built | tickers=95
2026-09-30 20:54:57 BST | INFO | FILE | Saved ibkr_gapup (movers) | /root/trading/ASJR/ASJR_Analyst/DataLake/2026-09-30/raw/ibkr_gapup.csv
2026-09-30 20:54:57 BST | INFO | YFINANCE | Daily 30D fetch started | tickers=95
2026-09-30 20:55:00 BST | INFO | YFINANCE | Daily 30D fetch completed | rows=2850
2026-09-30 20:55:00 BST | INFO | FILE | Saved daily_30d | /root/trading/ASJR/ASJR_Analyst/DataLake/2026-09-30/raw/daily_30d.csv
2026-09-30 20:55:00 BST | INFO | FEATURES | Daily summary built | rows=95
2026-09-30 20:55:00 BST | INFO | IBKR | 5m fetch started | tickers=95 | duration=3 D | batch_size=5
2026-09-30 20:55:21 BST | INFO | IBKR | 5m fetch completed | rows=44807
2026-09-30 20:55:21 BST | INFO | FILE | Saved intraday_5m | /root/trading/ASJR/ASJR_Analyst/DataLake/2026-09-30/raw/intraday_5m.csv
2026-09-30 20:55:21 BST | INFO | FEATURES | Intraday summary built | rows=95
2026-09-30 20:55:21 BST | INFO | YFINANCE | Sector/market fetch started
2026-09-30 20:55:22 BST | INFO | YFINANCE | Sector/market fetch completed | rows=15
2026-09-30 20:55:22 BST | INFO | FILE | Saved sector_market_daily | /root/trading/ASJR/ASJR_Analyst/DataLake/2026-09-30/raw/sector_market_daily.csv
2026-09-30 20:55:22 BST | INFO | FILE | Saved ticker_summary | rows=95 | /root/trading/ASJR/ASJR_Analyst/DataLake/2026-09-30/processed/ticker_summary.csv
2026-09-30 20:55:22 BST | INFO | FILE | Saved asjr_snapshot | /root/trading/ASJR/ASJR_Analyst/DataLake/2026-09-30/processed/asjr_snapshot.json
2026-09-30 20:55:22 BST | INFO | RUN | DATA COMPLETE | universe=95 | intraday_rows=44807 | ticker_summary=95
2026-09-30 20:55:22 BST | INFO | GIT | File verification started | count=7
