2026-09-30 18:37:06 BST | INFO | RUN | VERSION | 2026.09.30.1
2026-09-30 18:37:06 BST | INFO | RUN | START | trade_date=2026-09-30
2026-09-30 18:37:06 BST | INFO | WATCHLIST | /root/trading/ASJR/ASJR_Analyst/DataLake/2026-09-30/config/fixed_watchlist.csv | source=prepared
2026-09-30 18:37:06 BST | INFO | RUN | OPTIONS | include_sector=True | git_submit=True | fetch_gapup_from_app=True
2026-09-30 18:37:06 BST | INFO | MOVERS | Fetch started
2026-09-30 18:37:07 BST | INFO | MOVERS | Fetch completed | rows=73
2026-09-30 18:37:07 BST | INFO | MOVERS | Tickers | CAPR, IBRX, DNA, PGEN, ZETA, COUR, SGMT, STTK, BRZE, FORM, GEN, ACHV, DOCS, OMDA, ACMR, TRMD, SLS, ATEN, RPD, HPE, HIMS, SMMT, FLY, TENB, STUB, MP, ABSI, DK, CBOE, VOR, FROG, PBF, ADEA, TWST, PLNT, XP, DBX, MDB, AI, SYRE, HUBS, SPT, NN, U, ETSY, BB, VIR, SDGR, ALKT, BLZE, LQDA, TRLV, JBL, CBRS, ADIG, MRNA, MTG, SECZ, IE, HUT, CEG, FNF, KMX, CROX, APPS, MAT, BE, BLMN, ULCC, GENI, TOST, TRU, RDN
2026-09-30 18:37:07 BST | INFO | UNIVERSE | Built | tickers=90
2026-09-30 18:37:07 BST | INFO | FILE | Saved ibkr_gapup (movers) | /root/trading/ASJR/ASJR_Analyst/DataLake/2026-09-30/raw/ibkr_gapup.csv
2026-09-30 18:37:07 BST | INFO | YFINANCE | Daily 30D fetch started | tickers=90
2026-09-30 18:37:10 BST | INFO | YFINANCE | Daily 30D fetch completed | rows=2700
2026-09-30 18:37:10 BST | INFO | FILE | Saved daily_30d | /root/trading/ASJR/ASJR_Analyst/DataLake/2026-09-30/raw/daily_30d.csv
2026-09-30 18:37:10 BST | INFO | FEATURES | Daily summary built | rows=90
2026-09-30 18:37:10 BST | INFO | IBKR | 5m fetch started | tickers=90 | duration=3 D | batch_size=5
2026-09-30 18:37:30 BST | INFO | IBKR | 5m fetch completed | rows=40456
2026-09-30 18:37:31 BST | INFO | FILE | Saved intraday_5m | /root/trading/ASJR/ASJR_Analyst/DataLake/2026-09-30/raw/intraday_5m.csv
2026-09-30 18:37:31 BST | INFO | FEATURES | Intraday summary built | rows=90
2026-09-30 18:37:31 BST | INFO | YFINANCE | Sector/market fetch started
2026-09-30 18:37:31 BST | INFO | YFINANCE | Sector/market fetch completed | rows=15
2026-09-30 18:37:31 BST | INFO | FILE | Saved sector_market_daily | /root/trading/ASJR/ASJR_Analyst/DataLake/2026-09-30/raw/sector_market_daily.csv
2026-09-30 18:37:31 BST | INFO | FILE | Saved ticker_summary | rows=90 | /root/trading/ASJR/ASJR_Analyst/DataLake/2026-09-30/processed/ticker_summary.csv
2026-09-30 18:37:31 BST | INFO | FILE | Saved asjr_snapshot | /root/trading/ASJR/ASJR_Analyst/DataLake/2026-09-30/processed/asjr_snapshot.json
2026-09-30 18:37:31 BST | INFO | RUN | DATA COMPLETE | universe=90 | intraday_rows=40456 | ticker_summary=90
2026-09-30 18:37:31 BST | INFO | GIT | File verification started | count=7
