2026-09-30 21:50:14 BST | INFO | RUN | VERSION | 2026.09.30.1
2026-09-30 21:50:14 BST | INFO | RUN | START | trade_date=2026-09-30
2026-09-30 21:50:14 BST | INFO | WATCHLIST | /root/trading/ASJR/ASJR_Analyst/DataLake/2026-09-30/config/fixed_watchlist.csv | source=prepared
2026-09-30 21:50:14 BST | INFO | RUN | OPTIONS | include_sector=True | git_submit=True | fetch_gapup_from_app=True
2026-09-30 21:50:14 BST | INFO | MOVERS | Fetch started
2026-09-30 21:50:15 BST | INFO | MOVERS | Fetch completed | rows=0
2026-09-30 21:50:15 BST | INFO | MOVERS | Tickers | None
2026-09-30 21:50:15 BST | INFO | UNIVERSE | Built | tickers=17
2026-09-30 21:50:15 BST | INFO | YFINANCE | Daily 30D fetch started | tickers=17
2026-09-30 21:50:15 BST | INFO | YFINANCE | Daily 30D fetch completed | rows=510
2026-09-30 21:50:15 BST | INFO | FILE | Saved daily_30d | /root/trading/ASJR/ASJR_Analyst/DataLake/2026-09-30/raw/daily_30d.csv
2026-09-30 21:50:15 BST | INFO | FEATURES | Daily summary built | rows=17
2026-09-30 21:50:15 BST | INFO | IBKR | 5m fetch started | tickers=17 | duration=3 D | batch_size=5
2026-09-30 21:53:06 BST | INFO | IBKR | 5m fetch completed | rows=0
2026-09-30 21:53:06 BST | INFO | FILE | Saved intraday_5m | /root/trading/ASJR/ASJR_Analyst/DataLake/2026-09-30/raw/intraday_5m.csv
2026-09-30 21:53:06 BST | INFO | FEATURES | Intraday summary built | rows=0
2026-09-30 21:53:06 BST | INFO | YFINANCE | Sector/market fetch started
2026-09-30 21:53:06 BST | INFO | YFINANCE | Sector/market fetch completed | rows=15
2026-09-30 21:53:06 BST | INFO | FILE | Saved sector_market_daily | /root/trading/ASJR/ASJR_Analyst/DataLake/2026-09-30/raw/sector_market_daily.csv
2026-09-30 21:53:06 BST | INFO | FILE | Saved ticker_summary | rows=17 | /root/trading/ASJR/ASJR_Analyst/DataLake/2026-09-30/processed/ticker_summary.csv
2026-09-30 21:53:06 BST | INFO | FILE | Saved asjr_snapshot | /root/trading/ASJR/ASJR_Analyst/DataLake/2026-09-30/processed/asjr_snapshot.json
2026-09-30 21:53:06 BST | INFO | RUN | DATA COMPLETE | universe=17 | intraday_rows=0 | ticker_summary=17
2026-09-30 21:53:06 BST | INFO | GIT | File verification started | count=6
