2026-09-30 18:59:08 BST | INFO | RUN | VERSION | 2026.09.30.1
2026-09-30 18:59:08 BST | INFO | RUN | START | trade_date=2026-09-30
2026-09-30 18:59:08 BST | INFO | WATCHLIST | /root/trading/ASJR/ASJR_Analyst/DataLake/2026-09-30/config/fixed_watchlist.csv | source=prepared
2026-09-30 18:59:08 BST | INFO | RUN | OPTIONS | include_sector=True | git_submit=True | fetch_gapup_from_app=True
2026-09-30 18:59:08 BST | INFO | MOVERS | Fetch started
2026-09-30 18:59:10 BST | INFO | MOVERS | Fetch completed | rows=72
2026-09-30 18:59:10 BST | INFO | MOVERS | Tickers | CAPR, PGEN, IBRX, DNA, ZETA, SGMT, FORM, STTK, BRZE, COUR, SLS, OMDA, ACMR, ABSI, DOCS, ACHV, VOR, GEN, ATEN, MP, SMMT, HIMS, TRMD, RPD, STUB, SYRE, XP, PBF, DK, HPE, SDGR, FLY, TENB, AI, ADEA, FROG, CBOE, TWST, BLZE, VIR, NN, ETSY, MDB, U, DBX, FSLY, ERAS, BB, DXC, LPTH, LQDA, TRLV, JBL, ADIG, CBRS, MRNA, MTG, SECZ, IE, GENI, KMX, APPS, FNF, HUT, NESR, AVAH, CROX, TRU, GM, SGML, FWRG, BE
2026-09-30 18:59:10 BST | INFO | UNIVERSE | Built | tickers=89
2026-09-30 18:59:10 BST | INFO | FILE | Saved ibkr_gapup (movers) | /root/trading/ASJR/ASJR_Analyst/DataLake/2026-09-30/raw/ibkr_gapup.csv
2026-09-30 18:59:10 BST | INFO | YFINANCE | Daily 30D fetch started | tickers=89
2026-09-30 18:59:12 BST | INFO | YFINANCE | Daily 30D fetch completed | rows=2670
2026-09-30 18:59:12 BST | INFO | FILE | Saved daily_30d | /root/trading/ASJR/ASJR_Analyst/DataLake/2026-09-30/raw/daily_30d.csv
2026-09-30 18:59:12 BST | INFO | FEATURES | Daily summary built | rows=89
2026-09-30 18:59:12 BST | INFO | IBKR | 5m fetch started | tickers=89 | duration=3 D | batch_size=5
2026-09-30 18:59:31 BST | INFO | IBKR | 5m fetch completed | rows=40436
2026-09-30 18:59:32 BST | INFO | FILE | Saved intraday_5m | /root/trading/ASJR/ASJR_Analyst/DataLake/2026-09-30/raw/intraday_5m.csv
2026-09-30 18:59:32 BST | INFO | FEATURES | Intraday summary built | rows=89
2026-09-30 18:59:32 BST | INFO | YFINANCE | Sector/market fetch started
2026-09-30 18:59:32 BST | INFO | YFINANCE | Sector/market fetch completed | rows=15
2026-09-30 18:59:32 BST | INFO | FILE | Saved sector_market_daily | /root/trading/ASJR/ASJR_Analyst/DataLake/2026-09-30/raw/sector_market_daily.csv
2026-09-30 18:59:32 BST | INFO | FILE | Saved ticker_summary | rows=89 | /root/trading/ASJR/ASJR_Analyst/DataLake/2026-09-30/processed/ticker_summary.csv
2026-09-30 18:59:32 BST | INFO | FILE | Saved asjr_snapshot | /root/trading/ASJR/ASJR_Analyst/DataLake/2026-09-30/processed/asjr_snapshot.json
2026-09-30 18:59:32 BST | INFO | RUN | DATA COMPLETE | universe=89 | intraday_rows=40436 | ticker_summary=89
2026-09-30 18:59:32 BST | INFO | GIT | File verification started | count=7
