2026-09-30 19:48:37 BST | INFO | RUN | VERSION | 2026.09.30.1
2026-09-30 19:48:37 BST | INFO | RUN | START | trade_date=2026-09-30
2026-09-30 19:48:37 BST | INFO | WATCHLIST | /root/trading/ASJR/ASJR_Analyst/DataLake/2026-09-30/config/fixed_watchlist.csv | source=prepared
2026-09-30 19:48:37 BST | INFO | RUN | OPTIONS | include_sector=True | git_submit=True | fetch_gapup_from_app=True
2026-09-30 19:48:37 BST | INFO | MOVERS | Fetch started
2026-09-30 19:48:38 BST | INFO | MOVERS | Fetch completed | rows=80
2026-09-30 19:48:38 BST | INFO | MOVERS | Tickers | CAPR, IBRX, ZETA, PGEN, DNA, BRZE, FORM, COUR, ACMR, DOCS, ABSI, STUB, DK, GEN, SLS, ATEN, AI, ACHV, PBF, RPD, VOR, ADEA, OMDA, MP, TRMD, SDGR, SMMT, HIMS, FROG, SYRE, TENB, SGMT, STTK, HPE, CVI, TWST, HUBS, DBX, MDB, U, XP, BLZE, DXC, NN, CBOE, ETSY, PATH, AVPT, ALKT, GME, LQDA, TRLV, JBL, MTG, CBRS, FNF, ADIG, MRNA, SECZ, RDN, GENI, IE, KMX, SGML, HUT, GRND, APPS, CEG, BE, APP, TOST, RIOT, TIGO, CROX, CADL, BLMN, TRU, GM, BJ, MAT
2026-09-30 19:48:38 BST | INFO | UNIVERSE | Built | tickers=97
2026-09-30 19:48:38 BST | INFO | FILE | Saved ibkr_gapup (movers) | /root/trading/ASJR/ASJR_Analyst/DataLake/2026-09-30/raw/ibkr_gapup.csv
2026-09-30 19:48:38 BST | INFO | YFINANCE | Daily 30D fetch started | tickers=97
2026-09-30 19:48:41 BST | INFO | YFINANCE | Daily 30D fetch completed | rows=2910
2026-09-30 19:48:41 BST | INFO | FILE | Saved daily_30d | /root/trading/ASJR/ASJR_Analyst/DataLake/2026-09-30/raw/daily_30d.csv
2026-09-30 19:48:41 BST | INFO | FEATURES | Daily summary built | rows=97
2026-09-30 19:48:41 BST | INFO | IBKR | 5m fetch started | tickers=97 | duration=3 D | batch_size=5
2026-09-30 19:49:03 BST | INFO | IBKR | 5m fetch completed | rows=44664
2026-09-30 19:49:03 BST | INFO | FILE | Saved intraday_5m | /root/trading/ASJR/ASJR_Analyst/DataLake/2026-09-30/raw/intraday_5m.csv
2026-09-30 19:49:03 BST | INFO | FEATURES | Intraday summary built | rows=97
2026-09-30 19:49:03 BST | INFO | YFINANCE | Sector/market fetch started
2026-09-30 19:49:04 BST | INFO | YFINANCE | Sector/market fetch completed | rows=15
2026-09-30 19:49:04 BST | INFO | FILE | Saved sector_market_daily | /root/trading/ASJR/ASJR_Analyst/DataLake/2026-09-30/raw/sector_market_daily.csv
2026-09-30 19:49:04 BST | INFO | FILE | Saved ticker_summary | rows=97 | /root/trading/ASJR/ASJR_Analyst/DataLake/2026-09-30/processed/ticker_summary.csv
2026-09-30 19:49:04 BST | INFO | FILE | Saved asjr_snapshot | /root/trading/ASJR/ASJR_Analyst/DataLake/2026-09-30/processed/asjr_snapshot.json
2026-09-30 19:49:04 BST | INFO | RUN | DATA COMPLETE | universe=97 | intraday_rows=44664 | ticker_summary=97
2026-09-30 19:49:04 BST | INFO | GIT | File verification started | count=7
