2026-10-09 16:24:09 BST | INFO | RUN | VERSION | 2026.10.08.1
2026-10-09 16:24:09 BST | INFO | RUN | START | trade_date=2026-10-09
2026-10-09 16:24:09 BST | INFO | WATCHLIST | /root/trading/ASJR/ASJR_Analyst/DataLake/2026-10-09/config/fixed_watchlist.csv | source=prepared
2026-10-09 16:24:09 BST | INFO | RUN | OPTIONS | include_sector=True | git_submit=True | fetch_gapup_from_app=True
2026-10-09 16:24:09 BST | INFO | FOREX | One-time downloader | ok=True | started=True | FOREX_DOWNLOAD | started | tmux=forex_download | log=/root/trading/ASJR/Backtesting/BacktestData/IBKR/Forex/logs/EURUSD_1y_download.log
2026-10-09 16:24:09 BST | INFO | NQ | One-time downloader | ok=True | started=True | NQ_DOWNLOAD | started | tmux=nq_download | log=/root/trading/ASJR/Backtesting/BacktestData/OpenSource/NQ/logs/NQ_yfinance_download.log
2026-10-09 16:24:09 BST | INFO | MOVERS | Fetch started
2026-10-09 16:24:11 BST | INFO | MOVERS | Fetch completed | rows=67
2026-10-09 16:24:11 BST | INFO | MOVERS | Tickers | FSLY, HUM, ABSI, DNA, NVAX, VSAT, CCC, PLNT, STLN, DFTX, NN, TGB, LITE, IOVA, SNAP, RBLX, CERT, SSRM, TEVA, CHDN, AAOI, BULL, NG, CRCL, ARQT, BLSH, SECZ, TWST, CRSP, XP, TXG, PCVX, STNE, IE, DC, MRNA, CLF, BRUN, MUX, CAI, BRBR, ERO, MT, ORCL, CEG, ACCV, HYMC, ZS, IBRX, BFLY, ALHC, ASTS, TMUS, JOBY, T, BKD, VZ, HPQ, TIGO, SWKS, FMC, LUMN, VSXY, CHTR, LILAK, BCE, ALOY
2026-10-09 16:24:11 BST | INFO | UNIVERSE | Built | tickers=86
2026-10-09 16:24:11 BST | INFO | FILE | Saved ibkr_gapup (movers) | /root/trading/ASJR/ASJR_Analyst/DataLake/2026-10-09/raw/ibkr_gapup.csv
2026-10-09 16:24:11 BST | INFO | YFINANCE | Daily 30D fetch started | tickers=86
2026-10-09 16:24:20 BST | INFO | YFINANCE | Daily 30D fetch completed | rows=2554
2026-10-09 16:24:20 BST | INFO | FILE | Saved daily_30d | /root/trading/ASJR/ASJR_Analyst/DataLake/2026-10-09/raw/daily_30d.csv
2026-10-09 16:24:20 BST | INFO | FEATURES | Daily summary built | rows=86
2026-10-09 16:24:20 BST | INFO | IBKR | 5m fetch started | tickers=86 | duration=3 D | batch_size=5
2026-10-09 16:24:39 BST | INFO | IBKR | 5m fetch completed | rows=37719
2026-10-09 16:24:39 BST | INFO | FILE | Saved intraday_5m | /root/trading/ASJR/ASJR_Analyst/DataLake/2026-10-09/raw/intraday_5m.csv
2026-10-09 16:24:42 BST | INFO | FEATURES | Intraday summary built | rows=86
2026-10-09 16:24:42 BST | INFO | YFINANCE | Sector/market fetch started
2026-10-09 16:24:43 BST | INFO | YFINANCE | Sector/market fetch completed | rows=15
2026-10-09 16:24:43 BST | INFO | FILE | Saved sector_market_daily | /root/trading/ASJR/ASJR_Analyst/DataLake/2026-10-09/raw/sector_market_daily.csv
2026-10-09 16:24:43 BST | INFO | FILE | Saved ticker_summary | rows=86 | /root/trading/ASJR/ASJR_Analyst/DataLake/2026-10-09/processed/ticker_summary.csv
2026-10-09 16:24:43 BST | INFO | FILE | Saved asjr_snapshot | /root/trading/ASJR/ASJR_Analyst/DataLake/2026-10-09/processed/asjr_snapshot.json
2026-10-09 16:24:43 BST | INFO | RUN | DATA COMPLETE | universe=86 | intraday_rows=37719 | ticker_summary=86
2026-10-09 16:24:43 BST | INFO | GIT | File verification started | count=7
