2026-10-09 22:05:43 BST | INFO | RUN | VERSION | 2026.10.08.1
2026-10-09 22:05:43 BST | INFO | RUN | START | trade_date=2026-10-09
2026-10-09 22:05:43 BST | INFO | WATCHLIST | /root/trading/ASJR/ASJR_Analyst/DataLake/2026-10-09/config/fixed_watchlist.csv | source=prepared
2026-10-09 22:05:43 BST | INFO | RUN | OPTIONS | include_sector=True | git_submit=True | fetch_gapup_from_app=True
2026-10-09 22:05:43 BST | INFO | FOREX | One-time downloader | ok=True | started=True | FOREX_DOWNLOAD | started | tmux=forex_download | log=/root/trading/ASJR/Backtesting/BacktestData/IBKR/Forex/logs/EURUSD_1y_download.log
2026-10-09 22:05:43 BST | INFO | NQ | One-time downloader | ok=True | started=True | NQ_DOWNLOAD | started | tmux=nq_download | log=/root/trading/ASJR/Backtesting/BacktestData/OpenSource/NQ/logs/NQ_yfinance_download.log
2026-10-09 22:05:43 BST | INFO | MOVERS | Fetch started
2026-10-09 22:05:44 BST | INFO | MOVERS | Fetch completed | rows=87
2026-10-09 22:05:44 BST | INFO | MOVERS | Tickers | FSLY, NVAX, DNA, MRNA, ABSI, HUM, HIMS, HELP, IOVA, PCVX, SECZ, PLNT, BRUN, DOCN, ARQT, QDEL, CAI, ODD, DFTX, ZS, SNOW, STNE, STLN, SYRE, AMBA, DDOG, BRBR, CCC, NG, VSAT, ACCV, XP, TENB, PENG, TGB, CLF, NN, SNAP, RGEN, RSKD, INTR, IBRX, BULL, RPD, AKAM, ATEN, KOD, HUT, CRSP, NTSK, ALHC, TMUS, ASTS, T, TIGO, VZ, UNIT, BKD, RSI, HPQ, LILAK, FMC, SKYD, CNH, BCE, CHTR, PBF, SWKS, JOBY, HESM, LUMN, MOS, DE, GPRE, BG, MBC, OLN, PSQL, AGCO, AXTI, BROS, VSXY, ARCO, HUN, CNXC, RCI, YELP
2026-10-09 22:05:44 BST | INFO | UNIVERSE | Built | tickers=106
2026-10-09 22:05:44 BST | INFO | FILE | Saved ibkr_gapup (movers) | /root/trading/ASJR/ASJR_Analyst/DataLake/2026-10-09/raw/ibkr_gapup.csv
2026-10-09 22:05:44 BST | INFO | YFINANCE | Daily 30D fetch started | tickers=106
2026-10-09 22:05:47 BST | INFO | YFINANCE | Daily 30D fetch completed | rows=3154
2026-10-09 22:05:47 BST | INFO | FILE | Saved daily_30d | /root/trading/ASJR/ASJR_Analyst/DataLake/2026-10-09/raw/daily_30d.csv
2026-10-09 22:05:47 BST | INFO | FEATURES | Daily summary built | rows=106
2026-10-09 22:05:47 BST | INFO | IBKR | 5m fetch started | tickers=106 | duration=3 D | batch_size=5
2026-10-09 22:06:11 BST | INFO | IBKR | 5m fetch completed | rows=52423
2026-10-09 22:06:11 BST | INFO | FILE | Saved intraday_5m | /root/trading/ASJR/ASJR_Analyst/DataLake/2026-10-09/raw/intraday_5m.csv
2026-10-09 22:06:14 BST | INFO | FEATURES | Intraday summary built | rows=106
2026-10-09 22:06:14 BST | INFO | YFINANCE | Sector/market fetch started
2026-10-09 22:06:15 BST | INFO | YFINANCE | Sector/market fetch completed | rows=15
2026-10-09 22:06:15 BST | INFO | FILE | Saved sector_market_daily | /root/trading/ASJR/ASJR_Analyst/DataLake/2026-10-09/raw/sector_market_daily.csv
2026-10-09 22:06:15 BST | INFO | FILE | Saved ticker_summary | rows=106 | /root/trading/ASJR/ASJR_Analyst/DataLake/2026-10-09/processed/ticker_summary.csv
2026-10-09 22:06:15 BST | INFO | FILE | Saved asjr_snapshot | /root/trading/ASJR/ASJR_Analyst/DataLake/2026-10-09/processed/asjr_snapshot.json
2026-10-09 22:06:15 BST | INFO | RUN | DATA COMPLETE | universe=106 | intraday_rows=52423 | ticker_summary=106
2026-10-09 22:06:15 BST | INFO | GIT | File verification started | count=7
