2026-10-09 18:27:49 BST | INFO | RUN | VERSION | 2026.10.08.1
2026-10-09 18:27:49 BST | INFO | RUN | START | trade_date=2026-10-09
2026-10-09 18:27:49 BST | INFO | WATCHLIST | /root/trading/ASJR/ASJR_Analyst/DataLake/2026-10-09/config/fixed_watchlist.csv | source=prepared
2026-10-09 18:27:49 BST | INFO | RUN | OPTIONS | include_sector=True | git_submit=True | fetch_gapup_from_app=True
2026-10-09 18:27:49 BST | INFO | FOREX | One-time downloader | ok=True | started=True | FOREX_DOWNLOAD | started | tmux=forex_download | log=/root/trading/ASJR/Backtesting/BacktestData/IBKR/Forex/logs/EURUSD_1y_download.log
2026-10-09 18:27:49 BST | INFO | NQ | One-time downloader | ok=True | started=True | NQ_DOWNLOAD | started | tmux=nq_download | log=/root/trading/ASJR/Backtesting/BacktestData/OpenSource/NQ/logs/NQ_yfinance_download.log
2026-10-09 18:27:49 BST | INFO | MOVERS | Fetch started
2026-10-09 18:27:50 BST | INFO | MOVERS | Fetch completed | rows=85
2026-10-09 18:27:50 BST | INFO | MOVERS | Tickers | FSLY, DNA, ABSI, NVAX, HUM, MRNA, IOVA, HELP, DFTX, PCVX, ARQT, PLNT, IBRX, SECZ, BRUN, CLF, BULL, SYRE, STLN, TGB, DOCN, QDEL, CAI, SNAP, LITE, TWST, ODD, RBLX, VSAT, CRCL, CIEN, ZS, CCC, DDOG, STNE, VIR, TXG, SNOW, CRSP, NG, KOD, NN, TWLO, TNGX, SSRM, TEVA, CERT, XP, COIN, NET, ASTS, ALHC, TMUS, T, VZ, JOBY, TIGO, LUMN, FMC, HPQ, LILAK, BKD, BCE, CHTR, MBC, UNIT, VSXY, LBTYA, RCI, VOYG, RSI, LBTYK, FLY, AXTI, LUNR, PBF, TU, ARCO, MOS, CNH, UMAC, SKYD, SWKS, ULCC, EQPT
2026-10-09 18:27:50 BST | INFO | UNIVERSE | Built | tickers=105
2026-10-09 18:27:50 BST | INFO | FILE | Saved ibkr_gapup (movers) | /root/trading/ASJR/ASJR_Analyst/DataLake/2026-10-09/raw/ibkr_gapup.csv
2026-10-09 18:27:50 BST | INFO | YFINANCE | Daily 30D fetch started | tickers=105
2026-10-09 18:27:54 BST | INFO | YFINANCE | Daily 30D fetch completed | rows=3150
2026-10-09 18:27:54 BST | INFO | FILE | Saved daily_30d | /root/trading/ASJR/ASJR_Analyst/DataLake/2026-10-09/raw/daily_30d.csv
2026-10-09 18:27:54 BST | INFO | FEATURES | Daily summary built | rows=105
2026-10-09 18:27:54 BST | INFO | IBKR | 5m fetch started | tickers=105 | duration=3 D | batch_size=5
2026-10-09 18:28:18 BST | INFO | IBKR | 5m fetch completed | rows=47918
2026-10-09 18:28:18 BST | INFO | FILE | Saved intraday_5m | /root/trading/ASJR/ASJR_Analyst/DataLake/2026-10-09/raw/intraday_5m.csv
2026-10-09 18:28:22 BST | INFO | FEATURES | Intraday summary built | rows=105
2026-10-09 18:28:22 BST | INFO | YFINANCE | Sector/market fetch started
2026-10-09 18:28:22 BST | INFO | YFINANCE | Sector/market fetch completed | rows=15
2026-10-09 18:28:22 BST | INFO | FILE | Saved sector_market_daily | /root/trading/ASJR/ASJR_Analyst/DataLake/2026-10-09/raw/sector_market_daily.csv
2026-10-09 18:28:22 BST | INFO | FILE | Saved ticker_summary | rows=105 | /root/trading/ASJR/ASJR_Analyst/DataLake/2026-10-09/processed/ticker_summary.csv
2026-10-09 18:28:22 BST | INFO | FILE | Saved asjr_snapshot | /root/trading/ASJR/ASJR_Analyst/DataLake/2026-10-09/processed/asjr_snapshot.json
2026-10-09 18:28:22 BST | INFO | RUN | DATA COMPLETE | universe=105 | intraday_rows=47918 | ticker_summary=105
2026-10-09 18:28:22 BST | INFO | GIT | File verification started | count=7
