2026-10-09 15:16:10 BST | INFO | RUN | VERSION | 2026.10.08.1
2026-10-09 15:16:10 BST | INFO | RUN | START | trade_date=2026-10-09
2026-10-09 15:16:10 BST | INFO | WATCHLIST | /root/trading/ASJR/ASJR_Analyst/DataLake/2026-10-09/config/fixed_watchlist.csv | source=prepared
2026-10-09 15:16:10 BST | INFO | RUN | OPTIONS | include_sector=True | git_submit=True | fetch_gapup_from_app=True
2026-10-09 15:16:10 BST | INFO | FOREX | One-time downloader | ok=True | started=True | FOREX_DOWNLOAD | started | tmux=forex_download | log=/root/trading/ASJR/Backtesting/BacktestData/IBKR/Forex/logs/EURUSD_1y_download.log
2026-10-09 15:16:10 BST | INFO | NQ | One-time downloader | ok=True | started=True | NQ_DOWNLOAD | started | tmux=nq_download | log=/root/trading/ASJR/Backtesting/BacktestData/OpenSource/NQ/logs/NQ_yfinance_download.log
2026-10-09 15:16:10 BST | INFO | MOVERS | Fetch started
2026-10-09 15:16:12 BST | INFO | MOVERS | Fetch completed | rows=69
2026-10-09 15:16:12 BST | INFO | MOVERS | Tickers | DNA, NVAX, ABSI, HUM, VSAT, NN, FSLY, TWST, TXG, MRNA, CCC, TEVA, PLNT, IBRX, RBLX, QDEL, SDGR, IOVA, DFTX, GENB, DYN, BFLY, IE, VCYT, RGEN, PCVX, TGB, STLN, CRSP, VIR, CAI, MT, SSRM, TEM, CRCL, HIMS, SYRE, HYMC, SECZ, DC, SNAP, NG, BLSH, BRUN, LITE, BEAM, MUX, CDNA, IONS, CERT, ALHC, TMUS, ASTS, JOBY, BKD, T, LUMN, SWKS, TIGO, VZ, HPQ, ARCO, VSXY, FMC, LQDA, PSQL, ALAB, MBC, BCE
2026-10-09 15:16:12 BST | INFO | UNIVERSE | Built | tickers=89
2026-10-09 15:16:12 BST | INFO | FILE | Saved ibkr_gapup (movers) | /root/trading/ASJR/ASJR_Analyst/DataLake/2026-10-09/raw/ibkr_gapup.csv
2026-10-09 15:16:12 BST | INFO | YFINANCE | Daily 30D fetch started | tickers=89
2026-10-09 15:16:36 BST | INFO | YFINANCE | Daily 30D fetch completed | rows=2670
2026-10-09 15:16:36 BST | INFO | FILE | Saved daily_30d | /root/trading/ASJR/ASJR_Analyst/DataLake/2026-10-09/raw/daily_30d.csv
2026-10-09 15:16:36 BST | INFO | FEATURES | Daily summary built | rows=89
2026-10-09 15:16:36 BST | INFO | IBKR | 5m fetch started | tickers=89 | duration=3 D | batch_size=5
2026-10-09 15:16:55 BST | INFO | IBKR | 5m fetch completed | rows=37998
2026-10-09 15:16:56 BST | INFO | FILE | Saved intraday_5m | /root/trading/ASJR/ASJR_Analyst/DataLake/2026-10-09/raw/intraday_5m.csv
2026-10-09 15:17:04 BST | INFO | FEATURES | Intraday summary built | rows=89
2026-10-09 15:17:04 BST | INFO | YFINANCE | Sector/market fetch started
2026-10-09 15:17:08 BST | INFO | YFINANCE | Sector/market fetch completed | rows=15
2026-10-09 15:17:08 BST | INFO | FILE | Saved sector_market_daily | /root/trading/ASJR/ASJR_Analyst/DataLake/2026-10-09/raw/sector_market_daily.csv
2026-10-09 15:17:08 BST | INFO | FILE | Saved ticker_summary | rows=89 | /root/trading/ASJR/ASJR_Analyst/DataLake/2026-10-09/processed/ticker_summary.csv
2026-10-09 15:17:08 BST | INFO | FILE | Saved asjr_snapshot | /root/trading/ASJR/ASJR_Analyst/DataLake/2026-10-09/processed/asjr_snapshot.json
2026-10-09 15:17:08 BST | INFO | RUN | DATA COMPLETE | universe=89 | intraday_rows=37998 | ticker_summary=89
2026-10-09 15:17:08 BST | INFO | GIT | File verification started | count=7
