2026-10-09 18:39:02 BST | INFO | RUN | VERSION | 2026.10.08.1
2026-10-09 18:39:02 BST | INFO | RUN | START | trade_date=2026-10-09
2026-10-09 18:39:02 BST | INFO | WATCHLIST | /root/trading/ASJR/ASJR_Analyst/DataLake/2026-10-09/config/fixed_watchlist.csv | source=prepared
2026-10-09 18:39:02 BST | INFO | RUN | OPTIONS | include_sector=True | git_submit=True | fetch_gapup_from_app=True
2026-10-09 18:39:02 BST | INFO | FOREX | One-time downloader | ok=True | started=True | FOREX_DOWNLOAD | started | tmux=forex_download | log=/root/trading/ASJR/Backtesting/BacktestData/IBKR/Forex/logs/EURUSD_1y_download.log
2026-10-09 18:39:02 BST | INFO | NQ | One-time downloader | ok=True | started=True | NQ_DOWNLOAD | started | tmux=nq_download | log=/root/trading/ASJR/Backtesting/BacktestData/OpenSource/NQ/logs/NQ_yfinance_download.log
2026-10-09 18:39:02 BST | INFO | MOVERS | Fetch started
2026-10-09 18:39:03 BST | INFO | MOVERS | Fetch completed | rows=80
2026-10-09 18:39:03 BST | INFO | MOVERS | Tickers | DNA, FSLY, ABSI, NVAX, IOVA, MRNA, HUM, HELP, DFTX, PCVX, ARQT, BRUN, SECZ, PLNT, IBRX, QDEL, CLF, TGB, STLN, CAI, BULL, DOCN, TWST, SYRE, ODD, CRCL, TXG, DDOG, CRSP, LITE, RBLX, VSAT, SNAP, ZS, VIR, STNE, SNOW, NG, CIEN, RLAY, CERT, SSRM, RGEN, XP, CCC, TEVA, NET, AMBA, COIN, TWLO, ASTS, TMUS, ALHC, T, VZ, JOBY, TIGO, LUMN, HPQ, CHTR, LILAK, BCE, FMC, UNIT, MBC, LBTYA, VSXY, RCI, RSI, LBTYK, VOYG, BKD, FLY, TU, CNH, ARCO, LUNR, SKYD, CMG, SWKS
2026-10-09 18:39:03 BST | INFO | UNIVERSE | Built | tickers=100
2026-10-09 18:39:03 BST | INFO | FILE | Saved ibkr_gapup (movers) | /root/trading/ASJR/ASJR_Analyst/DataLake/2026-10-09/raw/ibkr_gapup.csv
2026-10-09 18:39:03 BST | INFO | YFINANCE | Daily 30D fetch started | tickers=100
2026-10-09 18:39:07 BST | INFO | YFINANCE | Daily 30D fetch completed | rows=3000
2026-10-09 18:39:07 BST | INFO | FILE | Saved daily_30d | /root/trading/ASJR/ASJR_Analyst/DataLake/2026-10-09/raw/daily_30d.csv
2026-10-09 18:39:07 BST | INFO | FEATURES | Daily summary built | rows=100
2026-10-09 18:39:07 BST | INFO | IBKR | 5m fetch started | tickers=100 | duration=3 D | batch_size=5
2026-10-09 18:39:28 BST | INFO | IBKR | 5m fetch completed | rows=45780
2026-10-09 18:39:28 BST | INFO | FILE | Saved intraday_5m | /root/trading/ASJR/ASJR_Analyst/DataLake/2026-10-09/raw/intraday_5m.csv
2026-10-09 18:39:31 BST | INFO | FEATURES | Intraday summary built | rows=100
2026-10-09 18:39:31 BST | INFO | YFINANCE | Sector/market fetch started
2026-10-09 18:39:32 BST | INFO | YFINANCE | Sector/market fetch completed | rows=15
2026-10-09 18:39:32 BST | INFO | FILE | Saved sector_market_daily | /root/trading/ASJR/ASJR_Analyst/DataLake/2026-10-09/raw/sector_market_daily.csv
2026-10-09 18:39:32 BST | INFO | FILE | Saved ticker_summary | rows=100 | /root/trading/ASJR/ASJR_Analyst/DataLake/2026-10-09/processed/ticker_summary.csv
2026-10-09 18:39:32 BST | INFO | FILE | Saved asjr_snapshot | /root/trading/ASJR/ASJR_Analyst/DataLake/2026-10-09/processed/asjr_snapshot.json
2026-10-09 18:39:32 BST | INFO | RUN | DATA COMPLETE | universe=100 | intraday_rows=45780 | ticker_summary=100
2026-10-09 18:39:32 BST | INFO | GIT | File verification started | count=7
