2026-10-09 19:51:28 BST | INFO | RUN | VERSION | 2026.10.08.1
2026-10-09 19:51:28 BST | INFO | RUN | START | trade_date=2026-10-09
2026-10-09 19:51:28 BST | INFO | WATCHLIST | /root/trading/ASJR/ASJR_Analyst/DataLake/2026-10-09/config/fixed_watchlist.csv | source=prepared
2026-10-09 19:51:28 BST | INFO | RUN | OPTIONS | include_sector=True | git_submit=True | fetch_gapup_from_app=True
2026-10-09 19:51:29 BST | INFO | FOREX | One-time downloader | ok=True | started=True | FOREX_DOWNLOAD | started | tmux=forex_download | log=/root/trading/ASJR/Backtesting/BacktestData/IBKR/Forex/logs/EURUSD_1y_download.log
2026-10-09 19:51:29 BST | INFO | NQ | One-time downloader | ok=True | started=True | NQ_DOWNLOAD | started | tmux=nq_download | log=/root/trading/ASJR/Backtesting/BacktestData/OpenSource/NQ/logs/NQ_yfinance_download.log
2026-10-09 19:51:29 BST | INFO | MOVERS | Fetch started
2026-10-09 19:51:30 BST | INFO | MOVERS | Fetch completed | rows=78
2026-10-09 19:51:30 BST | INFO | MOVERS | Tickers | FSLY, NVAX, DNA, ABSI, MRNA, HUM, HELP, IOVA, DFTX, HIMS, STLN, PCVX, BRUN, ODD, CAI, DOCN, ARQT, PLNT, IBRX, QDEL, AKAM, TGB, SECZ, CCC, BULL, CRSP, TWST, SYRE, CERT, SNAP, NG, SNOW, ZS, LITE, RBLX, CLF, VIR, DDOG, TXG, STNE, CRCL, SSRM, VSAT, AMBA, NET, KOD, AAOI, SCCO, BEAM, COIN, ASTS, TMUS, ALHC, T, VZ, UNIT, LUMN, FMC, TIGO, HPQ, JOBY, BCE, PBF, RSI, LILAK, CHTR, BKD, CNH, MBC, ARCO, SWKS, RCI, VSXY, MOS, DK, CNXC, BG, SKYD
2026-10-09 19:51:30 BST | INFO | UNIVERSE | Built | tickers=97
2026-10-09 19:51:30 BST | INFO | FILE | Saved ibkr_gapup (movers) | /root/trading/ASJR/ASJR_Analyst/DataLake/2026-10-09/raw/ibkr_gapup.csv
2026-10-09 19:51:30 BST | INFO | YFINANCE | Daily 30D fetch started | tickers=97
2026-10-09 19:51:33 BST | INFO | YFINANCE | Daily 30D fetch completed | rows=2910
2026-10-09 19:51:33 BST | INFO | FILE | Saved daily_30d | /root/trading/ASJR/ASJR_Analyst/DataLake/2026-10-09/raw/daily_30d.csv
2026-10-09 19:51:33 BST | INFO | FEATURES | Daily summary built | rows=97
2026-10-09 19:51:33 BST | INFO | IBKR | 5m fetch started | tickers=97 | duration=3 D | batch_size=5
2026-10-09 19:51:55 BST | INFO | IBKR | 5m fetch completed | rows=46160
2026-10-09 19:51:55 BST | INFO | FILE | Saved intraday_5m | /root/trading/ASJR/ASJR_Analyst/DataLake/2026-10-09/raw/intraday_5m.csv
2026-10-09 19:51:58 BST | INFO | FEATURES | Intraday summary built | rows=97
2026-10-09 19:51:58 BST | INFO | YFINANCE | Sector/market fetch started
2026-10-09 19:51:58 BST | INFO | YFINANCE | Sector/market fetch completed | rows=15
2026-10-09 19:51:58 BST | INFO | FILE | Saved sector_market_daily | /root/trading/ASJR/ASJR_Analyst/DataLake/2026-10-09/raw/sector_market_daily.csv
2026-10-09 19:51:58 BST | INFO | FILE | Saved ticker_summary | rows=97 | /root/trading/ASJR/ASJR_Analyst/DataLake/2026-10-09/processed/ticker_summary.csv
2026-10-09 19:51:58 BST | INFO | FILE | Saved asjr_snapshot | /root/trading/ASJR/ASJR_Analyst/DataLake/2026-10-09/processed/asjr_snapshot.json
2026-10-09 19:51:58 BST | INFO | RUN | DATA COMPLETE | universe=97 | intraday_rows=46160 | ticker_summary=97
2026-10-09 19:51:58 BST | INFO | GIT | File verification started | count=7
