2026-10-09 14:20:59 BST | INFO | RUN | VERSION | 2026.10.08.1
2026-10-09 14:20:59 BST | INFO | RUN | START | trade_date=2026-10-09
2026-10-09 14:20:59 BST | INFO | WATCHLIST | /root/trading/ASJR/ASJR_Analyst/DataLake/2026-10-09/config/fixed_watchlist.csv | source=prepared
2026-10-09 14:20:59 BST | INFO | RUN | OPTIONS | include_sector=True | git_submit=True | fetch_gapup_from_app=True
2026-10-09 14:20:59 BST | INFO | FOREX | One-time downloader | ok=True | started=True | FOREX_DOWNLOAD | started | tmux=forex_download | log=/root/trading/ASJR/Backtesting/BacktestData/IBKR/Forex/logs/EURUSD_1y_download.log
2026-10-09 14:20:59 BST | INFO | NQ | One-time downloader | ok=True | started=True | NQ_DOWNLOAD | started | tmux=nq_download | log=/root/trading/ASJR/Backtesting/BacktestData/OpenSource/NQ/logs/NQ_yfinance_download.log
2026-10-09 14:20:59 BST | INFO | MOVERS | Fetch started
2026-10-09 14:21:01 BST | INFO | MOVERS | Fetch completed | rows=33
2026-10-09 14:21:01 BST | INFO | MOVERS | Tickers | HUM, CLOV, NN, AAOI, BRUN, PENG, LITE, FSLY, ACHR, SLDB, BULL, FCEL, DNA, VSAT, LWLG, SECZ, COHR, MT, SIRI, GLXY, CHDN, TTMI, AXTI, UNIT, ALMS, MXL, ALHC, TMUS, T, CP, VZ, SKYD, AM
2026-10-09 14:21:01 BST | INFO | UNIVERSE | Built | tickers=53
2026-10-09 14:21:01 BST | INFO | FILE | Saved ibkr_gapup (movers) | /root/trading/ASJR/ASJR_Analyst/DataLake/2026-10-09/raw/ibkr_gapup.csv
2026-10-09 14:21:01 BST | INFO | YFINANCE | Daily 30D fetch started | tickers=53
2026-10-09 14:21:03 BST | INFO | YFINANCE | Daily 30D fetch completed | rows=1590
2026-10-09 14:21:03 BST | INFO | FILE | Saved daily_30d | /root/trading/ASJR/ASJR_Analyst/DataLake/2026-10-09/raw/daily_30d.csv
2026-10-09 14:21:03 BST | INFO | FEATURES | Daily summary built | rows=53
2026-10-09 14:21:03 BST | INFO | IBKR | 5m fetch started | tickers=53 | duration=3 D | batch_size=5
2026-10-09 14:21:14 BST | INFO | IBKR | 5m fetch completed | rows=22179
2026-10-09 14:21:15 BST | INFO | FILE | Saved intraday_5m | /root/trading/ASJR/ASJR_Analyst/DataLake/2026-10-09/raw/intraday_5m.csv
2026-10-09 14:21:17 BST | INFO | FEATURES | Intraday summary built | rows=53
2026-10-09 14:21:17 BST | INFO | YFINANCE | Sector/market fetch started
2026-10-09 14:21:18 BST | INFO | YFINANCE | Sector/market fetch completed | rows=15
2026-10-09 14:21:18 BST | INFO | FILE | Saved sector_market_daily | /root/trading/ASJR/ASJR_Analyst/DataLake/2026-10-09/raw/sector_market_daily.csv
2026-10-09 14:21:18 BST | INFO | FILE | Saved ticker_summary | rows=53 | /root/trading/ASJR/ASJR_Analyst/DataLake/2026-10-09/processed/ticker_summary.csv
2026-10-09 14:21:18 BST | INFO | FILE | Saved asjr_snapshot | /root/trading/ASJR/ASJR_Analyst/DataLake/2026-10-09/processed/asjr_snapshot.json
2026-10-09 14:21:18 BST | INFO | RUN | DATA COMPLETE | universe=53 | intraday_rows=22179 | ticker_summary=53
2026-10-09 14:21:18 BST | INFO | GIT | File verification started | count=7
