2026-10-09 20:58:33 BST | INFO | RUN | VERSION | 2026.10.08.1
2026-10-09 20:58:33 BST | INFO | RUN | START | trade_date=2026-10-09
2026-10-09 20:58:33 BST | INFO | WATCHLIST | /root/trading/ASJR/ASJR_Analyst/DataLake/2026-10-09/config/fixed_watchlist.csv | source=prepared
2026-10-09 20:58:33 BST | INFO | RUN | OPTIONS | include_sector=True | git_submit=True | fetch_gapup_from_app=True
2026-10-09 20:58:33 BST | INFO | FOREX | One-time downloader | ok=True | started=True | FOREX_DOWNLOAD | started | tmux=forex_download | log=/root/trading/ASJR/Backtesting/BacktestData/IBKR/Forex/logs/EURUSD_1y_download.log
2026-10-09 20:58:33 BST | INFO | NQ | One-time downloader | ok=True | started=True | NQ_DOWNLOAD | started | tmux=nq_download | log=/root/trading/ASJR/Backtesting/BacktestData/OpenSource/NQ/logs/NQ_yfinance_download.log
2026-10-09 20:58:33 BST | INFO | MOVERS | Fetch started
2026-10-09 20:58:35 BST | INFO | MOVERS | Fetch completed | rows=87
2026-10-09 20:58:35 BST | INFO | MOVERS | Tickers | FSLY, NVAX, DNA, MRNA, ABSI, HUM, HELP, PCVX, HIMS, IOVA, STLN, SECZ, DOCN, PLNT, BRUN, ARQT, ODD, QDEL, DFTX, ZS, STNE, SYRE, CAI, SNOW, NG, DDOG, AMBA, XP, CCC, BRBR, VSAT, PENG, INTR, RGEN, TENB, SNAP, TGB, RSKD, AKAM, CERT, CLF, RPD, KOD, BULL, HUT, ATEN, NN, CRSP, ACCV, IBRX, ALHC, TMUS, ASTS, T, TIGO, VZ, UNIT, HPQ, RSI, LILAK, BKD, FMC, SKYD, CNH, PBF, BCE, CHTR, JOBY, SWKS, MOS, HESM, GPRE, LUMN, DE, AXTI, PSQL, BG, OLN, MBC, BROS, AGCO, RCI, ARCO, ALOY, HUN, YELP, VSXY
2026-10-09 20:58:35 BST | INFO | UNIVERSE | Built | tickers=106
2026-10-09 20:58:35 BST | INFO | FILE | Saved ibkr_gapup (movers) | /root/trading/ASJR/ASJR_Analyst/DataLake/2026-10-09/raw/ibkr_gapup.csv
2026-10-09 20:58:35 BST | INFO | YFINANCE | Daily 30D fetch started | tickers=106
2026-10-09 20:58:38 BST | INFO | YFINANCE | Daily 30D fetch completed | rows=3154
2026-10-09 20:58:38 BST | INFO | FILE | Saved daily_30d | /root/trading/ASJR/ASJR_Analyst/DataLake/2026-10-09/raw/daily_30d.csv
2026-10-09 20:58:38 BST | INFO | FEATURES | Daily summary built | rows=106
2026-10-09 20:58:38 BST | INFO | IBKR | 5m fetch started | tickers=106 | duration=3 D | batch_size=5
2026-10-09 20:59:02 BST | INFO | IBKR | 5m fetch completed | rows=50998
2026-10-09 20:59:02 BST | INFO | FILE | Saved intraday_5m | /root/trading/ASJR/ASJR_Analyst/DataLake/2026-10-09/raw/intraday_5m.csv
2026-10-09 20:59:05 BST | INFO | FEATURES | Intraday summary built | rows=106
2026-10-09 20:59:05 BST | INFO | YFINANCE | Sector/market fetch started
2026-10-09 20:59:06 BST | INFO | YFINANCE | Sector/market fetch completed | rows=15
2026-10-09 20:59:06 BST | INFO | FILE | Saved sector_market_daily | /root/trading/ASJR/ASJR_Analyst/DataLake/2026-10-09/raw/sector_market_daily.csv
2026-10-09 20:59:06 BST | INFO | FILE | Saved ticker_summary | rows=106 | /root/trading/ASJR/ASJR_Analyst/DataLake/2026-10-09/processed/ticker_summary.csv
2026-10-09 20:59:06 BST | INFO | FILE | Saved asjr_snapshot | /root/trading/ASJR/ASJR_Analyst/DataLake/2026-10-09/processed/asjr_snapshot.json
2026-10-09 20:59:06 BST | INFO | RUN | DATA COMPLETE | universe=106 | intraday_rows=50998 | ticker_summary=106
2026-10-09 20:59:06 BST | INFO | GIT | File verification started | count=7
