2026-10-09 14:59:25 BST | INFO | RUN | VERSION | 2026.10.08.1
2026-10-09 14:59:25 BST | INFO | RUN | START | trade_date=2026-10-09
2026-10-09 14:59:25 BST | INFO | WATCHLIST | /root/trading/ASJR/ASJR_Analyst/DataLake/2026-10-09/config/fixed_watchlist.csv | source=prepared
2026-10-09 14:59:25 BST | INFO | RUN | OPTIONS | include_sector=True | git_submit=True | fetch_gapup_from_app=True
2026-10-09 14:59:25 BST | INFO | FOREX | One-time downloader | ok=True | started=True | FOREX_DOWNLOAD | started | tmux=forex_download | log=/root/trading/ASJR/Backtesting/BacktestData/IBKR/Forex/logs/EURUSD_1y_download.log
2026-10-09 14:59:25 BST | INFO | NQ | One-time downloader | ok=True | started=True | NQ_DOWNLOAD | started | tmux=nq_download | log=/root/trading/ASJR/Backtesting/BacktestData/OpenSource/NQ/logs/NQ_yfinance_download.log
2026-10-09 14:59:25 BST | INFO | MOVERS | Fetch started
2026-10-09 14:59:26 BST | INFO | MOVERS | Fetch completed | rows=51
2026-10-09 14:59:26 BST | INFO | MOVERS | Tickers | HUM, NVAX, NN, CLOV, FSLY, MRNA, DNA, TXG, VSAT, TWST, CCC, PLNT, NG, STLN, IE, MT, RBLX, ABSI, IOVA, HIMS, TEVA, BRUN, IBRX, TGB, MUX, VIR, SSRM, PCVX, DC, SNAP, CHDN, TECK, HYMC, ALHC, BKD, TMUS, ASTS, SWKS, EQPT, JOBY, T, ARCO, VZ, HPQ, SKYD, VSXY, BCE, LUMN, RCI, ALAB, YSS
2026-10-09 14:59:26 BST | INFO | UNIVERSE | Built | tickers=71
2026-10-09 14:59:26 BST | INFO | FILE | Saved ibkr_gapup (movers) | /root/trading/ASJR/ASJR_Analyst/DataLake/2026-10-09/raw/ibkr_gapup.csv
2026-10-09 14:59:26 BST | INFO | YFINANCE | Daily 30D fetch started | tickers=71
2026-10-09 14:59:32 BST | INFO | YFINANCE | Daily 30D fetch completed | rows=2130
2026-10-09 14:59:32 BST | INFO | FILE | Saved daily_30d | /root/trading/ASJR/ASJR_Analyst/DataLake/2026-10-09/raw/daily_30d.csv
2026-10-09 14:59:32 BST | INFO | FEATURES | Daily summary built | rows=71
2026-10-09 14:59:32 BST | INFO | IBKR | 5m fetch started | tickers=71 | duration=3 D | batch_size=5
2026-10-09 14:59:48 BST | INFO | IBKR | 5m fetch completed | rows=30001
2026-10-09 14:59:49 BST | INFO | FILE | Saved intraday_5m | /root/trading/ASJR/ASJR_Analyst/DataLake/2026-10-09/raw/intraday_5m.csv
2026-10-09 14:59:51 BST | INFO | FEATURES | Intraday summary built | rows=71
2026-10-09 14:59:51 BST | INFO | YFINANCE | Sector/market fetch started
2026-10-09 14:59:52 BST | INFO | YFINANCE | Sector/market fetch completed | rows=15
2026-10-09 14:59:52 BST | INFO | FILE | Saved sector_market_daily | /root/trading/ASJR/ASJR_Analyst/DataLake/2026-10-09/raw/sector_market_daily.csv
2026-10-09 14:59:52 BST | INFO | FILE | Saved ticker_summary | rows=71 | /root/trading/ASJR/ASJR_Analyst/DataLake/2026-10-09/processed/ticker_summary.csv
2026-10-09 14:59:52 BST | INFO | FILE | Saved asjr_snapshot | /root/trading/ASJR/ASJR_Analyst/DataLake/2026-10-09/processed/asjr_snapshot.json
2026-10-09 14:59:52 BST | INFO | RUN | DATA COMPLETE | universe=71 | intraday_rows=30001 | ticker_summary=71
2026-10-09 14:59:52 BST | INFO | GIT | File verification started | count=7
