2026-10-09 17:03:27 BST | INFO | RUN | VERSION | 2026.10.08.1
2026-10-09 17:03:27 BST | INFO | RUN | START | trade_date=2026-10-09
2026-10-09 17:03:27 BST | INFO | WATCHLIST | /root/trading/ASJR/ASJR_Analyst/DataLake/2026-10-09/config/fixed_watchlist.csv | source=prepared
2026-10-09 17:03:27 BST | INFO | RUN | OPTIONS | include_sector=True | git_submit=True | fetch_gapup_from_app=True
2026-10-09 17:03:27 BST | INFO | FOREX | One-time downloader | ok=True | started=True | FOREX_DOWNLOAD | started | tmux=forex_download | log=/root/trading/ASJR/Backtesting/BacktestData/IBKR/Forex/logs/EURUSD_1y_download.log
2026-10-09 17:03:27 BST | INFO | NQ | One-time downloader | ok=True | started=True | NQ_DOWNLOAD | started | tmux=nq_download | log=/root/trading/ASJR/Backtesting/BacktestData/OpenSource/NQ/logs/NQ_yfinance_download.log
2026-10-09 17:03:27 BST | INFO | MOVERS | Fetch started
2026-10-09 17:03:29 BST | INFO | MOVERS | Fetch completed | rows=81
2026-10-09 17:03:29 BST | INFO | MOVERS | Tickers | FSLY, ABSI, NVAX, HUM, DNA, MRNA, IOVA, STLN, DFTX, VSAT, PLNT, PCVX, RBLX, ARQT, SECZ, CERT, CCC, CRCL, BRUN, TGB, TXG, SNAP, BULL, CAI, TWST, TEVA, CLF, IBRX, SYRE, NG, NN, LITE, CHDN, XP, SSRM, ODD, RGEN, HELP, CRSP, STNE, ZS, BLSH, DOCN, AAOI, BFLY, ORCL, VIR, COIN, IONS, GME, ASTS, ALHC, TMUS, T, VZ, JOBY, BKD, HPQ, TIGO, LUMN, CHTR, FMC, LILAK, VSXY, SWKS, BCE, PSQL, ARCO, LBTYA, AXTI, SHAZ, RSI, LUNR, RCI, VOYG, UNIT, CMG, UMAC, EQPT, SMCI, FLY
2026-10-09 17:03:29 BST | INFO | UNIVERSE | Built | tickers=99
2026-10-09 17:03:29 BST | INFO | FILE | Saved ibkr_gapup (movers) | /root/trading/ASJR/ASJR_Analyst/DataLake/2026-10-09/raw/ibkr_gapup.csv
2026-10-09 17:03:29 BST | INFO | YFINANCE | Daily 30D fetch started | tickers=99
2026-10-09 17:03:34 BST | INFO | YFINANCE | Daily 30D fetch completed | rows=2970
2026-10-09 17:03:34 BST | INFO | FILE | Saved daily_30d | /root/trading/ASJR/ASJR_Analyst/DataLake/2026-10-09/raw/daily_30d.csv
2026-10-09 17:03:34 BST | INFO | FEATURES | Daily summary built | rows=99
2026-10-09 17:03:34 BST | INFO | IBKR | 5m fetch started | tickers=99 | duration=3 D | batch_size=5
2026-10-09 17:03:55 BST | INFO | IBKR | 5m fetch completed | rows=43820
2026-10-09 17:03:56 BST | INFO | FILE | Saved intraday_5m | /root/trading/ASJR/ASJR_Analyst/DataLake/2026-10-09/raw/intraday_5m.csv
2026-10-09 17:03:59 BST | INFO | FEATURES | Intraday summary built | rows=99
2026-10-09 17:03:59 BST | INFO | YFINANCE | Sector/market fetch started
2026-10-09 17:03:59 BST | INFO | YFINANCE | Sector/market fetch completed | rows=15
2026-10-09 17:03:59 BST | INFO | FILE | Saved sector_market_daily | /root/trading/ASJR/ASJR_Analyst/DataLake/2026-10-09/raw/sector_market_daily.csv
2026-10-09 17:03:59 BST | INFO | FILE | Saved ticker_summary | rows=99 | /root/trading/ASJR/ASJR_Analyst/DataLake/2026-10-09/processed/ticker_summary.csv
2026-10-09 17:03:59 BST | INFO | FILE | Saved asjr_snapshot | /root/trading/ASJR/ASJR_Analyst/DataLake/2026-10-09/processed/asjr_snapshot.json
2026-10-09 17:03:59 BST | INFO | RUN | DATA COMPLETE | universe=99 | intraday_rows=43820 | ticker_summary=99
2026-10-09 17:03:59 BST | INFO | GIT | File verification started | count=7
