2026-10-09 15:04:56 BST | INFO | RUN | VERSION | 2026.10.08.1
2026-10-09 15:04:56 BST | INFO | RUN | START | trade_date=2026-10-09
2026-10-09 15:04:56 BST | INFO | WATCHLIST | /root/trading/ASJR/ASJR_Analyst/DataLake/2026-10-09/config/fixed_watchlist.csv | source=prepared
2026-10-09 15:04:56 BST | INFO | RUN | OPTIONS | include_sector=True | git_submit=True | fetch_gapup_from_app=True
2026-10-09 15:04:56 BST | INFO | FOREX | One-time downloader | ok=True | started=True | FOREX_DOWNLOAD | started | tmux=forex_download | log=/root/trading/ASJR/Backtesting/BacktestData/IBKR/Forex/logs/EURUSD_1y_download.log
2026-10-09 15:04:56 BST | INFO | NQ | One-time downloader | ok=True | started=True | NQ_DOWNLOAD | started | tmux=nq_download | log=/root/trading/ASJR/Backtesting/BacktestData/OpenSource/NQ/logs/NQ_yfinance_download.log
2026-10-09 15:04:56 BST | INFO | MOVERS | Fetch started
2026-10-09 15:04:58 BST | INFO | MOVERS | Fetch completed | rows=57
2026-10-09 15:04:58 BST | INFO | MOVERS | Tickers | NVAX, HUM, NN, DNA, FSLY, ABSI, TXG, MRNA, VSAT, TWST, RBLX, IOVA, PLNT, CCC, GENB, STLN, TEVA, BEAM, IE, HIMS, IBRX, CRSP, RGEN, AAOI, SDGR, BFLY, TGB, LITE, VIR, MT, VCYT, QDEL, DYN, DFTX, CAI, PCVX, SYRE, NG, SNAP, ALHC, BKD, TMUS, ASTS, T, JOBY, VZ, SWKS, ARCO, EQPT, LUMN, HPQ, BCE, SKYD, VOYG, RCI, TDS, FMC
2026-10-09 15:04:58 BST | INFO | UNIVERSE | Built | tickers=77
2026-10-09 15:04:58 BST | INFO | FILE | Saved ibkr_gapup (movers) | /root/trading/ASJR/ASJR_Analyst/DataLake/2026-10-09/raw/ibkr_gapup.csv
2026-10-09 15:04:58 BST | INFO | YFINANCE | Daily 30D fetch started | tickers=77
2026-10-09 15:05:05 BST | INFO | YFINANCE | Daily 30D fetch completed | rows=2310
2026-10-09 15:05:05 BST | INFO | FILE | Saved daily_30d | /root/trading/ASJR/ASJR_Analyst/DataLake/2026-10-09/raw/daily_30d.csv
2026-10-09 15:05:05 BST | INFO | FEATURES | Daily summary built | rows=77
2026-10-09 15:05:05 BST | INFO | IBKR | 5m fetch started | tickers=77 | duration=3 D | batch_size=5
2026-10-09 15:05:23 BST | INFO | IBKR | 5m fetch completed | rows=32406
2026-10-09 15:05:24 BST | INFO | FILE | Saved intraday_5m | /root/trading/ASJR/ASJR_Analyst/DataLake/2026-10-09/raw/intraday_5m.csv
2026-10-09 15:05:26 BST | INFO | FEATURES | Intraday summary built | rows=77
2026-10-09 15:05:26 BST | INFO | YFINANCE | Sector/market fetch started
2026-10-09 15:05:29 BST | INFO | YFINANCE | Sector/market fetch completed | rows=15
2026-10-09 15:05:29 BST | INFO | FILE | Saved sector_market_daily | /root/trading/ASJR/ASJR_Analyst/DataLake/2026-10-09/raw/sector_market_daily.csv
2026-10-09 15:05:29 BST | INFO | FILE | Saved ticker_summary | rows=77 | /root/trading/ASJR/ASJR_Analyst/DataLake/2026-10-09/processed/ticker_summary.csv
2026-10-09 15:05:29 BST | INFO | FILE | Saved asjr_snapshot | /root/trading/ASJR/ASJR_Analyst/DataLake/2026-10-09/processed/asjr_snapshot.json
2026-10-09 15:05:29 BST | INFO | RUN | DATA COMPLETE | universe=77 | intraday_rows=32406 | ticker_summary=77
2026-10-09 15:05:29 BST | INFO | GIT | File verification started | count=7
