2026-10-09 19:01:18 BST | INFO | RUN | VERSION | 2026.10.08.1
2026-10-09 19:01:18 BST | INFO | RUN | START | trade_date=2026-10-09
2026-10-09 19:01:18 BST | INFO | WATCHLIST | /root/trading/ASJR/ASJR_Analyst/DataLake/2026-10-09/config/fixed_watchlist.csv | source=prepared
2026-10-09 19:01:18 BST | INFO | RUN | OPTIONS | include_sector=True | git_submit=True | fetch_gapup_from_app=True
2026-10-09 19:01:18 BST | INFO | FOREX | One-time downloader | ok=True | started=True | FOREX_DOWNLOAD | started | tmux=forex_download | log=/root/trading/ASJR/Backtesting/BacktestData/IBKR/Forex/logs/EURUSD_1y_download.log
2026-10-09 19:01:18 BST | INFO | NQ | One-time downloader | ok=True | started=True | NQ_DOWNLOAD | started | tmux=nq_download | log=/root/trading/ASJR/Backtesting/BacktestData/OpenSource/NQ/logs/NQ_yfinance_download.log
2026-10-09 19:01:18 BST | INFO | MOVERS | Fetch started
2026-10-09 19:01:20 BST | INFO | MOVERS | Fetch completed | rows=75
2026-10-09 19:01:20 BST | INFO | MOVERS | Tickers | FSLY, DNA, NVAX, ABSI, MRNA, HUM, IOVA, PLNT, DFTX, HELP, SECZ, QDEL, ARQT, PCVX, BRUN, IBRX, TGB, CLF, STLN, CAI, HIMS, DOCN, ODD, BULL, CRCL, TWST, AKAM, RBLX, STNE, SNAP, CCC, CIEN, SNOW, SYRE, CRSP, NG, VSAT, TXG, CERT, ZS, VIR, NN, DDOG, ABCL, SSRM, LITE, COIN, PRGO, XP, TEVA, ASTS, TMUS, ALHC, T, VZ, TIGO, UNIT, FMC, JOBY, LUMN, HPQ, CHTR, LILAK, BCE, MBC, BKD, LBTYA, VSXY, RSI, RCI, SKYD, SWKS, VOYG, LBTYK, ARCO
2026-10-09 19:01:20 BST | INFO | UNIVERSE | Built | tickers=94
2026-10-09 19:01:20 BST | INFO | FILE | Saved ibkr_gapup (movers) | /root/trading/ASJR/ASJR_Analyst/DataLake/2026-10-09/raw/ibkr_gapup.csv
2026-10-09 19:01:20 BST | INFO | YFINANCE | Daily 30D fetch started | tickers=94
2026-10-09 19:01:23 BST | INFO | YFINANCE | Daily 30D fetch completed | rows=2820
2026-10-09 19:01:23 BST | INFO | FILE | Saved daily_30d | /root/trading/ASJR/ASJR_Analyst/DataLake/2026-10-09/raw/daily_30d.csv
2026-10-09 19:01:23 BST | INFO | FEATURES | Daily summary built | rows=94
2026-10-09 19:01:23 BST | INFO | IBKR | 5m fetch started | tickers=94 | duration=3 D | batch_size=5
2026-10-09 19:01:44 BST | INFO | IBKR | 5m fetch completed | rows=43488
2026-10-09 19:01:44 BST | INFO | FILE | Saved intraday_5m | /root/trading/ASJR/ASJR_Analyst/DataLake/2026-10-09/raw/intraday_5m.csv
2026-10-09 19:01:48 BST | INFO | FEATURES | Intraday summary built | rows=94
2026-10-09 19:01:48 BST | INFO | YFINANCE | Sector/market fetch started
2026-10-09 19:01:48 BST | INFO | YFINANCE | Sector/market fetch completed | rows=15
2026-10-09 19:01:48 BST | INFO | FILE | Saved sector_market_daily | /root/trading/ASJR/ASJR_Analyst/DataLake/2026-10-09/raw/sector_market_daily.csv
2026-10-09 19:01:48 BST | INFO | FILE | Saved ticker_summary | rows=94 | /root/trading/ASJR/ASJR_Analyst/DataLake/2026-10-09/processed/ticker_summary.csv
2026-10-09 19:01:48 BST | INFO | FILE | Saved asjr_snapshot | /root/trading/ASJR/ASJR_Analyst/DataLake/2026-10-09/processed/asjr_snapshot.json
2026-10-09 19:01:48 BST | INFO | RUN | DATA COMPLETE | universe=94 | intraday_rows=43488 | ticker_summary=94
2026-10-09 19:01:48 BST | INFO | GIT | File verification started | count=7
