2026-10-09 16:57:54 BST | INFO | RUN | VERSION | 2026.10.08.1
2026-10-09 16:57:54 BST | INFO | RUN | START | trade_date=2026-10-09
2026-10-09 16:57:54 BST | INFO | WATCHLIST | /root/trading/ASJR/ASJR_Analyst/DataLake/2026-10-09/config/fixed_watchlist.csv | source=prepared
2026-10-09 16:57:54 BST | INFO | RUN | OPTIONS | include_sector=True | git_submit=True | fetch_gapup_from_app=True
2026-10-09 16:57:54 BST | INFO | FOREX | One-time downloader | ok=True | started=True | FOREX_DOWNLOAD | started | tmux=forex_download | log=/root/trading/ASJR/Backtesting/BacktestData/IBKR/Forex/logs/EURUSD_1y_download.log
2026-10-09 16:57:54 BST | INFO | NQ | One-time downloader | ok=True | started=True | NQ_DOWNLOAD | started | tmux=nq_download | log=/root/trading/ASJR/Backtesting/BacktestData/OpenSource/NQ/logs/NQ_yfinance_download.log
2026-10-09 16:57:54 BST | INFO | MOVERS | Fetch started
2026-10-09 16:57:55 BST | INFO | MOVERS | Fetch completed | rows=76
2026-10-09 16:57:55 BST | INFO | MOVERS | Tickers | ABSI, FSLY, DNA, HUM, NVAX, VSAT, IOVA, DFTX, MRNA, STLN, PLNT, ARQT, SECZ, PCVX, SNAP, RBLX, CCC, CERT, CRCL, TGB, BULL, BRUN, TXG, NG, LITE, SYRE, TEVA, NN, HELP, CRSP, IBRX, TWST, XP, CAI, DOCN, CHDN, VIR, AAOI, BLSH, ODD, STNE, SSRM, KOD, ZS, GME, CLF, IONS, RGEN, COIN, ABCL, ASTS, ALHC, TMUS, T, VZ, JOBY, BKD, HPQ, TIGO, LUMN, FMC, CHTR, VSXY, SWKS, LILAK, BCE, PSQL, RSI, SHAZ, RCI, LBTYA, VOYG, AXTI, LUNR, CMG, MBC
2026-10-09 16:57:55 BST | INFO | UNIVERSE | Built | tickers=96
2026-10-09 16:57:55 BST | INFO | FILE | Saved ibkr_gapup (movers) | /root/trading/ASJR/ASJR_Analyst/DataLake/2026-10-09/raw/ibkr_gapup.csv
2026-10-09 16:57:55 BST | INFO | YFINANCE | Daily 30D fetch started | tickers=96
2026-10-09 16:57:59 BST | INFO | YFINANCE | Daily 30D fetch completed | rows=2880
2026-10-09 16:57:59 BST | INFO | FILE | Saved daily_30d | /root/trading/ASJR/ASJR_Analyst/DataLake/2026-10-09/raw/daily_30d.csv
2026-10-09 16:57:59 BST | INFO | FEATURES | Daily summary built | rows=96
2026-10-09 16:57:59 BST | INFO | IBKR | 5m fetch started | tickers=96 | duration=3 D | batch_size=5
2026-10-09 16:58:20 BST | INFO | IBKR | 5m fetch completed | rows=42468
2026-10-09 16:58:20 BST | INFO | FILE | Saved intraday_5m | /root/trading/ASJR/ASJR_Analyst/DataLake/2026-10-09/raw/intraday_5m.csv
2026-10-09 16:58:23 BST | INFO | FEATURES | Intraday summary built | rows=96
2026-10-09 16:58:23 BST | INFO | YFINANCE | Sector/market fetch started
2026-10-09 16:58:24 BST | INFO | YFINANCE | Sector/market fetch completed | rows=15
2026-10-09 16:58:24 BST | INFO | FILE | Saved sector_market_daily | /root/trading/ASJR/ASJR_Analyst/DataLake/2026-10-09/raw/sector_market_daily.csv
2026-10-09 16:58:24 BST | INFO | FILE | Saved ticker_summary | rows=96 | /root/trading/ASJR/ASJR_Analyst/DataLake/2026-10-09/processed/ticker_summary.csv
2026-10-09 16:58:24 BST | INFO | FILE | Saved asjr_snapshot | /root/trading/ASJR/ASJR_Analyst/DataLake/2026-10-09/processed/asjr_snapshot.json
2026-10-09 16:58:24 BST | INFO | RUN | DATA COMPLETE | universe=96 | intraday_rows=42468 | ticker_summary=96
2026-10-09 16:58:24 BST | INFO | GIT | File verification started | count=7
