2026-10-09 17:31:26 BST | INFO | RUN | VERSION | 2026.10.08.1
2026-10-09 17:31:26 BST | INFO | RUN | START | trade_date=2026-10-09
2026-10-09 17:31:26 BST | INFO | WATCHLIST | /root/trading/ASJR/ASJR_Analyst/DataLake/2026-10-09/config/fixed_watchlist.csv | source=prepared
2026-10-09 17:31:26 BST | INFO | RUN | OPTIONS | include_sector=True | git_submit=True | fetch_gapup_from_app=True
2026-10-09 17:31:26 BST | INFO | FOREX | One-time downloader | ok=True | started=True | FOREX_DOWNLOAD | started | tmux=forex_download | log=/root/trading/ASJR/Backtesting/BacktestData/IBKR/Forex/logs/EURUSD_1y_download.log
2026-10-09 17:31:26 BST | INFO | NQ | One-time downloader | ok=True | started=True | NQ_DOWNLOAD | started | tmux=nq_download | log=/root/trading/ASJR/Backtesting/BacktestData/OpenSource/NQ/logs/NQ_yfinance_download.log
2026-10-09 17:31:26 BST | INFO | MOVERS | Fetch started
2026-10-09 17:31:28 BST | INFO | MOVERS | Fetch completed | rows=81
2026-10-09 17:31:28 BST | INFO | MOVERS | Tickers | FSLY, ABSI, DNA, NVAX, HUM, MRNA, IOVA, DFTX, SECZ, STLN, ARQT, PCVX, IBRX, PLNT, BRUN, TGB, CLF, NN, DOCN, VSAT, BULL, TWST, NG, SNAP, RBLX, HELP, CRCL, CRSP, SYRE, LITE, XP, ZS, CERT, TEVA, TXG, BEAM, AAOI, DDOG, STNE, RGEN, SSRM, CHDN, CAI, CCC, ODD, IONS, BLSH, FIGS, VIR, BFLY, ALHC, TMUS, ASTS, T, VZ, JOBY, BKD, HPQ, TIGO, LILAK, LUMN, CHTR, FMC, LBTYA, UNIT, LBTYK, BCE, SWKS, ARCO, VSXY, MBC, RCI, PSQL, RSI, CTVA, SHAZ, EQPT, PBF, VOYG, UMAC, STAA
2026-10-09 17:31:28 BST | INFO | UNIVERSE | Built | tickers=101
2026-10-09 17:31:28 BST | INFO | FILE | Saved ibkr_gapup (movers) | /root/trading/ASJR/ASJR_Analyst/DataLake/2026-10-09/raw/ibkr_gapup.csv
2026-10-09 17:31:28 BST | INFO | YFINANCE | Daily 30D fetch started | tickers=101
2026-10-09 17:31:32 BST | INFO | YFINANCE | Daily 30D fetch completed | rows=3030
2026-10-09 17:31:32 BST | INFO | FILE | Saved daily_30d | /root/trading/ASJR/ASJR_Analyst/DataLake/2026-10-09/raw/daily_30d.csv
2026-10-09 17:31:32 BST | INFO | FEATURES | Daily summary built | rows=101
2026-10-09 17:31:32 BST | INFO | IBKR | 5m fetch started | tickers=101 | duration=3 D | batch_size=5
2026-10-09 17:31:54 BST | INFO | IBKR | 5m fetch completed | rows=44985
2026-10-09 17:31:54 BST | INFO | FILE | Saved intraday_5m | /root/trading/ASJR/ASJR_Analyst/DataLake/2026-10-09/raw/intraday_5m.csv
2026-10-09 17:31:57 BST | INFO | FEATURES | Intraday summary built | rows=101
2026-10-09 17:31:57 BST | INFO | YFINANCE | Sector/market fetch started
2026-10-09 17:31:58 BST | INFO | YFINANCE | Sector/market fetch completed | rows=15
2026-10-09 17:31:58 BST | INFO | FILE | Saved sector_market_daily | /root/trading/ASJR/ASJR_Analyst/DataLake/2026-10-09/raw/sector_market_daily.csv
2026-10-09 17:31:58 BST | INFO | FILE | Saved ticker_summary | rows=101 | /root/trading/ASJR/ASJR_Analyst/DataLake/2026-10-09/processed/ticker_summary.csv
2026-10-09 17:31:58 BST | INFO | FILE | Saved asjr_snapshot | /root/trading/ASJR/ASJR_Analyst/DataLake/2026-10-09/processed/asjr_snapshot.json
2026-10-09 17:31:58 BST | INFO | RUN | DATA COMPLETE | universe=101 | intraday_rows=44985 | ticker_summary=101
2026-10-09 17:31:58 BST | INFO | GIT | File verification started | count=7
