2026-10-08 20:15:07 BST | INFO | RUN | VERSION | 2026.10.08.1
2026-10-08 20:15:07 BST | INFO | RUN | START | trade_date=2026-10-08
2026-10-08 20:15:07 BST | INFO | WATCHLIST | /root/trading/ASJR/ASJR_Analyst/DataLake/2026-10-08/config/fixed_watchlist.csv | source=prepared
2026-10-08 20:15:07 BST | INFO | RUN | OPTIONS | include_sector=True | git_submit=True | fetch_gapup_from_app=True
2026-10-08 20:15:07 BST | INFO | FOREX | One-time downloader | ok=True | started=True | FOREX_DOWNLOAD | started | tmux=forex_download | log=/root/trading/ASJR/Backtesting/BacktestData/IBKR/Forex/logs/EURUSD_1y_download.log
2026-10-08 20:15:07 BST | INFO | NQ | One-time downloader | ok=True | started=True | NQ_DOWNLOAD | started | tmux=nq_download | log=/root/trading/ASJR/Backtesting/BacktestData/OpenSource/NQ/logs/NQ_yfinance_download.log
2026-10-08 20:15:07 BST | INFO | MOVERS | Fetch started
2026-10-08 20:15:08 BST | INFO | MOVERS | Fetch completed | rows=100
2026-10-08 20:15:08 BST | INFO | MOVERS | Tickers | SECZ, COCO, ERAS, RGNX, JMKE, CMG, CSGP, DC, SKYD, FLUT, GDDY, ZG, Z, FRO, CBOE, OI, SM, LQDA, MPC, CHRW, FIGS, PBF, BAH, ROL, HAFN, PM, ETSY, DOCS, VLO, IT, EXPE, DHT, BBY, FSM, YELP, SHAK, SG, ACI, APA, CAVA, LDOS, NAT, ACN, PHAT, SU, FANG, BLMN, NIQ, ASAN, BROS, AAOI, SHAZ, NN, EQPT, BRUN, MXL, HUT, AXTI, COHR, RUM, BSP, TSEM, RIOT, CLSK, ALAB, CRWV, CIFR, TTMI, LPTH, BTDR, BE, NBIS, IREN, WYFI, VSAT, EROC, QMCO, LWLG, ASTS, OKLO, GLW, POET, LUNR, VSH, DPC, INIO, FLY, OUST, RDW, MDA, STM, QNT, INTC, LUMN, GLXY, LITE, BKSY, VST, ABCL, SMCI
2026-10-08 20:15:08 BST | INFO | UNIVERSE | Built | tickers=118
2026-10-08 20:15:08 BST | INFO | FILE | Saved ibkr_gapup (movers) | /root/trading/ASJR/ASJR_Analyst/DataLake/2026-10-08/raw/ibkr_gapup.csv
2026-10-08 20:15:08 BST | INFO | YFINANCE | Daily 30D fetch started | tickers=118
2026-10-08 20:15:24 BST | INFO | YFINANCE | Daily 30D fetch completed | rows=3540
2026-10-08 20:15:24 BST | INFO | FILE | Saved daily_30d | /root/trading/ASJR/ASJR_Analyst/DataLake/2026-10-08/raw/daily_30d.csv
2026-10-08 20:15:24 BST | INFO | FEATURES | Daily summary built | rows=118
2026-10-08 20:15:24 BST | INFO | IBKR | 5m fetch started | tickers=118 | duration=3 D | batch_size=5
2026-10-08 20:15:50 BST | INFO | IBKR | 5m fetch completed | rows=56218
2026-10-08 20:15:51 BST | INFO | FILE | Saved intraday_5m | /root/trading/ASJR/ASJR_Analyst/DataLake/2026-10-08/raw/intraday_5m.csv
2026-10-08 20:15:54 BST | INFO | FEATURES | Intraday summary built | rows=118
2026-10-08 20:15:54 BST | INFO | YFINANCE | Sector/market fetch started
2026-10-08 20:15:55 BST | INFO | YFINANCE | Sector/market fetch completed | rows=15
2026-10-08 20:15:55 BST | INFO | FILE | Saved sector_market_daily | /root/trading/ASJR/ASJR_Analyst/DataLake/2026-10-08/raw/sector_market_daily.csv
2026-10-08 20:15:55 BST | INFO | FILE | Saved ticker_summary | rows=118 | /root/trading/ASJR/ASJR_Analyst/DataLake/2026-10-08/processed/ticker_summary.csv
2026-10-08 20:15:55 BST | INFO | FILE | Saved asjr_snapshot | /root/trading/ASJR/ASJR_Analyst/DataLake/2026-10-08/processed/asjr_snapshot.json
2026-10-08 20:15:55 BST | INFO | RUN | DATA COMPLETE | universe=118 | intraday_rows=56218 | ticker_summary=118
2026-10-08 20:15:55 BST | INFO | GIT | File verification started | count=7
