2026-10-08 15:17:26 BST | INFO | RUN | VERSION | 2026.10.08.1
2026-10-08 15:17:26 BST | INFO | RUN | START | trade_date=2026-10-08
2026-10-08 15:17:26 BST | INFO | WATCHLIST | /root/trading/ASJR/ASJR_Analyst/DataLake/2026-10-08/config/fixed_watchlist.csv | source=prepared
2026-10-08 15:17:26 BST | INFO | RUN | OPTIONS | include_sector=True | git_submit=True | fetch_gapup_from_app=True
2026-10-08 15:17:26 BST | INFO | FOREX | One-time downloader | ok=True | started=True | FOREX_DOWNLOAD | started | tmux=forex_download | log=/root/trading/ASJR/Backtesting/BacktestData/IBKR/Forex/logs/EURUSD_1y_download.log
2026-10-08 15:17:26 BST | INFO | NQ | One-time downloader | ok=True | started=True | NQ_DOWNLOAD | started | tmux=nq_download | log=/root/trading/ASJR/Backtesting/BacktestData/OpenSource/NQ/logs/NQ_yfinance_download.log
2026-10-08 15:17:26 BST | INFO | MOVERS | Fetch started
2026-10-08 15:17:28 BST | INFO | MOVERS | Fetch completed | rows=59
2026-10-08 15:17:28 BST | INFO | MOVERS | Tickers | LQDA, COCO, GFS, FLUT, SKYD, JMKE, SM, CMG, FRO, SECZ, ACN, BROS, DHT, DAR, NAT, NTLA, MPC, SHAZ, BSP, RVMD, BRUN, XNCR, EQPT, AXTI, CIFR, RIOT, CLSK, HUT, SDGR, MRVI, CRGY, AAOI, IMMX, ORIC, NUAI, IREN, VIR, MXL, ABCL, WULF, SMMT, ASTS, ILMN, QNT, RGEN, BE, DNA, CRWV, COGT, RCUS, WYFI, VSAT, BRKR, CLDX, LUNR, TSEM, TWST, GLXY, CTKB
2026-10-08 15:17:28 BST | INFO | UNIVERSE | Built | tickers=79
2026-10-08 15:17:28 BST | INFO | FILE | Saved ibkr_gapup (movers) | /root/trading/ASJR/ASJR_Analyst/DataLake/2026-10-08/raw/ibkr_gapup.csv
2026-10-08 15:17:28 BST | INFO | YFINANCE | Daily 30D fetch started | tickers=79
2026-10-08 15:17:31 BST | INFO | YFINANCE | Daily 30D fetch completed | rows=2370
2026-10-08 15:17:31 BST | INFO | FILE | Saved daily_30d | /root/trading/ASJR/ASJR_Analyst/DataLake/2026-10-08/raw/daily_30d.csv
2026-10-08 15:17:31 BST | INFO | FEATURES | Daily summary built | rows=79
2026-10-08 15:17:31 BST | INFO | IBKR | 5m fetch started | tickers=79 | duration=3 D | batch_size=5
2026-10-08 15:17:50 BST | INFO | IBKR | 5m fetch completed | rows=33846
2026-10-08 15:17:50 BST | INFO | FILE | Saved intraday_5m | /root/trading/ASJR/ASJR_Analyst/DataLake/2026-10-08/raw/intraday_5m.csv
2026-10-08 15:17:52 BST | INFO | FEATURES | Intraday summary built | rows=79
2026-10-08 15:17:52 BST | INFO | YFINANCE | Sector/market fetch started
2026-10-08 15:17:53 BST | INFO | YFINANCE | Sector/market fetch completed | rows=15
2026-10-08 15:17:53 BST | INFO | FILE | Saved sector_market_daily | /root/trading/ASJR/ASJR_Analyst/DataLake/2026-10-08/raw/sector_market_daily.csv
2026-10-08 15:17:53 BST | INFO | FILE | Saved ticker_summary | rows=79 | /root/trading/ASJR/ASJR_Analyst/DataLake/2026-10-08/processed/ticker_summary.csv
2026-10-08 15:17:53 BST | INFO | FILE | Saved asjr_snapshot | /root/trading/ASJR/ASJR_Analyst/DataLake/2026-10-08/processed/asjr_snapshot.json
2026-10-08 15:17:53 BST | INFO | RUN | DATA COMPLETE | universe=79 | intraday_rows=33846 | ticker_summary=79
2026-10-08 15:17:53 BST | INFO | GIT | File verification started | count=7
