2026-10-08 18:54:53 BST | INFO | RUN | VERSION | 2026.10.08.1
2026-10-08 18:54:53 BST | INFO | RUN | START | trade_date=2026-10-08
2026-10-08 18:54:53 BST | INFO | WATCHLIST | /root/trading/ASJR/ASJR_Analyst/DataLake/2026-10-08/config/fixed_watchlist.csv | source=prepared
2026-10-08 18:54:53 BST | INFO | RUN | OPTIONS | include_sector=True | git_submit=True | fetch_gapup_from_app=True
2026-10-08 18:54:53 BST | INFO | FOREX | One-time downloader | ok=True | started=True | FOREX_DOWNLOAD | started | tmux=forex_download | log=/root/trading/ASJR/Backtesting/BacktestData/IBKR/Forex/logs/EURUSD_1y_download.log
2026-10-08 18:54:53 BST | INFO | NQ | One-time downloader | ok=True | started=True | NQ_DOWNLOAD | started | tmux=nq_download | log=/root/trading/ASJR/Backtesting/BacktestData/OpenSource/NQ/logs/NQ_yfinance_download.log
2026-10-08 18:54:53 BST | INFO | MOVERS | Fetch started
2026-10-08 18:54:55 BST | INFO | MOVERS | Fetch completed | rows=90
2026-10-08 18:54:55 BST | INFO | MOVERS | Tickers | SECZ, JMKE, ERAS, COCO, RGNX, CMG, FLUT, CSGP, GDDY, SKYD, DC, SM, FRO, DOCS, ETSY, FSM, ROL, MPC, PBF, LQDA, PM, BBY, VLO, RPD, OI, EXPE, IT, CBOE, SG, DHT, APA, SU, SHAK, ACI, BLMN, ZG, BAH, HAFN, Z, LOW, EQPT, NN, SHAZ, AAOI, HUT, BRUN, CIFR, RIOT, MXL, BSP, EROC, CLSK, AXTI, TSEM, WYFI, IREN, BE, RVMD, OKLO, COHR, RUM, BTDR, FCEL, ASTS, WULF, CRWV, ABCL, XE, NNE, ALAB, NBIS, CBRS, GLXY, INIO, SEI, POET, CORZ, MLTX, VSH, INTC, QNT, TRLV, VST, STM, FLNC, LUNR, LWLG, LGN, QMCO, SMR
2026-10-08 18:54:55 BST | INFO | UNIVERSE | Built | tickers=109
2026-10-08 18:54:55 BST | INFO | FILE | Saved ibkr_gapup (movers) | /root/trading/ASJR/ASJR_Analyst/DataLake/2026-10-08/raw/ibkr_gapup.csv
2026-10-08 18:54:55 BST | INFO | YFINANCE | Daily 30D fetch started | tickers=109
2026-10-08 18:54:58 BST | INFO | YFINANCE | Daily 30D fetch completed | rows=3270
2026-10-08 18:54:58 BST | INFO | FILE | Saved daily_30d | /root/trading/ASJR/ASJR_Analyst/DataLake/2026-10-08/raw/daily_30d.csv
2026-10-08 18:54:58 BST | INFO | FEATURES | Daily summary built | rows=109
2026-10-08 18:54:58 BST | INFO | IBKR | 5m fetch started | tickers=109 | duration=3 D | batch_size=5
2026-10-08 18:55:23 BST | INFO | IBKR | 5m fetch completed | rows=50648
2026-10-08 18:55:23 BST | INFO | FILE | Saved intraday_5m | /root/trading/ASJR/ASJR_Analyst/DataLake/2026-10-08/raw/intraday_5m.csv
2026-10-08 18:55:26 BST | INFO | FEATURES | Intraday summary built | rows=109
2026-10-08 18:55:26 BST | INFO | YFINANCE | Sector/market fetch started
2026-10-08 18:55:26 BST | INFO | YFINANCE | Sector/market fetch completed | rows=15
2026-10-08 18:55:26 BST | INFO | FILE | Saved sector_market_daily | /root/trading/ASJR/ASJR_Analyst/DataLake/2026-10-08/raw/sector_market_daily.csv
2026-10-08 18:55:26 BST | INFO | FILE | Saved ticker_summary | rows=109 | /root/trading/ASJR/ASJR_Analyst/DataLake/2026-10-08/processed/ticker_summary.csv
2026-10-08 18:55:26 BST | INFO | FILE | Saved asjr_snapshot | /root/trading/ASJR/ASJR_Analyst/DataLake/2026-10-08/processed/asjr_snapshot.json
2026-10-08 18:55:26 BST | INFO | RUN | DATA COMPLETE | universe=109 | intraday_rows=50648 | ticker_summary=109
2026-10-08 18:55:26 BST | INFO | GIT | File verification started | count=7
