2026-10-08 15:11:56 BST | INFO | RUN | VERSION | 2026.10.08.1
2026-10-08 15:11:56 BST | INFO | RUN | START | trade_date=2026-10-08
2026-10-08 15:11:56 BST | INFO | WATCHLIST | /root/trading/ASJR/ASJR_Analyst/DataLake/2026-10-08/config/fixed_watchlist.csv | source=prepared
2026-10-08 15:11:56 BST | INFO | RUN | OPTIONS | include_sector=True | git_submit=True | fetch_gapup_from_app=True
2026-10-08 15:11:56 BST | INFO | FOREX | One-time downloader | ok=True | started=True | FOREX_DOWNLOAD | started | tmux=forex_download | log=/root/trading/ASJR/Backtesting/BacktestData/IBKR/Forex/logs/EURUSD_1y_download.log
2026-10-08 15:11:56 BST | INFO | NQ | One-time downloader | ok=True | started=True | NQ_DOWNLOAD | started | tmux=nq_download | log=/root/trading/ASJR/Backtesting/BacktestData/OpenSource/NQ/logs/NQ_yfinance_download.log
2026-10-08 15:11:56 BST | INFO | MOVERS | Fetch started
2026-10-08 15:11:58 BST | INFO | MOVERS | Fetch completed | rows=52
2026-10-08 15:11:58 BST | INFO | MOVERS | Tickers | LQDA, COCO, GFS, SECZ, SKYD, NTLA, FLUT, FRO, DHT, SM, JMKE, NAT, ACN, BROS, GDDY, CTSH, BSP, SHAZ, RVMD, XNCR, RIOT, CIFR, HUT, CLSK, AXTI, IREN, CRGY, SDGR, MXL, EQPT, IMMX, ORIC, BRUN, ASTS, WULF, AAOI, CRWV, BE, QNT, RGEN, SMMT, NUAI, VIR, ILMN, BRKR, SWKS, NBIS, COGT, LEVI, VSAT, BTDR, RCUS
2026-10-08 15:11:58 BST | INFO | UNIVERSE | Built | tickers=72
2026-10-08 15:11:58 BST | INFO | FILE | Saved ibkr_gapup (movers) | /root/trading/ASJR/ASJR_Analyst/DataLake/2026-10-08/raw/ibkr_gapup.csv
2026-10-08 15:11:58 BST | INFO | YFINANCE | Daily 30D fetch started | tickers=72
2026-10-08 15:12:01 BST | INFO | YFINANCE | Daily 30D fetch completed | rows=2160
2026-10-08 15:12:01 BST | INFO | FILE | Saved daily_30d | /root/trading/ASJR/ASJR_Analyst/DataLake/2026-10-08/raw/daily_30d.csv
2026-10-08 15:12:01 BST | INFO | FEATURES | Daily summary built | rows=72
2026-10-08 15:12:01 BST | INFO | IBKR | 5m fetch started | tickers=72 | duration=3 D | batch_size=5
2026-10-08 15:12:18 BST | INFO | IBKR | 5m fetch completed | rows=30722
2026-10-08 15:12:18 BST | INFO | FILE | Saved intraday_5m | /root/trading/ASJR/ASJR_Analyst/DataLake/2026-10-08/raw/intraday_5m.csv
2026-10-08 15:12:21 BST | INFO | FEATURES | Intraday summary built | rows=72
2026-10-08 15:12:21 BST | INFO | YFINANCE | Sector/market fetch started
2026-10-08 15:12:22 BST | INFO | YFINANCE | Sector/market fetch completed | rows=15
2026-10-08 15:12:22 BST | INFO | FILE | Saved sector_market_daily | /root/trading/ASJR/ASJR_Analyst/DataLake/2026-10-08/raw/sector_market_daily.csv
2026-10-08 15:12:22 BST | INFO | FILE | Saved ticker_summary | rows=72 | /root/trading/ASJR/ASJR_Analyst/DataLake/2026-10-08/processed/ticker_summary.csv
2026-10-08 15:12:22 BST | INFO | FILE | Saved asjr_snapshot | /root/trading/ASJR/ASJR_Analyst/DataLake/2026-10-08/processed/asjr_snapshot.json
2026-10-08 15:12:22 BST | INFO | RUN | DATA COMPLETE | universe=72 | intraday_rows=30722 | ticker_summary=72
2026-10-08 15:12:22 BST | INFO | GIT | File verification started | count=7
