2026-10-08 19:51:55 BST | INFO | RUN | VERSION | 2026.10.08.1
2026-10-08 19:51:55 BST | INFO | RUN | START | trade_date=2026-10-08
2026-10-08 19:51:55 BST | INFO | WATCHLIST | /root/trading/ASJR/ASJR_Analyst/DataLake/2026-10-08/config/fixed_watchlist.csv | source=prepared
2026-10-08 19:51:55 BST | INFO | RUN | OPTIONS | include_sector=True | git_submit=True | fetch_gapup_from_app=True
2026-10-08 19:51:55 BST | INFO | FOREX | One-time downloader | ok=True | started=True | FOREX_DOWNLOAD | started | tmux=forex_download | log=/root/trading/ASJR/Backtesting/BacktestData/IBKR/Forex/logs/EURUSD_1y_download.log
2026-10-08 19:51:55 BST | INFO | NQ | One-time downloader | ok=True | started=True | NQ_DOWNLOAD | started | tmux=nq_download | log=/root/trading/ASJR/Backtesting/BacktestData/OpenSource/NQ/logs/NQ_yfinance_download.log
2026-10-08 19:51:55 BST | INFO | MOVERS | Fetch started
2026-10-08 19:51:57 BST | INFO | MOVERS | Fetch completed | rows=94
2026-10-08 19:51:57 BST | INFO | MOVERS | Tickers | SECZ, COCO, ERAS, JMKE, RGNX, CSGP, FLUT, DC, GDDY, SKYD, FRO, CMG, DOCS, CBOE, ZG, Z, SM, OI, LQDA, ETSY, FIGS, ROL, PBF, DHT, MPC, CHRW, VLO, PM, FSM, BBY, BAH, HAFN, IT, EXPE, APA, LDOS, SHAK, PHAT, ASAN, NAT, SU, ARCO, SG, GLBE, EQPT, AAOI, SHAZ, NN, BRUN, MXL, HUT, AXTI, BSP, RIOT, RUM, TSEM, CLSK, COHR, EROC, CIFR, TTMI, IREN, ALAB, BTDR, BE, CRWV, NBIS, WYFI, OKLO, LPTH, ASTS, RVMD, LWLG, POET, VSAT, QNT, LUNR, GLXY, GLW, QMCO, VST, FLY, ABCL, STM, MDA, INTC, INIO, VSH, NNE, OUST, FCEL, LITE, RDW, AEVA
2026-10-08 19:51:57 BST | INFO | UNIVERSE | Built | tickers=113
2026-10-08 19:51:57 BST | INFO | FILE | Saved ibkr_gapup (movers) | /root/trading/ASJR/ASJR_Analyst/DataLake/2026-10-08/raw/ibkr_gapup.csv
2026-10-08 19:51:57 BST | INFO | YFINANCE | Daily 30D fetch started | tickers=113
2026-10-08 19:52:07 BST | INFO | YFINANCE | Daily 30D fetch completed | rows=3390
2026-10-08 19:52:07 BST | INFO | FILE | Saved daily_30d | /root/trading/ASJR/ASJR_Analyst/DataLake/2026-10-08/raw/daily_30d.csv
2026-10-08 19:52:07 BST | INFO | FEATURES | Daily summary built | rows=113
2026-10-08 19:52:07 BST | INFO | IBKR | 5m fetch started | tickers=113 | duration=3 D | batch_size=5
2026-10-08 19:52:33 BST | INFO | IBKR | 5m fetch completed | rows=53874
2026-10-08 19:52:33 BST | INFO | FILE | Saved intraday_5m | /root/trading/ASJR/ASJR_Analyst/DataLake/2026-10-08/raw/intraday_5m.csv
2026-10-08 19:52:36 BST | INFO | FEATURES | Intraday summary built | rows=113
2026-10-08 19:52:36 BST | INFO | YFINANCE | Sector/market fetch started
2026-10-08 19:52:39 BST | INFO | YFINANCE | Sector/market fetch completed | rows=15
2026-10-08 19:52:39 BST | INFO | FILE | Saved sector_market_daily | /root/trading/ASJR/ASJR_Analyst/DataLake/2026-10-08/raw/sector_market_daily.csv
2026-10-08 19:52:39 BST | INFO | FILE | Saved ticker_summary | rows=113 | /root/trading/ASJR/ASJR_Analyst/DataLake/2026-10-08/processed/ticker_summary.csv
2026-10-08 19:52:39 BST | INFO | FILE | Saved asjr_snapshot | /root/trading/ASJR/ASJR_Analyst/DataLake/2026-10-08/processed/asjr_snapshot.json
2026-10-08 19:52:39 BST | INFO | RUN | DATA COMPLETE | universe=113 | intraday_rows=53874 | ticker_summary=113
2026-10-08 19:52:39 BST | INFO | GIT | File verification started | count=7
