2026-10-08 19:57:43 BST | INFO | RUN | VERSION | 2026.10.08.1
2026-10-08 19:57:43 BST | INFO | RUN | START | trade_date=2026-10-08
2026-10-08 19:57:43 BST | INFO | WATCHLIST | /root/trading/ASJR/ASJR_Analyst/DataLake/2026-10-08/config/fixed_watchlist.csv | source=prepared
2026-10-08 19:57:43 BST | INFO | RUN | OPTIONS | include_sector=True | git_submit=True | fetch_gapup_from_app=True
2026-10-08 19:57:43 BST | INFO | FOREX | One-time downloader | ok=True | started=True | FOREX_DOWNLOAD | started | tmux=forex_download | log=/root/trading/ASJR/Backtesting/BacktestData/IBKR/Forex/logs/EURUSD_1y_download.log
2026-10-08 19:57:43 BST | INFO | NQ | One-time downloader | ok=True | started=True | NQ_DOWNLOAD | started | tmux=nq_download | log=/root/trading/ASJR/Backtesting/BacktestData/OpenSource/NQ/logs/NQ_yfinance_download.log
2026-10-08 19:57:43 BST | INFO | MOVERS | Fetch started
2026-10-08 19:57:45 BST | INFO | MOVERS | Fetch completed | rows=93
2026-10-08 19:57:45 BST | INFO | MOVERS | Tickers | SECZ, COCO, JMKE, ERAS, RGNX, CSGP, GDDY, FLUT, DC, SKYD, FRO, CMG, CBOE, ZG, Z, SM, DOCS, MPC, PBF, ETSY, DHT, LQDA, ROL, FIGS, FSM, OI, VLO, PM, EXPE, LDOS, CHRW, HAFN, BBY, IT, BAH, ASAN, APA, SU, NAT, HUBS, SHAK, ARCO, GLBE, AAOI, EQPT, SHAZ, NN, BRUN, MXL, HUT, AXTI, BSP, RUM, RIOT, CLSK, TSEM, COHR, TTMI, CIFR, IREN, BTDR, CRWV, OKLO, ALAB, NBIS, ASTS, WYFI, BE, EROC, VSAT, RVMD, LPTH, LWLG, POET, FLY, GLW, LUNR, QNT, MDA, GLXY, QMCO, OUST, VST, RDW, INIO, ABCL, INTC, STM, BKSY, LUMN, USAR, FCEL, AEVA
2026-10-08 19:57:45 BST | INFO | UNIVERSE | Built | tickers=112
2026-10-08 19:57:45 BST | INFO | FILE | Saved ibkr_gapup (movers) | /root/trading/ASJR/ASJR_Analyst/DataLake/2026-10-08/raw/ibkr_gapup.csv
2026-10-08 19:57:45 BST | INFO | YFINANCE | Daily 30D fetch started | tickers=112
2026-10-08 19:57:51 BST | INFO | YFINANCE | Daily 30D fetch completed | rows=3360
2026-10-08 19:57:51 BST | INFO | FILE | Saved daily_30d | /root/trading/ASJR/ASJR_Analyst/DataLake/2026-10-08/raw/daily_30d.csv
2026-10-08 19:57:51 BST | INFO | FEATURES | Daily summary built | rows=112
2026-10-08 19:57:51 BST | INFO | IBKR | 5m fetch started | tickers=112 | duration=3 D | batch_size=5
2026-10-08 19:58:16 BST | INFO | IBKR | 5m fetch completed | rows=53678
2026-10-08 19:58:17 BST | INFO | FILE | Saved intraday_5m | /root/trading/ASJR/ASJR_Analyst/DataLake/2026-10-08/raw/intraday_5m.csv
2026-10-08 19:58:20 BST | INFO | FEATURES | Intraday summary built | rows=112
2026-10-08 19:58:20 BST | INFO | YFINANCE | Sector/market fetch started
2026-10-08 19:58:20 BST | INFO | YFINANCE | Sector/market fetch completed | rows=15
2026-10-08 19:58:20 BST | INFO | FILE | Saved sector_market_daily | /root/trading/ASJR/ASJR_Analyst/DataLake/2026-10-08/raw/sector_market_daily.csv
2026-10-08 19:58:20 BST | INFO | FILE | Saved ticker_summary | rows=112 | /root/trading/ASJR/ASJR_Analyst/DataLake/2026-10-08/processed/ticker_summary.csv
2026-10-08 19:58:20 BST | INFO | FILE | Saved asjr_snapshot | /root/trading/ASJR/ASJR_Analyst/DataLake/2026-10-08/processed/asjr_snapshot.json
2026-10-08 19:58:20 BST | INFO | RUN | DATA COMPLETE | universe=112 | intraday_rows=53678 | ticker_summary=112
2026-10-08 19:58:20 BST | INFO | GIT | File verification started | count=7
