2026-10-08 20:43:55 BST | INFO | RUN | VERSION | 2026.10.08.1
2026-10-08 20:43:55 BST | INFO | RUN | START | trade_date=2026-10-08
2026-10-08 20:43:55 BST | INFO | WATCHLIST | /root/trading/ASJR/ASJR_Analyst/DataLake/2026-10-08/config/fixed_watchlist.csv | source=prepared
2026-10-08 20:43:55 BST | INFO | RUN | OPTIONS | include_sector=True | git_submit=True | fetch_gapup_from_app=True
2026-10-08 20:43:55 BST | INFO | FOREX | One-time downloader | ok=True | started=True | FOREX_DOWNLOAD | started | tmux=forex_download | log=/root/trading/ASJR/Backtesting/BacktestData/IBKR/Forex/logs/EURUSD_1y_download.log
2026-10-08 20:43:55 BST | INFO | NQ | One-time downloader | ok=True | started=True | NQ_DOWNLOAD | started | tmux=nq_download | log=/root/trading/ASJR/Backtesting/BacktestData/OpenSource/NQ/logs/NQ_yfinance_download.log
2026-10-08 20:43:55 BST | INFO | MOVERS | Fetch started
2026-10-08 20:43:57 BST | INFO | MOVERS | Fetch completed | rows=100
2026-10-08 20:43:57 BST | INFO | MOVERS | Tickers | SECZ, COCO, ERAS, CSGP, RGNX, JMKE, CMG, FLUT, OI, ZG, Z, GDDY, FRO, BAH, DC, ACN, PBF, FIGS, IT, SHAK, CBOE, MNDY, SM, DOCS, DHT, SKYD, CTSH, HAFN, EXPE, MPC, BBY, ACI, NTLA, ETSY, ROL, HUBS, YELP, FSM, LDOS, CAVA, VLO, PM, CHRW, RPD, NAT, PHAT, LQDA, SG, NIQ, STZ, AAOI, MXL, EQPT, SHAZ, BRUN, HUT, AXTI, COHR, NN, ALAB, TSEM, BSP, TTMI, RIOT, RUM, CRWV, IREN, NBIS, VSH, BE, LPTH, CLSK, GLW, QMCO, CIFR, ASTS, WYFI, BTDR, STM, OKLO, ABCL, LWLG, LITE, EROC, VSAT, SNDK, UCTT, INIO, FCEL, QNT, LUMN, POET, VIAV, RVMD, SEI, SMCI, GLXY, OUST, ORCL, INTC
2026-10-08 20:43:57 BST | INFO | UNIVERSE | Built | tickers=117
2026-10-08 20:43:57 BST | INFO | FILE | Saved ibkr_gapup (movers) | /root/trading/ASJR/ASJR_Analyst/DataLake/2026-10-08/raw/ibkr_gapup.csv
2026-10-08 20:43:57 BST | INFO | YFINANCE | Daily 30D fetch started | tickers=117
2026-10-08 20:44:02 BST | INFO | YFINANCE | Daily 30D fetch completed | rows=3510
2026-10-08 20:44:02 BST | INFO | FILE | Saved daily_30d | /root/trading/ASJR/ASJR_Analyst/DataLake/2026-10-08/raw/daily_30d.csv
2026-10-08 20:44:02 BST | INFO | FEATURES | Daily summary built | rows=117
2026-10-08 20:44:02 BST | INFO | IBKR | 5m fetch started | tickers=117 | duration=3 D | batch_size=5
2026-10-08 20:44:28 BST | INFO | IBKR | 5m fetch completed | rows=56626
2026-10-08 20:44:29 BST | INFO | FILE | Saved intraday_5m | /root/trading/ASJR/ASJR_Analyst/DataLake/2026-10-08/raw/intraday_5m.csv
2026-10-08 20:44:32 BST | INFO | FEATURES | Intraday summary built | rows=117
2026-10-08 20:44:32 BST | INFO | YFINANCE | Sector/market fetch started
2026-10-08 20:44:32 BST | INFO | YFINANCE | Sector/market fetch completed | rows=15
2026-10-08 20:44:32 BST | INFO | FILE | Saved sector_market_daily | /root/trading/ASJR/ASJR_Analyst/DataLake/2026-10-08/raw/sector_market_daily.csv
2026-10-08 20:44:32 BST | INFO | FILE | Saved ticker_summary | rows=117 | /root/trading/ASJR/ASJR_Analyst/DataLake/2026-10-08/processed/ticker_summary.csv
2026-10-08 20:44:32 BST | INFO | FILE | Saved asjr_snapshot | /root/trading/ASJR/ASJR_Analyst/DataLake/2026-10-08/processed/asjr_snapshot.json
2026-10-08 20:44:32 BST | INFO | RUN | DATA COMPLETE | universe=117 | intraday_rows=56626 | ticker_summary=117
2026-10-08 20:44:32 BST | INFO | GIT | File verification started | count=7
