2026-10-08 20:03:24 BST | INFO | RUN | VERSION | 2026.10.08.1
2026-10-08 20:03:24 BST | INFO | RUN | START | trade_date=2026-10-08
2026-10-08 20:03:24 BST | INFO | WATCHLIST | /root/trading/ASJR/ASJR_Analyst/DataLake/2026-10-08/config/fixed_watchlist.csv | source=prepared
2026-10-08 20:03:24 BST | INFO | RUN | OPTIONS | include_sector=True | git_submit=True | fetch_gapup_from_app=True
2026-10-08 20:03:24 BST | INFO | FOREX | One-time downloader | ok=True | started=True | FOREX_DOWNLOAD | started | tmux=forex_download | log=/root/trading/ASJR/Backtesting/BacktestData/IBKR/Forex/logs/EURUSD_1y_download.log
2026-10-08 20:03:24 BST | INFO | NQ | One-time downloader | ok=True | started=True | NQ_DOWNLOAD | started | tmux=nq_download | log=/root/trading/ASJR/Backtesting/BacktestData/OpenSource/NQ/logs/NQ_yfinance_download.log
2026-10-08 20:03:24 BST | INFO | MOVERS | Fetch started
2026-10-08 20:03:25 BST | INFO | MOVERS | Fetch completed | rows=99
2026-10-08 20:03:25 BST | INFO | MOVERS | Tickers | SECZ, COCO, JMKE, ERAS, RGNX, CSGP, GDDY, DC, SKYD, FLUT, CMG, FRO, ZG, Z, SM, LQDA, ETSY, MPC, CBOE, DOCS, PBF, DHT, BAH, FSM, IT, ROL, EXPE, VLO, FIGS, CHRW, ASAN, PM, BBY, HUBS, APA, HAFN, RPD, LDOS, YELP, OI, NAT, SU, ACI, SHAK, ARCO, FANG, PHAT, BROS, GLBE, AAOI, EQPT, NN, SHAZ, BRUN, MXL, HUT, AXTI, RUM, BSP, TSEM, RIOT, COHR, CLSK, CIFR, TTMI, EROC, ALAB, BE, BTDR, CRWV, IREN, NBIS, OKLO, WYFI, VSAT, POET, ASTS, LWLG, QMCO, LPTH, GLW, LUNR, RVMD, OUST, MDA, DPC, ABCL, QNT, GLXY, INIO, VSH, LUMN, SEI, FLY, STM, RDW, INTC, VST, ORCL
2026-10-08 20:03:25 BST | INFO | UNIVERSE | Built | tickers=117
2026-10-08 20:03:25 BST | INFO | FILE | Saved ibkr_gapup (movers) | /root/trading/ASJR/ASJR_Analyst/DataLake/2026-10-08/raw/ibkr_gapup.csv
2026-10-08 20:03:25 BST | INFO | YFINANCE | Daily 30D fetch started | tickers=117
2026-10-08 20:03:31 BST | INFO | YFINANCE | Daily 30D fetch completed | rows=3510
2026-10-08 20:03:31 BST | INFO | FILE | Saved daily_30d | /root/trading/ASJR/ASJR_Analyst/DataLake/2026-10-08/raw/daily_30d.csv
2026-10-08 20:03:31 BST | INFO | FEATURES | Daily summary built | rows=117
2026-10-08 20:03:31 BST | INFO | IBKR | 5m fetch started | tickers=117 | duration=3 D | batch_size=5
2026-10-08 20:03:57 BST | INFO | IBKR | 5m fetch completed | rows=55590
2026-10-08 20:03:58 BST | INFO | FILE | Saved intraday_5m | /root/trading/ASJR/ASJR_Analyst/DataLake/2026-10-08/raw/intraday_5m.csv
2026-10-08 20:04:01 BST | INFO | FEATURES | Intraday summary built | rows=117
2026-10-08 20:04:01 BST | INFO | YFINANCE | Sector/market fetch started
2026-10-08 20:04:01 BST | INFO | YFINANCE | Sector/market fetch completed | rows=15
2026-10-08 20:04:01 BST | INFO | FILE | Saved sector_market_daily | /root/trading/ASJR/ASJR_Analyst/DataLake/2026-10-08/raw/sector_market_daily.csv
2026-10-08 20:04:01 BST | INFO | FILE | Saved ticker_summary | rows=117 | /root/trading/ASJR/ASJR_Analyst/DataLake/2026-10-08/processed/ticker_summary.csv
2026-10-08 20:04:01 BST | INFO | FILE | Saved asjr_snapshot | /root/trading/ASJR/ASJR_Analyst/DataLake/2026-10-08/processed/asjr_snapshot.json
2026-10-08 20:04:01 BST | INFO | RUN | DATA COMPLETE | universe=117 | intraday_rows=55590 | ticker_summary=117
2026-10-08 20:04:01 BST | INFO | GIT | File verification started | count=7
