2026-10-08 20:38:10 BST | INFO | RUN | VERSION | 2026.10.08.1
2026-10-08 20:38:10 BST | INFO | RUN | START | trade_date=2026-10-08
2026-10-08 20:38:10 BST | INFO | WATCHLIST | /root/trading/ASJR/ASJR_Analyst/DataLake/2026-10-08/config/fixed_watchlist.csv | source=prepared
2026-10-08 20:38:10 BST | INFO | RUN | OPTIONS | include_sector=True | git_submit=True | fetch_gapup_from_app=True
2026-10-08 20:38:10 BST | INFO | FOREX | One-time downloader | ok=True | started=True | FOREX_DOWNLOAD | started | tmux=forex_download | log=/root/trading/ASJR/Backtesting/BacktestData/IBKR/Forex/logs/EURUSD_1y_download.log
2026-10-08 20:38:10 BST | INFO | NQ | One-time downloader | ok=True | started=True | NQ_DOWNLOAD | started | tmux=nq_download | log=/root/trading/ASJR/Backtesting/BacktestData/OpenSource/NQ/logs/NQ_yfinance_download.log
2026-10-08 20:38:10 BST | INFO | MOVERS | Fetch started
2026-10-08 20:38:12 BST | INFO | MOVERS | Fetch completed | rows=100
2026-10-08 20:38:12 BST | INFO | MOVERS | Tickers | SECZ, COCO, ERAS, JMKE, Z, CMG, CSGP, ZG, RGNX, FLUT, GDDY, FRO, BAH, ACN, PBF, DC, DOCS, YELP, SKYD, IT, SHAK, OI, SM, CBOE, MPC, BBY, HUBS, HAFN, FIGS, LQDA, LDOS, CTSH, EXPE, CAVA, ROL, MNDY, ACI, DHT, ETSY, FSM, VLO, NIQ, CHRW, SG, NAT, PM, BROS, RBA, NTLA, ASAN, AAOI, EQPT, SHAZ, BRUN, MXL, HUT, AXTI, NN, COHR, ALAB, BSP, TSEM, RUM, RIOT, TTMI, CRWV, CLSK, NBIS, BE, IREN, VSH, LPTH, CIFR, GLW, QMCO, WYFI, BTDR, ASTS, OKLO, EROC, ABCL, STM, LITE, VSAT, LWLG, QNT, INIO, LUMN, SNDK, HIMS, RVMD, SMCI, FCEL, INTC, UCTT, POET, SEI, MDA, ORCL, OUST
2026-10-08 20:38:12 BST | INFO | UNIVERSE | Built | tickers=117
2026-10-08 20:38:12 BST | INFO | FILE | Saved ibkr_gapup (movers) | /root/trading/ASJR/ASJR_Analyst/DataLake/2026-10-08/raw/ibkr_gapup.csv
2026-10-08 20:38:12 BST | INFO | YFINANCE | Daily 30D fetch started | tickers=117
2026-10-08 20:38:21 BST | INFO | YFINANCE | Daily 30D fetch completed | rows=3510
2026-10-08 20:38:21 BST | INFO | FILE | Saved daily_30d | /root/trading/ASJR/ASJR_Analyst/DataLake/2026-10-08/raw/daily_30d.csv
2026-10-08 20:38:21 BST | INFO | FEATURES | Daily summary built | rows=117
2026-10-08 20:38:21 BST | INFO | IBKR | 5m fetch started | tickers=117 | duration=3 D | batch_size=5
2026-10-08 20:38:47 BST | INFO | IBKR | 5m fetch completed | rows=56638
2026-10-08 20:38:47 BST | INFO | FILE | Saved intraday_5m | /root/trading/ASJR/ASJR_Analyst/DataLake/2026-10-08/raw/intraday_5m.csv
2026-10-08 20:38:50 BST | INFO | FEATURES | Intraday summary built | rows=117
2026-10-08 20:38:50 BST | INFO | YFINANCE | Sector/market fetch started
2026-10-08 20:38:51 BST | INFO | YFINANCE | Sector/market fetch completed | rows=15
2026-10-08 20:38:51 BST | INFO | FILE | Saved sector_market_daily | /root/trading/ASJR/ASJR_Analyst/DataLake/2026-10-08/raw/sector_market_daily.csv
2026-10-08 20:38:51 BST | INFO | FILE | Saved ticker_summary | rows=117 | /root/trading/ASJR/ASJR_Analyst/DataLake/2026-10-08/processed/ticker_summary.csv
2026-10-08 20:38:51 BST | INFO | FILE | Saved asjr_snapshot | /root/trading/ASJR/ASJR_Analyst/DataLake/2026-10-08/processed/asjr_snapshot.json
2026-10-08 20:38:51 BST | INFO | RUN | DATA COMPLETE | universe=117 | intraday_rows=56638 | ticker_summary=117
2026-10-08 20:38:51 BST | INFO | GIT | File verification started | count=7
