2026-10-08 16:51:26 BST | INFO | RUN | VERSION | 2026.10.08.1
2026-10-08 16:51:26 BST | INFO | RUN | START | trade_date=2026-10-08
2026-10-08 16:51:26 BST | INFO | WATCHLIST | /root/trading/ASJR/ASJR_Analyst/DataLake/2026-10-08/config/fixed_watchlist.csv | source=prepared
2026-10-08 16:51:26 BST | INFO | RUN | OPTIONS | include_sector=True | git_submit=True | fetch_gapup_from_app=True
2026-10-08 16:51:26 BST | INFO | FOREX | One-time downloader | ok=True | started=True | FOREX_DOWNLOAD | started | tmux=forex_download | log=/root/trading/ASJR/Backtesting/BacktestData/IBKR/Forex/logs/EURUSD_1y_download.log
2026-10-08 16:51:26 BST | INFO | NQ | One-time downloader | ok=True | started=True | NQ_DOWNLOAD | started | tmux=nq_download | log=/root/trading/ASJR/Backtesting/BacktestData/OpenSource/NQ/logs/NQ_yfinance_download.log
2026-10-08 16:51:26 BST | INFO | MOVERS | Fetch started
2026-10-08 16:51:28 BST | INFO | MOVERS | Fetch completed | rows=68
2026-10-08 16:51:28 BST | INFO | MOVERS | Tickers | SECZ, COCO, JMKE, CMG, LQDA, SM, MPC, SKYD, APA, FRO, DOCS, PBF, GDDY, CBOE, ROL, VLO, GFS, MUR, NN, SHAZ, RVMD, BSP, AAOI, HUT, RIOT, EQPT, ORIC, CIFR, AXTI, MXL, RCUS, WULF, BRUN, CLSK, OKLO, IMVT, ASTS, LUMN, ABCL, NUAI, UNIT, BTDR, TSEM, TRVI, GLXY, LUNR, XNCR, SMMT, IREN, PURR, WYFI, COHR, VSAT, CLDX, RLAY, DFTX, VSTM, VIR, QNT, QURE, RUM, PL, XE, GPGI, FCEL, BKSY, IMMX, BE
2026-10-08 16:51:28 BST | INFO | UNIVERSE | Built | tickers=88
2026-10-08 16:51:28 BST | INFO | FILE | Saved ibkr_gapup (movers) | /root/trading/ASJR/ASJR_Analyst/DataLake/2026-10-08/raw/ibkr_gapup.csv
2026-10-08 16:51:28 BST | INFO | YFINANCE | Daily 30D fetch started | tickers=88
2026-10-08 16:51:32 BST | INFO | YFINANCE | Daily 30D fetch completed | rows=2640
2026-10-08 16:51:32 BST | INFO | FILE | Saved daily_30d | /root/trading/ASJR/ASJR_Analyst/DataLake/2026-10-08/raw/daily_30d.csv
2026-10-08 16:51:32 BST | INFO | FEATURES | Daily summary built | rows=88
2026-10-08 16:51:32 BST | INFO | IBKR | 5m fetch started | tickers=88 | duration=3 D | batch_size=5
2026-10-08 16:51:52 BST | INFO | IBKR | 5m fetch completed | rows=39010
2026-10-08 16:51:53 BST | INFO | FILE | Saved intraday_5m | /root/trading/ASJR/ASJR_Analyst/DataLake/2026-10-08/raw/intraday_5m.csv
2026-10-08 16:51:56 BST | INFO | FEATURES | Intraday summary built | rows=88
2026-10-08 16:51:56 BST | INFO | YFINANCE | Sector/market fetch started
2026-10-08 16:51:56 BST | INFO | YFINANCE | Sector/market fetch completed | rows=15
2026-10-08 16:51:56 BST | INFO | FILE | Saved sector_market_daily | /root/trading/ASJR/ASJR_Analyst/DataLake/2026-10-08/raw/sector_market_daily.csv
2026-10-08 16:51:56 BST | INFO | FILE | Saved ticker_summary | rows=88 | /root/trading/ASJR/ASJR_Analyst/DataLake/2026-10-08/processed/ticker_summary.csv
2026-10-08 16:51:56 BST | INFO | FILE | Saved asjr_snapshot | /root/trading/ASJR/ASJR_Analyst/DataLake/2026-10-08/processed/asjr_snapshot.json
2026-10-08 16:51:56 BST | INFO | RUN | DATA COMPLETE | universe=88 | intraday_rows=39010 | ticker_summary=88
2026-10-08 16:51:56 BST | INFO | GIT | File verification started | count=7
