2026-10-08 15:50:18 BST | INFO | RUN | VERSION | 2026.10.08.1
2026-10-08 15:50:18 BST | INFO | RUN | START | trade_date=2026-10-08
2026-10-08 15:50:18 BST | INFO | WATCHLIST | /root/trading/ASJR/ASJR_Analyst/DataLake/2026-10-08/config/fixed_watchlist.csv | source=prepared
2026-10-08 15:50:18 BST | INFO | RUN | OPTIONS | include_sector=True | git_submit=True | fetch_gapup_from_app=True
2026-10-08 15:50:18 BST | INFO | FOREX | One-time downloader | ok=True | started=True | FOREX_DOWNLOAD | started | tmux=forex_download | log=/root/trading/ASJR/Backtesting/BacktestData/IBKR/Forex/logs/EURUSD_1y_download.log
2026-10-08 15:50:18 BST | INFO | NQ | One-time downloader | ok=True | started=True | NQ_DOWNLOAD | started | tmux=nq_download | log=/root/trading/ASJR/Backtesting/BacktestData/OpenSource/NQ/logs/NQ_yfinance_download.log
2026-10-08 15:50:18 BST | INFO | MOVERS | Fetch started
2026-10-08 15:50:20 BST | INFO | MOVERS | Fetch completed | rows=58
2026-10-08 15:50:20 BST | INFO | MOVERS | Tickers | SECZ, LQDA, JMKE, COCO, CMG, SKYD, GFS, SM, APA, FLUT, MPC, DAR, SHAZ, RVMD, CIFR, BSP, ORIC, HUT, AAOI, RIOT, AXTI, CLSK, XNCR, VIR, SMMT, SEI, IMVT, WULF, EQPT, IREN, ABCL, SDGR, COHR, RCUS, LUMN, MXL, VSAT, ASTS, NN, WYFI, TRVI, MARA, QNT, BTDR, NRIX, CRGY, VSTM, AMLX, MOD, INSM, SLS, KURA, FCEL, PURR, TSEM, CLDX, NUAI, HIMS
2026-10-08 15:50:20 BST | INFO | UNIVERSE | Built | tickers=78
2026-10-08 15:50:20 BST | INFO | FILE | Saved ibkr_gapup (movers) | /root/trading/ASJR/ASJR_Analyst/DataLake/2026-10-08/raw/ibkr_gapup.csv
2026-10-08 15:50:20 BST | INFO | YFINANCE | Daily 30D fetch started | tickers=78
2026-10-08 15:50:24 BST | INFO | YFINANCE | Daily 30D fetch completed | rows=2340
2026-10-08 15:50:24 BST | INFO | FILE | Saved daily_30d | /root/trading/ASJR/ASJR_Analyst/DataLake/2026-10-08/raw/daily_30d.csv
2026-10-08 15:50:24 BST | INFO | FEATURES | Daily summary built | rows=78
2026-10-08 15:50:24 BST | INFO | IBKR | 5m fetch started | tickers=78 | duration=3 D | batch_size=5
2026-10-08 15:50:42 BST | INFO | IBKR | 5m fetch completed | rows=33877
2026-10-08 15:50:42 BST | INFO | FILE | Saved intraday_5m | /root/trading/ASJR/ASJR_Analyst/DataLake/2026-10-08/raw/intraday_5m.csv
2026-10-08 15:50:45 BST | INFO | FEATURES | Intraday summary built | rows=78
2026-10-08 15:50:45 BST | INFO | YFINANCE | Sector/market fetch started
2026-10-08 15:50:46 BST | INFO | YFINANCE | Sector/market fetch completed | rows=15
2026-10-08 15:50:46 BST | INFO | FILE | Saved sector_market_daily | /root/trading/ASJR/ASJR_Analyst/DataLake/2026-10-08/raw/sector_market_daily.csv
2026-10-08 15:50:46 BST | INFO | FILE | Saved ticker_summary | rows=78 | /root/trading/ASJR/ASJR_Analyst/DataLake/2026-10-08/processed/ticker_summary.csv
2026-10-08 15:50:46 BST | INFO | FILE | Saved asjr_snapshot | /root/trading/ASJR/ASJR_Analyst/DataLake/2026-10-08/processed/asjr_snapshot.json
2026-10-08 15:50:46 BST | INFO | RUN | DATA COMPLETE | universe=78 | intraday_rows=33877 | ticker_summary=78
2026-10-08 15:50:46 BST | INFO | GIT | File verification started | count=7
