2026-10-08 17:58:10 BST | INFO | RUN | VERSION | 2026.10.08.1
2026-10-08 17:58:10 BST | INFO | RUN | START | trade_date=2026-10-08
2026-10-08 17:58:10 BST | INFO | WATCHLIST | /root/trading/ASJR/ASJR_Analyst/DataLake/2026-10-08/config/fixed_watchlist.csv | source=prepared
2026-10-08 17:58:10 BST | INFO | RUN | OPTIONS | include_sector=True | git_submit=True | fetch_gapup_from_app=True
2026-10-08 17:58:10 BST | INFO | FOREX | One-time downloader | ok=True | started=True | FOREX_DOWNLOAD | started | tmux=forex_download | log=/root/trading/ASJR/Backtesting/BacktestData/IBKR/Forex/logs/EURUSD_1y_download.log
2026-10-08 17:58:10 BST | INFO | NQ | One-time downloader | ok=True | started=True | NQ_DOWNLOAD | started | tmux=nq_download | log=/root/trading/ASJR/Backtesting/BacktestData/OpenSource/NQ/logs/NQ_yfinance_download.log
2026-10-08 17:58:10 BST | INFO | MOVERS | Fetch started
2026-10-08 17:58:12 BST | INFO | MOVERS | Fetch completed | rows=75
2026-10-08 17:58:12 BST | INFO | MOVERS | Tickers | SECZ, JMKE, CMG, COCO, SKYD, RGNX, GDDY, ERAS, DC, FRO, FLUT, DOCS, SG, CSGP, PM, ETSY, LQDA, BBY, CBOE, SM, BLMN, CAVA, FSM, MPC, ROL, SHAZ, EQPT, NN, BRUN, HUT, AAOI, RIOT, CIFR, MXL, AXTI, CLSK, EROC, BSP, NUAI, TSEM, IREN, BTDR, ALAB, CRWV, WYFI, WULF, BE, RVMD, FCEL, COHR, SEI, OKLO, CBRS, ASTS, LUMN, NBIS, GLXY, INIO, HIMS, XE, VST, POET, LGN, TRLV, MARA, MLTX, SEDG, CEG, SMCI, PURR, QNT, ORCL, ABCL, STM, RUM
2026-10-08 17:58:12 BST | INFO | UNIVERSE | Built | tickers=93
2026-10-08 17:58:12 BST | INFO | FILE | Saved ibkr_gapup (movers) | /root/trading/ASJR/ASJR_Analyst/DataLake/2026-10-08/raw/ibkr_gapup.csv
2026-10-08 17:58:12 BST | INFO | YFINANCE | Daily 30D fetch started | tickers=93
2026-10-08 17:58:15 BST | INFO | YFINANCE | Daily 30D fetch completed | rows=2790
2026-10-08 17:58:16 BST | INFO | FILE | Saved daily_30d | /root/trading/ASJR/ASJR_Analyst/DataLake/2026-10-08/raw/daily_30d.csv
2026-10-08 17:58:16 BST | INFO | FEATURES | Daily summary built | rows=93
2026-10-08 17:58:16 BST | INFO | IBKR | 5m fetch started | tickers=93 | duration=3 D | batch_size=5
2026-10-08 17:58:37 BST | INFO | IBKR | 5m fetch completed | rows=42696
2026-10-08 17:58:38 BST | INFO | FILE | Saved intraday_5m | /root/trading/ASJR/ASJR_Analyst/DataLake/2026-10-08/raw/intraday_5m.csv
2026-10-08 17:58:41 BST | INFO | FEATURES | Intraday summary built | rows=93
2026-10-08 17:58:41 BST | INFO | YFINANCE | Sector/market fetch started
2026-10-08 17:58:41 BST | INFO | YFINANCE | Sector/market fetch completed | rows=15
2026-10-08 17:58:41 BST | INFO | FILE | Saved sector_market_daily | /root/trading/ASJR/ASJR_Analyst/DataLake/2026-10-08/raw/sector_market_daily.csv
2026-10-08 17:58:41 BST | INFO | FILE | Saved ticker_summary | rows=93 | /root/trading/ASJR/ASJR_Analyst/DataLake/2026-10-08/processed/ticker_summary.csv
2026-10-08 17:58:41 BST | INFO | FILE | Saved asjr_snapshot | /root/trading/ASJR/ASJR_Analyst/DataLake/2026-10-08/processed/asjr_snapshot.json
2026-10-08 17:58:41 BST | INFO | RUN | DATA COMPLETE | universe=93 | intraday_rows=42696 | ticker_summary=93
2026-10-08 17:58:41 BST | INFO | GIT | File verification started | count=7
