2026-10-08 18:37:55 BST | INFO | RUN | VERSION | 2026.10.08.1
2026-10-08 18:37:55 BST | INFO | RUN | START | trade_date=2026-10-08
2026-10-08 18:37:55 BST | INFO | WATCHLIST | /root/trading/ASJR/ASJR_Analyst/DataLake/2026-10-08/config/fixed_watchlist.csv | source=prepared
2026-10-08 18:37:55 BST | INFO | RUN | OPTIONS | include_sector=True | git_submit=True | fetch_gapup_from_app=True
2026-10-08 18:37:55 BST | INFO | FOREX | One-time downloader | ok=True | started=True | FOREX_DOWNLOAD | started | tmux=forex_download | log=/root/trading/ASJR/Backtesting/BacktestData/IBKR/Forex/logs/EURUSD_1y_download.log
2026-10-08 18:37:55 BST | INFO | NQ | One-time downloader | ok=True | started=True | NQ_DOWNLOAD | started | tmux=nq_download | log=/root/trading/ASJR/Backtesting/BacktestData/OpenSource/NQ/logs/NQ_yfinance_download.log
2026-10-08 18:37:55 BST | INFO | MOVERS | Fetch started
2026-10-08 18:37:57 BST | INFO | MOVERS | Fetch completed | rows=91
2026-10-08 18:37:57 BST | INFO | MOVERS | Tickers | SECZ, JMKE, COCO, ERAS, RGNX, CMG, GDDY, FLUT, CSGP, SKYD, PBF, SM, FRO, LQDA, DOCS, MPC, DC, IT, BBY, VLO, FSM, ROL, SG, ETSY, PM, RPD, SU, EXPE, FWRG, APA, CBOE, ACI, VRSK, SHAK, ZG, BAH, Z, WMG, DHT, BLMN, GME, EQPT, NN, SHAZ, AAOI, BRUN, HUT, MXL, CIFR, RIOT, AXTI, CLSK, EROC, TSEM, COHR, BSP, WYFI, BE, IREN, INIO, RVMD, WULF, OKLO, BTDR, FCEL, ALAB, ASTS, RUM, XE, POET, NBIS, VSH, SEI, LGN, SEDG, CRWV, ABCL, NNE, CBRS, GLXY, CORZ, FLNC, VST, SMCI, OUST, LUMN, LITE, LWLG, INTC, STM, MARA
2026-10-08 18:37:57 BST | INFO | UNIVERSE | Built | tickers=109
2026-10-08 18:37:57 BST | INFO | FILE | Saved ibkr_gapup (movers) | /root/trading/ASJR/ASJR_Analyst/DataLake/2026-10-08/raw/ibkr_gapup.csv
2026-10-08 18:37:57 BST | INFO | YFINANCE | Daily 30D fetch started | tickers=109
2026-10-08 18:38:02 BST | INFO | YFINANCE | Daily 30D fetch completed | rows=3270
2026-10-08 18:38:02 BST | INFO | FILE | Saved daily_30d | /root/trading/ASJR/ASJR_Analyst/DataLake/2026-10-08/raw/daily_30d.csv
2026-10-08 18:38:02 BST | INFO | FEATURES | Daily summary built | rows=109
2026-10-08 18:38:02 BST | INFO | IBKR | 5m fetch started | tickers=109 | duration=3 D | batch_size=5
2026-10-08 18:38:26 BST | INFO | IBKR | 5m fetch completed | rows=50105
2026-10-08 18:38:27 BST | INFO | FILE | Saved intraday_5m | /root/trading/ASJR/ASJR_Analyst/DataLake/2026-10-08/raw/intraday_5m.csv
2026-10-08 18:38:29 BST | INFO | FEATURES | Intraday summary built | rows=109
2026-10-08 18:38:29 BST | INFO | YFINANCE | Sector/market fetch started
2026-10-08 18:38:30 BST | INFO | YFINANCE | Sector/market fetch completed | rows=15
2026-10-08 18:38:30 BST | INFO | FILE | Saved sector_market_daily | /root/trading/ASJR/ASJR_Analyst/DataLake/2026-10-08/raw/sector_market_daily.csv
2026-10-08 18:38:30 BST | INFO | FILE | Saved ticker_summary | rows=109 | /root/trading/ASJR/ASJR_Analyst/DataLake/2026-10-08/processed/ticker_summary.csv
2026-10-08 18:38:30 BST | INFO | FILE | Saved asjr_snapshot | /root/trading/ASJR/ASJR_Analyst/DataLake/2026-10-08/processed/asjr_snapshot.json
2026-10-08 18:38:30 BST | INFO | RUN | DATA COMPLETE | universe=109 | intraday_rows=50105 | ticker_summary=109
2026-10-08 18:38:30 BST | INFO | GIT | File verification started | count=7
