2026-10-08 19:46:13 BST | INFO | RUN | VERSION | 2026.10.08.1
2026-10-08 19:46:13 BST | INFO | RUN | START | trade_date=2026-10-08
2026-10-08 19:46:13 BST | INFO | WATCHLIST | /root/trading/ASJR/ASJR_Analyst/DataLake/2026-10-08/config/fixed_watchlist.csv | source=prepared
2026-10-08 19:46:13 BST | INFO | RUN | OPTIONS | include_sector=True | git_submit=True | fetch_gapup_from_app=True
2026-10-08 19:46:13 BST | INFO | FOREX | One-time downloader | ok=True | started=True | FOREX_DOWNLOAD | started | tmux=forex_download | log=/root/trading/ASJR/Backtesting/BacktestData/IBKR/Forex/logs/EURUSD_1y_download.log
2026-10-08 19:46:13 BST | INFO | NQ | One-time downloader | ok=True | started=True | NQ_DOWNLOAD | started | tmux=nq_download | log=/root/trading/ASJR/Backtesting/BacktestData/OpenSource/NQ/logs/NQ_yfinance_download.log
2026-10-08 19:46:13 BST | INFO | MOVERS | Fetch started
2026-10-08 19:46:15 BST | INFO | MOVERS | Fetch completed | rows=95
2026-10-08 19:46:15 BST | INFO | MOVERS | Tickers | SECZ, COCO, ERAS, RGNX, JMKE, CSGP, GDDY, FLUT, SKYD, DC, FRO, CMG, OI, DOCS, ZG, Z, SM, LQDA, CBOE, ETSY, FIGS, MPC, ROL, PBF, CHRW, DHT, EXPE, FSM, VLO, PHAT, PM, APA, HAFN, IT, SHAK, BBY, BAH, SG, SU, CELC, NAT, LDOS, ARCO, FANG, ACI, AAOI, EQPT, BRUN, SHAZ, NN, MXL, HUT, AXTI, BSP, RIOT, RUM, CLSK, TTMI, TSEM, COHR, CIFR, EROC, IREN, ALAB, WYFI, CRWV, BTDR, BE, OKLO, RVMD, NBIS, POET, LWLG, VSAT, ASTS, LPTH, QMCO, GLW, STM, LUNR, QNT, OUST, FLY, NNE, GLXY, ABCL, VST, INTC, RDW, LITE, AEVA, XE, VSH, IONQ, BKSY
2026-10-08 19:46:15 BST | INFO | UNIVERSE | Built | tickers=114
2026-10-08 19:46:15 BST | INFO | FILE | Saved ibkr_gapup (movers) | /root/trading/ASJR/ASJR_Analyst/DataLake/2026-10-08/raw/ibkr_gapup.csv
2026-10-08 19:46:15 BST | INFO | YFINANCE | Daily 30D fetch started | tickers=114
2026-10-08 19:46:20 BST | INFO | YFINANCE | Daily 30D fetch completed | rows=3420
2026-10-08 19:46:20 BST | INFO | FILE | Saved daily_30d | /root/trading/ASJR/ASJR_Analyst/DataLake/2026-10-08/raw/daily_30d.csv
2026-10-08 19:46:20 BST | INFO | FEATURES | Daily summary built | rows=114
2026-10-08 19:46:20 BST | INFO | IBKR | 5m fetch started | tickers=114 | duration=3 D | batch_size=5
2026-10-08 19:46:46 BST | INFO | IBKR | 5m fetch completed | rows=53966
2026-10-08 19:46:46 BST | INFO | FILE | Saved intraday_5m | /root/trading/ASJR/ASJR_Analyst/DataLake/2026-10-08/raw/intraday_5m.csv
2026-10-08 19:46:49 BST | INFO | FEATURES | Intraday summary built | rows=114
2026-10-08 19:46:49 BST | INFO | YFINANCE | Sector/market fetch started
2026-10-08 19:46:51 BST | INFO | YFINANCE | Sector/market fetch completed | rows=15
2026-10-08 19:46:51 BST | INFO | FILE | Saved sector_market_daily | /root/trading/ASJR/ASJR_Analyst/DataLake/2026-10-08/raw/sector_market_daily.csv
2026-10-08 19:46:51 BST | INFO | FILE | Saved ticker_summary | rows=114 | /root/trading/ASJR/ASJR_Analyst/DataLake/2026-10-08/processed/ticker_summary.csv
2026-10-08 19:46:51 BST | INFO | FILE | Saved asjr_snapshot | /root/trading/ASJR/ASJR_Analyst/DataLake/2026-10-08/processed/asjr_snapshot.json
2026-10-08 19:46:51 BST | INFO | RUN | DATA COMPLETE | universe=114 | intraday_rows=53966 | ticker_summary=114
2026-10-08 19:46:51 BST | INFO | GIT | File verification started | count=7
