2026-10-08 18:32:17 BST | INFO | RUN | VERSION | 2026.10.08.1
2026-10-08 18:32:17 BST | INFO | RUN | START | trade_date=2026-10-08
2026-10-08 18:32:17 BST | INFO | WATCHLIST | /root/trading/ASJR/ASJR_Analyst/DataLake/2026-10-08/config/fixed_watchlist.csv | source=prepared
2026-10-08 18:32:17 BST | INFO | RUN | OPTIONS | include_sector=True | git_submit=True | fetch_gapup_from_app=True
2026-10-08 18:32:17 BST | INFO | FOREX | One-time downloader | ok=True | started=True | FOREX_DOWNLOAD | started | tmux=forex_download | log=/root/trading/ASJR/Backtesting/BacktestData/IBKR/Forex/logs/EURUSD_1y_download.log
2026-10-08 18:32:17 BST | INFO | NQ | One-time downloader | ok=True | started=True | NQ_DOWNLOAD | started | tmux=nq_download | log=/root/trading/ASJR/Backtesting/BacktestData/OpenSource/NQ/logs/NQ_yfinance_download.log
2026-10-08 18:32:17 BST | INFO | MOVERS | Fetch started
2026-10-08 18:32:19 BST | INFO | MOVERS | Fetch completed | rows=85
2026-10-08 18:32:19 BST | INFO | MOVERS | Tickers | SECZ, ERAS, JMKE, RGNX, CMG, COCO, GDDY, LQDA, CSGP, PBF, DC, FLUT, SKYD, DOCS, SM, FSM, FRO, MPC, BBY, IT, SG, ETSY, PM, VLO, GME, ROL, SU, APA, CBOE, EXPE, RPD, ZG, FWRG, Z, SHAK, EQPT, NN, BRUN, AAOI, SHAZ, HUT, MXL, CIFR, RIOT, AXTI, TSEM, EROC, CLSK, BSP, COHR, FCEL, BE, WULF, BTDR, ALAB, IREN, INIO, WYFI, OKLO, XE, VSH, SEDG, POET, RVMD, RUM, SEI, CBRS, ASTS, NBIS, NNE, LUMN, LITE, GLXY, CRWV, LGN, LWLG, OUST, STM, FLNC, VST, ABCL, SMCI, TRLV, INTC, MARA
2026-10-08 18:32:19 BST | INFO | UNIVERSE | Built | tickers=103
2026-10-08 18:32:19 BST | INFO | FILE | Saved ibkr_gapup (movers) | /root/trading/ASJR/ASJR_Analyst/DataLake/2026-10-08/raw/ibkr_gapup.csv
2026-10-08 18:32:19 BST | INFO | YFINANCE | Daily 30D fetch started | tickers=103
2026-10-08 18:32:24 BST | INFO | YFINANCE | Daily 30D fetch completed | rows=3090
2026-10-08 18:32:24 BST | INFO | FILE | Saved daily_30d | /root/trading/ASJR/ASJR_Analyst/DataLake/2026-10-08/raw/daily_30d.csv
2026-10-08 18:32:24 BST | INFO | FEATURES | Daily summary built | rows=103
2026-10-08 18:32:24 BST | INFO | IBKR | 5m fetch started | tickers=103 | duration=3 D | batch_size=5
2026-10-08 18:32:48 BST | INFO | IBKR | 5m fetch completed | rows=47490
2026-10-08 18:32:48 BST | INFO | FILE | Saved intraday_5m | /root/trading/ASJR/ASJR_Analyst/DataLake/2026-10-08/raw/intraday_5m.csv
2026-10-08 18:32:51 BST | INFO | FEATURES | Intraday summary built | rows=103
2026-10-08 18:32:51 BST | INFO | YFINANCE | Sector/market fetch started
2026-10-08 18:32:52 BST | INFO | YFINANCE | Sector/market fetch completed | rows=15
2026-10-08 18:32:52 BST | INFO | FILE | Saved sector_market_daily | /root/trading/ASJR/ASJR_Analyst/DataLake/2026-10-08/raw/sector_market_daily.csv
2026-10-08 18:32:52 BST | INFO | FILE | Saved ticker_summary | rows=103 | /root/trading/ASJR/ASJR_Analyst/DataLake/2026-10-08/processed/ticker_summary.csv
2026-10-08 18:32:52 BST | INFO | FILE | Saved asjr_snapshot | /root/trading/ASJR/ASJR_Analyst/DataLake/2026-10-08/processed/asjr_snapshot.json
2026-10-08 18:32:52 BST | INFO | RUN | DATA COMPLETE | universe=103 | intraday_rows=47490 | ticker_summary=103
2026-10-08 18:32:52 BST | INFO | GIT | File verification started | count=7
