2026-10-08 16:29:13 BST | INFO | RUN | VERSION | 2026.10.08.1
2026-10-08 16:29:13 BST | INFO | RUN | START | trade_date=2026-10-08
2026-10-08 16:29:13 BST | INFO | WATCHLIST | /root/trading/ASJR/ASJR_Analyst/DataLake/2026-10-08/config/fixed_watchlist.csv | source=prepared
2026-10-08 16:29:13 BST | INFO | RUN | OPTIONS | include_sector=True | git_submit=True | fetch_gapup_from_app=True
2026-10-08 16:29:13 BST | INFO | FOREX | One-time downloader | ok=True | started=True | FOREX_DOWNLOAD | started | tmux=forex_download | log=/root/trading/ASJR/Backtesting/BacktestData/IBKR/Forex/logs/EURUSD_1y_download.log
2026-10-08 16:29:13 BST | INFO | NQ | One-time downloader | ok=True | started=True | NQ_DOWNLOAD | started | tmux=nq_download | log=/root/trading/ASJR/Backtesting/BacktestData/OpenSource/NQ/logs/NQ_yfinance_download.log
2026-10-08 16:29:13 BST | INFO | MOVERS | Fetch started
2026-10-08 16:29:15 BST | INFO | MOVERS | Fetch completed | rows=64
2026-10-08 16:29:15 BST | INFO | MOVERS | Tickers | SECZ, LQDA, JMKE, CMG, COCO, SKYD, MPC, FRO, GFS, SM, APA, DOCS, PBF, ROL, NN, SHAZ, BSP, AAOI, RVMD, HUT, RIOT, AXTI, EQPT, CIFR, BRUN, CLSK, ORIC, MXL, WULF, UNIT, FCEL, ASTS, COHR, IMVT, XNCR, XE, IREN, PURR, NUAI, OKLO, VSAT, QNT, RCUS, BTDR, LUMN, WYFI, TSEM, SWKS, CRGY, GLXY, GPGI, RUM, LUNR, EROC, BE, ABCL, RLAY, INFQ, CSIQ, QURE, CRWV, TRVI, SMMT, PL
2026-10-08 16:29:15 BST | INFO | UNIVERSE | Built | tickers=84
2026-10-08 16:29:15 BST | INFO | FILE | Saved ibkr_gapup (movers) | /root/trading/ASJR/ASJR_Analyst/DataLake/2026-10-08/raw/ibkr_gapup.csv
2026-10-08 16:29:15 BST | INFO | YFINANCE | Daily 30D fetch started | tickers=84
2026-10-08 16:29:20 BST | INFO | YFINANCE | Daily 30D fetch completed | rows=2520
2026-10-08 16:29:20 BST | INFO | FILE | Saved daily_30d | /root/trading/ASJR/ASJR_Analyst/DataLake/2026-10-08/raw/daily_30d.csv
2026-10-08 16:29:20 BST | INFO | FEATURES | Daily summary built | rows=84
2026-10-08 16:29:20 BST | INFO | IBKR | 5m fetch started | tickers=84 | duration=3 D | batch_size=5
2026-10-08 16:29:39 BST | INFO | IBKR | 5m fetch completed | rows=37261
2026-10-08 16:29:39 BST | INFO | FILE | Saved intraday_5m | /root/trading/ASJR/ASJR_Analyst/DataLake/2026-10-08/raw/intraday_5m.csv
2026-10-08 16:29:42 BST | INFO | FEATURES | Intraday summary built | rows=84
2026-10-08 16:29:42 BST | INFO | YFINANCE | Sector/market fetch started
2026-10-08 16:29:43 BST | INFO | YFINANCE | Sector/market fetch completed | rows=15
2026-10-08 16:29:43 BST | INFO | FILE | Saved sector_market_daily | /root/trading/ASJR/ASJR_Analyst/DataLake/2026-10-08/raw/sector_market_daily.csv
2026-10-08 16:29:43 BST | INFO | FILE | Saved ticker_summary | rows=84 | /root/trading/ASJR/ASJR_Analyst/DataLake/2026-10-08/processed/ticker_summary.csv
2026-10-08 16:29:43 BST | INFO | FILE | Saved asjr_snapshot | /root/trading/ASJR/ASJR_Analyst/DataLake/2026-10-08/processed/asjr_snapshot.json
2026-10-08 16:29:43 BST | INFO | RUN | DATA COMPLETE | universe=84 | intraday_rows=37261 | ticker_summary=84
2026-10-08 16:29:43 BST | INFO | GIT | File verification started | count=7
