2026-10-08 19:28:47 BST | INFO | RUN | VERSION | 2026.10.08.1
2026-10-08 19:28:47 BST | INFO | RUN | START | trade_date=2026-10-08
2026-10-08 19:28:47 BST | INFO | WATCHLIST | /root/trading/ASJR/ASJR_Analyst/DataLake/2026-10-08/config/fixed_watchlist.csv | source=prepared
2026-10-08 19:28:47 BST | INFO | RUN | OPTIONS | include_sector=True | git_submit=True | fetch_gapup_from_app=True
2026-10-08 19:28:47 BST | INFO | FOREX | One-time downloader | ok=True | started=True | FOREX_DOWNLOAD | started | tmux=forex_download | log=/root/trading/ASJR/Backtesting/BacktestData/IBKR/Forex/logs/EURUSD_1y_download.log
2026-10-08 19:28:47 BST | INFO | NQ | One-time downloader | ok=True | started=True | NQ_DOWNLOAD | started | tmux=nq_download | log=/root/trading/ASJR/Backtesting/BacktestData/OpenSource/NQ/logs/NQ_yfinance_download.log
2026-10-08 19:28:47 BST | INFO | MOVERS | Fetch started
2026-10-08 19:28:49 BST | INFO | MOVERS | Fetch completed | rows=95
2026-10-08 19:28:49 BST | INFO | MOVERS | Tickers | SECZ, COCO, ERAS, RGNX, JMKE, DC, CMG, CSGP, OI, FLUT, GDDY, SKYD, DOCS, SM, FRO, PBF, FSM, ETSY, LQDA, ROL, SHAK, EXPE, MPC, ZG, BBY, PHAT, DHT, Z, VLO, RPD, SG, APA, CBOE, IT, CHRW, HAFN, CAVA, PM, LDOS, SU, NEOG, BAH, BLMN, NAT, BROS, EQPT, NN, SHAZ, AAOI, BRUN, HUT, BSP, MXL, CIFR, RIOT, CLSK, RUM, RVMD, AXTI, IREN, EROC, WYFI, TSEM, BTDR, BE, COHR, OKLO, ALM, CRWV, WULF, ASTS, POET, NBIS, ABCL, NNE, GLXY, QMCO, QNT, ALAB, LPTH, VST, FCEL, LWLG, INTC, LUNR, XE, LUMN, STM, UNIT, SMR, CEG, IONQ, TTMI, OUST, VSAT
2026-10-08 19:28:49 BST | INFO | UNIVERSE | Built | tickers=114
2026-10-08 19:28:49 BST | INFO | FILE | Saved ibkr_gapup (movers) | /root/trading/ASJR/ASJR_Analyst/DataLake/2026-10-08/raw/ibkr_gapup.csv
2026-10-08 19:28:49 BST | INFO | YFINANCE | Daily 30D fetch started | tickers=114
2026-10-08 19:29:07 BST | INFO | YFINANCE | Daily 30D fetch completed | rows=3420
2026-10-08 19:29:07 BST | INFO | FILE | Saved daily_30d | /root/trading/ASJR/ASJR_Analyst/DataLake/2026-10-08/raw/daily_30d.csv
2026-10-08 19:29:07 BST | INFO | FEATURES | Daily summary built | rows=114
2026-10-08 19:29:07 BST | INFO | IBKR | 5m fetch started | tickers=114 | duration=3 D | batch_size=5
2026-10-08 19:29:33 BST | INFO | IBKR | 5m fetch completed | rows=53709
2026-10-08 19:29:33 BST | INFO | FILE | Saved intraday_5m | /root/trading/ASJR/ASJR_Analyst/DataLake/2026-10-08/raw/intraday_5m.csv
2026-10-08 19:29:38 BST | INFO | FEATURES | Intraday summary built | rows=114
2026-10-08 19:29:38 BST | INFO | YFINANCE | Sector/market fetch started
2026-10-08 19:29:42 BST | INFO | YFINANCE | Sector/market fetch completed | rows=15
2026-10-08 19:29:42 BST | INFO | FILE | Saved sector_market_daily | /root/trading/ASJR/ASJR_Analyst/DataLake/2026-10-08/raw/sector_market_daily.csv
2026-10-08 19:29:42 BST | INFO | FILE | Saved ticker_summary | rows=114 | /root/trading/ASJR/ASJR_Analyst/DataLake/2026-10-08/processed/ticker_summary.csv
2026-10-08 19:29:42 BST | INFO | FILE | Saved asjr_snapshot | /root/trading/ASJR/ASJR_Analyst/DataLake/2026-10-08/processed/asjr_snapshot.json
2026-10-08 19:29:42 BST | INFO | RUN | DATA COMPLETE | universe=114 | intraday_rows=53709 | ticker_summary=114
2026-10-08 19:29:42 BST | INFO | GIT | File verification started | count=7
