2026-10-08 20:55:16 BST | INFO | RUN | VERSION | 2026.10.08.1
2026-10-08 20:55:16 BST | INFO | RUN | START | trade_date=2026-10-08
2026-10-08 20:55:16 BST | INFO | WATCHLIST | /root/trading/ASJR/ASJR_Analyst/DataLake/2026-10-08/config/fixed_watchlist.csv | source=prepared
2026-10-08 20:55:16 BST | INFO | RUN | OPTIONS | include_sector=True | git_submit=True | fetch_gapup_from_app=True
2026-10-08 20:55:16 BST | INFO | FOREX | One-time downloader | ok=True | started=True | FOREX_DOWNLOAD | started | tmux=forex_download | log=/root/trading/ASJR/Backtesting/BacktestData/IBKR/Forex/logs/EURUSD_1y_download.log
2026-10-08 20:55:16 BST | INFO | NQ | One-time downloader | ok=True | started=True | NQ_DOWNLOAD | started | tmux=nq_download | log=/root/trading/ASJR/Backtesting/BacktestData/OpenSource/NQ/logs/NQ_yfinance_download.log
2026-10-08 20:55:16 BST | INFO | MOVERS | Fetch started
2026-10-08 20:55:18 BST | INFO | MOVERS | Fetch completed | rows=100
2026-10-08 20:55:18 BST | INFO | MOVERS | Tickers | SECZ, COCO, ERAS, CSGP, FLUT, NTLA, CMG, ZG, Z, OI, FIGS, RGNX, MNDY, GDDY, PBF, ACN, FRO, JMKE, BAH, DC, SM, HAFN, DHT, HUBS, IT, YELP, DOCS, CTSH, SHAK, SKYD, ASAN, ACI, PHAT, FSM, ETSY, SPT, LQDA, ROL, NIQ, BBY, CHRW, GENI, LDOS, MPC, CBOE, CAVA, PM, FWRG, GRND, EXPE, AAOI, EQPT, SHAZ, MXL, BRUN, HUT, AXTI, COHR, ALAB, BSP, NN, TSEM, RIOT, TTMI, CRWV, IREN, RUM, NBIS, CLSK, CIFR, EROC, BE, VSH, GLW, WYFI, BTDR, STM, RVMD, OKLO, ABCL, ASTS, LPTH, GLXY, QNT, QMCO, FCEL, LWLG, VST, MDA, ORCL, LITE, UNIT, CTVA, BLZE, INTC, LUMN, POET, ALM, VSAT, UCTT
2026-10-08 20:55:18 BST | INFO | UNIVERSE | Built | tickers=118
2026-10-08 20:55:18 BST | INFO | FILE | Saved ibkr_gapup (movers) | /root/trading/ASJR/ASJR_Analyst/DataLake/2026-10-08/raw/ibkr_gapup.csv
2026-10-08 20:55:18 BST | INFO | YFINANCE | Daily 30D fetch started | tickers=118
2026-10-08 20:55:22 BST | INFO | YFINANCE | Daily 30D fetch completed | rows=3540
2026-10-08 20:55:22 BST | INFO | FILE | Saved daily_30d | /root/trading/ASJR/ASJR_Analyst/DataLake/2026-10-08/raw/daily_30d.csv
2026-10-08 20:55:22 BST | INFO | FEATURES | Daily summary built | rows=118
2026-10-08 20:55:22 BST | INFO | IBKR | 5m fetch started | tickers=118 | duration=3 D | batch_size=5
2026-10-08 20:55:49 BST | INFO | IBKR | 5m fetch completed | rows=57045
2026-10-08 20:55:49 BST | INFO | FILE | Saved intraday_5m | /root/trading/ASJR/ASJR_Analyst/DataLake/2026-10-08/raw/intraday_5m.csv
2026-10-08 20:55:52 BST | INFO | FEATURES | Intraday summary built | rows=118
2026-10-08 20:55:52 BST | INFO | YFINANCE | Sector/market fetch started
2026-10-08 20:55:53 BST | INFO | YFINANCE | Sector/market fetch completed | rows=15
2026-10-08 20:55:53 BST | INFO | FILE | Saved sector_market_daily | /root/trading/ASJR/ASJR_Analyst/DataLake/2026-10-08/raw/sector_market_daily.csv
2026-10-08 20:55:53 BST | INFO | FILE | Saved ticker_summary | rows=118 | /root/trading/ASJR/ASJR_Analyst/DataLake/2026-10-08/processed/ticker_summary.csv
2026-10-08 20:55:53 BST | INFO | FILE | Saved asjr_snapshot | /root/trading/ASJR/ASJR_Analyst/DataLake/2026-10-08/processed/asjr_snapshot.json
2026-10-08 20:55:53 BST | INFO | RUN | DATA COMPLETE | universe=118 | intraday_rows=57045 | ticker_summary=118
2026-10-08 20:55:53 BST | INFO | GIT | File verification started | count=7
