2026-10-08 18:26:41 BST | INFO | RUN | VERSION | 2026.10.08.1
2026-10-08 18:26:41 BST | INFO | RUN | START | trade_date=2026-10-08
2026-10-08 18:26:41 BST | INFO | WATCHLIST | /root/trading/ASJR/ASJR_Analyst/DataLake/2026-10-08/config/fixed_watchlist.csv | source=prepared
2026-10-08 18:26:41 BST | INFO | RUN | OPTIONS | include_sector=True | git_submit=True | fetch_gapup_from_app=True
2026-10-08 18:26:41 BST | INFO | FOREX | One-time downloader | ok=True | started=True | FOREX_DOWNLOAD | started | tmux=forex_download | log=/root/trading/ASJR/Backtesting/BacktestData/IBKR/Forex/logs/EURUSD_1y_download.log
2026-10-08 18:26:41 BST | INFO | NQ | One-time downloader | ok=True | started=True | NQ_DOWNLOAD | started | tmux=nq_download | log=/root/trading/ASJR/Backtesting/BacktestData/OpenSource/NQ/logs/NQ_yfinance_download.log
2026-10-08 18:26:41 BST | INFO | MOVERS | Fetch started
2026-10-08 18:26:42 BST | INFO | MOVERS | Fetch completed | rows=83
2026-10-08 18:26:42 BST | INFO | MOVERS | Tickers | SECZ, JMKE, ERAS, CMG, COCO, RGNX, GDDY, CSGP, LQDA, FRO, DC, SM, DOCS, PBF, FLUT, SKYD, BBY, PM, FSM, MPC, ETSY, IT, SG, VLO, CBOE, ROL, APA, ACI, SU, DHT, GME, NE, NAT, EQPT, NN, SHAZ, AAOI, BRUN, MXL, HUT, RIOT, CIFR, AXTI, TSEM, EROC, CLSK, ALAB, BSP, FCEL, COHR, WULF, IREN, WYFI, BTDR, BE, OKLO, INIO, CRWV, XE, POET, NBIS, GLXY, ASTS, LITE, SEDG, SEI, CBRS, NNE, RVMD, VSH, STM, LUMN, OUST, LGN, FLNC, LWLG, SMCI, ABCL, MARA, GLW, RUM, VST, INTC
2026-10-08 18:26:42 BST | INFO | UNIVERSE | Built | tickers=101
2026-10-08 18:26:42 BST | INFO | FILE | Saved ibkr_gapup (movers) | /root/trading/ASJR/ASJR_Analyst/DataLake/2026-10-08/raw/ibkr_gapup.csv
2026-10-08 18:26:42 BST | INFO | YFINANCE | Daily 30D fetch started | tickers=101
2026-10-08 18:26:46 BST | INFO | YFINANCE | Daily 30D fetch completed | rows=3030
2026-10-08 18:26:46 BST | INFO | FILE | Saved daily_30d | /root/trading/ASJR/ASJR_Analyst/DataLake/2026-10-08/raw/daily_30d.csv
2026-10-08 18:26:46 BST | INFO | FEATURES | Daily summary built | rows=101
2026-10-08 18:26:46 BST | INFO | IBKR | 5m fetch started | tickers=101 | duration=3 D | batch_size=5
2026-10-08 18:27:10 BST | INFO | IBKR | 5m fetch completed | rows=46898
2026-10-08 18:27:10 BST | INFO | FILE | Saved intraday_5m | /root/trading/ASJR/ASJR_Analyst/DataLake/2026-10-08/raw/intraday_5m.csv
2026-10-08 18:27:13 BST | INFO | FEATURES | Intraday summary built | rows=101
2026-10-08 18:27:13 BST | INFO | YFINANCE | Sector/market fetch started
2026-10-08 18:27:14 BST | INFO | YFINANCE | Sector/market fetch completed | rows=15
2026-10-08 18:27:14 BST | INFO | FILE | Saved sector_market_daily | /root/trading/ASJR/ASJR_Analyst/DataLake/2026-10-08/raw/sector_market_daily.csv
2026-10-08 18:27:14 BST | INFO | FILE | Saved ticker_summary | rows=101 | /root/trading/ASJR/ASJR_Analyst/DataLake/2026-10-08/processed/ticker_summary.csv
2026-10-08 18:27:14 BST | INFO | FILE | Saved asjr_snapshot | /root/trading/ASJR/ASJR_Analyst/DataLake/2026-10-08/processed/asjr_snapshot.json
2026-10-08 18:27:14 BST | INFO | RUN | DATA COMPLETE | universe=101 | intraday_rows=46898 | ticker_summary=101
2026-10-08 18:27:14 BST | INFO | GIT | File verification started | count=7
