2026-10-08 06:20:02 BST | INFO | RUN | VERSION | 2026.10.06.4
2026-10-08 06:20:02 BST | INFO | RUN | START | trade_date=2026-10-08
2026-10-08 06:20:02 BST | INFO | WATCHLIST | /root/trading/ASJR/ASJR_Analyst/DataLake/2026-10-08/config/fixed_watchlist.csv | source=prepared
2026-10-08 06:20:02 BST | INFO | RUN | OPTIONS | include_sector=True | git_submit=True | fetch_gapup_from_app=True
2026-10-08 06:20:02 BST | INFO | FOREX | One-time downloader | ok=True | started=True | FOREX_DOWNLOAD | started | tmux=forex_download | log=/root/trading/ASJR/Backtesting/BacktestData/IBKR/Forex/logs/EURUSD_1y_download.log
2026-10-08 06:20:02 BST | INFO | NQ | One-time downloader | ok=True | started=True | NQ_DOWNLOAD | started | tmux=nq_download | log=/root/trading/ASJR/Backtesting/BacktestData/OpenSource/NQ/logs/NQ_yfinance_download.log
2026-10-08 06:20:02 BST | INFO | MOVERS | Fetch started
2026-10-08 06:20:03 BST | INFO | MOVERS | Fetch completed | rows=2
2026-10-08 06:20:03 BST | INFO | MOVERS | Tickers | WOLF, APLD
2026-10-08 06:20:03 BST | INFO | UNIVERSE | Built | tickers=22
2026-10-08 06:20:03 BST | INFO | FILE | Saved ibkr_gapup (movers) | /root/trading/ASJR/ASJR_Analyst/DataLake/2026-10-08/raw/ibkr_gapup.csv
2026-10-08 06:20:03 BST | INFO | YFINANCE | Daily 30D fetch started | tickers=22
2026-10-08 06:20:04 BST | INFO | YFINANCE | Daily 30D fetch completed | rows=660
2026-10-08 06:20:04 BST | INFO | FILE | Saved daily_30d | /root/trading/ASJR/ASJR_Analyst/DataLake/2026-10-08/raw/daily_30d.csv
2026-10-08 06:20:04 BST | INFO | FEATURES | Daily summary built | rows=22
2026-10-08 06:20:04 BST | INFO | IBKR | 5m fetch started | tickers=22 | duration=3 D | batch_size=5
2026-10-08 06:20:09 BST | INFO | IBKR | 5m fetch completed | rows=12338
2026-10-08 06:20:09 BST | INFO | FILE | Saved intraday_5m | /root/trading/ASJR/ASJR_Analyst/DataLake/2026-10-08/raw/intraday_5m.csv
2026-10-08 06:20:09 BST | INFO | FEATURES | Intraday summary built | rows=22
2026-10-08 06:20:09 BST | INFO | YFINANCE | Sector/market fetch started
2026-10-08 06:20:10 BST | INFO | YFINANCE | Sector/market fetch completed | rows=15
2026-10-08 06:20:10 BST | INFO | FILE | Saved sector_market_daily | /root/trading/ASJR/ASJR_Analyst/DataLake/2026-10-08/raw/sector_market_daily.csv
2026-10-08 06:20:10 BST | INFO | FILE | Saved ticker_summary | rows=22 | /root/trading/ASJR/ASJR_Analyst/DataLake/2026-10-08/processed/ticker_summary.csv
2026-10-08 06:20:10 BST | INFO | FILE | Saved asjr_snapshot | /root/trading/ASJR/ASJR_Analyst/DataLake/2026-10-08/processed/asjr_snapshot.json
2026-10-08 06:20:10 BST | INFO | RUN | DATA COMPLETE | universe=22 | intraday_rows=12338 | ticker_summary=22
2026-10-08 06:20:10 BST | INFO | GIT | File verification started | count=7
