2026-10-05 17:37:04 BST | INFO | RUN | VERSION | 2026.10.04.3
2026-10-05 17:37:04 BST | INFO | RUN | START | trade_date=2026-10-05
2026-10-05 17:37:04 BST | INFO | WATCHLIST | /root/trading/ASJR/ASJR_Analyst/DataLake/2026-10-05/config/fixed_watchlist.csv | source=prepared
2026-10-05 17:37:04 BST | INFO | RUN | OPTIONS | include_sector=True | git_submit=True | fetch_gapup_from_app=True
2026-10-05 17:37:04 BST | INFO | MOVERS | Fetch started
2026-10-05 17:37:07 BST | INFO | MOVERS | Fetch completed | rows=73
2026-10-05 17:37:07 BST | INFO | MOVERS | Tickers | PTC, XP, PCVX, STNE, INTR, PAGS, RXO, DNA, NU, ARCO, XERS, HOG, PAX, QDEL, BBWI, BSY, ODD, AESI, CBRS, RIG, CLF, RSI, VAL, DKNG, PURR, FMC, TWST, DLO, SDGR, GWRE, PCOR, REAL, WDC, OCTV, TEM, RGNX, APP, NE, RES, RELY, SPCX, UPST, FTRE, PUMP, VIRT, U, DXC, HOS, ECHO, CAI, CHRW, BRUN, YSS, SECZ, FRVO, PGEN, ETRA, SATL, INSM, SHAZ, AADX, ACMR, LEN, WULF, WRBY, HAWK, CMG, NUAI, ACCV, VSXY, APLD, RHI, CLSK
2026-10-05 17:37:07 BST | INFO | UNIVERSE | Built | tickers=92
2026-10-05 17:37:07 BST | INFO | FILE | Saved ibkr_gapup (movers) | /root/trading/ASJR/ASJR_Analyst/DataLake/2026-10-05/raw/ibkr_gapup.csv
2026-10-05 17:37:07 BST | INFO | YFINANCE | Daily 30D fetch started | tickers=92
2026-10-05 17:37:10 BST | INFO | YFINANCE | Daily 30D fetch completed | rows=2716
2026-10-05 17:37:10 BST | INFO | FILE | Saved daily_30d | /root/trading/ASJR/ASJR_Analyst/DataLake/2026-10-05/raw/daily_30d.csv
2026-10-05 17:37:10 BST | INFO | FEATURES | Daily summary built | rows=92
2026-10-05 17:37:10 BST | INFO | IBKR | 5m fetch started | tickers=92 | duration=3 D | batch_size=5
2026-10-05 17:37:30 BST | INFO | IBKR | 5m fetch completed | rows=40342
2026-10-05 17:37:30 BST | INFO | FILE | Saved intraday_5m | /root/trading/ASJR/ASJR_Analyst/DataLake/2026-10-05/raw/intraday_5m.csv
2026-10-05 17:37:31 BST | INFO | FEATURES | Intraday summary built | rows=92
2026-10-05 17:37:31 BST | INFO | YFINANCE | Sector/market fetch started
2026-10-05 17:37:31 BST | INFO | YFINANCE | Sector/market fetch completed | rows=15
2026-10-05 17:37:31 BST | INFO | FILE | Saved sector_market_daily | /root/trading/ASJR/ASJR_Analyst/DataLake/2026-10-05/raw/sector_market_daily.csv
2026-10-05 17:37:31 BST | INFO | FILE | Saved ticker_summary | rows=92 | /root/trading/ASJR/ASJR_Analyst/DataLake/2026-10-05/processed/ticker_summary.csv
2026-10-05 17:37:31 BST | INFO | FILE | Saved asjr_snapshot | /root/trading/ASJR/ASJR_Analyst/DataLake/2026-10-05/processed/asjr_snapshot.json
2026-10-05 17:37:31 BST | INFO | RUN | DATA COMPLETE | universe=92 | intraday_rows=40342 | ticker_summary=92
2026-10-05 17:37:31 BST | INFO | GIT | File verification started | count=7
