2026-10-05 18:32:51 BST | INFO | RUN | VERSION | 2026.10.04.3
2026-10-05 18:32:51 BST | INFO | RUN | START | trade_date=2026-10-05
2026-10-05 18:32:51 BST | INFO | WATCHLIST | /root/trading/ASJR/ASJR_Analyst/DataLake/2026-10-05/config/fixed_watchlist.csv | source=prepared
2026-10-05 18:32:51 BST | INFO | RUN | OPTIONS | include_sector=True | git_submit=True | fetch_gapup_from_app=True
2026-10-05 18:32:51 BST | INFO | MOVERS | Fetch started
2026-10-05 18:32:53 BST | INFO | MOVERS | Fetch completed | rows=80
2026-10-05 18:32:53 BST | INFO | MOVERS | Tickers | PTC, XP, PCVX, PAGS, STNE, RXO, INTR, DNA, ARCO, NU, QDEL, XERS, HOG, PAX, CLF, NVAX, BBWI, CBRS, PURR, BSY, RSI, FMC, TWST, RIG, VAL, MRNA, DLO, REAL, ODD, DKNG, TEM, GWRE, IMMX, UPST, SDGR, AESI, VYLR, SPCX, WDC, PCOR, VIRT, OCTV, APP, HTFL, AFRM, KLAR, U, FWONK, RELY, ILMN, BRUN, CHRW, YSS, SECZ, SATL, PGEN, SHAZ, FRVO, LEN, ACMR, AADX, INSM, NUAI, HAWK, WULF, RHI, CMG, SRRK, BETA, LWLG, FLY, NBIS, ETRA, NN, AEVA, INFQ, QUBT, APLD, WYFI, CLSK
2026-10-05 18:32:53 BST | INFO | UNIVERSE | Built | tickers=99
2026-10-05 18:32:53 BST | INFO | FILE | Saved ibkr_gapup (movers) | /root/trading/ASJR/ASJR_Analyst/DataLake/2026-10-05/raw/ibkr_gapup.csv
2026-10-05 18:32:53 BST | INFO | YFINANCE | Daily 30D fetch started | tickers=99
2026-10-05 18:32:56 BST | INFO | YFINANCE | Daily 30D fetch completed | rows=2925
2026-10-05 18:32:56 BST | INFO | FILE | Saved daily_30d | /root/trading/ASJR/ASJR_Analyst/DataLake/2026-10-05/raw/daily_30d.csv
2026-10-05 18:32:56 BST | INFO | FEATURES | Daily summary built | rows=99
2026-10-05 18:32:56 BST | INFO | IBKR | 5m fetch started | tickers=99 | duration=3 D | batch_size=5
2026-10-05 18:33:18 BST | INFO | IBKR | 5m fetch completed | rows=45160
2026-10-05 18:33:18 BST | INFO | FILE | Saved intraday_5m | /root/trading/ASJR/ASJR_Analyst/DataLake/2026-10-05/raw/intraday_5m.csv
2026-10-05 18:33:19 BST | INFO | FEATURES | Intraday summary built | rows=99
2026-10-05 18:33:19 BST | INFO | YFINANCE | Sector/market fetch started
2026-10-05 18:33:20 BST | INFO | YFINANCE | Sector/market fetch completed | rows=15
2026-10-05 18:33:20 BST | INFO | FILE | Saved sector_market_daily | /root/trading/ASJR/ASJR_Analyst/DataLake/2026-10-05/raw/sector_market_daily.csv
2026-10-05 18:33:20 BST | INFO | FILE | Saved ticker_summary | rows=99 | /root/trading/ASJR/ASJR_Analyst/DataLake/2026-10-05/processed/ticker_summary.csv
2026-10-05 18:33:20 BST | INFO | FILE | Saved asjr_snapshot | /root/trading/ASJR/ASJR_Analyst/DataLake/2026-10-05/processed/asjr_snapshot.json
2026-10-05 18:33:20 BST | INFO | RUN | DATA COMPLETE | universe=99 | intraday_rows=45160 | ticker_summary=99
2026-10-05 18:33:20 BST | INFO | GIT | File verification started | count=7
