2026-10-05 05:57:43 BST | INFO | RUN | VERSION | 2026.10.04.3
2026-10-05 05:57:43 BST | INFO | RUN | START | trade_date=2026-10-05
2026-10-05 05:57:43 BST | INFO | WATCHLIST | /root/trading/ASJR/ASJR_Analyst/DataLake/2026-10-05/config/fixed_watchlist.csv | source=prepared
2026-10-05 05:57:43 BST | INFO | RUN | OPTIONS | include_sector=True | git_submit=True | fetch_gapup_from_app=True
2026-10-05 05:57:43 BST | INFO | MOVERS | Fetch started
2026-10-05 05:57:44 BST | INFO | MOVERS | Fetch completed | rows=0
2026-10-05 05:57:44 BST | INFO | MOVERS | Tickers | None
2026-10-05 05:57:44 BST | INFO | UNIVERSE | Built | tickers=20
2026-10-05 05:57:44 BST | INFO | YFINANCE | Daily 30D fetch started | tickers=20
2026-10-05 05:57:45 BST | INFO | YFINANCE | Daily 30D fetch completed | rows=600
2026-10-05 05:57:45 BST | INFO | FILE | Saved daily_30d | /root/trading/ASJR/ASJR_Analyst/DataLake/2026-10-05/raw/daily_30d.csv
2026-10-05 05:57:45 BST | INFO | FEATURES | Daily summary built | rows=20
2026-10-05 05:57:45 BST | INFO | IBKR | 5m fetch started | tickers=20 | duration=3 D | batch_size=5
2026-10-05 06:00:35 BST | INFO | IBKR | 5m fetch completed | rows=0
2026-10-05 06:00:35 BST | INFO | FILE | Saved intraday_5m | /root/trading/ASJR/ASJR_Analyst/DataLake/2026-10-05/raw/intraday_5m.csv
2026-10-05 06:00:35 BST | INFO | FEATURES | Intraday summary built | rows=0
2026-10-05 06:00:35 BST | INFO | YFINANCE | Sector/market fetch started
2026-10-05 06:00:35 BST | INFO | YFINANCE | Sector/market fetch completed | rows=15
2026-10-05 06:00:35 BST | INFO | FILE | Saved sector_market_daily | /root/trading/ASJR/ASJR_Analyst/DataLake/2026-10-05/raw/sector_market_daily.csv
2026-10-05 06:00:35 BST | INFO | FILE | Saved ticker_summary | rows=20 | /root/trading/ASJR/ASJR_Analyst/DataLake/2026-10-05/processed/ticker_summary.csv
2026-10-05 06:00:35 BST | INFO | FILE | Saved asjr_snapshot | /root/trading/ASJR/ASJR_Analyst/DataLake/2026-10-05/processed/asjr_snapshot.json
2026-10-05 06:00:35 BST | INFO | RUN | DATA COMPLETE | universe=20 | intraday_rows=0 | ticker_summary=20
2026-10-05 06:00:35 BST | INFO | GIT | File verification started | count=6
