2026-10-05 16:40:24 BST | INFO | RUN | VERSION | 2026.10.04.3
2026-10-05 16:40:24 BST | INFO | RUN | START | trade_date=2026-10-05
2026-10-05 16:40:24 BST | INFO | WATCHLIST | /root/trading/ASJR/ASJR_Analyst/DataLake/2026-10-05/config/fixed_watchlist.csv | source=prepared
2026-10-05 16:40:24 BST | INFO | RUN | OPTIONS | include_sector=True | git_submit=True | fetch_gapup_from_app=True
2026-10-05 16:40:24 BST | INFO | MOVERS | Fetch started
2026-10-05 16:40:25 BST | INFO | MOVERS | Fetch completed | rows=81
2026-10-05 16:40:25 BST | INFO | MOVERS | Tickers | XP, PTC, PCVX, STNE, INTR, PAGS, RXO, DNA, NU, ARCO, CBRS, QDEL, XERS, HOG, DKNG, PAX, RIG, VAL, BBWI, BSY, PURR, PCOR, RSI, GWRE, AESI, ODD, DLO, TWST, OCTV, CLF, APP, WDC, TEM, FMC, TDAY, U, HOS, REAL, UPST, RGNX, DXC, WLTH, PUMP, NE, KLAR, TTAN, RELY, ADSK, SDGR, WAY, CHRW, YSS, SATL, BRUN, FRVO, PGEN, INSM, SGMT, AADX, SHAZ, WRBY, SECZ, WULF, LWLG, ERAS, CMG, FCEL, NKTR, LEN, HAWK, NUAI, RARE, WOLF, FLY, RUM, INFQ, VSXY, INIO, BLMN, CLSK, APLD
2026-10-05 16:40:25 BST | INFO | UNIVERSE | Built | tickers=100
2026-10-05 16:40:25 BST | INFO | FILE | Saved ibkr_gapup (movers) | /root/trading/ASJR/ASJR_Analyst/DataLake/2026-10-05/raw/ibkr_gapup.csv
2026-10-05 16:40:25 BST | INFO | YFINANCE | Daily 30D fetch started | tickers=100
2026-10-05 16:40:29 BST | INFO | YFINANCE | Daily 30D fetch completed | rows=3000
2026-10-05 16:40:29 BST | INFO | FILE | Saved daily_30d | /root/trading/ASJR/ASJR_Analyst/DataLake/2026-10-05/raw/daily_30d.csv
2026-10-05 16:40:29 BST | INFO | FEATURES | Daily summary built | rows=100
2026-10-05 16:40:29 BST | INFO | IBKR | 5m fetch started | tickers=100 | duration=3 D | batch_size=5
2026-10-05 16:40:50 BST | INFO | IBKR | 5m fetch completed | rows=43238
2026-10-05 16:40:50 BST | INFO | FILE | Saved intraday_5m | /root/trading/ASJR/ASJR_Analyst/DataLake/2026-10-05/raw/intraday_5m.csv
2026-10-05 16:40:51 BST | INFO | FEATURES | Intraday summary built | rows=100
2026-10-05 16:40:51 BST | INFO | YFINANCE | Sector/market fetch started
2026-10-05 16:40:52 BST | INFO | YFINANCE | Sector/market fetch completed | rows=15
2026-10-05 16:40:52 BST | INFO | FILE | Saved sector_market_daily | /root/trading/ASJR/ASJR_Analyst/DataLake/2026-10-05/raw/sector_market_daily.csv
2026-10-05 16:40:52 BST | INFO | FILE | Saved ticker_summary | rows=100 | /root/trading/ASJR/ASJR_Analyst/DataLake/2026-10-05/processed/ticker_summary.csv
2026-10-05 16:40:52 BST | INFO | FILE | Saved asjr_snapshot | /root/trading/ASJR/ASJR_Analyst/DataLake/2026-10-05/processed/asjr_snapshot.json
2026-10-05 16:40:52 BST | INFO | RUN | DATA COMPLETE | universe=100 | intraday_rows=43238 | ticker_summary=100
2026-10-05 16:40:52 BST | INFO | GIT | File verification started | count=7
