2026-10-05 15:48:35 BST | INFO | RUN | VERSION | 2026.10.04.3
2026-10-05 15:48:35 BST | INFO | RUN | START | trade_date=2026-10-05
2026-10-05 15:48:35 BST | INFO | WATCHLIST | /root/trading/ASJR/ASJR_Analyst/DataLake/2026-10-05/config/fixed_watchlist.csv | source=prepared
2026-10-05 15:48:35 BST | INFO | RUN | OPTIONS | include_sector=True | git_submit=True | fetch_gapup_from_app=True
2026-10-05 15:48:35 BST | INFO | MOVERS | Fetch started
2026-10-05 15:48:37 BST | INFO | MOVERS | Fetch completed | rows=85
2026-10-05 15:48:37 BST | INFO | MOVERS | Tickers | PTC, XP, PCVX, STNE, INTR, PAGS, RXO, NU, DNA, ARCO, CBRS, PAX, PCOR, BBWI, BSY, QDEL, DKNG, RIG, HOG, PURR, VAL, DLO, OCTV, RSI, WDC, TWST, XERS, APP, AESI, CLF, ODD, FMC, UPST, GWRE, ASAN, NIQ, REAL, PUMP, HOS, TTAN, TDAY, SPCX, U, ECHO, STX, KVYO, ADSK, SHOP, CRML, TEM, CHRW, YSS, INSM, FRVO, SGMT, SATL, BRUN, QURE, WOLF, ETRA, ERAS, RARE, ACHV, EROC, LWLG, SHAZ, RUM, PGEN, VSXY, VERA, SECZ, AADX, FCEL, WULF, HAWK, LEN, ACCV, NKTR, OLMA, EAT, CMG, BMY, GFS, WRBY, WERN
2026-10-05 15:48:37 BST | INFO | UNIVERSE | Built | tickers=104
2026-10-05 15:48:37 BST | INFO | FILE | Saved ibkr_gapup (movers) | /root/trading/ASJR/ASJR_Analyst/DataLake/2026-10-05/raw/ibkr_gapup.csv
2026-10-05 15:48:37 BST | INFO | YFINANCE | Daily 30D fetch started | tickers=104
2026-10-05 15:48:40 BST | INFO | YFINANCE | Daily 30D fetch completed | rows=3076
2026-10-05 15:48:41 BST | INFO | FILE | Saved daily_30d | /root/trading/ASJR/ASJR_Analyst/DataLake/2026-10-05/raw/daily_30d.csv
2026-10-05 15:48:41 BST | INFO | FEATURES | Daily summary built | rows=104
2026-10-05 15:48:41 BST | INFO | IBKR | 5m fetch started | tickers=104 | duration=3 D | batch_size=5
2026-10-05 15:49:04 BST | INFO | IBKR | 5m fetch completed | rows=43667
2026-10-05 15:49:04 BST | INFO | FILE | Saved intraday_5m | /root/trading/ASJR/ASJR_Analyst/DataLake/2026-10-05/raw/intraday_5m.csv
2026-10-05 15:49:05 BST | INFO | FEATURES | Intraday summary built | rows=104
2026-10-05 15:49:05 BST | INFO | YFINANCE | Sector/market fetch started
2026-10-05 15:49:05 BST | INFO | YFINANCE | Sector/market fetch completed | rows=15
2026-10-05 15:49:05 BST | INFO | FILE | Saved sector_market_daily | /root/trading/ASJR/ASJR_Analyst/DataLake/2026-10-05/raw/sector_market_daily.csv
2026-10-05 15:49:05 BST | INFO | FILE | Saved ticker_summary | rows=104 | /root/trading/ASJR/ASJR_Analyst/DataLake/2026-10-05/processed/ticker_summary.csv
2026-10-05 15:49:05 BST | INFO | FILE | Saved asjr_snapshot | /root/trading/ASJR/ASJR_Analyst/DataLake/2026-10-05/processed/asjr_snapshot.json
2026-10-05 15:49:05 BST | INFO | RUN | DATA COMPLETE | universe=104 | intraday_rows=43667 | ticker_summary=104
2026-10-05 15:49:05 BST | INFO | GIT | File verification started | count=7
