2026-10-05 17:59:08 BST | INFO | RUN | VERSION | 2026.10.04.3
2026-10-05 17:59:08 BST | INFO | RUN | START | trade_date=2026-10-05
2026-10-05 17:59:08 BST | INFO | WATCHLIST | /root/trading/ASJR/ASJR_Analyst/DataLake/2026-10-05/config/fixed_watchlist.csv | source=prepared
2026-10-05 17:59:08 BST | INFO | RUN | OPTIONS | include_sector=True | git_submit=True | fetch_gapup_from_app=True
2026-10-05 17:59:08 BST | INFO | MOVERS | Fetch started
2026-10-05 17:59:10 BST | INFO | MOVERS | Fetch completed | rows=79
2026-10-05 17:59:10 BST | INFO | MOVERS | Tickers | PTC, XP, PCVX, INTR, STNE, PAGS, RXO, DNA, NU, ARCO, XERS, HOG, QDEL, PAX, ACDC, CLF, BSY, BBWI, FMC, PURR, RIG, DLO, CBRS, VAL, AESI, DKNG, REAL, RSI, GWRE, RGNX, ODD, WDC, PCOR, TWST, OCTV, VIRT, APP, UPST, RES, SPCX, KLAR, BRBR, WAY, U, RELY, AFRM, FWONK, VYLR, NE, SDGR, CHRW, BRUN, SECZ, YSS, FRVO, PGEN, SATL, SHAZ, ACMR, INSM, AADX, LEN, HAWK, ETRA, WRBY, WULF, NUAI, RHI, CMG, NN, INFQ, SRRK, LWLG, FLY, APLD, NBIS, CRDO, BETA, ACCV
2026-10-05 17:59:10 BST | INFO | UNIVERSE | Built | tickers=97
2026-10-05 17:59:10 BST | INFO | FILE | Saved ibkr_gapup (movers) | /root/trading/ASJR/ASJR_Analyst/DataLake/2026-10-05/raw/ibkr_gapup.csv
2026-10-05 17:59:10 BST | INFO | YFINANCE | Daily 30D fetch started | tickers=97
2026-10-05 17:59:14 BST | INFO | YFINANCE | Daily 30D fetch completed | rows=2839
2026-10-05 17:59:14 BST | INFO | FILE | Saved daily_30d | /root/trading/ASJR/ASJR_Analyst/DataLake/2026-10-05/raw/daily_30d.csv
2026-10-05 17:59:14 BST | INFO | FEATURES | Daily summary built | rows=97
2026-10-05 17:59:14 BST | INFO | IBKR | 5m fetch started | tickers=97 | duration=3 D | batch_size=5
2026-10-05 17:59:35 BST | INFO | IBKR | 5m fetch completed | rows=42962
2026-10-05 17:59:35 BST | INFO | FILE | Saved intraday_5m | /root/trading/ASJR/ASJR_Analyst/DataLake/2026-10-05/raw/intraday_5m.csv
2026-10-05 17:59:36 BST | INFO | FEATURES | Intraday summary built | rows=97
2026-10-05 17:59:36 BST | INFO | YFINANCE | Sector/market fetch started
2026-10-05 17:59:37 BST | INFO | YFINANCE | Sector/market fetch completed | rows=15
2026-10-05 17:59:37 BST | INFO | FILE | Saved sector_market_daily | /root/trading/ASJR/ASJR_Analyst/DataLake/2026-10-05/raw/sector_market_daily.csv
2026-10-05 17:59:37 BST | INFO | FILE | Saved ticker_summary | rows=97 | /root/trading/ASJR/ASJR_Analyst/DataLake/2026-10-05/processed/ticker_summary.csv
2026-10-05 17:59:37 BST | INFO | FILE | Saved asjr_snapshot | /root/trading/ASJR/ASJR_Analyst/DataLake/2026-10-05/processed/asjr_snapshot.json
2026-10-05 17:59:37 BST | INFO | RUN | DATA COMPLETE | universe=97 | intraday_rows=42962 | ticker_summary=97
2026-10-05 17:59:37 BST | INFO | GIT | File verification started | count=7
