2026-10-05 11:33:01 BST | INFO | RUN | VERSION | 2026.10.04.3
2026-10-05 11:33:01 BST | INFO | RUN | START | trade_date=2026-10-05
2026-10-05 11:33:01 BST | INFO | WATCHLIST | /root/trading/ASJR/ASJR_Analyst/DataLake/2026-10-05/config/fixed_watchlist.csv | source=prepared
2026-10-05 11:33:01 BST | INFO | RUN | OPTIONS | include_sector=True | git_submit=True | fetch_gapup_from_app=True
2026-10-05 11:33:01 BST | INFO | MOVERS | Fetch started
2026-10-05 11:33:02 BST | INFO | MOVERS | Fetch completed | rows=14
2026-10-05 11:33:02 BST | INFO | MOVERS | Tickers | PCVX, SDEV, PTC, XP, CMC, PAGS, STNE, INTR, NU, PAX, CRSR, CBRS, VST, PURR
2026-10-05 11:33:02 BST | INFO | UNIVERSE | Built | tickers=34
2026-10-05 11:33:02 BST | INFO | FILE | Saved ibkr_gapup (movers) | /root/trading/ASJR/ASJR_Analyst/DataLake/2026-10-05/raw/ibkr_gapup.csv
2026-10-05 11:33:02 BST | INFO | YFINANCE | Daily 30D fetch started | tickers=34
2026-10-05 11:33:03 BST | INFO | YFINANCE | Daily 30D fetch completed | rows=1020
2026-10-05 11:33:03 BST | INFO | FILE | Saved daily_30d | /root/trading/ASJR/ASJR_Analyst/DataLake/2026-10-05/raw/daily_30d.csv
2026-10-05 11:33:03 BST | INFO | FEATURES | Daily summary built | rows=34
2026-10-05 11:33:03 BST | INFO | IBKR | 5m fetch started | tickers=34 | duration=3 D | batch_size=5
2026-10-05 11:33:10 BST | INFO | IBKR | 5m fetch completed | rows=12995
2026-10-05 11:33:11 BST | INFO | FILE | Saved intraday_5m | /root/trading/ASJR/ASJR_Analyst/DataLake/2026-10-05/raw/intraday_5m.csv
2026-10-05 11:33:11 BST | INFO | FEATURES | Intraday summary built | rows=34
2026-10-05 11:33:11 BST | INFO | YFINANCE | Sector/market fetch started
2026-10-05 11:33:11 BST | INFO | YFINANCE | Sector/market fetch completed | rows=15
2026-10-05 11:33:11 BST | INFO | FILE | Saved sector_market_daily | /root/trading/ASJR/ASJR_Analyst/DataLake/2026-10-05/raw/sector_market_daily.csv
2026-10-05 11:33:11 BST | INFO | FILE | Saved ticker_summary | rows=34 | /root/trading/ASJR/ASJR_Analyst/DataLake/2026-10-05/processed/ticker_summary.csv
2026-10-05 11:33:11 BST | INFO | FILE | Saved asjr_snapshot | /root/trading/ASJR/ASJR_Analyst/DataLake/2026-10-05/processed/asjr_snapshot.json
2026-10-05 11:33:11 BST | INFO | RUN | DATA COMPLETE | universe=34 | intraday_rows=12995 | ticker_summary=34
2026-10-05 11:33:11 BST | INFO | GIT | File verification started | count=7
