2026-10-05 18:43:55 BST | INFO | RUN | VERSION | 2026.10.04.3
2026-10-05 18:43:55 BST | INFO | RUN | START | trade_date=2026-10-05
2026-10-05 18:43:55 BST | INFO | WATCHLIST | /root/trading/ASJR/ASJR_Analyst/DataLake/2026-10-05/config/fixed_watchlist.csv | source=prepared
2026-10-05 18:43:55 BST | INFO | RUN | OPTIONS | include_sector=True | git_submit=True | fetch_gapup_from_app=True
2026-10-05 18:43:55 BST | INFO | MOVERS | Fetch started
2026-10-05 18:43:57 BST | INFO | MOVERS | Fetch completed | rows=74
2026-10-05 18:43:57 BST | INFO | MOVERS | Tickers | PTC, XP, PCVX, PAGS, RXO, STNE, INTR, DNA, ARCO, NU, QDEL, NVAX, XERS, HOG, CLF, PAX, BBWI, CBRS, PURR, DKNG, FMC, RIG, VAL, TWST, DLO, TEM, BSY, MRNA, ODD, RSI, UPST, SDGR, WDC, SPCX, GWRE, VYLR, AESI, PCOR, VIRT, ILMN, APP, OCTV, REAL, WLTH, KLAR, FWONK, RES, AFRM, IMMX, PGY, CHRW, BRUN, SECZ, PGEN, YSS, SHAZ, ACMR, FRVO, LEN, SATL, RHI, AADX, INSM, NUAI, WULF, SRRK, CMG, NN, ETRA, BETA, HAWK, LWLG, INFQ, QUBT
2026-10-05 18:43:57 BST | INFO | UNIVERSE | Built | tickers=93
2026-10-05 18:43:57 BST | INFO | FILE | Saved ibkr_gapup (movers) | /root/trading/ASJR/ASJR_Analyst/DataLake/2026-10-05/raw/ibkr_gapup.csv
2026-10-05 18:43:57 BST | INFO | YFINANCE | Daily 30D fetch started | tickers=93
2026-10-05 18:43:59 BST | INFO | YFINANCE | Daily 30D fetch completed | rows=2745
2026-10-05 18:43:59 BST | INFO | FILE | Saved daily_30d | /root/trading/ASJR/ASJR_Analyst/DataLake/2026-10-05/raw/daily_30d.csv
2026-10-05 18:43:59 BST | INFO | FEATURES | Daily summary built | rows=93
2026-10-05 18:43:59 BST | INFO | IBKR | 5m fetch started | tickers=93 | duration=3 D | batch_size=5
2026-10-05 18:44:20 BST | INFO | IBKR | 5m fetch completed | rows=42171
2026-10-05 18:44:20 BST | INFO | FILE | Saved intraday_5m | /root/trading/ASJR/ASJR_Analyst/DataLake/2026-10-05/raw/intraday_5m.csv
2026-10-05 18:44:21 BST | INFO | FEATURES | Intraday summary built | rows=93
2026-10-05 18:44:21 BST | INFO | YFINANCE | Sector/market fetch started
2026-10-05 18:44:21 BST | INFO | YFINANCE | Sector/market fetch completed | rows=15
2026-10-05 18:44:21 BST | INFO | FILE | Saved sector_market_daily | /root/trading/ASJR/ASJR_Analyst/DataLake/2026-10-05/raw/sector_market_daily.csv
2026-10-05 18:44:21 BST | INFO | FILE | Saved ticker_summary | rows=93 | /root/trading/ASJR/ASJR_Analyst/DataLake/2026-10-05/processed/ticker_summary.csv
2026-10-05 18:44:21 BST | INFO | FILE | Saved asjr_snapshot | /root/trading/ASJR/ASJR_Analyst/DataLake/2026-10-05/processed/asjr_snapshot.json
2026-10-05 18:44:21 BST | INFO | RUN | DATA COMPLETE | universe=93 | intraday_rows=42171 | ticker_summary=93
2026-10-05 18:44:21 BST | INFO | GIT | File verification started | count=7
