2026-10-05 19:11:35 BST | INFO | RUN | VERSION | 2026.10.04.3
2026-10-05 19:11:35 BST | INFO | RUN | START | trade_date=2026-10-05
2026-10-05 19:11:35 BST | INFO | WATCHLIST | /root/trading/ASJR/ASJR_Analyst/DataLake/2026-10-05/config/fixed_watchlist.csv | source=prepared
2026-10-05 19:11:35 BST | INFO | RUN | OPTIONS | include_sector=True | git_submit=True | fetch_gapup_from_app=True
2026-10-05 19:11:35 BST | INFO | MOVERS | Fetch started
2026-10-05 19:11:37 BST | INFO | MOVERS | Fetch completed | rows=83
2026-10-05 19:11:37 BST | INFO | MOVERS | Tickers | PTC, XP, PCVX, RXO, INTR, PAGS, STNE, DNA, NVAX, ARCO, QDEL, NU, CLF, XERS, PAX, HOG, BBWI, FMC, TWST, PURR, RIG, VAL, CBRS, BSY, MRNA, DLO, WDC, ODD, VIRT, VYLR, TEM, DKNG, RELY, OCTV, GWRE, UPST, AESI, ILMN, STX, RSI, WLTH, APP, SDGR, FWONK, HP, HOS, SPCX, IMMX, REAL, U, BRUN, PGEN, CHRW, SECZ, YSS, FRVO, ACMR, SHAZ, LEN, AADX, SATL, RHI, NUAI, INSM, WULF, NN, LWLG, LQDA, SRRK, CMG, ETRA, ACCV, BETA, STTK, NKTR, NBIS, INIO, QUBT, FLY, BMY, SHLS, APLD, BLMN
2026-10-05 19:11:37 BST | INFO | UNIVERSE | Built | tickers=102
2026-10-05 19:11:37 BST | INFO | FILE | Saved ibkr_gapup (movers) | /root/trading/ASJR/ASJR_Analyst/DataLake/2026-10-05/raw/ibkr_gapup.csv
2026-10-05 19:11:37 BST | INFO | YFINANCE | Daily 30D fetch started | tickers=102
2026-10-05 19:11:40 BST | INFO | YFINANCE | Daily 30D fetch completed | rows=2989
2026-10-05 19:11:40 BST | INFO | FILE | Saved daily_30d | /root/trading/ASJR/ASJR_Analyst/DataLake/2026-10-05/raw/daily_30d.csv
2026-10-05 19:11:40 BST | INFO | FEATURES | Daily summary built | rows=102
2026-10-05 19:11:40 BST | INFO | IBKR | 5m fetch started | tickers=102 | duration=3 D | batch_size=5
2026-10-05 19:12:03 BST | INFO | IBKR | 5m fetch completed | rows=46937
2026-10-05 19:12:04 BST | INFO | FILE | Saved intraday_5m | /root/trading/ASJR/ASJR_Analyst/DataLake/2026-10-05/raw/intraday_5m.csv
2026-10-05 19:12:05 BST | INFO | FEATURES | Intraday summary built | rows=102
2026-10-05 19:12:05 BST | INFO | YFINANCE | Sector/market fetch started
2026-10-05 19:12:05 BST | INFO | YFINANCE | Sector/market fetch completed | rows=15
2026-10-05 19:12:05 BST | INFO | FILE | Saved sector_market_daily | /root/trading/ASJR/ASJR_Analyst/DataLake/2026-10-05/raw/sector_market_daily.csv
2026-10-05 19:12:05 BST | INFO | FILE | Saved ticker_summary | rows=102 | /root/trading/ASJR/ASJR_Analyst/DataLake/2026-10-05/processed/ticker_summary.csv
2026-10-05 19:12:05 BST | INFO | FILE | Saved asjr_snapshot | /root/trading/ASJR/ASJR_Analyst/DataLake/2026-10-05/processed/asjr_snapshot.json
2026-10-05 19:12:05 BST | INFO | RUN | DATA COMPLETE | universe=102 | intraday_rows=46937 | ticker_summary=102
2026-10-05 19:12:05 BST | INFO | GIT | File verification started | count=7
