2026-10-05 20:57:16 BST | INFO | RUN | VERSION | 2026.10.04.3
2026-10-05 20:57:16 BST | INFO | RUN | START | trade_date=2026-10-05
2026-10-05 20:57:16 BST | INFO | WATCHLIST | /root/trading/ASJR/ASJR_Analyst/DataLake/2026-10-05/config/fixed_watchlist.csv | source=prepared
2026-10-05 20:57:16 BST | INFO | RUN | OPTIONS | include_sector=True | git_submit=True | fetch_gapup_from_app=True
2026-10-05 20:57:16 BST | INFO | MOVERS | Fetch started
2026-10-05 20:57:18 BST | INFO | MOVERS | Fetch completed | rows=79
2026-10-05 20:57:18 BST | INFO | MOVERS | Tickers | PTC, PCVX, XP, RXO, DNA, PAGS, STNE, NVAX, INTR, ARCO, NU, QDEL, XERS, TWST, VYLR, TEM, CBRS, PURR, PAX, BBWI, CLF, ILMN, ZVRA, SDGR, MRVI, BSY, CAI, TTAN, SPCX, VIRT, NEOG, GWRE, CERT, WAY, ATEC, FMC, MRNA, RIG, VAL, UPST, ASO, ENOV, KVYO, ALHC, WLTH, HOG, WDC, ASAN, PCOR, LIFE, BRUN, CHRW, SECZ, PGEN, ACMR, AADX, SRRK, ACCV, BETA, YSS, FRVO, SATL, LEN, INSM, SHAZ, ETRA, INOD, CMG, WOLF, INIO, NN, RHI, WULF, CYTK, RDW, RARE, LQDA, NUAI, NBIS
2026-10-05 20:57:18 BST | INFO | UNIVERSE | Built | tickers=98
2026-10-05 20:57:18 BST | INFO | FILE | Saved ibkr_gapup (movers) | /root/trading/ASJR/ASJR_Analyst/DataLake/2026-10-05/raw/ibkr_gapup.csv
2026-10-05 20:57:18 BST | INFO | YFINANCE | Daily 30D fetch started | tickers=98
2026-10-05 20:57:21 BST | INFO | YFINANCE | Daily 30D fetch completed | rows=2869
2026-10-05 20:57:22 BST | INFO | FILE | Saved daily_30d | /root/trading/ASJR/ASJR_Analyst/DataLake/2026-10-05/raw/daily_30d.csv
2026-10-05 20:57:22 BST | INFO | FEATURES | Daily summary built | rows=98
2026-10-05 20:57:22 BST | INFO | IBKR | 5m fetch started | tickers=98 | duration=3 D | batch_size=5
2026-10-05 20:57:43 BST | INFO | IBKR | 5m fetch completed | rows=46925
2026-10-05 20:57:44 BST | INFO | FILE | Saved intraday_5m | /root/trading/ASJR/ASJR_Analyst/DataLake/2026-10-05/raw/intraday_5m.csv
2026-10-05 20:57:45 BST | INFO | FEATURES | Intraday summary built | rows=98
2026-10-05 20:57:45 BST | INFO | YFINANCE | Sector/market fetch started
2026-10-05 20:57:45 BST | INFO | YFINANCE | Sector/market fetch completed | rows=15
2026-10-05 20:57:45 BST | INFO | FILE | Saved sector_market_daily | /root/trading/ASJR/ASJR_Analyst/DataLake/2026-10-05/raw/sector_market_daily.csv
2026-10-05 20:57:45 BST | INFO | FILE | Saved ticker_summary | rows=98 | /root/trading/ASJR/ASJR_Analyst/DataLake/2026-10-05/processed/ticker_summary.csv
2026-10-05 20:57:45 BST | INFO | FILE | Saved asjr_snapshot | /root/trading/ASJR/ASJR_Analyst/DataLake/2026-10-05/processed/asjr_snapshot.json
2026-10-05 20:57:45 BST | INFO | RUN | DATA COMPLETE | universe=98 | intraday_rows=46925 | ticker_summary=98
2026-10-05 20:57:45 BST | INFO | GIT | File verification started | count=7
