2026-10-05 16:51:27 BST | INFO | RUN | VERSION | 2026.10.04.3
2026-10-05 16:51:27 BST | INFO | RUN | START | trade_date=2026-10-05
2026-10-05 16:51:27 BST | INFO | WATCHLIST | /root/trading/ASJR/ASJR_Analyst/DataLake/2026-10-05/config/fixed_watchlist.csv | source=prepared
2026-10-05 16:51:27 BST | INFO | RUN | OPTIONS | include_sector=True | git_submit=True | fetch_gapup_from_app=True
2026-10-05 16:51:27 BST | INFO | MOVERS | Fetch started
2026-10-05 16:51:28 BST | INFO | MOVERS | Fetch completed | rows=78
2026-10-05 16:51:28 BST | INFO | MOVERS | Tickers | XP, PTC, PCVX, INTR, STNE, RXO, PAGS, DNA, NU, ARCO, QDEL, CBRS, HOG, ODD, XERS, RIG, PAX, BSY, VAL, PURR, DKNG, BBWI, GWRE, PCOR, RSI, AESI, DLO, OCTV, TEM, RGNX, WDC, FMC, CLF, TDAY, U, APP, TWST, SDGR, HOS, DXC, NE, ADSK, UPST, REAL, WLTH, TTAN, PSN, RELY, VIRT, PUMP, CHRW, YSS, BRUN, SATL, FRVO, PGEN, INSM, SGMT, SECZ, AADX, CMG, LEN, WULF, NUAI, SHAZ, NKTR, HAWK, ERAS, LWLG, FCEL, RUM, FLY, INIO, WRBY, VSXY, BLMN, ETRA, RARE
2026-10-05 16:51:29 BST | INFO | UNIVERSE | Built | tickers=97
2026-10-05 16:51:29 BST | INFO | FILE | Saved ibkr_gapup (movers) | /root/trading/ASJR/ASJR_Analyst/DataLake/2026-10-05/raw/ibkr_gapup.csv
2026-10-05 16:51:29 BST | INFO | YFINANCE | Daily 30D fetch started | tickers=97
2026-10-05 16:51:32 BST | INFO | YFINANCE | Daily 30D fetch completed | rows=2892
2026-10-05 16:51:32 BST | INFO | FILE | Saved daily_30d | /root/trading/ASJR/ASJR_Analyst/DataLake/2026-10-05/raw/daily_30d.csv
2026-10-05 16:51:32 BST | INFO | FEATURES | Daily summary built | rows=97
2026-10-05 16:51:32 BST | INFO | IBKR | 5m fetch started | tickers=97 | duration=3 D | batch_size=5
2026-10-05 16:51:53 BST | INFO | IBKR | 5m fetch completed | rows=41652
2026-10-05 16:51:53 BST | INFO | FILE | Saved intraday_5m | /root/trading/ASJR/ASJR_Analyst/DataLake/2026-10-05/raw/intraday_5m.csv
2026-10-05 16:51:54 BST | INFO | FEATURES | Intraday summary built | rows=97
2026-10-05 16:51:54 BST | INFO | YFINANCE | Sector/market fetch started
2026-10-05 16:51:54 BST | INFO | YFINANCE | Sector/market fetch completed | rows=15
2026-10-05 16:51:54 BST | INFO | FILE | Saved sector_market_daily | /root/trading/ASJR/ASJR_Analyst/DataLake/2026-10-05/raw/sector_market_daily.csv
2026-10-05 16:51:54 BST | INFO | FILE | Saved ticker_summary | rows=97 | /root/trading/ASJR/ASJR_Analyst/DataLake/2026-10-05/processed/ticker_summary.csv
2026-10-05 16:51:54 BST | INFO | FILE | Saved asjr_snapshot | /root/trading/ASJR/ASJR_Analyst/DataLake/2026-10-05/processed/asjr_snapshot.json
2026-10-05 16:51:54 BST | INFO | RUN | DATA COMPLETE | universe=97 | intraday_rows=41652 | ticker_summary=97
2026-10-05 16:51:54 BST | INFO | GIT | File verification started | count=7
