2026-10-05 18:49:25 BST | INFO | RUN | VERSION | 2026.10.04.3
2026-10-05 18:49:25 BST | INFO | RUN | START | trade_date=2026-10-05
2026-10-05 18:49:25 BST | INFO | WATCHLIST | /root/trading/ASJR/ASJR_Analyst/DataLake/2026-10-05/config/fixed_watchlist.csv | source=prepared
2026-10-05 18:49:25 BST | INFO | RUN | OPTIONS | include_sector=True | git_submit=True | fetch_gapup_from_app=True
2026-10-05 18:49:25 BST | INFO | MOVERS | Fetch started
2026-10-05 18:49:26 BST | INFO | MOVERS | Fetch completed | rows=73
2026-10-05 18:49:26 BST | INFO | MOVERS | Tickers | PTC, XP, PCVX, PAGS, RXO, INTR, STNE, DNA, ARCO, NU, QDEL, NVAX, HOG, XERS, CLF, PAX, BBWI, FMC, CBRS, TWST, DKNG, PURR, DLO, VAL, RIG, ODD, BSY, TEM, MRNA, RSI, UPST, GWRE, SPCX, WDC, WLTH, VIRT, PCOR, SDGR, APP, IMMX, OCTV, KLAR, VYLR, REAL, ILMN, PGY, AFRM, FWONK, RGNX, U, CHRW, BRUN, PGEN, SECZ, YSS, SHAZ, FRVO, SATL, LEN, ACMR, AADX, RHI, INSM, WULF, NUAI, SRRK, NN, CMG, ETRA, LWLG, QUBT, INFQ, ACCV
2026-10-05 18:49:26 BST | INFO | UNIVERSE | Built | tickers=92
2026-10-05 18:49:26 BST | INFO | FILE | Saved ibkr_gapup (movers) | /root/trading/ASJR/ASJR_Analyst/DataLake/2026-10-05/raw/ibkr_gapup.csv
2026-10-05 18:49:26 BST | INFO | YFINANCE | Daily 30D fetch started | tickers=92
2026-10-05 18:49:30 BST | INFO | YFINANCE | Daily 30D fetch completed | rows=2689
2026-10-05 18:49:30 BST | INFO | FILE | Saved daily_30d | /root/trading/ASJR/ASJR_Analyst/DataLake/2026-10-05/raw/daily_30d.csv
2026-10-05 18:49:30 BST | INFO | FEATURES | Daily summary built | rows=92
2026-10-05 18:49:30 BST | INFO | IBKR | 5m fetch started | tickers=92 | duration=3 D | batch_size=5
2026-10-05 18:49:50 BST | INFO | IBKR | 5m fetch completed | rows=42095
2026-10-05 18:49:50 BST | INFO | FILE | Saved intraday_5m | /root/trading/ASJR/ASJR_Analyst/DataLake/2026-10-05/raw/intraday_5m.csv
2026-10-05 18:49:51 BST | INFO | FEATURES | Intraday summary built | rows=92
2026-10-05 18:49:51 BST | INFO | YFINANCE | Sector/market fetch started
2026-10-05 18:49:51 BST | INFO | YFINANCE | Sector/market fetch completed | rows=15
2026-10-05 18:49:51 BST | INFO | FILE | Saved sector_market_daily | /root/trading/ASJR/ASJR_Analyst/DataLake/2026-10-05/raw/sector_market_daily.csv
2026-10-05 18:49:51 BST | INFO | FILE | Saved ticker_summary | rows=92 | /root/trading/ASJR/ASJR_Analyst/DataLake/2026-10-05/processed/ticker_summary.csv
2026-10-05 18:49:51 BST | INFO | FILE | Saved asjr_snapshot | /root/trading/ASJR/ASJR_Analyst/DataLake/2026-10-05/processed/asjr_snapshot.json
2026-10-05 18:49:51 BST | INFO | RUN | DATA COMPLETE | universe=92 | intraday_rows=42095 | ticker_summary=92
2026-10-05 18:49:51 BST | INFO | GIT | File verification started | count=7
