2026-10-05 19:33:49 BST | INFO | RUN | VERSION | 2026.10.04.3
2026-10-05 19:33:49 BST | INFO | RUN | START | trade_date=2026-10-05
2026-10-05 19:33:49 BST | INFO | WATCHLIST | /root/trading/ASJR/ASJR_Analyst/DataLake/2026-10-05/config/fixed_watchlist.csv | source=prepared
2026-10-05 19:33:49 BST | INFO | RUN | OPTIONS | include_sector=True | git_submit=True | fetch_gapup_from_app=True
2026-10-05 19:33:49 BST | INFO | MOVERS | Fetch started
2026-10-05 19:33:51 BST | INFO | MOVERS | Fetch completed | rows=84
2026-10-05 19:33:51 BST | INFO | MOVERS | Tickers | PTC, XP, PCVX, RXO, INTR, PAGS, DNA, STNE, NVAX, QDEL, ARCO, NU, XERS, CLF, PAX, TWST, BSY, BBWI, FMC, PURR, MRNA, HOG, CBRS, TEM, RIG, VAL, VIRT, SDGR, GWRE, ILMN, CAI, VYLR, DLO, RELY, WLTH, DKNG, PCOR, WDC, OCTV, UPST, FWONK, MRVI, ODD, APP, ALHC, AFRM, ENOV, ZVRA, AESI, U, BRUN, CHRW, PGEN, SECZ, YSS, ACMR, FRVO, SATL, SHAZ, AADX, LEN, NUAI, SRRK, INSM, BETA, RHI, WULF, NN, LWLG, ACCV, CMG, ETRA, STTK, RDW, BLMN, FLY, SHLS, INOD, NBIS, FCEL, AEVA, LUNR, NKTR, CYTK
2026-10-05 19:33:51 BST | INFO | UNIVERSE | Built | tickers=103
2026-10-05 19:33:51 BST | INFO | FILE | Saved ibkr_gapup (movers) | /root/trading/ASJR/ASJR_Analyst/DataLake/2026-10-05/raw/ibkr_gapup.csv
2026-10-05 19:33:51 BST | INFO | YFINANCE | Daily 30D fetch started | tickers=103
2026-10-05 19:33:54 BST | INFO | YFINANCE | Daily 30D fetch completed | rows=3019
2026-10-05 19:33:54 BST | INFO | FILE | Saved daily_30d | /root/trading/ASJR/ASJR_Analyst/DataLake/2026-10-05/raw/daily_30d.csv
2026-10-05 19:33:54 BST | INFO | FEATURES | Daily summary built | rows=103
2026-10-05 19:33:54 BST | INFO | IBKR | 5m fetch started | tickers=103 | duration=3 D | batch_size=5
2026-10-05 19:34:16 BST | INFO | IBKR | 5m fetch completed | rows=47891
2026-10-05 19:34:17 BST | INFO | FILE | Saved intraday_5m | /root/trading/ASJR/ASJR_Analyst/DataLake/2026-10-05/raw/intraday_5m.csv
2026-10-05 19:34:18 BST | INFO | FEATURES | Intraday summary built | rows=103
2026-10-05 19:34:18 BST | INFO | YFINANCE | Sector/market fetch started
2026-10-05 19:34:18 BST | INFO | YFINANCE | Sector/market fetch completed | rows=15
2026-10-05 19:34:18 BST | INFO | FILE | Saved sector_market_daily | /root/trading/ASJR/ASJR_Analyst/DataLake/2026-10-05/raw/sector_market_daily.csv
2026-10-05 19:34:18 BST | INFO | FILE | Saved ticker_summary | rows=103 | /root/trading/ASJR/ASJR_Analyst/DataLake/2026-10-05/processed/ticker_summary.csv
2026-10-05 19:34:18 BST | INFO | FILE | Saved asjr_snapshot | /root/trading/ASJR/ASJR_Analyst/DataLake/2026-10-05/processed/asjr_snapshot.json
2026-10-05 19:34:18 BST | INFO | RUN | DATA COMPLETE | universe=103 | intraday_rows=47891 | ticker_summary=103
2026-10-05 19:34:18 BST | INFO | GIT | File verification started | count=7
