2026-10-05 15:37:27 BST | INFO | RUN | VERSION | 2026.10.04.3
2026-10-05 15:37:27 BST | INFO | RUN | START | trade_date=2026-10-05
2026-10-05 15:37:27 BST | INFO | WATCHLIST | /root/trading/ASJR/ASJR_Analyst/DataLake/2026-10-05/config/fixed_watchlist.csv | source=prepared
2026-10-05 15:37:27 BST | INFO | RUN | OPTIONS | include_sector=True | git_submit=True | fetch_gapup_from_app=True
2026-10-05 15:37:27 BST | INFO | MOVERS | Fetch started
2026-10-05 15:37:28 BST | INFO | MOVERS | Fetch completed | rows=85
2026-10-05 15:37:28 BST | INFO | MOVERS | Tickers | PTC, PCVX, XP, INTR, STNE, PAGS, RXO, NU, DNA, CBRS, ARCO, PCOR, BBWI, BSY, PAX, DKNG, DLO, RSI, TWST, QDEL, PURR, OCTV, HOG, WDC, RIG, APP, VAL, CLF, FMC, AESI, ASAN, NIQ, XERS, HOS, GWRE, SPCX, UPST, PUMP, REAL, U, KVYO, ADSK, TDAY, STX, ODD, TTAN, SHOP, CRML, FWONK, ONDS, CHRW, YSS, INSM, FRVO, ETRA, BRUN, WOLF, QURE, SATL, RARE, EROC, SGMT, KOD, FCEL, LWLG, AADX, SHAZ, ACHV, VSXY, VERA, RUM, WULF, SECZ, LEN, INIO, ERAS, GFS, BMY, HAWK, EAT, ACCV, FWRG, NKTR, IREN, SHLS
2026-10-05 15:37:28 BST | INFO | UNIVERSE | Built | tickers=103
2026-10-05 15:37:28 BST | INFO | FILE | Saved ibkr_gapup (movers) | /root/trading/ASJR/ASJR_Analyst/DataLake/2026-10-05/raw/ibkr_gapup.csv
2026-10-05 15:37:28 BST | INFO | YFINANCE | Daily 30D fetch started | tickers=103
2026-10-05 15:37:32 BST | INFO | YFINANCE | Daily 30D fetch completed | rows=3046
2026-10-05 15:37:32 BST | INFO | FILE | Saved daily_30d | /root/trading/ASJR/ASJR_Analyst/DataLake/2026-10-05/raw/daily_30d.csv
2026-10-05 15:37:32 BST | INFO | FEATURES | Daily summary built | rows=103
2026-10-05 15:37:32 BST | INFO | IBKR | 5m fetch started | tickers=103 | duration=3 D | batch_size=5
2026-10-05 15:37:55 BST | INFO | IBKR | 5m fetch completed | rows=42691
2026-10-05 15:37:55 BST | INFO | FILE | Saved intraday_5m | /root/trading/ASJR/ASJR_Analyst/DataLake/2026-10-05/raw/intraday_5m.csv
2026-10-05 15:37:56 BST | INFO | FEATURES | Intraday summary built | rows=103
2026-10-05 15:37:56 BST | INFO | YFINANCE | Sector/market fetch started
2026-10-05 15:37:56 BST | INFO | YFINANCE | Sector/market fetch completed | rows=15
2026-10-05 15:37:56 BST | INFO | FILE | Saved sector_market_daily | /root/trading/ASJR/ASJR_Analyst/DataLake/2026-10-05/raw/sector_market_daily.csv
2026-10-05 15:37:56 BST | INFO | FILE | Saved ticker_summary | rows=103 | /root/trading/ASJR/ASJR_Analyst/DataLake/2026-10-05/processed/ticker_summary.csv
2026-10-05 15:37:56 BST | INFO | FILE | Saved asjr_snapshot | /root/trading/ASJR/ASJR_Analyst/DataLake/2026-10-05/processed/asjr_snapshot.json
2026-10-05 15:37:56 BST | INFO | RUN | DATA COMPLETE | universe=103 | intraday_rows=42691 | ticker_summary=103
2026-10-05 15:37:56 BST | INFO | GIT | File verification started | count=7
