2026-10-05 18:54:55 BST | INFO | RUN | VERSION | 2026.10.04.3
2026-10-05 18:54:55 BST | INFO | RUN | START | trade_date=2026-10-05
2026-10-05 18:54:55 BST | INFO | WATCHLIST | /root/trading/ASJR/ASJR_Analyst/DataLake/2026-10-05/config/fixed_watchlist.csv | source=prepared
2026-10-05 18:54:55 BST | INFO | RUN | OPTIONS | include_sector=True | git_submit=True | fetch_gapup_from_app=True
2026-10-05 18:54:55 BST | INFO | MOVERS | Fetch started
2026-10-05 18:54:57 BST | INFO | MOVERS | Fetch completed | rows=71
2026-10-05 18:54:57 BST | INFO | MOVERS | Tickers | PTC, XP, PCVX, INTR, PAGS, RXO, STNE, DNA, ARCO, NU, QDEL, NVAX, XERS, HOG, CLF, PAX, BBWI, FMC, PURR, CBRS, TWST, RIG, VAL, DLO, DKNG, ODD, BSY, MRNA, TEM, UPST, RSI, GWRE, SDGR, VIRT, SPCX, RELY, WDC, WLTH, VYLR, OCTV, APP, IMMX, ILMN, U, KLAR, PCOR, REAL, AFRM, FWONK, FUN, BRUN, CHRW, PGEN, SECZ, YSS, FRVO, SATL, SHAZ, LEN, ACMR, AADX, RHI, INSM, NUAI, WULF, CMG, NN, ETRA, SRRK, LWLG, QUBT
2026-10-05 18:54:57 BST | INFO | UNIVERSE | Built | tickers=90
2026-10-05 18:54:57 BST | INFO | FILE | Saved ibkr_gapup (movers) | /root/trading/ASJR/ASJR_Analyst/DataLake/2026-10-05/raw/ibkr_gapup.csv
2026-10-05 18:54:57 BST | INFO | YFINANCE | Daily 30D fetch started | tickers=90
2026-10-05 18:55:04 BST | INFO | YFINANCE | Daily 30D fetch completed | rows=2655
2026-10-05 18:55:04 BST | INFO | FILE | Saved daily_30d | /root/trading/ASJR/ASJR_Analyst/DataLake/2026-10-05/raw/daily_30d.csv
2026-10-05 18:55:04 BST | INFO | FEATURES | Daily summary built | rows=90
2026-10-05 18:55:04 BST | INFO | IBKR | 5m fetch started | tickers=90 | duration=3 D | batch_size=5
2026-10-05 18:55:24 BST | INFO | IBKR | 5m fetch completed | rows=41149
2026-10-05 18:55:24 BST | INFO | FILE | Saved intraday_5m | /root/trading/ASJR/ASJR_Analyst/DataLake/2026-10-05/raw/intraday_5m.csv
2026-10-05 18:55:25 BST | INFO | FEATURES | Intraday summary built | rows=90
2026-10-05 18:55:25 BST | INFO | YFINANCE | Sector/market fetch started
2026-10-05 18:55:26 BST | INFO | YFINANCE | Sector/market fetch completed | rows=15
2026-10-05 18:55:26 BST | INFO | FILE | Saved sector_market_daily | /root/trading/ASJR/ASJR_Analyst/DataLake/2026-10-05/raw/sector_market_daily.csv
2026-10-05 18:55:26 BST | INFO | FILE | Saved ticker_summary | rows=90 | /root/trading/ASJR/ASJR_Analyst/DataLake/2026-10-05/processed/ticker_summary.csv
2026-10-05 18:55:26 BST | INFO | FILE | Saved asjr_snapshot | /root/trading/ASJR/ASJR_Analyst/DataLake/2026-10-05/processed/asjr_snapshot.json
2026-10-05 18:55:26 BST | INFO | RUN | DATA COMPLETE | universe=90 | intraday_rows=41149 | ticker_summary=90
2026-10-05 18:55:26 BST | INFO | GIT | File verification started | count=7
