2026-10-05 06:29:16 BST | INFO | RUN | VERSION | 2026.10.04.3
2026-10-05 06:29:16 BST | INFO | RUN | START | trade_date=2026-10-05
2026-10-05 06:29:16 BST | INFO | WATCHLIST | /root/trading/ASJR/ASJR_Analyst/DataLake/2026-10-05/config/fixed_watchlist.csv | source=prepared
2026-10-05 06:29:16 BST | INFO | RUN | OPTIONS | include_sector=True | git_submit=True | fetch_gapup_from_app=True
2026-10-05 06:29:16 BST | INFO | MOVERS | Fetch started
2026-10-05 06:29:18 BST | INFO | MOVERS | Fetch completed | rows=15
2026-10-05 06:29:18 BST | INFO | MOVERS | Tickers | PTC, XP, STNE, PCVX, INTR, PAGS, MGY, CNH, NU, SRAD, CBRS, VST, PAX, APA, TGB
2026-10-05 06:29:18 BST | INFO | UNIVERSE | Built | tickers=35
2026-10-05 06:29:18 BST | INFO | FILE | Saved ibkr_gapup (movers) | /root/trading/ASJR/ASJR_Analyst/DataLake/2026-10-05/raw/ibkr_gapup.csv
2026-10-05 06:29:18 BST | INFO | YFINANCE | Daily 30D fetch started | tickers=35
2026-10-05 06:29:19 BST | INFO | YFINANCE | Daily 30D fetch completed | rows=1050
2026-10-05 06:29:19 BST | INFO | FILE | Saved daily_30d | /root/trading/ASJR/ASJR_Analyst/DataLake/2026-10-05/raw/daily_30d.csv
2026-10-05 06:29:19 BST | INFO | FEATURES | Daily summary built | rows=35
2026-10-05 06:29:19 BST | INFO | IBKR | 5m fetch started | tickers=35 | duration=3 D | batch_size=5
2026-10-05 06:29:27 BST | INFO | IBKR | 5m fetch completed | rows=18753
2026-10-05 06:29:27 BST | INFO | FILE | Saved intraday_5m | /root/trading/ASJR/ASJR_Analyst/DataLake/2026-10-05/raw/intraday_5m.csv
2026-10-05 06:29:28 BST | INFO | FEATURES | Intraday summary built | rows=35
2026-10-05 06:29:28 BST | INFO | YFINANCE | Sector/market fetch started
2026-10-05 06:29:28 BST | INFO | YFINANCE | Sector/market fetch completed | rows=15
2026-10-05 06:29:28 BST | INFO | FILE | Saved sector_market_daily | /root/trading/ASJR/ASJR_Analyst/DataLake/2026-10-05/raw/sector_market_daily.csv
2026-10-05 06:29:28 BST | INFO | FILE | Saved ticker_summary | rows=35 | /root/trading/ASJR/ASJR_Analyst/DataLake/2026-10-05/processed/ticker_summary.csv
2026-10-05 06:29:28 BST | INFO | FILE | Saved asjr_snapshot | /root/trading/ASJR/ASJR_Analyst/DataLake/2026-10-05/processed/asjr_snapshot.json
2026-10-05 06:29:28 BST | INFO | RUN | DATA COMPLETE | universe=35 | intraday_rows=18753 | ticker_summary=35
2026-10-05 06:29:28 BST | INFO | GIT | File verification started | count=7
