2026-10-05 15:43:02 BST | INFO | RUN | VERSION | 2026.10.04.3
2026-10-05 15:43:02 BST | INFO | RUN | START | trade_date=2026-10-05
2026-10-05 15:43:02 BST | INFO | WATCHLIST | /root/trading/ASJR/ASJR_Analyst/DataLake/2026-10-05/config/fixed_watchlist.csv | source=prepared
2026-10-05 15:43:02 BST | INFO | RUN | OPTIONS | include_sector=True | git_submit=True | fetch_gapup_from_app=True
2026-10-05 15:43:02 BST | INFO | MOVERS | Fetch started
2026-10-05 15:43:04 BST | INFO | MOVERS | Fetch completed | rows=86
2026-10-05 15:43:04 BST | INFO | MOVERS | Tickers | PTC, PCVX, XP, STNE, INTR, PAGS, RXO, NU, DNA, ARCO, CBRS, PCOR, BBWI, PAX, BSY, DKNG, DLO, RSI, HOG, PURR, OCTV, TWST, QDEL, RIG, WDC, APP, VAL, AESI, CLF, FMC, GWRE, ASAN, XERS, UPST, NIQ, PUMP, SPCX, TTAN, ADSK, STX, REAL, ODD, U, HOS, KVYO, ECHO, UCTT, TDAY, WAY, SHOP, CHRW, YSS, INSM, FRVO, SGMT, BRUN, SATL, WOLF, ETRA, QURE, RARE, ERAS, LWLG, FCEL, SHAZ, VERA, AADX, ACHV, LEN, EAT, WULF, VSXY, BMY, RUM, GFS, INIO, ACCV, PGEN, SECZ, CMG, HAWK, FWRG, KOD, EROC, WERN, CELC
2026-10-05 15:43:04 BST | INFO | UNIVERSE | Built | tickers=105
2026-10-05 15:43:04 BST | INFO | FILE | Saved ibkr_gapup (movers) | /root/trading/ASJR/ASJR_Analyst/DataLake/2026-10-05/raw/ibkr_gapup.csv
2026-10-05 15:43:04 BST | INFO | YFINANCE | Daily 30D fetch started | tickers=105
2026-10-05 15:43:07 BST | INFO | YFINANCE | Daily 30D fetch completed | rows=3106
2026-10-05 15:43:07 BST | INFO | FILE | Saved daily_30d | /root/trading/ASJR/ASJR_Analyst/DataLake/2026-10-05/raw/daily_30d.csv
2026-10-05 15:43:07 BST | INFO | FEATURES | Daily summary built | rows=105
2026-10-05 15:43:07 BST | INFO | IBKR | 5m fetch started | tickers=105 | duration=3 D | batch_size=5
2026-10-05 15:43:30 BST | INFO | IBKR | 5m fetch completed | rows=43497
2026-10-05 15:43:30 BST | INFO | FILE | Saved intraday_5m | /root/trading/ASJR/ASJR_Analyst/DataLake/2026-10-05/raw/intraday_5m.csv
2026-10-05 15:43:31 BST | INFO | FEATURES | Intraday summary built | rows=105
2026-10-05 15:43:31 BST | INFO | YFINANCE | Sector/market fetch started
2026-10-05 15:43:32 BST | INFO | YFINANCE | Sector/market fetch completed | rows=15
2026-10-05 15:43:32 BST | INFO | FILE | Saved sector_market_daily | /root/trading/ASJR/ASJR_Analyst/DataLake/2026-10-05/raw/sector_market_daily.csv
2026-10-05 15:43:32 BST | INFO | FILE | Saved ticker_summary | rows=105 | /root/trading/ASJR/ASJR_Analyst/DataLake/2026-10-05/processed/ticker_summary.csv
2026-10-05 15:43:32 BST | INFO | FILE | Saved asjr_snapshot | /root/trading/ASJR/ASJR_Analyst/DataLake/2026-10-05/processed/asjr_snapshot.json
2026-10-05 15:43:32 BST | INFO | RUN | DATA COMPLETE | universe=105 | intraday_rows=43497 | ticker_summary=105
2026-10-05 15:43:32 BST | INFO | GIT | File verification started | count=7
