2026-10-05 19:17:09 BST | INFO | RUN | VERSION | 2026.10.04.3
2026-10-05 19:17:09 BST | INFO | RUN | START | trade_date=2026-10-05
2026-10-05 19:17:09 BST | INFO | WATCHLIST | /root/trading/ASJR/ASJR_Analyst/DataLake/2026-10-05/config/fixed_watchlist.csv | source=prepared
2026-10-05 19:17:09 BST | INFO | RUN | OPTIONS | include_sector=True | git_submit=True | fetch_gapup_from_app=True
2026-10-05 19:17:09 BST | INFO | MOVERS | Fetch started
2026-10-05 19:17:11 BST | INFO | MOVERS | Fetch completed | rows=82
2026-10-05 19:17:11 BST | INFO | MOVERS | Tickers | PTC, XP, PCVX, INTR, RXO, PAGS, STNE, DNA, NVAX, ARCO, QDEL, NU, CLF, PAX, XERS, BBWI, HOG, FMC, TWST, CBRS, BSY, PURR, RIG, VAL, MRNA, VIRT, DLO, ILMN, TEM, WDC, ODD, DKNG, GWRE, SDGR, RELY, VYLR, OCTV, AESI, UPST, APP, ADRX, WLTH, STX, RSI, PCOR, CAI, FWONK, SPCX, RES, NE, BRUN, PGEN, CHRW, SECZ, YSS, FRVO, ACMR, SATL, SHAZ, LEN, NUAI, AADX, RHI, INSM, SRRK, NN, WULF, LQDA, LWLG, ACCV, STTK, CMG, ETRA, BLMN, BETA, NKTR, SHLS, AEVA, FLY, NBIS, BMY, CYTK
2026-10-05 19:17:11 BST | INFO | UNIVERSE | Built | tickers=101
2026-10-05 19:17:11 BST | INFO | FILE | Saved ibkr_gapup (movers) | /root/trading/ASJR/ASJR_Analyst/DataLake/2026-10-05/raw/ibkr_gapup.csv
2026-10-05 19:17:11 BST | INFO | YFINANCE | Daily 30D fetch started | tickers=101
2026-10-05 19:17:14 BST | INFO | YFINANCE | Daily 30D fetch completed | rows=2936
2026-10-05 19:17:14 BST | INFO | FILE | Saved daily_30d | /root/trading/ASJR/ASJR_Analyst/DataLake/2026-10-05/raw/daily_30d.csv
2026-10-05 19:17:14 BST | INFO | FEATURES | Daily summary built | rows=101
2026-10-05 19:17:14 BST | INFO | IBKR | 5m fetch started | tickers=101 | duration=3 D | batch_size=5
2026-10-05 19:17:37 BST | INFO | IBKR | 5m fetch completed | rows=46347
2026-10-05 19:17:37 BST | INFO | FILE | Saved intraday_5m | /root/trading/ASJR/ASJR_Analyst/DataLake/2026-10-05/raw/intraday_5m.csv
2026-10-05 19:17:38 BST | INFO | FEATURES | Intraday summary built | rows=101
2026-10-05 19:17:38 BST | INFO | YFINANCE | Sector/market fetch started
2026-10-05 19:17:39 BST | INFO | YFINANCE | Sector/market fetch completed | rows=15
2026-10-05 19:17:39 BST | INFO | FILE | Saved sector_market_daily | /root/trading/ASJR/ASJR_Analyst/DataLake/2026-10-05/raw/sector_market_daily.csv
2026-10-05 19:17:39 BST | INFO | FILE | Saved ticker_summary | rows=101 | /root/trading/ASJR/ASJR_Analyst/DataLake/2026-10-05/processed/ticker_summary.csv
2026-10-05 19:17:39 BST | INFO | FILE | Saved asjr_snapshot | /root/trading/ASJR/ASJR_Analyst/DataLake/2026-10-05/processed/asjr_snapshot.json
2026-10-05 19:17:39 BST | INFO | RUN | DATA COMPLETE | universe=101 | intraday_rows=46347 | ticker_summary=101
2026-10-05 19:17:39 BST | INFO | GIT | File verification started | count=7
