2026-10-05 19:22:43 BST | INFO | RUN | VERSION | 2026.10.04.3
2026-10-05 19:22:43 BST | INFO | RUN | START | trade_date=2026-10-05
2026-10-05 19:22:43 BST | INFO | WATCHLIST | /root/trading/ASJR/ASJR_Analyst/DataLake/2026-10-05/config/fixed_watchlist.csv | source=prepared
2026-10-05 19:22:43 BST | INFO | RUN | OPTIONS | include_sector=True | git_submit=True | fetch_gapup_from_app=True
2026-10-05 19:22:43 BST | INFO | MOVERS | Fetch started
2026-10-05 19:22:44 BST | INFO | MOVERS | Fetch completed | rows=83
2026-10-05 19:22:44 BST | INFO | MOVERS | Tickers | PTC, XP, PCVX, RXO, INTR, PAGS, STNE, DNA, NVAX, ARCO, QDEL, NU, CLF, PAX, XERS, BBWI, TWST, BSY, HOG, PURR, CBRS, FMC, MRNA, RIG, ILMN, VAL, VIRT, TEM, DLO, SDGR, WDC, GWRE, VYLR, RGNX, RELY, DKNG, WLTH, OCTV, UPST, ODD, AESI, APP, FWONK, CAI, PCOR, KLAR, AFRM, RES, SPCX, NE, BRUN, CHRW, PGEN, SECZ, YSS, FRVO, ACMR, SATL, SHAZ, LEN, AADX, NUAI, RHI, INSM, NN, SRRK, WULF, LWLG, ETRA, LQDA, CMG, BLMN, ACCV, STTK, BETA, FLY, SHLS, AEVA, BMY, BLZE, NBIS, NKTR, CYTK
2026-10-05 19:22:44 BST | INFO | UNIVERSE | Built | tickers=102
2026-10-05 19:22:44 BST | INFO | FILE | Saved ibkr_gapup (movers) | /root/trading/ASJR/ASJR_Analyst/DataLake/2026-10-05/raw/ibkr_gapup.csv
2026-10-05 19:22:44 BST | INFO | YFINANCE | Daily 30D fetch started | tickers=102
2026-10-05 19:22:47 BST | INFO | YFINANCE | Daily 30D fetch completed | rows=2989
2026-10-05 19:22:47 BST | INFO | FILE | Saved daily_30d | /root/trading/ASJR/ASJR_Analyst/DataLake/2026-10-05/raw/daily_30d.csv
2026-10-05 19:22:47 BST | INFO | FEATURES | Daily summary built | rows=102
2026-10-05 19:22:47 BST | INFO | IBKR | 5m fetch started | tickers=102 | duration=3 D | batch_size=5
2026-10-05 19:23:10 BST | INFO | IBKR | 5m fetch completed | rows=47143
2026-10-05 19:23:10 BST | INFO | FILE | Saved intraday_5m | /root/trading/ASJR/ASJR_Analyst/DataLake/2026-10-05/raw/intraday_5m.csv
2026-10-05 19:23:11 BST | INFO | FEATURES | Intraday summary built | rows=102
2026-10-05 19:23:11 BST | INFO | YFINANCE | Sector/market fetch started
2026-10-05 19:23:11 BST | INFO | YFINANCE | Sector/market fetch completed | rows=15
2026-10-05 19:23:11 BST | INFO | FILE | Saved sector_market_daily | /root/trading/ASJR/ASJR_Analyst/DataLake/2026-10-05/raw/sector_market_daily.csv
2026-10-05 19:23:12 BST | INFO | FILE | Saved ticker_summary | rows=102 | /root/trading/ASJR/ASJR_Analyst/DataLake/2026-10-05/processed/ticker_summary.csv
2026-10-05 19:23:12 BST | INFO | FILE | Saved asjr_snapshot | /root/trading/ASJR/ASJR_Analyst/DataLake/2026-10-05/processed/asjr_snapshot.json
2026-10-05 19:23:12 BST | INFO | RUN | DATA COMPLETE | universe=102 | intraday_rows=47143 | ticker_summary=102
2026-10-05 19:23:12 BST | INFO | GIT | File verification started | count=7
