2026-10-05 19:45:03 BST | INFO | RUN | VERSION | 2026.10.04.3
2026-10-05 19:45:03 BST | INFO | RUN | START | trade_date=2026-10-05
2026-10-05 19:45:03 BST | INFO | WATCHLIST | /root/trading/ASJR/ASJR_Analyst/DataLake/2026-10-05/config/fixed_watchlist.csv | source=prepared
2026-10-05 19:45:03 BST | INFO | RUN | OPTIONS | include_sector=True | git_submit=True | fetch_gapup_from_app=True
2026-10-05 19:45:03 BST | INFO | MOVERS | Fetch started
2026-10-05 19:45:04 BST | INFO | MOVERS | Fetch completed | rows=90
2026-10-05 19:45:04 BST | INFO | MOVERS | Tickers | PTC, XP, PCVX, INTR, RXO, PAGS, DNA, STNE, NVAX, QDEL, ARCO, NU, XERS, CLF, PAX, TWST, BSY, FMC, PURR, HOG, BBWI, MRNA, VIRT, RIG, VAL, CBRS, SDGR, TEM, GWRE, RELY, CAI, ILMN, DLO, ALHC, PCOR, MRVI, VYLR, UPST, OCTV, WLTH, LIFE, DKNG, NEOG, WDC, APP, FWONK, KLAR, AFRM, NUE, ENOV, BRUN, CHRW, PGEN, SECZ, YSS, ACMR, FRVO, AADX, SHAZ, SRRK, SATL, LEN, NUAI, INSM, BETA, WULF, RHI, INOD, LWLG, NN, FCEL, RDW, FLY, ACCV, STTK, ETRA, LQDA, BLMN, NBIS, CMG, LUNR, CRDO, AEVA, INIO, NKTR, KRMN, CYTK, WOLF, SHLS, QUBT
2026-10-05 19:45:05 BST | INFO | UNIVERSE | Built | tickers=108
2026-10-05 19:45:05 BST | INFO | FILE | Saved ibkr_gapup (movers) | /root/trading/ASJR/ASJR_Analyst/DataLake/2026-10-05/raw/ibkr_gapup.csv
2026-10-05 19:45:05 BST | INFO | YFINANCE | Daily 30D fetch started | tickers=108
2026-10-05 19:45:09 BST | INFO | YFINANCE | Daily 30D fetch completed | rows=3169
2026-10-05 19:45:09 BST | INFO | FILE | Saved daily_30d | /root/trading/ASJR/ASJR_Analyst/DataLake/2026-10-05/raw/daily_30d.csv
2026-10-05 19:45:09 BST | INFO | FEATURES | Daily summary built | rows=108
2026-10-05 19:45:09 BST | INFO | IBKR | 5m fetch started | tickers=108 | duration=3 D | batch_size=5
2026-10-05 19:45:34 BST | INFO | IBKR | 5m fetch completed | rows=50655
2026-10-05 19:45:34 BST | INFO | FILE | Saved intraday_5m | /root/trading/ASJR/ASJR_Analyst/DataLake/2026-10-05/raw/intraday_5m.csv
2026-10-05 19:45:35 BST | INFO | FEATURES | Intraday summary built | rows=108
2026-10-05 19:45:35 BST | INFO | YFINANCE | Sector/market fetch started
2026-10-05 19:45:36 BST | INFO | YFINANCE | Sector/market fetch completed | rows=15
2026-10-05 19:45:36 BST | INFO | FILE | Saved sector_market_daily | /root/trading/ASJR/ASJR_Analyst/DataLake/2026-10-05/raw/sector_market_daily.csv
2026-10-05 19:45:36 BST | INFO | FILE | Saved ticker_summary | rows=108 | /root/trading/ASJR/ASJR_Analyst/DataLake/2026-10-05/processed/ticker_summary.csv
2026-10-05 19:45:36 BST | INFO | FILE | Saved asjr_snapshot | /root/trading/ASJR/ASJR_Analyst/DataLake/2026-10-05/processed/asjr_snapshot.json
2026-10-05 19:45:36 BST | INFO | RUN | DATA COMPLETE | universe=108 | intraday_rows=50655 | ticker_summary=108
2026-10-05 19:45:36 BST | INFO | GIT | File verification started | count=7
