2026-10-05 20:34:31 BST | INFO | RUN | VERSION | 2026.10.04.3
2026-10-05 20:34:31 BST | INFO | RUN | START | trade_date=2026-10-05
2026-10-05 20:34:31 BST | INFO | WATCHLIST | /root/trading/ASJR/ASJR_Analyst/DataLake/2026-10-05/config/fixed_watchlist.csv | source=prepared
2026-10-05 20:34:31 BST | INFO | RUN | OPTIONS | include_sector=True | git_submit=True | fetch_gapup_from_app=True
2026-10-05 20:34:31 BST | INFO | MOVERS | Fetch started
2026-10-05 20:34:33 BST | INFO | MOVERS | Fetch completed | rows=85
2026-10-05 20:34:33 BST | INFO | MOVERS | Tickers | PTC, XP, PCVX, NVAX, RXO, DNA, PAGS, INTR, STNE, ARCO, NU, QDEL, XERS, CLF, CBRS, PAX, TWST, BBWI, VYLR, BSY, SDGR, PURR, MRVI, VIRT, ILMN, ZVRA, FMC, TEM, HOG, GWRE, RIG, VAL, RELY, SPCX, CAI, HTFL, PCOR, ASO, WAY, NEOG, OCTV, ALHC, MRNA, LIFE, WDC, UPST, DLO, APP, ATEC, CERT, BRUN, PGEN, SECZ, CHRW, ACMR, AADX, SRRK, YSS, FRVO, SATL, BETA, ETRA, LEN, ACCV, STTK, NUAI, INSM, RDW, INOD, FLY, RHI, INIO, SHAZ, LQDA, WULF, CMG, BLMN, NN, HAWK, NKTR, FCEL, EROC, CYTK, BMY, LUNR
2026-10-05 20:34:33 BST | INFO | UNIVERSE | Built | tickers=104
2026-10-05 20:34:33 BST | INFO | FILE | Saved ibkr_gapup (movers) | /root/trading/ASJR/ASJR_Analyst/DataLake/2026-10-05/raw/ibkr_gapup.csv
2026-10-05 20:34:33 BST | INFO | YFINANCE | Daily 30D fetch started | tickers=104
2026-10-05 20:34:38 BST | INFO | YFINANCE | Daily 30D fetch completed | rows=3049
2026-10-05 20:34:38 BST | INFO | FILE | Saved daily_30d | /root/trading/ASJR/ASJR_Analyst/DataLake/2026-10-05/raw/daily_30d.csv
2026-10-05 20:34:38 BST | INFO | FEATURES | Daily summary built | rows=104
2026-10-05 20:34:38 BST | INFO | IBKR | 5m fetch started | tickers=104 | duration=3 D | batch_size=5
2026-10-05 20:35:00 BST | INFO | IBKR | 5m fetch completed | rows=49547
2026-10-05 20:35:01 BST | INFO | FILE | Saved intraday_5m | /root/trading/ASJR/ASJR_Analyst/DataLake/2026-10-05/raw/intraday_5m.csv
2026-10-05 20:35:02 BST | INFO | FEATURES | Intraday summary built | rows=104
2026-10-05 20:35:02 BST | INFO | YFINANCE | Sector/market fetch started
2026-10-05 20:35:04 BST | INFO | YFINANCE | Sector/market fetch completed | rows=15
2026-10-05 20:35:04 BST | INFO | FILE | Saved sector_market_daily | /root/trading/ASJR/ASJR_Analyst/DataLake/2026-10-05/raw/sector_market_daily.csv
2026-10-05 20:35:04 BST | INFO | FILE | Saved ticker_summary | rows=104 | /root/trading/ASJR/ASJR_Analyst/DataLake/2026-10-05/processed/ticker_summary.csv
2026-10-05 20:35:04 BST | INFO | FILE | Saved asjr_snapshot | /root/trading/ASJR/ASJR_Analyst/DataLake/2026-10-05/processed/asjr_snapshot.json
2026-10-05 20:35:04 BST | INFO | RUN | DATA COMPLETE | universe=104 | intraday_rows=49547 | ticker_summary=104
2026-10-05 20:35:04 BST | INFO | GIT | File verification started | count=7
