2026-10-05 16:23:40 BST | INFO | RUN | VERSION | 2026.10.04.3
2026-10-05 16:23:40 BST | INFO | RUN | START | trade_date=2026-10-05
2026-10-05 16:23:40 BST | INFO | WATCHLIST | /root/trading/ASJR/ASJR_Analyst/DataLake/2026-10-05/config/fixed_watchlist.csv | source=prepared
2026-10-05 16:23:40 BST | INFO | RUN | OPTIONS | include_sector=True | git_submit=True | fetch_gapup_from_app=True
2026-10-05 16:23:40 BST | INFO | MOVERS | Fetch started
2026-10-05 16:23:42 BST | INFO | MOVERS | Fetch completed | rows=91
2026-10-05 16:23:42 BST | INFO | MOVERS | Tickers | PTC, XP, PCVX, STNE, INTR, PAGS, RXO, DNA, NU, ARCO, CBRS, PAX, QDEL, DKNG, BBWI, HOG, BSY, PURR, RIG, VAL, DLO, XERS, PCOR, OCTV, ODD, TWST, WDC, AESI, GWRE, RSI, TEM, TDAY, SDGR, CLF, APP, UPST, KLAR, DXC, U, RELY, WAY, HOS, CAI, ADSK, SPCX, PUMP, STX, LIFE, REAL, PSN, CHRW, YSS, SATL, FRVO, BRUN, INSM, PGEN, ERAS, SGMT, LWLG, WOLF, WRBY, WULF, FCEL, RARE, HAWK, SECZ, ETRA, VSXY, RUM, AADX, LEN, SHAZ, ACHV, SRRK, FLY, AEVA, QURE, BLMN, NUAI, SHLS, EAT, CMG, GFS, INIO, APLD, OLMA, NKTR, IREN, INFQ, SWKS
2026-10-05 16:23:42 BST | INFO | UNIVERSE | Built | tickers=110
2026-10-05 16:23:42 BST | INFO | FILE | Saved ibkr_gapup (movers) | /root/trading/ASJR/ASJR_Analyst/DataLake/2026-10-05/raw/ibkr_gapup.csv
2026-10-05 16:23:42 BST | INFO | YFINANCE | Daily 30D fetch started | tickers=110
2026-10-05 16:23:46 BST | INFO | YFINANCE | Daily 30D fetch completed | rows=3282
2026-10-05 16:23:46 BST | INFO | FILE | Saved daily_30d | /root/trading/ASJR/ASJR_Analyst/DataLake/2026-10-05/raw/daily_30d.csv
2026-10-05 16:23:46 BST | INFO | FEATURES | Daily summary built | rows=110
2026-10-05 16:23:46 BST | INFO | IBKR | 5m fetch started | tickers=110 | duration=3 D | batch_size=5
2026-10-05 16:24:10 BST | INFO | IBKR | 5m fetch completed | rows=47132
2026-10-05 16:24:11 BST | INFO | FILE | Saved intraday_5m | /root/trading/ASJR/ASJR_Analyst/DataLake/2026-10-05/raw/intraday_5m.csv
2026-10-05 16:24:11 BST | INFO | FEATURES | Intraday summary built | rows=110
2026-10-05 16:24:11 BST | INFO | YFINANCE | Sector/market fetch started
2026-10-05 16:24:12 BST | INFO | YFINANCE | Sector/market fetch completed | rows=15
2026-10-05 16:24:12 BST | INFO | FILE | Saved sector_market_daily | /root/trading/ASJR/ASJR_Analyst/DataLake/2026-10-05/raw/sector_market_daily.csv
2026-10-05 16:24:12 BST | INFO | FILE | Saved ticker_summary | rows=110 | /root/trading/ASJR/ASJR_Analyst/DataLake/2026-10-05/processed/ticker_summary.csv
2026-10-05 16:24:12 BST | INFO | FILE | Saved asjr_snapshot | /root/trading/ASJR/ASJR_Analyst/DataLake/2026-10-05/processed/asjr_snapshot.json
2026-10-05 16:24:12 BST | INFO | RUN | DATA COMPLETE | universe=110 | intraday_rows=47132 | ticker_summary=110
2026-10-05 16:24:12 BST | INFO | GIT | File verification started | count=7
