2026-10-05 20:46:05 BST | INFO | RUN | VERSION | 2026.10.04.3
2026-10-05 20:46:05 BST | INFO | RUN | START | trade_date=2026-10-05
2026-10-05 20:46:05 BST | INFO | WATCHLIST | /root/trading/ASJR/ASJR_Analyst/DataLake/2026-10-05/config/fixed_watchlist.csv | source=prepared
2026-10-05 20:46:05 BST | INFO | RUN | OPTIONS | include_sector=True | git_submit=True | fetch_gapup_from_app=True
2026-10-05 20:46:05 BST | INFO | MOVERS | Fetch started
2026-10-05 20:46:06 BST | INFO | MOVERS | Fetch completed | rows=79
2026-10-05 20:46:06 BST | INFO | MOVERS | Tickers | PTC, XP, PCVX, NVAX, RXO, DNA, PAGS, INTR, STNE, ARCO, NU, QDEL, XERS, TWST, CBRS, CLF, PAX, TEM, BBWI, PURR, VYLR, MRVI, BSY, ILMN, ZVRA, GWRE, VIRT, ALHC, CAI, ASO, SDGR, FMC, SPCX, UPST, VAL, LIFE, HTFL, RIG, NEOG, HOG, TTAN, OCTV, MRNA, PCOR, RELY, WAY, ATEC, ENOV, WLTH, CERT, BRUN, PGEN, CHRW, SECZ, ACMR, SRRK, BETA, AADX, YSS, FRVO, ETRA, SATL, LEN, LQDA, INSM, ACCV, RDW, RHI, INIO, INOD, NUAI, SHAZ, FLY, WULF, STTK, CYTK, CMG, NN, BMY
2026-10-05 20:46:06 BST | INFO | UNIVERSE | Built | tickers=99
2026-10-05 20:46:06 BST | INFO | FILE | Saved ibkr_gapup (movers) | /root/trading/ASJR/ASJR_Analyst/DataLake/2026-10-05/raw/ibkr_gapup.csv
2026-10-05 20:46:06 BST | INFO | YFINANCE | Daily 30D fetch started | tickers=99
2026-10-05 20:46:17 BST | INFO | YFINANCE | Daily 30D fetch completed | rows=2899
2026-10-05 20:46:17 BST | INFO | FILE | Saved daily_30d | /root/trading/ASJR/ASJR_Analyst/DataLake/2026-10-05/raw/daily_30d.csv
2026-10-05 20:46:17 BST | INFO | FEATURES | Daily summary built | rows=99
2026-10-05 20:46:17 BST | INFO | IBKR | 5m fetch started | tickers=99 | duration=3 D | batch_size=5
2026-10-05 20:46:39 BST | INFO | IBKR | 5m fetch completed | rows=47187
2026-10-05 20:46:39 BST | INFO | FILE | Saved intraday_5m | /root/trading/ASJR/ASJR_Analyst/DataLake/2026-10-05/raw/intraday_5m.csv
2026-10-05 20:46:40 BST | INFO | FEATURES | Intraday summary built | rows=99
2026-10-05 20:46:40 BST | INFO | YFINANCE | Sector/market fetch started
2026-10-05 20:46:41 BST | INFO | YFINANCE | Sector/market fetch completed | rows=15
2026-10-05 20:46:41 BST | INFO | FILE | Saved sector_market_daily | /root/trading/ASJR/ASJR_Analyst/DataLake/2026-10-05/raw/sector_market_daily.csv
2026-10-05 20:46:41 BST | INFO | FILE | Saved ticker_summary | rows=99 | /root/trading/ASJR/ASJR_Analyst/DataLake/2026-10-05/processed/ticker_summary.csv
2026-10-05 20:46:41 BST | INFO | FILE | Saved asjr_snapshot | /root/trading/ASJR/ASJR_Analyst/DataLake/2026-10-05/processed/asjr_snapshot.json
2026-10-05 20:46:41 BST | INFO | RUN | DATA COMPLETE | universe=99 | intraday_rows=47187 | ticker_summary=99
2026-10-05 20:46:41 BST | INFO | GIT | File verification started | count=7
