2026-10-05 17:07:59 BST | INFO | RUN | VERSION | 2026.10.04.3
2026-10-05 17:07:59 BST | INFO | RUN | START | trade_date=2026-10-05
2026-10-05 17:07:59 BST | INFO | WATCHLIST | /root/trading/ASJR/ASJR_Analyst/DataLake/2026-10-05/config/fixed_watchlist.csv | source=prepared
2026-10-05 17:07:59 BST | INFO | RUN | OPTIONS | include_sector=True | git_submit=True | fetch_gapup_from_app=True
2026-10-05 17:07:59 BST | INFO | MOVERS | Fetch started
2026-10-05 17:08:01 BST | INFO | MOVERS | Fetch completed | rows=79
2026-10-05 17:08:01 BST | INFO | MOVERS | Tickers | XP, PTC, PCVX, INTR, STNE, PAGS, RXO, DNA, NU, ARCO, QDEL, HOG, BSY, ODD, XERS, BBWI, DKNG, AESI, PAX, RIG, PURR, VAL, RSI, CBRS, DLO, CLF, PCOR, TEM, OCTV, TWST, GWRE, FMC, RGNX, APP, WDC, TDAY, VIRT, SDGR, REAL, NE, UPST, CAI, WLTH, RELY, U, DXC, ADSK, TTAN, PSN, HOS, CHRW, BRUN, YSS, SATL, FRVO, SECZ, PGEN, INSM, AADX, SGMT, LEN, NUAI, HAWK, CMG, INIO, WULF, ETRA, ERAS, STTK, SHAZ, FCEL, NKTR, WRBY, BLMN, ACCV, ACMR, RUM, VSXY, RARE
2026-10-05 17:08:01 BST | INFO | UNIVERSE | Built | tickers=98
2026-10-05 17:08:01 BST | INFO | FILE | Saved ibkr_gapup (movers) | /root/trading/ASJR/ASJR_Analyst/DataLake/2026-10-05/raw/ibkr_gapup.csv
2026-10-05 17:08:01 BST | INFO | YFINANCE | Daily 30D fetch started | tickers=98
2026-10-05 17:08:05 BST | INFO | YFINANCE | Daily 30D fetch completed | rows=2896
2026-10-05 17:08:05 BST | INFO | FILE | Saved daily_30d | /root/trading/ASJR/ASJR_Analyst/DataLake/2026-10-05/raw/daily_30d.csv
2026-10-05 17:08:05 BST | INFO | FEATURES | Daily summary built | rows=98
2026-10-05 17:08:05 BST | INFO | IBKR | 5m fetch started | tickers=98 | duration=3 D | batch_size=5
2026-10-05 17:08:26 BST | INFO | IBKR | 5m fetch completed | rows=42283
2026-10-05 17:08:26 BST | INFO | FILE | Saved intraday_5m | /root/trading/ASJR/ASJR_Analyst/DataLake/2026-10-05/raw/intraday_5m.csv
2026-10-05 17:08:27 BST | INFO | FEATURES | Intraday summary built | rows=98
2026-10-05 17:08:27 BST | INFO | YFINANCE | Sector/market fetch started
2026-10-05 17:08:28 BST | INFO | YFINANCE | Sector/market fetch completed | rows=15
2026-10-05 17:08:28 BST | INFO | FILE | Saved sector_market_daily | /root/trading/ASJR/ASJR_Analyst/DataLake/2026-10-05/raw/sector_market_daily.csv
2026-10-05 17:08:28 BST | INFO | FILE | Saved ticker_summary | rows=98 | /root/trading/ASJR/ASJR_Analyst/DataLake/2026-10-05/processed/ticker_summary.csv
2026-10-05 17:08:28 BST | INFO | FILE | Saved asjr_snapshot | /root/trading/ASJR/ASJR_Analyst/DataLake/2026-10-05/processed/asjr_snapshot.json
2026-10-05 17:08:28 BST | INFO | RUN | DATA COMPLETE | universe=98 | intraday_rows=42283 | ticker_summary=98
2026-10-05 17:08:28 BST | INFO | GIT | File verification started | count=7
