2026-10-05 01:01:43 BST | INFO | RUN | VERSION | 2026.10.04.3
2026-10-05 01:01:43 BST | INFO | RUN | START | trade_date=2026-10-05
2026-10-05 01:01:43 BST | INFO | WATCHLIST | /root/trading/ASJR/ASJR_Analyst/DataLake/2026-10-05/config/fixed_watchlist.csv | source=/root/trading/ASJR/ASJR_Analyst/DataLake/2026-10-02/config/fixed_watchlist.csv
2026-10-05 01:01:43 BST | INFO | RUN | OPTIONS | include_sector=True | git_submit=True | fetch_gapup_from_app=True
2026-10-05 01:01:43 BST | INFO | MOVERS | Fetch started
2026-10-05 01:01:47 BST | INFO | MOVERS | Fetch completed | rows=10
2026-10-05 01:01:47 BST | INFO | MOVERS | Tickers | PAGS, STNE, CBRS, MGM, VST, APA, BTDR, B, FRVO, TGB
2026-10-05 01:01:47 BST | INFO | UNIVERSE | Built | tickers=30
2026-10-05 01:01:47 BST | INFO | FILE | Saved ibkr_gapup (movers) | /root/trading/ASJR/ASJR_Analyst/DataLake/2026-10-05/raw/ibkr_gapup.csv
2026-10-05 01:01:47 BST | INFO | YFINANCE | Daily 30D fetch started | tickers=30
2026-10-05 01:01:48 BST | INFO | YFINANCE | Daily 30D fetch completed | rows=900
2026-10-05 01:01:48 BST | INFO | FILE | Saved daily_30d | /root/trading/ASJR/ASJR_Analyst/DataLake/2026-10-05/raw/daily_30d.csv
2026-10-05 01:01:48 BST | INFO | FEATURES | Daily summary built | rows=30
2026-10-05 01:01:48 BST | INFO | IBKR | 5m fetch started | tickers=30 | duration=3 D | batch_size=5
2026-10-05 01:01:58 BST | INFO | IBKR | 5m fetch completed | rows=16638
2026-10-05 01:01:58 BST | INFO | FILE | Saved intraday_5m | /root/trading/ASJR/ASJR_Analyst/DataLake/2026-10-05/raw/intraday_5m.csv
2026-10-05 01:01:58 BST | INFO | FEATURES | Intraday summary built | rows=30
2026-10-05 01:01:58 BST | INFO | YFINANCE | Sector/market fetch started
2026-10-05 01:01:59 BST | INFO | YFINANCE | Sector/market fetch completed | rows=15
2026-10-05 01:01:59 BST | INFO | FILE | Saved sector_market_daily | /root/trading/ASJR/ASJR_Analyst/DataLake/2026-10-05/raw/sector_market_daily.csv
2026-10-05 01:01:59 BST | INFO | FILE | Saved ticker_summary | rows=30 | /root/trading/ASJR/ASJR_Analyst/DataLake/2026-10-05/processed/ticker_summary.csv
2026-10-05 01:01:59 BST | INFO | FILE | Saved asjr_snapshot | /root/trading/ASJR/ASJR_Analyst/DataLake/2026-10-05/processed/asjr_snapshot.json
2026-10-05 01:01:59 BST | INFO | RUN | DATA COMPLETE | universe=30 | intraday_rows=16638 | ticker_summary=30
2026-10-05 01:01:59 BST | INFO | GIT | File verification started | count=7
