2026-10-05 19:39:22 BST | INFO | RUN | VERSION | 2026.10.04.3
2026-10-05 19:39:22 BST | INFO | RUN | START | trade_date=2026-10-05
2026-10-05 19:39:22 BST | INFO | WATCHLIST | /root/trading/ASJR/ASJR_Analyst/DataLake/2026-10-05/config/fixed_watchlist.csv | source=prepared
2026-10-05 19:39:22 BST | INFO | RUN | OPTIONS | include_sector=True | git_submit=True | fetch_gapup_from_app=True
2026-10-05 19:39:22 BST | INFO | MOVERS | Fetch started
2026-10-05 19:39:24 BST | INFO | MOVERS | Fetch completed | rows=88
2026-10-05 19:39:24 BST | INFO | MOVERS | Tickers | PTC, XP, PCVX, INTR, RXO, PAGS, STNE, DNA, NVAX, QDEL, ARCO, NU, XERS, CLF, PAX, TWST, BSY, BBWI, FMC, HOG, PURR, MRNA, VIRT, RIG, CBRS, SDGR, VAL, TEM, GWRE, ILMN, CAI, RELY, LIFE, DLO, VYLR, PCOR, MRVI, WLTH, UPST, OCTV, DKNG, ALHC, FWONK, APP, WDC, NEOG, REAL, AFRM, ODD, ENOV, BRUN, CHRW, PGEN, SECZ, YSS, FRVO, ACMR, AADX, SATL, SHAZ, NUAI, LEN, SRRK, INSM, RHI, LWLG, WULF, BETA, NN, ETRA, STTK, INOD, ACCV, NBIS, FLY, RDW, BLMN, SHLS, LQDA, FCEL, LUNR, CMG, AEVA, NKTR, INIO, CRDO, EROC, QUBT
2026-10-05 19:39:24 BST | INFO | UNIVERSE | Built | tickers=106
2026-10-05 19:39:24 BST | INFO | FILE | Saved ibkr_gapup (movers) | /root/trading/ASJR/ASJR_Analyst/DataLake/2026-10-05/raw/ibkr_gapup.csv
2026-10-05 19:39:24 BST | INFO | YFINANCE | Daily 30D fetch started | tickers=106
2026-10-05 19:39:27 BST | INFO | YFINANCE | Daily 30D fetch completed | rows=3109
2026-10-05 19:39:27 BST | INFO | FILE | Saved daily_30d | /root/trading/ASJR/ASJR_Analyst/DataLake/2026-10-05/raw/daily_30d.csv
2026-10-05 19:39:27 BST | INFO | FEATURES | Daily summary built | rows=106
2026-10-05 19:39:27 BST | INFO | IBKR | 5m fetch started | tickers=106 | duration=3 D | batch_size=5
2026-10-05 19:39:51 BST | INFO | IBKR | 5m fetch completed | rows=49649
2026-10-05 19:39:51 BST | INFO | FILE | Saved intraday_5m | /root/trading/ASJR/ASJR_Analyst/DataLake/2026-10-05/raw/intraday_5m.csv
2026-10-05 19:39:52 BST | INFO | FEATURES | Intraday summary built | rows=106
2026-10-05 19:39:52 BST | INFO | YFINANCE | Sector/market fetch started
2026-10-05 19:39:58 BST | INFO | YFINANCE | Sector/market fetch completed | rows=15
2026-10-05 19:39:58 BST | INFO | FILE | Saved sector_market_daily | /root/trading/ASJR/ASJR_Analyst/DataLake/2026-10-05/raw/sector_market_daily.csv
2026-10-05 19:39:58 BST | INFO | FILE | Saved ticker_summary | rows=106 | /root/trading/ASJR/ASJR_Analyst/DataLake/2026-10-05/processed/ticker_summary.csv
2026-10-05 19:39:58 BST | INFO | FILE | Saved asjr_snapshot | /root/trading/ASJR/ASJR_Analyst/DataLake/2026-10-05/processed/asjr_snapshot.json
2026-10-05 19:39:58 BST | INFO | RUN | DATA COMPLETE | universe=106 | intraday_rows=49649 | ticker_summary=106
2026-10-05 19:39:58 BST | INFO | GIT | File verification started | count=7
