2026-10-05 18:10:26 BST | INFO | RUN | VERSION | 2026.10.04.3
2026-10-05 18:10:26 BST | INFO | RUN | START | trade_date=2026-10-05
2026-10-05 18:10:26 BST | INFO | WATCHLIST | /root/trading/ASJR/ASJR_Analyst/DataLake/2026-10-05/config/fixed_watchlist.csv | source=prepared
2026-10-05 18:10:26 BST | INFO | RUN | OPTIONS | include_sector=True | git_submit=True | fetch_gapup_from_app=True
2026-10-05 18:10:26 BST | INFO | MOVERS | Fetch started
2026-10-05 18:10:28 BST | INFO | MOVERS | Fetch completed | rows=82
2026-10-05 18:10:28 BST | INFO | MOVERS | Tickers | PTC, XP, PCVX, INTR, STNE, PAGS, RXO, DNA, ARCO, NU, XERS, QDEL, HOG, PAX, CLF, BBWI, FMC, PURR, RIG, BSY, VAL, RSI, CBRS, DLO, DKNG, TWST, GWRE, REAL, WDC, AESI, VIRT, PCOR, UPST, RGNX, NVAX, ODD, OCTV, RES, SPCX, MRNA, TEM, WAY, SDGR, U, RELY, FWONK, KLAR, APP, NE, AFRM, CHRW, BRUN, YSS, SECZ, SATL, FRVO, PGEN, SHAZ, ACMR, LEN, INSM, ETRA, NUAI, HAWK, AADX, WULF, RHI, FLY, BETA, SRRK, CMG, NN, APLD, NBIS, ACCV, WRBY, LWLG, WYFI, CLSK, AEVA, INFQ, INIO
2026-10-05 18:10:28 BST | INFO | UNIVERSE | Built | tickers=101
2026-10-05 18:10:28 BST | INFO | FILE | Saved ibkr_gapup (movers) | /root/trading/ASJR/ASJR_Analyst/DataLake/2026-10-05/raw/ibkr_gapup.csv
2026-10-05 18:10:28 BST | INFO | YFINANCE | Daily 30D fetch started | tickers=101
2026-10-05 18:10:33 BST | INFO | YFINANCE | Daily 30D fetch completed | rows=2986
2026-10-05 18:10:33 BST | INFO | FILE | Saved daily_30d | /root/trading/ASJR/ASJR_Analyst/DataLake/2026-10-05/raw/daily_30d.csv
2026-10-05 18:10:33 BST | INFO | FEATURES | Daily summary built | rows=101
2026-10-05 18:10:33 BST | INFO | IBKR | 5m fetch started | tickers=101 | duration=3 D | batch_size=5
2026-10-05 18:10:58 BST | INFO | IBKR | 5m fetch completed | rows=45440
2026-10-05 18:10:58 BST | INFO | FILE | Saved intraday_5m | /root/trading/ASJR/ASJR_Analyst/DataLake/2026-10-05/raw/intraday_5m.csv
2026-10-05 18:10:59 BST | INFO | FEATURES | Intraday summary built | rows=101
2026-10-05 18:10:59 BST | INFO | YFINANCE | Sector/market fetch started
2026-10-05 18:10:59 BST | INFO | YFINANCE | Sector/market fetch completed | rows=15
2026-10-05 18:10:59 BST | INFO | FILE | Saved sector_market_daily | /root/trading/ASJR/ASJR_Analyst/DataLake/2026-10-05/raw/sector_market_daily.csv
2026-10-05 18:10:59 BST | INFO | FILE | Saved ticker_summary | rows=101 | /root/trading/ASJR/ASJR_Analyst/DataLake/2026-10-05/processed/ticker_summary.csv
2026-10-05 18:10:59 BST | INFO | FILE | Saved asjr_snapshot | /root/trading/ASJR/ASJR_Analyst/DataLake/2026-10-05/processed/asjr_snapshot.json
2026-10-05 18:10:59 BST | INFO | RUN | DATA COMPLETE | universe=101 | intraday_rows=45440 | ticker_summary=101
2026-10-05 18:10:59 BST | INFO | GIT | File verification started | count=7
