2026-10-05 03:43:54 BST | INFO | RUN | VERSION | 2026.10.04.3
2026-10-05 03:43:54 BST | INFO | RUN | START | trade_date=2026-10-05
2026-10-05 03:43:54 BST | INFO | WATCHLIST | /root/trading/ASJR/ASJR_Analyst/DataLake/2026-10-05/config/fixed_watchlist.csv | source=prepared
2026-10-05 03:43:54 BST | INFO | RUN | OPTIONS | include_sector=True | git_submit=True | fetch_gapup_from_app=True
2026-10-05 03:43:54 BST | INFO | MOVERS | Fetch started
2026-10-05 03:43:55 BST | INFO | MOVERS | Fetch completed | rows=16
2026-10-05 03:43:55 BST | INFO | MOVERS | Tickers | SDEV, PTC, XP, PCVX, STNE, NU, PAGS, INTR, MGY, SRAD, VST, CBRS, APA, FORM, PURR, TGB
2026-10-05 03:43:55 BST | INFO | UNIVERSE | Built | tickers=36
2026-10-05 03:43:55 BST | INFO | FILE | Saved ibkr_gapup (movers) | /root/trading/ASJR/ASJR_Analyst/DataLake/2026-10-05/raw/ibkr_gapup.csv
2026-10-05 03:43:55 BST | INFO | YFINANCE | Daily 30D fetch started | tickers=36
2026-10-05 03:43:55 BST | INFO | YFINANCE | Daily 30D fetch completed | rows=1080
2026-10-05 03:43:55 BST | INFO | FILE | Saved daily_30d | /root/trading/ASJR/ASJR_Analyst/DataLake/2026-10-05/raw/daily_30d.csv
2026-10-05 03:43:55 BST | INFO | FEATURES | Daily summary built | rows=36
2026-10-05 03:43:55 BST | INFO | IBKR | 5m fetch started | tickers=36 | duration=3 D | batch_size=5
2026-10-05 03:44:04 BST | INFO | IBKR | 5m fetch completed | rows=19525
2026-10-05 03:44:04 BST | INFO | FILE | Saved intraday_5m | /root/trading/ASJR/ASJR_Analyst/DataLake/2026-10-05/raw/intraday_5m.csv
2026-10-05 03:44:05 BST | INFO | FEATURES | Intraday summary built | rows=36
2026-10-05 03:44:05 BST | INFO | YFINANCE | Sector/market fetch started
2026-10-05 03:44:05 BST | INFO | YFINANCE | Sector/market fetch completed | rows=15
2026-10-05 03:44:05 BST | INFO | FILE | Saved sector_market_daily | /root/trading/ASJR/ASJR_Analyst/DataLake/2026-10-05/raw/sector_market_daily.csv
2026-10-05 03:44:05 BST | INFO | FILE | Saved ticker_summary | rows=36 | /root/trading/ASJR/ASJR_Analyst/DataLake/2026-10-05/processed/ticker_summary.csv
2026-10-05 03:44:05 BST | INFO | FILE | Saved asjr_snapshot | /root/trading/ASJR/ASJR_Analyst/DataLake/2026-10-05/processed/asjr_snapshot.json
2026-10-05 03:44:05 BST | INFO | RUN | DATA COMPLETE | universe=36 | intraday_rows=19525 | ticker_summary=36
2026-10-05 03:44:05 BST | INFO | GIT | File verification started | count=7
