2026-10-05 20:06:33 BST | INFO | RUN | VERSION | 2026.10.04.3
2026-10-05 20:06:33 BST | INFO | RUN | START | trade_date=2026-10-05
2026-10-05 20:06:33 BST | INFO | WATCHLIST | /root/trading/ASJR/ASJR_Analyst/DataLake/2026-10-05/config/fixed_watchlist.csv | source=prepared
2026-10-05 20:06:33 BST | INFO | RUN | OPTIONS | include_sector=True | git_submit=True | fetch_gapup_from_app=True
2026-10-05 20:06:33 BST | INFO | MOVERS | Fetch started
2026-10-05 20:06:35 BST | INFO | MOVERS | Fetch completed | rows=80
2026-10-05 20:06:35 BST | INFO | MOVERS | Tickers | XP, PTC, PCVX, DNA, PAGS, INTR, RXO, STNE, NVAX, ARCO, QDEL, NU, XERS, CLF, PAX, TWST, CBRS, PURR, BBWI, FMC, TEM, HOG, SDGR, RIG, BSY, VAL, VIRT, ILMN, GWRE, MRNA, RELY, ALHC, MRVI, DLO, PCOR, VYLR, UPST, LIFE, CAI, WLTH, OCTV, NEOG, DKNG, APP, SPCX, ZVRA, NUE, ASO, HTFL, WDC, BRUN, PGEN, CHRW, YSS, SECZ, ACMR, AADX, FRVO, SATL, SRRK, LEN, SHAZ, NUAI, ETRA, RHI, INSM, STTK, BETA, ACCV, INOD, FCEL, LWLG, NN, WULF, FLY, CMG, RDW, NBIS, NKTR, CYTK
2026-10-05 20:06:35 BST | INFO | UNIVERSE | Built | tickers=99
2026-10-05 20:06:35 BST | INFO | FILE | Saved ibkr_gapup (movers) | /root/trading/ASJR/ASJR_Analyst/DataLake/2026-10-05/raw/ibkr_gapup.csv
2026-10-05 20:06:35 BST | INFO | YFINANCE | Daily 30D fetch started | tickers=99
2026-10-05 20:06:39 BST | INFO | YFINANCE | Daily 30D fetch completed | rows=2899
2026-10-05 20:06:39 BST | INFO | FILE | Saved daily_30d | /root/trading/ASJR/ASJR_Analyst/DataLake/2026-10-05/raw/daily_30d.csv
2026-10-05 20:06:39 BST | INFO | FEATURES | Daily summary built | rows=99
2026-10-05 20:06:39 BST | INFO | IBKR | 5m fetch started | tickers=99 | duration=3 D | batch_size=5
2026-10-05 20:07:00 BST | INFO | IBKR | 5m fetch completed | rows=46700
2026-10-05 20:07:01 BST | INFO | FILE | Saved intraday_5m | /root/trading/ASJR/ASJR_Analyst/DataLake/2026-10-05/raw/intraday_5m.csv
2026-10-05 20:07:02 BST | INFO | FEATURES | Intraday summary built | rows=99
2026-10-05 20:07:02 BST | INFO | YFINANCE | Sector/market fetch started
2026-10-05 20:07:03 BST | INFO | YFINANCE | Sector/market fetch completed | rows=15
2026-10-05 20:07:03 BST | INFO | FILE | Saved sector_market_daily | /root/trading/ASJR/ASJR_Analyst/DataLake/2026-10-05/raw/sector_market_daily.csv
2026-10-05 20:07:03 BST | INFO | FILE | Saved ticker_summary | rows=99 | /root/trading/ASJR/ASJR_Analyst/DataLake/2026-10-05/processed/ticker_summary.csv
2026-10-05 20:07:03 BST | INFO | FILE | Saved asjr_snapshot | /root/trading/ASJR/ASJR_Analyst/DataLake/2026-10-05/processed/asjr_snapshot.json
2026-10-05 20:07:03 BST | INFO | RUN | DATA COMPLETE | universe=99 | intraday_rows=46700 | ticker_summary=99
2026-10-05 20:07:03 BST | INFO | GIT | File verification started | count=7
