2026-10-05 15:31:48 BST | INFO | RUN | VERSION | 2026.10.04.3
2026-10-05 15:31:48 BST | INFO | RUN | START | trade_date=2026-10-05
2026-10-05 15:31:48 BST | INFO | WATCHLIST | /root/trading/ASJR/ASJR_Analyst/DataLake/2026-10-05/config/fixed_watchlist.csv | source=prepared
2026-10-05 15:31:48 BST | INFO | RUN | OPTIONS | include_sector=True | git_submit=True | fetch_gapup_from_app=True
2026-10-05 15:31:48 BST | INFO | MOVERS | Fetch started
2026-10-05 15:31:50 BST | INFO | MOVERS | Fetch completed | rows=84
2026-10-05 15:31:50 BST | INFO | MOVERS | Tickers | PCVX, PTC, XP, INTR, STNE, PAGS, RXO, NU, DNA, ARCO, CBRS, PCOR, PAX, BSY, DLO, QDEL, BBWI, PURR, DKNG, OCTV, TWST, WDC, RSI, HOG, CLF, AESI, ASAN, REAL, APP, UPST, VIRT, VAL, RIG, SPCX, NIQ, FMC, HOS, TDAY, XERS, U, ODD, GWRE, FWONK, KVYO, ADSK, WAY, PUMP, STX, CRCL, ONDS, CHRW, YSS, ETRA, INSM, FRVO, KOD, WOLF, SATL, BRUN, EROC, SGMT, RARE, QURE, AADX, LWLG, EAT, SHAZ, FCEL, WULF, INIO, ACHV, RUM, HAWK, VERA, LEN, ERAS, GFS, ACCV, SECZ, VSXY, BMY, FWRG, FER, NKTR
2026-10-05 15:31:50 BST | INFO | UNIVERSE | Built | tickers=102
2026-10-05 15:31:50 BST | INFO | FILE | Saved ibkr_gapup (movers) | /root/trading/ASJR/ASJR_Analyst/DataLake/2026-10-05/raw/ibkr_gapup.csv
2026-10-05 15:31:50 BST | INFO | YFINANCE | Daily 30D fetch started | tickers=102
2026-10-05 15:31:54 BST | INFO | YFINANCE | Daily 30D fetch completed | rows=3016
2026-10-05 15:31:54 BST | INFO | FILE | Saved daily_30d | /root/trading/ASJR/ASJR_Analyst/DataLake/2026-10-05/raw/daily_30d.csv
2026-10-05 15:31:54 BST | INFO | FEATURES | Daily summary built | rows=102
2026-10-05 15:31:54 BST | INFO | IBKR | 5m fetch started | tickers=102 | duration=3 D | batch_size=5
2026-10-05 15:32:20 BST | INFO | IBKR | 5m fetch completed | rows=41912
2026-10-05 15:32:20 BST | INFO | FILE | Saved intraday_5m | /root/trading/ASJR/ASJR_Analyst/DataLake/2026-10-05/raw/intraday_5m.csv
2026-10-05 15:32:22 BST | INFO | FEATURES | Intraday summary built | rows=102
2026-10-05 15:32:22 BST | INFO | YFINANCE | Sector/market fetch started
2026-10-05 15:32:22 BST | INFO | YFINANCE | Sector/market fetch completed | rows=15
2026-10-05 15:32:22 BST | INFO | FILE | Saved sector_market_daily | /root/trading/ASJR/ASJR_Analyst/DataLake/2026-10-05/raw/sector_market_daily.csv
2026-10-05 15:32:22 BST | INFO | FILE | Saved ticker_summary | rows=102 | /root/trading/ASJR/ASJR_Analyst/DataLake/2026-10-05/processed/ticker_summary.csv
2026-10-05 15:32:22 BST | INFO | FILE | Saved asjr_snapshot | /root/trading/ASJR/ASJR_Analyst/DataLake/2026-10-05/processed/asjr_snapshot.json
2026-10-05 15:32:22 BST | INFO | RUN | DATA COMPLETE | universe=102 | intraday_rows=41912 | ticker_summary=102
2026-10-05 15:32:22 BST | INFO | GIT | File verification started | count=7
