2026-10-05 18:04:40 BST | INFO | RUN | VERSION | 2026.10.04.3
2026-10-05 18:04:40 BST | INFO | RUN | START | trade_date=2026-10-05
2026-10-05 18:04:40 BST | INFO | WATCHLIST | /root/trading/ASJR/ASJR_Analyst/DataLake/2026-10-05/config/fixed_watchlist.csv | source=prepared
2026-10-05 18:04:40 BST | INFO | RUN | OPTIONS | include_sector=True | git_submit=True | fetch_gapup_from_app=True
2026-10-05 18:04:40 BST | INFO | MOVERS | Fetch started
2026-10-05 18:04:44 BST | INFO | MOVERS | Fetch completed | rows=83
2026-10-05 18:04:44 BST | INFO | MOVERS | Tickers | PTC, XP, PCVX, INTR, STNE, PAGS, RXO, DNA, NU, ARCO, XERS, QDEL, HOG, PAX, CLF, BBWI, PURR, BSY, FMC, DLO, RIG, VAL, RSI, CBRS, AESI, DKNG, TWST, NVAX, UPST, GWRE, REAL, WDC, RGNX, PCOR, VIRT, ODD, OCTV, RES, MRNA, KLAR, SPCX, SDGR, TEM, AFRM, RELY, APP, WAY, NE, FWONK, WLTH, CHRW, BRUN, SECZ, YSS, FRVO, SATL, PGEN, SHAZ, ACMR, INSM, LEN, ETRA, WULF, HAWK, AADX, NUAI, RHI, WRBY, CMG, FLY, SRRK, BETA, APLD, LWLG, NBIS, ACCV, CLSK, IREN, WYFI, NN, INFQ, CIFR, INIO
2026-10-05 18:04:44 BST | INFO | UNIVERSE | Built | tickers=102
2026-10-05 18:04:44 BST | INFO | FILE | Saved ibkr_gapup (movers) | /root/trading/ASJR/ASJR_Analyst/DataLake/2026-10-05/raw/ibkr_gapup.csv
2026-10-05 18:04:44 BST | INFO | YFINANCE | Daily 30D fetch started | tickers=102
2026-10-05 18:04:47 BST | INFO | YFINANCE | Daily 30D fetch completed | rows=3016
2026-10-05 18:04:47 BST | INFO | FILE | Saved daily_30d | /root/trading/ASJR/ASJR_Analyst/DataLake/2026-10-05/raw/daily_30d.csv
2026-10-05 18:04:47 BST | INFO | FEATURES | Daily summary built | rows=102
2026-10-05 18:04:47 BST | INFO | IBKR | 5m fetch started | tickers=102 | duration=3 D | batch_size=5
2026-10-05 18:05:20 BST | INFO | IBKR | 5m fetch completed | rows=45560
2026-10-05 18:05:20 BST | INFO | FILE | Saved intraday_5m | /root/trading/ASJR/ASJR_Analyst/DataLake/2026-10-05/raw/intraday_5m.csv
2026-10-05 18:05:21 BST | INFO | FEATURES | Intraday summary built | rows=102
2026-10-05 18:05:21 BST | INFO | YFINANCE | Sector/market fetch started
2026-10-05 18:05:22 BST | INFO | YFINANCE | Sector/market fetch completed | rows=15
2026-10-05 18:05:22 BST | INFO | FILE | Saved sector_market_daily | /root/trading/ASJR/ASJR_Analyst/DataLake/2026-10-05/raw/sector_market_daily.csv
2026-10-05 18:05:22 BST | INFO | FILE | Saved ticker_summary | rows=102 | /root/trading/ASJR/ASJR_Analyst/DataLake/2026-10-05/processed/ticker_summary.csv
2026-10-05 18:05:22 BST | INFO | FILE | Saved asjr_snapshot | /root/trading/ASJR/ASJR_Analyst/DataLake/2026-10-05/processed/asjr_snapshot.json
2026-10-05 18:05:22 BST | INFO | RUN | DATA COMPLETE | universe=102 | intraday_rows=45560 | ticker_summary=102
2026-10-05 18:05:22 BST | INFO | GIT | File verification started | count=7
