2026-10-05 12:30:52 BST | INFO | RUN | VERSION | 2026.10.04.3
2026-10-05 12:30:52 BST | INFO | RUN | START | trade_date=2026-10-05
2026-10-05 12:30:52 BST | INFO | WATCHLIST | /root/trading/ASJR/ASJR_Analyst/DataLake/2026-10-05/config/fixed_watchlist.csv | source=prepared
2026-10-05 12:30:52 BST | INFO | RUN | OPTIONS | include_sector=True | git_submit=True | fetch_gapup_from_app=True
2026-10-05 12:30:52 BST | INFO | MOVERS | Fetch started
2026-10-05 12:30:53 BST | INFO | MOVERS | Fetch completed | rows=23
2026-10-05 12:30:53 BST | INFO | MOVERS | Tickers | PCVX, SDEV, PTC, RXO, XP, STNE, PAGS, CMC, INTR, NU, PAX, RGNX, HOG, DKNG, CBRS, PURR, ARCO, PCOR, GEO, ADSK, ORIC, VST, CHRW
2026-10-05 12:30:53 BST | INFO | UNIVERSE | Built | tickers=43
2026-10-05 12:30:53 BST | INFO | FILE | Saved ibkr_gapup (movers) | /root/trading/ASJR/ASJR_Analyst/DataLake/2026-10-05/raw/ibkr_gapup.csv
2026-10-05 12:30:53 BST | INFO | YFINANCE | Daily 30D fetch started | tickers=43
2026-10-05 12:30:54 BST | INFO | YFINANCE | Daily 30D fetch completed | rows=1290
2026-10-05 12:30:54 BST | INFO | FILE | Saved daily_30d | /root/trading/ASJR/ASJR_Analyst/DataLake/2026-10-05/raw/daily_30d.csv
2026-10-05 12:30:54 BST | INFO | FEATURES | Daily summary built | rows=43
2026-10-05 12:30:54 BST | INFO | IBKR | 5m fetch started | tickers=43 | duration=3 D | batch_size=5
2026-10-05 12:31:04 BST | INFO | IBKR | 5m fetch completed | rows=16369
2026-10-05 12:31:04 BST | INFO | FILE | Saved intraday_5m | /root/trading/ASJR/ASJR_Analyst/DataLake/2026-10-05/raw/intraday_5m.csv
2026-10-05 12:31:04 BST | INFO | FEATURES | Intraday summary built | rows=43
2026-10-05 12:31:04 BST | INFO | YFINANCE | Sector/market fetch started
2026-10-05 12:31:05 BST | INFO | YFINANCE | Sector/market fetch completed | rows=15
2026-10-05 12:31:05 BST | INFO | FILE | Saved sector_market_daily | /root/trading/ASJR/ASJR_Analyst/DataLake/2026-10-05/raw/sector_market_daily.csv
2026-10-05 12:31:05 BST | INFO | FILE | Saved ticker_summary | rows=43 | /root/trading/ASJR/ASJR_Analyst/DataLake/2026-10-05/processed/ticker_summary.csv
2026-10-05 12:31:05 BST | INFO | FILE | Saved asjr_snapshot | /root/trading/ASJR/ASJR_Analyst/DataLake/2026-10-05/processed/asjr_snapshot.json
2026-10-05 12:31:05 BST | INFO | RUN | DATA COMPLETE | universe=43 | intraday_rows=16369 | ticker_summary=43
2026-10-05 12:31:05 BST | INFO | GIT | File verification started | count=7
