2026-10-05 19:28:15 BST | INFO | RUN | VERSION | 2026.10.04.3
2026-10-05 19:28:15 BST | INFO | RUN | START | trade_date=2026-10-05
2026-10-05 19:28:15 BST | INFO | WATCHLIST | /root/trading/ASJR/ASJR_Analyst/DataLake/2026-10-05/config/fixed_watchlist.csv | source=prepared
2026-10-05 19:28:15 BST | INFO | RUN | OPTIONS | include_sector=True | git_submit=True | fetch_gapup_from_app=True
2026-10-05 19:28:15 BST | INFO | MOVERS | Fetch started
2026-10-05 19:28:17 BST | INFO | MOVERS | Fetch completed | rows=85
2026-10-05 19:28:17 BST | INFO | MOVERS | Tickers | PTC, XP, PCVX, RXO, INTR, DNA, PAGS, STNE, NVAX, ARCO, QDEL, NU, CLF, XERS, PAX, BBWI, TWST, BSY, FMC, PURR, CBRS, RIG, HOG, MRNA, VAL, TEM, ILMN, VIRT, SDGR, DLO, GWRE, DKNG, VYLR, WDC, RELY, ODD, OCTV, WLTH, CAI, PCOR, UPST, APP, FWONK, MRVI, AESI, NUE, RSI, AFRM, U, RES, BRUN, PGEN, CHRW, SECZ, YSS, FRVO, ACMR, SHAZ, AADX, SATL, LEN, INSM, NUAI, SRRK, NN, RHI, WULF, LWLG, BETA, ACCV, STTK, ETRA, CMG, BLMN, FLY, SHLS, NKTR, FCEL, RDW, NBIS, BLZE, LQDA, AEVA, BMY, CYTK
2026-10-05 19:28:17 BST | INFO | UNIVERSE | Built | tickers=104
2026-10-05 19:28:17 BST | INFO | FILE | Saved ibkr_gapup (movers) | /root/trading/ASJR/ASJR_Analyst/DataLake/2026-10-05/raw/ibkr_gapup.csv
2026-10-05 19:28:17 BST | INFO | YFINANCE | Daily 30D fetch started | tickers=104
2026-10-05 19:28:20 BST | INFO | YFINANCE | Daily 30D fetch completed | rows=3049
2026-10-05 19:28:20 BST | INFO | FILE | Saved daily_30d | /root/trading/ASJR/ASJR_Analyst/DataLake/2026-10-05/raw/daily_30d.csv
2026-10-05 19:28:20 BST | INFO | FEATURES | Daily summary built | rows=104
2026-10-05 19:28:20 BST | INFO | IBKR | 5m fetch started | tickers=104 | duration=3 D | batch_size=5
2026-10-05 19:28:43 BST | INFO | IBKR | 5m fetch completed | rows=48110
2026-10-05 19:28:44 BST | INFO | FILE | Saved intraday_5m | /root/trading/ASJR/ASJR_Analyst/DataLake/2026-10-05/raw/intraday_5m.csv
2026-10-05 19:28:45 BST | INFO | FEATURES | Intraday summary built | rows=104
2026-10-05 19:28:45 BST | INFO | YFINANCE | Sector/market fetch started
2026-10-05 19:28:45 BST | INFO | YFINANCE | Sector/market fetch completed | rows=15
2026-10-05 19:28:45 BST | INFO | FILE | Saved sector_market_daily | /root/trading/ASJR/ASJR_Analyst/DataLake/2026-10-05/raw/sector_market_daily.csv
2026-10-05 19:28:45 BST | INFO | FILE | Saved ticker_summary | rows=104 | /root/trading/ASJR/ASJR_Analyst/DataLake/2026-10-05/processed/ticker_summary.csv
2026-10-05 19:28:45 BST | INFO | FILE | Saved asjr_snapshot | /root/trading/ASJR/ASJR_Analyst/DataLake/2026-10-05/processed/asjr_snapshot.json
2026-10-05 19:28:45 BST | INFO | RUN | DATA COMPLETE | universe=104 | intraday_rows=48110 | ticker_summary=104
2026-10-05 19:28:45 BST | INFO | GIT | File verification started | count=7
