2026-10-05 14:33:21 BST | INFO | RUN | VERSION | 2026.10.04.3
2026-10-05 14:33:21 BST | INFO | RUN | START | trade_date=2026-10-05
2026-10-05 14:33:21 BST | INFO | WATCHLIST | /root/trading/ASJR/ASJR_Analyst/DataLake/2026-10-05/config/fixed_watchlist.csv | source=prepared
2026-10-05 14:33:21 BST | INFO | RUN | OPTIONS | include_sector=True | git_submit=True | fetch_gapup_from_app=True
2026-10-05 14:33:21 BST | INFO | MOVERS | Fetch started
2026-10-05 14:33:23 BST | INFO | MOVERS | Fetch completed | rows=38
2026-10-05 14:33:23 BST | INFO | MOVERS | Tickers | PCVX, PTC, XP, INTR, RXO, PAGS, STNE, NU, ARCO, CBRS, DLO, WDC, PURR, TDAY, VIRT, PCOR, BBWI, STGW, OCTV, STX, BSY, HOG, RSI, GEO, DKNG, CRML, PAX, ADSK, CHRW, SATL, QURE, WOLF, LQDA, FLY, OUST, YSS, FCEL, GFS
2026-10-05 14:33:23 BST | INFO | UNIVERSE | Built | tickers=57
2026-10-05 14:33:23 BST | INFO | FILE | Saved ibkr_gapup (movers) | /root/trading/ASJR/ASJR_Analyst/DataLake/2026-10-05/raw/ibkr_gapup.csv
2026-10-05 14:33:23 BST | INFO | YFINANCE | Daily 30D fetch started | tickers=57
2026-10-05 14:33:25 BST | INFO | YFINANCE | Daily 30D fetch completed | rows=1710
2026-10-05 14:33:25 BST | INFO | FILE | Saved daily_30d | /root/trading/ASJR/ASJR_Analyst/DataLake/2026-10-05/raw/daily_30d.csv
2026-10-05 14:33:25 BST | INFO | FEATURES | Daily summary built | rows=57
2026-10-05 14:33:25 BST | INFO | IBKR | 5m fetch started | tickers=57 | duration=3 D | batch_size=5
2026-10-05 14:33:39 BST | INFO | IBKR | 5m fetch completed | rows=23299
2026-10-05 14:33:39 BST | INFO | FILE | Saved intraday_5m | /root/trading/ASJR/ASJR_Analyst/DataLake/2026-10-05/raw/intraday_5m.csv
2026-10-05 14:33:40 BST | INFO | FEATURES | Intraday summary built | rows=57
2026-10-05 14:33:40 BST | INFO | YFINANCE | Sector/market fetch started
2026-10-05 14:33:41 BST | INFO | YFINANCE | Sector/market fetch completed | rows=15
2026-10-05 14:33:41 BST | INFO | FILE | Saved sector_market_daily | /root/trading/ASJR/ASJR_Analyst/DataLake/2026-10-05/raw/sector_market_daily.csv
2026-10-05 14:33:41 BST | INFO | FILE | Saved ticker_summary | rows=57 | /root/trading/ASJR/ASJR_Analyst/DataLake/2026-10-05/processed/ticker_summary.csv
2026-10-05 14:33:41 BST | INFO | FILE | Saved asjr_snapshot | /root/trading/ASJR/ASJR_Analyst/DataLake/2026-10-05/processed/asjr_snapshot.json
2026-10-05 14:33:41 BST | INFO | RUN | DATA COMPLETE | universe=57 | intraday_rows=23299 | ticker_summary=57
2026-10-05 14:33:41 BST | INFO | GIT | File verification started | count=7
