2026-10-05 18:27:14 BST | INFO | RUN | VERSION | 2026.10.04.3
2026-10-05 18:27:14 BST | INFO | RUN | START | trade_date=2026-10-05
2026-10-05 18:27:14 BST | INFO | WATCHLIST | /root/trading/ASJR/ASJR_Analyst/DataLake/2026-10-05/config/fixed_watchlist.csv | source=prepared
2026-10-05 18:27:14 BST | INFO | RUN | OPTIONS | include_sector=True | git_submit=True | fetch_gapup_from_app=True
2026-10-05 18:27:14 BST | INFO | MOVERS | Fetch started
2026-10-05 18:27:16 BST | INFO | MOVERS | Fetch completed | rows=80
2026-10-05 18:27:16 BST | INFO | MOVERS | Tickers | PTC, XP, PCVX, PAGS, RXO, STNE, INTR, DNA, ARCO, NU, QDEL, XERS, HOG, PAX, CLF, BBWI, PURR, FMC, RIG, ODD, CBRS, VAL, BSY, RSI, NVAX, DKNG, DLO, TWST, REAL, UPST, MRNA, GWRE, TEM, SDGR, AESI, WDC, VIRT, PCOR, SPCX, OCTV, VYLR, APP, IMMX, U, FWONK, RES, NE, WAY, AFRM, RELY, BRUN, CHRW, YSS, SECZ, SATL, PGEN, SHAZ, FRVO, ACMR, LEN, AADX, INSM, ETRA, NUAI, HAWK, WULF, RHI, BETA, FLY, SRRK, CMG, LWLG, NN, NBIS, AEVA, INFQ, NKTR, APLD, QUBT, CLSK
2026-10-05 18:27:16 BST | INFO | UNIVERSE | Built | tickers=99
2026-10-05 18:27:16 BST | INFO | FILE | Saved ibkr_gapup (movers) | /root/trading/ASJR/ASJR_Analyst/DataLake/2026-10-05/raw/ibkr_gapup.csv
2026-10-05 18:27:16 BST | INFO | YFINANCE | Daily 30D fetch started | tickers=99
2026-10-05 18:27:19 BST | INFO | YFINANCE | Daily 30D fetch completed | rows=2925
2026-10-05 18:27:19 BST | INFO | FILE | Saved daily_30d | /root/trading/ASJR/ASJR_Analyst/DataLake/2026-10-05/raw/daily_30d.csv
2026-10-05 18:27:19 BST | INFO | FEATURES | Daily summary built | rows=99
2026-10-05 18:27:19 BST | INFO | IBKR | 5m fetch started | tickers=99 | duration=3 D | batch_size=5
2026-10-05 18:27:42 BST | INFO | IBKR | 5m fetch completed | rows=44772
2026-10-05 18:27:42 BST | INFO | FILE | Saved intraday_5m | /root/trading/ASJR/ASJR_Analyst/DataLake/2026-10-05/raw/intraday_5m.csv
2026-10-05 18:27:43 BST | INFO | FEATURES | Intraday summary built | rows=99
2026-10-05 18:27:43 BST | INFO | YFINANCE | Sector/market fetch started
2026-10-05 18:27:44 BST | INFO | YFINANCE | Sector/market fetch completed | rows=15
2026-10-05 18:27:44 BST | INFO | FILE | Saved sector_market_daily | /root/trading/ASJR/ASJR_Analyst/DataLake/2026-10-05/raw/sector_market_daily.csv
2026-10-05 18:27:44 BST | INFO | FILE | Saved ticker_summary | rows=99 | /root/trading/ASJR/ASJR_Analyst/DataLake/2026-10-05/processed/ticker_summary.csv
2026-10-05 18:27:44 BST | INFO | FILE | Saved asjr_snapshot | /root/trading/ASJR/ASJR_Analyst/DataLake/2026-10-05/processed/asjr_snapshot.json
2026-10-05 18:27:44 BST | INFO | RUN | DATA COMPLETE | universe=99 | intraday_rows=44772 | ticker_summary=99
2026-10-05 18:27:44 BST | INFO | GIT | File verification started | count=7
