2026-10-05 18:38:24 BST | INFO | RUN | VERSION | 2026.10.04.3
2026-10-05 18:38:24 BST | INFO | RUN | START | trade_date=2026-10-05
2026-10-05 18:38:24 BST | INFO | WATCHLIST | /root/trading/ASJR/ASJR_Analyst/DataLake/2026-10-05/config/fixed_watchlist.csv | source=prepared
2026-10-05 18:38:24 BST | INFO | RUN | OPTIONS | include_sector=True | git_submit=True | fetch_gapup_from_app=True
2026-10-05 18:38:24 BST | INFO | MOVERS | Fetch started
2026-10-05 18:38:25 BST | INFO | MOVERS | Fetch completed | rows=76
2026-10-05 18:38:25 BST | INFO | MOVERS | Tickers | PTC, XP, PCVX, PAGS, STNE, RXO, INTR, DNA, ARCO, NU, QDEL, XERS, HOG, CLF, NVAX, PAX, BBWI, CBRS, DKNG, PURR, FMC, TWST, RSI, RIG, VAL, MRNA, BSY, DLO, TEM, AESI, UPST, ODD, SPCX, SDGR, WDC, VYLR, GWRE, PCOR, REAL, ILMN, IMMX, APP, OCTV, VIRT, AFRM, KLAR, FWONK, STLD, U, PGY, BRUN, CHRW, SECZ, YSS, PGEN, SATL, SHAZ, FRVO, ACMR, LEN, AADX, RHI, INSM, NUAI, WULF, SRRK, HAWK, ETRA, CMG, BETA, NN, LWLG, NBIS, INFQ, QUBT, FLY
2026-10-05 18:38:25 BST | INFO | UNIVERSE | Built | tickers=95
2026-10-05 18:38:25 BST | INFO | FILE | Saved ibkr_gapup (movers) | /root/trading/ASJR/ASJR_Analyst/DataLake/2026-10-05/raw/ibkr_gapup.csv
2026-10-05 18:38:25 BST | INFO | YFINANCE | Daily 30D fetch started | tickers=95
2026-10-05 18:38:28 BST | INFO | YFINANCE | Daily 30D fetch completed | rows=2805
2026-10-05 18:38:28 BST | INFO | FILE | Saved daily_30d | /root/trading/ASJR/ASJR_Analyst/DataLake/2026-10-05/raw/daily_30d.csv
2026-10-05 18:38:28 BST | INFO | FEATURES | Daily summary built | rows=95
2026-10-05 18:38:28 BST | INFO | IBKR | 5m fetch started | tickers=95 | duration=3 D | batch_size=5
2026-10-05 18:38:49 BST | INFO | IBKR | 5m fetch completed | rows=43251
2026-10-05 18:38:50 BST | INFO | FILE | Saved intraday_5m | /root/trading/ASJR/ASJR_Analyst/DataLake/2026-10-05/raw/intraday_5m.csv
2026-10-05 18:38:50 BST | INFO | FEATURES | Intraday summary built | rows=95
2026-10-05 18:38:50 BST | INFO | YFINANCE | Sector/market fetch started
2026-10-05 18:38:51 BST | INFO | YFINANCE | Sector/market fetch completed | rows=15
2026-10-05 18:38:51 BST | INFO | FILE | Saved sector_market_daily | /root/trading/ASJR/ASJR_Analyst/DataLake/2026-10-05/raw/sector_market_daily.csv
2026-10-05 18:38:51 BST | INFO | FILE | Saved ticker_summary | rows=95 | /root/trading/ASJR/ASJR_Analyst/DataLake/2026-10-05/processed/ticker_summary.csv
2026-10-05 18:38:51 BST | INFO | FILE | Saved asjr_snapshot | /root/trading/ASJR/ASJR_Analyst/DataLake/2026-10-05/processed/asjr_snapshot.json
2026-10-05 18:38:51 BST | INFO | RUN | DATA COMPLETE | universe=95 | intraday_rows=43251 | ticker_summary=95
2026-10-05 18:38:51 BST | INFO | GIT | File verification started | count=7
