2026-10-05 16:56:58 BST | INFO | RUN | VERSION | 2026.10.04.3
2026-10-05 16:56:58 BST | INFO | RUN | START | trade_date=2026-10-05
2026-10-05 16:56:58 BST | INFO | WATCHLIST | /root/trading/ASJR/ASJR_Analyst/DataLake/2026-10-05/config/fixed_watchlist.csv | source=prepared
2026-10-05 16:56:58 BST | INFO | RUN | OPTIONS | include_sector=True | git_submit=True | fetch_gapup_from_app=True
2026-10-05 16:56:58 BST | INFO | MOVERS | Fetch started
2026-10-05 16:56:59 BST | INFO | MOVERS | Fetch completed | rows=72
2026-10-05 16:56:59 BST | INFO | MOVERS | Tickers | XP, PTC, PCVX, INTR, STNE, PAGS, RXO, DNA, NU, ARCO, QDEL, CBRS, XERS, ODD, HOG, PAX, BSY, DKNG, BBWI, PURR, RIG, VAL, AESI, RSI, PCOR, GWRE, DLO, OCTV, FMC, TEM, RGNX, WDC, CLF, TDAY, APP, U, TWST, REAL, NE, HOS, UPST, SDGR, PSN, DXC, WLTH, ADSK, RELY, PUMP, VIRT, TTAN, CHRW, BRUN, YSS, SATL, FRVO, INSM, PGEN, SECZ, SGMT, NUAI, AADX, LEN, CMG, NKTR, HAWK, ERAS, SHAZ, WULF, WRBY, BLMN, VSXY, INIO
2026-10-05 16:56:59 BST | INFO | UNIVERSE | Built | tickers=91
2026-10-05 16:56:59 BST | INFO | FILE | Saved ibkr_gapup (movers) | /root/trading/ASJR/ASJR_Analyst/DataLake/2026-10-05/raw/ibkr_gapup.csv
2026-10-05 16:56:59 BST | INFO | YFINANCE | Daily 30D fetch started | tickers=91
2026-10-05 16:57:02 BST | INFO | YFINANCE | Daily 30D fetch completed | rows=2730
2026-10-05 16:57:02 BST | INFO | FILE | Saved daily_30d | /root/trading/ASJR/ASJR_Analyst/DataLake/2026-10-05/raw/daily_30d.csv
2026-10-05 16:57:02 BST | INFO | FEATURES | Daily summary built | rows=91
2026-10-05 16:57:02 BST | INFO | IBKR | 5m fetch started | tickers=91 | duration=3 D | batch_size=5
2026-10-05 16:57:23 BST | INFO | IBKR | 5m fetch completed | rows=39142
2026-10-05 16:57:23 BST | INFO | FILE | Saved intraday_5m | /root/trading/ASJR/ASJR_Analyst/DataLake/2026-10-05/raw/intraday_5m.csv
2026-10-05 16:57:24 BST | INFO | FEATURES | Intraday summary built | rows=91
2026-10-05 16:57:24 BST | INFO | YFINANCE | Sector/market fetch started
2026-10-05 16:57:24 BST | INFO | YFINANCE | Sector/market fetch completed | rows=15
2026-10-05 16:57:24 BST | INFO | FILE | Saved sector_market_daily | /root/trading/ASJR/ASJR_Analyst/DataLake/2026-10-05/raw/sector_market_daily.csv
2026-10-05 16:57:24 BST | INFO | FILE | Saved ticker_summary | rows=91 | /root/trading/ASJR/ASJR_Analyst/DataLake/2026-10-05/processed/ticker_summary.csv
2026-10-05 16:57:24 BST | INFO | FILE | Saved asjr_snapshot | /root/trading/ASJR/ASJR_Analyst/DataLake/2026-10-05/processed/asjr_snapshot.json
2026-10-05 16:57:24 BST | INFO | RUN | DATA COMPLETE | universe=91 | intraday_rows=39142 | ticker_summary=91
2026-10-05 16:57:24 BST | INFO | GIT | File verification started | count=7
