2026-10-05 17:42:35 BST | INFO | RUN | VERSION | 2026.10.04.3
2026-10-05 17:42:35 BST | INFO | RUN | START | trade_date=2026-10-05
2026-10-05 17:42:35 BST | INFO | WATCHLIST | /root/trading/ASJR/ASJR_Analyst/DataLake/2026-10-05/config/fixed_watchlist.csv | source=prepared
2026-10-05 17:42:35 BST | INFO | RUN | OPTIONS | include_sector=True | git_submit=True | fetch_gapup_from_app=True
2026-10-05 17:42:35 BST | INFO | MOVERS | Fetch started
2026-10-05 17:42:36 BST | INFO | MOVERS | Fetch completed | rows=75
2026-10-05 17:42:36 BST | INFO | MOVERS | Tickers | PTC, XP, PCVX, INTR, STNE, PAGS, RXO, DNA, NU, ARCO, XERS, HOG, QDEL, PAX, CLF, BBWI, BSY, AESI, ODD, RSI, CBRS, DKNG, FMC, PURR, VAL, RIG, DLO, GWRE, TWST, REAL, PCOR, OCTV, WDC, VIRT, RGNX, TEM, APP, SDGR, FTRE, UPST, RES, RELY, U, NE, WLTH, SPCX, PUMP, HOS, AFRM, KLAR, CHRW, BRUN, YSS, SECZ, FRVO, PGEN, SATL, INSM, SHAZ, ETRA, AADX, ACMR, LEN, WULF, HAWK, CMG, WRBY, NUAI, RHI, CLSK, INFQ, ACCV, APLD, SWKS, WYFI
2026-10-05 17:42:36 BST | INFO | UNIVERSE | Built | tickers=94
2026-10-05 17:42:36 BST | INFO | FILE | Saved ibkr_gapup (movers) | /root/trading/ASJR/ASJR_Analyst/DataLake/2026-10-05/raw/ibkr_gapup.csv
2026-10-05 17:42:36 BST | INFO | YFINANCE | Daily 30D fetch started | tickers=94
2026-10-05 17:42:39 BST | INFO | YFINANCE | Daily 30D fetch completed | rows=2776
2026-10-05 17:42:39 BST | INFO | FILE | Saved daily_30d | /root/trading/ASJR/ASJR_Analyst/DataLake/2026-10-05/raw/daily_30d.csv
2026-10-05 17:42:39 BST | INFO | FEATURES | Daily summary built | rows=94
2026-10-05 17:42:39 BST | INFO | IBKR | 5m fetch started | tickers=94 | duration=3 D | batch_size=5
2026-10-05 17:43:00 BST | INFO | IBKR | 5m fetch completed | rows=41563
2026-10-05 17:43:01 BST | INFO | FILE | Saved intraday_5m | /root/trading/ASJR/ASJR_Analyst/DataLake/2026-10-05/raw/intraday_5m.csv
2026-10-05 17:43:01 BST | INFO | FEATURES | Intraday summary built | rows=94
2026-10-05 17:43:01 BST | INFO | YFINANCE | Sector/market fetch started
2026-10-05 17:43:02 BST | INFO | YFINANCE | Sector/market fetch completed | rows=15
2026-10-05 17:43:02 BST | INFO | FILE | Saved sector_market_daily | /root/trading/ASJR/ASJR_Analyst/DataLake/2026-10-05/raw/sector_market_daily.csv
2026-10-05 17:43:02 BST | INFO | FILE | Saved ticker_summary | rows=94 | /root/trading/ASJR/ASJR_Analyst/DataLake/2026-10-05/processed/ticker_summary.csv
2026-10-05 17:43:02 BST | INFO | FILE | Saved asjr_snapshot | /root/trading/ASJR/ASJR_Analyst/DataLake/2026-10-05/processed/asjr_snapshot.json
2026-10-05 17:43:02 BST | INFO | RUN | DATA COMPLETE | universe=94 | intraday_rows=41563 | ticker_summary=94
2026-10-05 17:43:02 BST | INFO | GIT | File verification started | count=7
