2026-09-25 04:23:23 | INFO | RUN | START | trade_date=2026-09-25
2026-09-25 04:23:23 | INFO | RUN | OPTIONS | include_sector=True | git_submit=True | fetch_gapup_from_app=True
2026-09-25 04:23:23 | INFO | GAPUP | Fetch started
2026-09-25 04:23:23 | INFO | GAPUP | Fetch completed | rows=19
2026-09-25 04:23:23 | INFO | GAPUP | Tickers | GEN, FRVO, FSLR, AKAM, RUN, SOXS, U, FIGR, KORU, ACN, BULL, STDN, INTU, ALM, FSLY, ARM, TSEM, APPS, UEC
2026-09-25 04:23:23 | INFO | UNIVERSE | Built | tickers=34
2026-09-25 04:23:23 | INFO | FILE | Saved ibkr_gapup | /root/trading/ASJR/ASJR_Analyst/DataLake/2026-09-25/raw/ibkr_gapup.csv
2026-09-25 04:23:23 | INFO | YFINANCE | Daily 30D fetch started | tickers=34
2026-09-25 04:23:24 | INFO | YFINANCE | Daily 30D fetch completed | rows=1020
2026-09-25 04:23:24 | INFO | FILE | Saved daily_30d | /root/trading/ASJR/ASJR_Analyst/DataLake/2026-09-25/raw/daily_30d.csv
2026-09-25 04:23:24 | INFO | FEATURES | Daily summary built | rows=34
2026-09-25 04:23:24 | INFO | IBKR | 5m fetch started | tickers=34 | duration=3 D | batch_size=5
2026-09-25 04:23:32 | INFO | IBKR | 5m fetch completed | rows=19523
2026-09-25 04:23:32 | INFO | FILE | Saved intraday_5m | /root/trading/ASJR/ASJR_Analyst/DataLake/2026-09-25/raw/intraday_5m.csv
2026-09-25 04:23:32 | INFO | FEATURES | Intraday summary built | rows=34
2026-09-25 04:23:32 | INFO | YFINANCE | Sector/market fetch started
2026-09-25 04:23:33 | INFO | YFINANCE | Sector/market fetch completed | rows=15
2026-09-25 04:23:33 | INFO | FILE | Saved sector_market_daily | /root/trading/ASJR/ASJR_Analyst/DataLake/2026-09-25/raw/sector_market_daily.csv
2026-09-25 04:23:33 | INFO | FILE | Saved ticker_summary | rows=34 | /root/trading/ASJR/ASJR_Analyst/DataLake/2026-09-25/processed/ticker_summary.csv
2026-09-25 04:23:33 | INFO | FILE | Saved asjr_snapshot | /root/trading/ASJR/ASJR_Analyst/DataLake/2026-09-25/processed/asjr_snapshot.json
2026-09-25 04:23:33 | INFO | RUN | DATA COMPLETE | universe=34 | intraday_rows=19523 | ticker_summary=34
2026-09-25 04:23:33 | INFO | GIT | File verification started | count=6
