2026-09-25 09:16:05 | INFO | RUN | START | trade_date=2026-09-25
2026-09-25 09:16:05 | INFO | RUN | OPTIONS | include_sector=True | git_submit=True | fetch_gapup_from_app=True
2026-09-25 09:16:05 | INFO | GAPUP | Fetch started
2026-09-25 09:16:05 | INFO | GAPUP | Fetch completed | rows=11
2026-09-25 09:16:05 | INFO | GAPUP | Tickers | AKAM, AESI, PPLI, WTTR, KORU, SNXX, TWST, ALOY, FRVO, ARM, AMDL
2026-09-25 09:16:05 | INFO | UNIVERSE | Built | tickers=26
2026-09-25 09:16:05 | INFO | FILE | Saved ibkr_gapup | /root/trading/ASJR/ASJR_Analyst/DataLake/2026-09-25/raw/ibkr_gapup.csv
2026-09-25 09:16:05 | INFO | YFINANCE | Daily 30D fetch started | tickers=26
2026-09-25 09:16:06 | INFO | YFINANCE | Daily 30D fetch completed | rows=780
2026-09-25 09:16:06 | INFO | FILE | Saved daily_30d | /root/trading/ASJR/ASJR_Analyst/DataLake/2026-09-25/raw/daily_30d.csv
2026-09-25 09:16:06 | INFO | FEATURES | Daily summary built | rows=26
2026-09-25 09:16:06 | INFO | IBKR | 5m fetch started | tickers=26 | duration=3 D | batch_size=5
2026-09-25 09:16:13 | INFO | IBKR | 5m fetch completed | rows=9733
2026-09-25 09:16:13 | INFO | FILE | Saved intraday_5m | /root/trading/ASJR/ASJR_Analyst/DataLake/2026-09-25/raw/intraday_5m.csv
2026-09-25 09:16:13 | INFO | FEATURES | Intraday summary built | rows=26
2026-09-25 09:16:13 | INFO | YFINANCE | Sector/market fetch started
2026-09-25 09:16:14 | INFO | YFINANCE | Sector/market fetch completed | rows=15
2026-09-25 09:16:14 | INFO | FILE | Saved sector_market_daily | /root/trading/ASJR/ASJR_Analyst/DataLake/2026-09-25/raw/sector_market_daily.csv
2026-09-25 09:16:14 | INFO | FILE | Saved ticker_summary | rows=26 | /root/trading/ASJR/ASJR_Analyst/DataLake/2026-09-25/processed/ticker_summary.csv
2026-09-25 09:16:14 | INFO | FILE | Saved asjr_snapshot | /root/trading/ASJR/ASJR_Analyst/DataLake/2026-09-25/processed/asjr_snapshot.json
2026-09-25 09:16:14 | INFO | RUN | DATA COMPLETE | universe=26 | intraday_rows=9733 | ticker_summary=26
2026-09-25 09:16:14 | INFO | GIT | File verification started | count=6
2026-09-25 09:16:17 | INFO | RUN | SUCCESS | log_file=/root/trading/ASJR/ASJR_Analyst/DataLake/2026-09-25/reports/asjr_pipeline_091605.log
