2026-09-25 08:29:36 | INFO | RUN | START | trade_date=2026-09-25
2026-09-25 08:29:36 | INFO | RUN | OPTIONS | include_sector=True | git_submit=True | fetch_gapup_from_app=True
2026-09-25 08:29:36 | INFO | GAPUP | Fetch started
2026-09-25 08:29:36 | INFO | GAPUP | Fetch completed | rows=4
2026-09-25 08:29:36 | INFO | GAPUP | Tickers | AKAM, WTTR, KORU, TWST
2026-09-25 08:29:36 | INFO | UNIVERSE | Built | tickers=19
2026-09-25 08:29:36 | INFO | FILE | Saved ibkr_gapup | /root/trading/ASJR/ASJR_Analyst/DataLake/2026-09-25/raw/ibkr_gapup.csv
2026-09-25 08:29:36 | INFO | YFINANCE | Daily 30D fetch started | tickers=19
2026-09-25 08:29:37 | INFO | YFINANCE | Daily 30D fetch completed | rows=570
2026-09-25 08:29:37 | INFO | FILE | Saved daily_30d | /root/trading/ASJR/ASJR_Analyst/DataLake/2026-09-25/raw/daily_30d.csv
2026-09-25 08:29:37 | INFO | FEATURES | Daily summary built | rows=19
2026-09-25 08:29:37 | INFO | IBKR | 5m fetch started | tickers=19 | duration=3 D | batch_size=5
2026-09-25 08:29:41 | INFO | IBKR | 5m fetch completed | rows=10815
2026-09-25 08:29:41 | INFO | FILE | Saved intraday_5m | /root/trading/ASJR/ASJR_Analyst/DataLake/2026-09-25/raw/intraday_5m.csv
2026-09-25 08:29:42 | INFO | FEATURES | Intraday summary built | rows=19
2026-09-25 08:29:42 | INFO | YFINANCE | Sector/market fetch started
2026-09-25 08:29:42 | INFO | YFINANCE | Sector/market fetch completed | rows=15
2026-09-25 08:29:42 | INFO | FILE | Saved sector_market_daily | /root/trading/ASJR/ASJR_Analyst/DataLake/2026-09-25/raw/sector_market_daily.csv
2026-09-25 08:29:42 | INFO | FILE | Saved ticker_summary | rows=19 | /root/trading/ASJR/ASJR_Analyst/DataLake/2026-09-25/processed/ticker_summary.csv
2026-09-25 08:29:42 | INFO | FILE | Saved asjr_snapshot | /root/trading/ASJR/ASJR_Analyst/DataLake/2026-09-25/processed/asjr_snapshot.json
2026-09-25 08:29:42 | INFO | RUN | DATA COMPLETE | universe=19 | intraday_rows=10815 | ticker_summary=19
2026-09-25 08:29:42 | INFO | GIT | File verification started | count=6
2026-09-25 08:29:45 | INFO | RUN | SUCCESS | log_file=/root/trading/ASJR/ASJR_Analyst/DataLake/2026-09-25/reports/asjr_pipeline_082936.log
