2026-09-25 13:09:52 | INFO | RUN | START | trade_date=2026-09-25
2026-09-25 13:09:52 | INFO | RUN | OPTIONS | include_sector=True | git_submit=True | fetch_gapup_from_app=True
2026-09-25 13:09:52 | INFO | GAPUP | Fetch started
2026-09-25 13:09:52 | INFO | GAPUP | Fetch completed | rows=18
2026-09-25 13:09:52 | INFO | GAPUP | Tickers | AKAM, PPLI, GENI, REYN, XRP, FLR, MGNI, AESI, KORU, WTTR, SOXL, HESM, ARM, RGNX, FRVO, SNXX, SNPS, RAM
2026-09-25 13:09:52 | INFO | UNIVERSE | Built | tickers=33
2026-09-25 13:09:52 | INFO | FILE | Saved ibkr_gapup | /root/trading/ASJR/ASJR_Analyst/DataLake/2026-09-25/raw/ibkr_gapup.csv
2026-09-25 13:09:52 | INFO | YFINANCE | Daily 30D fetch started | tickers=33
2026-09-25 13:09:53 | INFO | YFINANCE | Daily 30D fetch completed | rows=990
2026-09-25 13:09:53 | INFO | FILE | Saved daily_30d | /root/trading/ASJR/ASJR_Analyst/DataLake/2026-09-25/raw/daily_30d.csv
2026-09-25 13:09:53 | INFO | FEATURES | Daily summary built | rows=33
2026-09-25 13:09:53 | INFO | IBKR | 5m fetch started | tickers=33 | duration=3 D | batch_size=5
2026-09-25 13:10:01 | INFO | IBKR | 5m fetch completed | rows=13364
2026-09-25 13:10:01 | INFO | FILE | Saved intraday_5m | /root/trading/ASJR/ASJR_Analyst/DataLake/2026-09-25/raw/intraday_5m.csv
2026-09-25 13:10:01 | INFO | FEATURES | Intraday summary built | rows=33
2026-09-25 13:10:01 | INFO | YFINANCE | Sector/market fetch started
2026-09-25 13:10:02 | INFO | YFINANCE | Sector/market fetch completed | rows=15
2026-09-25 13:10:02 | INFO | FILE | Saved sector_market_daily | /root/trading/ASJR/ASJR_Analyst/DataLake/2026-09-25/raw/sector_market_daily.csv
2026-09-25 13:10:02 | INFO | FILE | Saved ticker_summary | rows=33 | /root/trading/ASJR/ASJR_Analyst/DataLake/2026-09-25/processed/ticker_summary.csv
2026-09-25 13:10:02 | INFO | FILE | Saved asjr_snapshot | /root/trading/ASJR/ASJR_Analyst/DataLake/2026-09-25/processed/asjr_snapshot.json
2026-09-25 13:10:02 | INFO | RUN | DATA COMPLETE | universe=33 | intraday_rows=13364 | ticker_summary=33
2026-09-25 13:10:02 | INFO | GIT | File verification started | count=6
2026-09-25 13:10:05 | INFO | RUN | SUCCESS | log_file=/root/trading/ASJR/ASJR_Analyst/DataLake/2026-09-25/reports/asjr_pipeline_130952.log
