2026-09-25 05:20:05 | INFO | RUN | START | trade_date=2026-09-25
2026-09-25 05:20:05 | INFO | RUN | OPTIONS | include_sector=True | git_submit=True | fetch_gapup_from_app=True
2026-09-25 05:20:05 | INFO | GAPUP | Fetch started
2026-09-25 05:20:05 | INFO | GAPUP | Fetch completed | rows=2
2026-09-25 05:20:05 | INFO | GAPUP | Tickers | AKAM, WTTR
2026-09-25 05:20:05 | INFO | UNIVERSE | Built | tickers=17
2026-09-25 05:20:05 | INFO | FILE | Saved ibkr_gapup | /root/trading/ASJR/ASJR_Analyst/DataLake/2026-09-25/raw/ibkr_gapup.csv
2026-09-25 05:20:05 | INFO | YFINANCE | Daily 30D fetch started | tickers=17
2026-09-25 05:20:06 | INFO | YFINANCE | Daily 30D fetch completed | rows=510
2026-09-25 05:20:06 | INFO | FILE | Saved daily_30d | /root/trading/ASJR/ASJR_Analyst/DataLake/2026-09-25/raw/daily_30d.csv
2026-09-25 05:20:06 | INFO | FEATURES | Daily summary built | rows=17
2026-09-25 05:20:06 | INFO | IBKR | 5m fetch started | tickers=17 | duration=3 D | batch_size=5
2026-09-25 05:20:10 | INFO | IBKR | 5m fetch completed | rows=9663
2026-09-25 05:20:10 | INFO | FILE | Saved intraday_5m | /root/trading/ASJR/ASJR_Analyst/DataLake/2026-09-25/raw/intraday_5m.csv
2026-09-25 05:20:11 | INFO | FEATURES | Intraday summary built | rows=17
2026-09-25 05:20:11 | INFO | YFINANCE | Sector/market fetch started
2026-09-25 05:20:11 | INFO | YFINANCE | Sector/market fetch completed | rows=15
2026-09-25 05:20:11 | INFO | FILE | Saved sector_market_daily | /root/trading/ASJR/ASJR_Analyst/DataLake/2026-09-25/raw/sector_market_daily.csv
2026-09-25 05:20:11 | INFO | FILE | Saved ticker_summary | rows=17 | /root/trading/ASJR/ASJR_Analyst/DataLake/2026-09-25/processed/ticker_summary.csv
2026-09-25 05:20:11 | INFO | FILE | Saved asjr_snapshot | /root/trading/ASJR/ASJR_Analyst/DataLake/2026-09-25/processed/asjr_snapshot.json
2026-09-25 05:20:11 | INFO | RUN | DATA COMPLETE | universe=17 | intraday_rows=9663 | ticker_summary=17
2026-09-25 05:20:11 | INFO | GIT | File verification started | count=6
