2026-09-25 23:59:50 | INFO | RUN | START | trade_date=2026-09-25
2026-09-25 23:59:50 | INFO | RUN | OPTIONS | include_sector=True | git_submit=True | fetch_gapup_from_app=True
2026-09-25 23:59:50 | INFO | GAPUP | Fetch started
2026-09-25 23:59:51 | INFO | GAPUP | Fetch completed | rows=12
2026-09-25 23:59:51 | INFO | GAPUP | Tickers | AESI, AKAM, PPLI, GENI, KORU, FSLY, SNPS, FRVO, PGEN, MFG, MUFG, SNXX
2026-09-25 23:59:51 | INFO | UNIVERSE | Built | tickers=32
2026-09-25 23:59:51 | INFO | FILE | Saved ibkr_gapup | /root/trading/ASJR/ASJR_Analyst/DataLake/2026-09-25/raw/ibkr_gapup.csv
2026-09-25 23:59:51 | INFO | YFINANCE | Daily 30D fetch started | tickers=32
2026-09-25 23:59:52 | INFO | YFINANCE | Daily 30D fetch completed | rows=960
2026-09-25 23:59:52 | INFO | FILE | Saved daily_30d | /root/trading/ASJR/ASJR_Analyst/DataLake/2026-09-25/raw/daily_30d.csv
2026-09-25 23:59:52 | INFO | FEATURES | Daily summary built | rows=32
2026-09-25 23:59:52 | INFO | IBKR | 5m fetch started | tickers=32 | duration=3 D | batch_size=5
2026-09-26 00:00:01 | INFO | IBKR | 5m fetch completed | rows=17623
2026-09-26 00:00:01 | INFO | FILE | Saved intraday_5m | /root/trading/ASJR/ASJR_Analyst/DataLake/2026-09-26/raw/intraday_5m.csv
2026-09-26 00:00:01 | INFO | FEATURES | Intraday summary built | rows=32
2026-09-26 00:00:01 | INFO | YFINANCE | Sector/market fetch started
2026-09-26 00:00:02 | INFO | YFINANCE | Sector/market fetch completed | rows=15
2026-09-26 00:00:02 | INFO | FILE | Saved sector_market_daily | /root/trading/ASJR/ASJR_Analyst/DataLake/2026-09-26/raw/sector_market_daily.csv
2026-09-26 00:00:02 | INFO | FILE | Saved ticker_summary | rows=32 | /root/trading/ASJR/ASJR_Analyst/DataLake/2026-09-26/processed/ticker_summary.csv
2026-09-26 00:00:02 | INFO | FILE | Saved asjr_snapshot | /root/trading/ASJR/ASJR_Analyst/DataLake/2026-09-26/processed/asjr_snapshot.json
2026-09-26 00:00:02 | INFO | RUN | DATA COMPLETE | universe=32 | intraday_rows=17623 | ticker_summary=32
2026-09-26 00:00:02 | INFO | GIT | File verification started | count=6
2026-09-26 00:00:02 | ERROR | RUN | FAILED
Traceback (most recent call last):
  File "/root/trading/ASJR/ASJR_Analyst/Tests/test_asjr_pipeline.py", line 254, in run_asjr_manual_pipeline
    git_result = asjr_git.submit_datalake(
  File "/root/trading/ASJR/ASJR_Analyst/Utils/asjr_git.py", line 105, in submit_datalake
    _run_git(
  File "/root/trading/ASJR/ASJR_Analyst/Utils/asjr_git.py", line 13, in _run_git
    raise RuntimeError(
RuntimeError: Git command failed: git pull --rebase origin main
STDOUT:

STDERR:
error: cannot pull with rebase: You have unstaged changes.
error: Please commit or stash them.

