2026-09-25 08:45:05 | INFO | RUN | START | trade_date=2026-09-25
2026-09-25 08:45:05 | INFO | RUN | OPTIONS | include_sector=True | git_submit=True | fetch_gapup_from_app=True
2026-09-25 08:45:05 | INFO | GAPUP | Fetch started
2026-09-25 08:45:06 | INFO | GAPUP | Fetch completed | rows=5
2026-09-25 08:45:06 | INFO | GAPUP | Tickers | AKAM, WTTR, KORU, AMDL, TWST
2026-09-25 08:45:06 | INFO | UNIVERSE | Built | tickers=20
2026-09-25 08:45:06 | INFO | FILE | Saved ibkr_gapup | /root/trading/ASJR/ASJR_Analyst/DataLake/2026-09-25/raw/ibkr_gapup.csv
2026-09-25 08:45:06 | INFO | YFINANCE | Daily 30D fetch started | tickers=20
2026-09-25 08:45:06 | INFO | YFINANCE | Daily 30D fetch completed | rows=600
2026-09-25 08:45:06 | INFO | FILE | Saved daily_30d | /root/trading/ASJR/ASJR_Analyst/DataLake/2026-09-25/raw/daily_30d.csv
2026-09-25 08:45:06 | INFO | FEATURES | Daily summary built | rows=20
2026-09-25 08:45:06 | INFO | IBKR | 5m fetch started | tickers=20 | duration=3 D | batch_size=5
2026-09-25 08:45:11 | INFO | IBKR | 5m fetch completed | rows=11391
2026-09-25 08:45:11 | INFO | FILE | Saved intraday_5m | /root/trading/ASJR/ASJR_Analyst/DataLake/2026-09-25/raw/intraday_5m.csv
2026-09-25 08:45:11 | INFO | FEATURES | Intraday summary built | rows=20
2026-09-25 08:45:11 | INFO | YFINANCE | Sector/market fetch started
2026-09-25 08:45:12 | INFO | YFINANCE | Sector/market fetch completed | rows=15
2026-09-25 08:45:12 | INFO | FILE | Saved sector_market_daily | /root/trading/ASJR/ASJR_Analyst/DataLake/2026-09-25/raw/sector_market_daily.csv
2026-09-25 08:45:12 | INFO | FILE | Saved ticker_summary | rows=20 | /root/trading/ASJR/ASJR_Analyst/DataLake/2026-09-25/processed/ticker_summary.csv
2026-09-25 08:45:12 | INFO | FILE | Saved asjr_snapshot | /root/trading/ASJR/ASJR_Analyst/DataLake/2026-09-25/processed/asjr_snapshot.json
2026-09-25 08:45:12 | INFO | RUN | DATA COMPLETE | universe=20 | intraday_rows=11391 | ticker_summary=20
2026-09-25 08:45:12 | INFO | GIT | File verification started | count=6
2026-09-25 08:45:15 | INFO | RUN | SUCCESS | log_file=/root/trading/ASJR/ASJR_Analyst/DataLake/2026-09-25/reports/asjr_pipeline_084505.log
