2026-09-25 12:48:57 | INFO | RUN | START | trade_date=2026-09-25
2026-09-25 12:48:57 | INFO | RUN | OPTIONS | include_sector=True | git_submit=True | fetch_gapup_from_app=True
2026-09-25 12:48:57 | INFO | GAPUP | Fetch started
2026-09-25 12:48:58 | INFO | GAPUP | Fetch completed | rows=17
2026-09-25 12:48:58 | INFO | GAPUP | Tickers | AKAM, PPLI, AESI, GENI, FLR, MGNI, SHLS, WTTR, FRVO, CIFR, RGNX, KORU, HESM, FSLY, SOXL, ARM, SNXX
2026-09-25 12:48:58 | INFO | UNIVERSE | Built | tickers=32
2026-09-25 12:48:58 | INFO | FILE | Saved ibkr_gapup | /root/trading/ASJR/ASJR_Analyst/DataLake/2026-09-25/raw/ibkr_gapup.csv
2026-09-25 12:48:58 | INFO | YFINANCE | Daily 30D fetch started | tickers=32
2026-09-25 12:48:59 | INFO | YFINANCE | Daily 30D fetch completed | rows=960
2026-09-25 12:48:59 | INFO | FILE | Saved daily_30d | /root/trading/ASJR/ASJR_Analyst/DataLake/2026-09-25/raw/daily_30d.csv
2026-09-25 12:48:59 | INFO | FEATURES | Daily summary built | rows=32
2026-09-25 12:48:59 | INFO | IBKR | 5m fetch started | tickers=32 | duration=3 D | batch_size=5
2026-09-25 12:49:07 | INFO | IBKR | 5m fetch completed | rows=12935
2026-09-25 12:49:07 | INFO | FILE | Saved intraday_5m | /root/trading/ASJR/ASJR_Analyst/DataLake/2026-09-25/raw/intraday_5m.csv
2026-09-25 12:49:07 | INFO | FEATURES | Intraday summary built | rows=32
2026-09-25 12:49:07 | INFO | YFINANCE | Sector/market fetch started
2026-09-25 12:49:07 | INFO | YFINANCE | Sector/market fetch completed | rows=15
2026-09-25 12:49:07 | INFO | FILE | Saved sector_market_daily | /root/trading/ASJR/ASJR_Analyst/DataLake/2026-09-25/raw/sector_market_daily.csv
2026-09-25 12:49:07 | INFO | FILE | Saved ticker_summary | rows=32 | /root/trading/ASJR/ASJR_Analyst/DataLake/2026-09-25/processed/ticker_summary.csv
2026-09-25 12:49:07 | INFO | FILE | Saved asjr_snapshot | /root/trading/ASJR/ASJR_Analyst/DataLake/2026-09-25/processed/asjr_snapshot.json
2026-09-25 12:49:07 | INFO | RUN | DATA COMPLETE | universe=32 | intraday_rows=12935 | ticker_summary=32
2026-09-25 12:49:07 | INFO | GIT | File verification started | count=6
