2026-09-25 19:31:43 | INFO | RUN | START | trade_date=2026-09-25
2026-09-25 19:31:43 | INFO | RUN | OPTIONS | include_sector=True | git_submit=True | fetch_gapup_from_app=True
2026-09-25 19:31:43 | INFO | GAPUP | Fetch started
2026-09-25 19:31:44 | INFO | GAPUP | Fetch completed | rows=0
2026-09-25 19:31:44 | INFO | GAPUP | Tickers | None
2026-09-25 19:31:44 | INFO | UNIVERSE | Built | tickers=15
2026-09-25 19:31:44 | INFO | YFINANCE | Daily 30D fetch started | tickers=15
2026-09-25 19:31:44 | INFO | YFINANCE | Daily 30D fetch completed | rows=450
2026-09-25 19:31:44 | INFO | FILE | Saved daily_30d | /root/trading/ASJR/ASJR_Analyst/DataLake/2026-09-25/raw/daily_30d.csv
2026-09-25 19:31:44 | INFO | FEATURES | Daily summary built | rows=15
2026-09-25 19:31:44 | INFO | IBKR | 5m fetch started | tickers=15 | duration=3 D | batch_size=5
2026-09-25 19:32:46 | INFO | IBKR | 5m fetch completed | rows=0
2026-09-25 19:32:46 | INFO | FILE | Saved intraday_5m | /root/trading/ASJR/ASJR_Analyst/DataLake/2026-09-25/raw/intraday_5m.csv
2026-09-25 19:32:46 | INFO | FEATURES | Intraday summary built | rows=0
2026-09-25 19:32:46 | INFO | YFINANCE | Sector/market fetch started
2026-09-25 19:32:47 | INFO | YFINANCE | Sector/market fetch completed | rows=15
2026-09-25 19:32:47 | INFO | FILE | Saved sector_market_daily | /root/trading/ASJR/ASJR_Analyst/DataLake/2026-09-25/raw/sector_market_daily.csv
2026-09-25 19:32:47 | INFO | FILE | Saved ticker_summary | rows=15 | /root/trading/ASJR/ASJR_Analyst/DataLake/2026-09-25/processed/ticker_summary.csv
2026-09-25 19:32:47 | INFO | FILE | Saved asjr_snapshot | /root/trading/ASJR/ASJR_Analyst/DataLake/2026-09-25/processed/asjr_snapshot.json
2026-09-25 19:32:47 | INFO | RUN | DATA COMPLETE | universe=15 | intraday_rows=0 | ticker_summary=15
2026-09-25 19:32:47 | INFO | GIT | File verification started | count=5
