2026-09-25 13:04:38 | INFO | RUN | START | trade_date=2026-09-25
2026-09-25 13:04:38 | INFO | RUN | OPTIONS | include_sector=True | git_submit=True | fetch_gapup_from_app=True
2026-09-25 13:04:38 | INFO | GAPUP | Fetch started
2026-09-25 13:04:39 | INFO | GAPUP | Fetch completed | rows=18
2026-09-25 13:04:39 | INFO | GAPUP | Tickers | AKAM, PPLI, GENI, FLR, MGNI, AESI, XRP, KORU, SOXL, ARM, HESM, FRVO, FSLY, SNXX, RAM, AMDL, FWDI, SNPS
2026-09-25 13:04:39 | INFO | UNIVERSE | Built | tickers=33
2026-09-25 13:04:39 | INFO | FILE | Saved ibkr_gapup | /root/trading/ASJR/ASJR_Analyst/DataLake/2026-09-25/raw/ibkr_gapup.csv
2026-09-25 13:04:39 | INFO | YFINANCE | Daily 30D fetch started | tickers=33
2026-09-25 13:04:40 | INFO | YFINANCE | Daily 30D fetch completed | rows=990
2026-09-25 13:04:40 | INFO | FILE | Saved daily_30d | /root/trading/ASJR/ASJR_Analyst/DataLake/2026-09-25/raw/daily_30d.csv
2026-09-25 13:04:40 | INFO | FEATURES | Daily summary built | rows=33
2026-09-25 13:04:40 | INFO | IBKR | 5m fetch started | tickers=33 | duration=3 D | batch_size=5
2026-09-25 13:04:48 | INFO | IBKR | 5m fetch completed | rows=13588
2026-09-25 13:04:48 | INFO | FILE | Saved intraday_5m | /root/trading/ASJR/ASJR_Analyst/DataLake/2026-09-25/raw/intraday_5m.csv
2026-09-25 13:04:48 | INFO | FEATURES | Intraday summary built | rows=33
2026-09-25 13:04:48 | INFO | YFINANCE | Sector/market fetch started
2026-09-25 13:04:48 | INFO | YFINANCE | Sector/market fetch completed | rows=15
2026-09-25 13:04:48 | INFO | FILE | Saved sector_market_daily | /root/trading/ASJR/ASJR_Analyst/DataLake/2026-09-25/raw/sector_market_daily.csv
2026-09-25 13:04:48 | INFO | FILE | Saved ticker_summary | rows=33 | /root/trading/ASJR/ASJR_Analyst/DataLake/2026-09-25/processed/ticker_summary.csv
2026-09-25 13:04:48 | INFO | FILE | Saved asjr_snapshot | /root/trading/ASJR/ASJR_Analyst/DataLake/2026-09-25/processed/asjr_snapshot.json
2026-09-25 13:04:48 | INFO | RUN | DATA COMPLETE | universe=33 | intraday_rows=13588 | ticker_summary=33
2026-09-25 13:04:48 | INFO | GIT | File verification started | count=6
