2026-09-25 14:04:42 | INFO | RUN | START | trade_date=2026-09-25
2026-09-25 14:04:42 | INFO | RUN | OPTIONS | include_sector=True | git_submit=True | fetch_gapup_from_app=True
2026-09-25 14:04:42 | INFO | GAPUP | Fetch started
2026-09-25 14:04:43 | INFO | GAPUP | Fetch completed | rows=15
2026-09-25 14:04:43 | INFO | GAPUP | Tickers | AESI, AKAM, GENI, PPLI, WTTR, KORU, FRVO, SNXX, RGNX, ARM, HESM, BRUN, XRP, CE, SNPS
2026-09-25 14:04:43 | INFO | UNIVERSE | Built | tickers=30
2026-09-25 14:04:43 | INFO | FILE | Saved ibkr_gapup | /root/trading/ASJR/ASJR_Analyst/DataLake/2026-09-25/raw/ibkr_gapup.csv
2026-09-25 14:04:43 | INFO | YFINANCE | Daily 30D fetch started | tickers=30
2026-09-25 14:04:44 | INFO | YFINANCE | Daily 30D fetch completed | rows=900
2026-09-25 14:04:44 | INFO | FILE | Saved daily_30d | /root/trading/ASJR/ASJR_Analyst/DataLake/2026-09-25/raw/daily_30d.csv
2026-09-25 14:04:44 | INFO | FEATURES | Daily summary built | rows=30
2026-09-25 14:04:44 | INFO | IBKR | 5m fetch started | tickers=30 | duration=3 D | batch_size=5
2026-09-25 14:04:51 | INFO | IBKR | 5m fetch completed | rows=12737
2026-09-25 14:04:51 | INFO | FILE | Saved intraday_5m | /root/trading/ASJR/ASJR_Analyst/DataLake/2026-09-25/raw/intraday_5m.csv
2026-09-25 14:04:51 | INFO | FEATURES | Intraday summary built | rows=30
2026-09-25 14:04:51 | INFO | YFINANCE | Sector/market fetch started
2026-09-25 14:04:52 | INFO | YFINANCE | Sector/market fetch completed | rows=15
2026-09-25 14:04:52 | INFO | FILE | Saved sector_market_daily | /root/trading/ASJR/ASJR_Analyst/DataLake/2026-09-25/raw/sector_market_daily.csv
2026-09-25 14:04:52 | INFO | FILE | Saved ticker_summary | rows=30 | /root/trading/ASJR/ASJR_Analyst/DataLake/2026-09-25/processed/ticker_summary.csv
2026-09-25 14:04:52 | INFO | FILE | Saved asjr_snapshot | /root/trading/ASJR/ASJR_Analyst/DataLake/2026-09-25/processed/asjr_snapshot.json
2026-09-25 14:04:52 | INFO | RUN | DATA COMPLETE | universe=30 | intraday_rows=12737 | ticker_summary=30
2026-09-25 14:04:52 | INFO | GIT | File verification started | count=6
