2026-09-25 10:22:07 | INFO | RUN | START | trade_date=2026-09-25
2026-09-25 10:22:07 | INFO | RUN | OPTIONS | include_sector=True | git_submit=True | fetch_gapup_from_app=True
2026-09-25 10:22:07 | INFO | GAPUP | Fetch started
2026-09-25 10:22:08 | INFO | GAPUP | Fetch completed | rows=17
2026-09-25 10:22:08 | INFO | GAPUP | Tickers | AKAM, AESI, PPLI, WTTR, KORU, HESM, SOXL, RAM, SNXX, AMDL, PL, ARM, ALOY, AXTI, FRVO, SECZ, P
2026-09-25 10:22:08 | INFO | UNIVERSE | Built | tickers=32
2026-09-25 10:22:08 | INFO | FILE | Saved ibkr_gapup | /root/trading/ASJR/ASJR_Analyst/DataLake/2026-09-25/raw/ibkr_gapup.csv
2026-09-25 10:22:08 | INFO | YFINANCE | Daily 30D fetch started | tickers=32
2026-09-25 10:22:09 | INFO | YFINANCE | Daily 30D fetch completed | rows=960
2026-09-25 10:22:09 | INFO | FILE | Saved daily_30d | /root/trading/ASJR/ASJR_Analyst/DataLake/2026-09-25/raw/daily_30d.csv
2026-09-25 10:22:09 | INFO | FEATURES | Daily summary built | rows=32
2026-09-25 10:22:09 | INFO | IBKR | 5m fetch started | tickers=32 | duration=3 D | batch_size=5
2026-09-25 10:22:16 | INFO | IBKR | 5m fetch completed | rows=12404
2026-09-25 10:22:17 | INFO | FILE | Saved intraday_5m | /root/trading/ASJR/ASJR_Analyst/DataLake/2026-09-25/raw/intraday_5m.csv
2026-09-25 10:22:17 | INFO | FEATURES | Intraday summary built | rows=32
2026-09-25 10:22:17 | INFO | YFINANCE | Sector/market fetch started
2026-09-25 10:22:17 | INFO | YFINANCE | Sector/market fetch completed | rows=15
2026-09-25 10:22:17 | INFO | FILE | Saved sector_market_daily | /root/trading/ASJR/ASJR_Analyst/DataLake/2026-09-25/raw/sector_market_daily.csv
2026-09-25 10:22:17 | INFO | FILE | Saved ticker_summary | rows=32 | /root/trading/ASJR/ASJR_Analyst/DataLake/2026-09-25/processed/ticker_summary.csv
2026-09-25 10:22:17 | INFO | FILE | Saved asjr_snapshot | /root/trading/ASJR/ASJR_Analyst/DataLake/2026-09-25/processed/asjr_snapshot.json
2026-09-25 10:22:17 | INFO | RUN | DATA COMPLETE | universe=32 | intraday_rows=12404 | ticker_summary=32
2026-09-25 10:22:17 | INFO | GIT | File verification started | count=6
2026-09-25 10:22:20 | INFO | RUN | SUCCESS | log_file=/root/trading/ASJR/ASJR_Analyst/DataLake/2026-09-25/reports/asjr_pipeline_102207.log
