2026-09-25 09:00:33 | INFO | RUN | START | trade_date=2026-09-25
2026-09-25 09:00:33 | INFO | RUN | OPTIONS | include_sector=True | git_submit=True | fetch_gapup_from_app=True
2026-09-25 09:00:33 | INFO | GAPUP | Fetch started
2026-09-25 09:00:34 | INFO | GAPUP | Fetch completed | rows=4
2026-09-25 09:00:34 | INFO | GAPUP | Tickers | AKAM, AESI, PPLI, KORU
2026-09-25 09:00:34 | INFO | UNIVERSE | Built | tickers=19
2026-09-25 09:00:34 | INFO | FILE | Saved ibkr_gapup | /root/trading/ASJR/ASJR_Analyst/DataLake/2026-09-25/raw/ibkr_gapup.csv
2026-09-25 09:00:34 | INFO | YFINANCE | Daily 30D fetch started | tickers=19
2026-09-25 09:00:35 | INFO | YFINANCE | Daily 30D fetch completed | rows=570
2026-09-25 09:00:35 | INFO | FILE | Saved daily_30d | /root/trading/ASJR/ASJR_Analyst/DataLake/2026-09-25/raw/daily_30d.csv
2026-09-25 09:00:35 | INFO | FEATURES | Daily summary built | rows=19
2026-09-25 09:00:35 | INFO | IBKR | 5m fetch started | tickers=19 | duration=3 D | batch_size=5
2026-09-25 09:00:39 | INFO | IBKR | 5m fetch completed | rows=7091
2026-09-25 09:00:39 | INFO | FILE | Saved intraday_5m | /root/trading/ASJR/ASJR_Analyst/DataLake/2026-09-25/raw/intraday_5m.csv
2026-09-25 09:00:39 | INFO | FEATURES | Intraday summary built | rows=19
2026-09-25 09:00:39 | INFO | YFINANCE | Sector/market fetch started
2026-09-25 09:00:40 | INFO | YFINANCE | Sector/market fetch completed | rows=15
2026-09-25 09:00:40 | INFO | FILE | Saved sector_market_daily | /root/trading/ASJR/ASJR_Analyst/DataLake/2026-09-25/raw/sector_market_daily.csv
2026-09-25 09:00:40 | INFO | FILE | Saved ticker_summary | rows=19 | /root/trading/ASJR/ASJR_Analyst/DataLake/2026-09-25/processed/ticker_summary.csv
2026-09-25 09:00:40 | INFO | FILE | Saved asjr_snapshot | /root/trading/ASJR/ASJR_Analyst/DataLake/2026-09-25/processed/asjr_snapshot.json
2026-09-25 09:00:40 | INFO | RUN | DATA COMPLETE | universe=19 | intraday_rows=7091 | ticker_summary=19
2026-09-25 09:00:40 | INFO | GIT | File verification started | count=6
