2026-09-25 10:37:45 | INFO | RUN | START | trade_date=2026-09-25
2026-09-25 10:37:45 | INFO | RUN | OPTIONS | include_sector=True | git_submit=True | fetch_gapup_from_app=True
2026-09-25 10:37:45 | INFO | GAPUP | Fetch started
2026-09-25 10:37:46 | INFO | GAPUP | Fetch completed | rows=16
2026-09-25 10:37:46 | INFO | GAPUP | Tickers | AKAM, AESI, PPLI, WTTR, KORU, HESM, SOXL, SNXX, PL, ARM, RAM, FRVO, ALOY, AMDL, AXTI, SECZ
2026-09-25 10:37:46 | INFO | UNIVERSE | Built | tickers=31
2026-09-25 10:37:46 | INFO | FILE | Saved ibkr_gapup | /root/trading/ASJR/ASJR_Analyst/DataLake/2026-09-25/raw/ibkr_gapup.csv
2026-09-25 10:37:46 | INFO | YFINANCE | Daily 30D fetch started | tickers=31
2026-09-25 10:37:47 | INFO | YFINANCE | Daily 30D fetch completed | rows=930
2026-09-25 10:37:47 | INFO | FILE | Saved daily_30d | /root/trading/ASJR/ASJR_Analyst/DataLake/2026-09-25/raw/daily_30d.csv
2026-09-25 10:37:47 | INFO | FEATURES | Daily summary built | rows=31
2026-09-25 10:37:47 | INFO | IBKR | 5m fetch started | tickers=31 | duration=3 D | batch_size=5
2026-09-25 10:37:54 | INFO | IBKR | 5m fetch completed | rows=12098
2026-09-25 10:37:54 | INFO | FILE | Saved intraday_5m | /root/trading/ASJR/ASJR_Analyst/DataLake/2026-09-25/raw/intraday_5m.csv
2026-09-25 10:37:54 | INFO | FEATURES | Intraday summary built | rows=31
2026-09-25 10:37:54 | INFO | YFINANCE | Sector/market fetch started
2026-09-25 10:37:55 | INFO | YFINANCE | Sector/market fetch completed | rows=15
2026-09-25 10:37:55 | INFO | FILE | Saved sector_market_daily | /root/trading/ASJR/ASJR_Analyst/DataLake/2026-09-25/raw/sector_market_daily.csv
2026-09-25 10:37:55 | INFO | FILE | Saved ticker_summary | rows=31 | /root/trading/ASJR/ASJR_Analyst/DataLake/2026-09-25/processed/ticker_summary.csv
2026-09-25 10:37:55 | INFO | FILE | Saved asjr_snapshot | /root/trading/ASJR/ASJR_Analyst/DataLake/2026-09-25/processed/asjr_snapshot.json
2026-09-25 10:37:55 | INFO | RUN | DATA COMPLETE | universe=31 | intraday_rows=12098 | ticker_summary=31
2026-09-25 10:37:55 | INFO | GIT | File verification started | count=6
2026-09-25 10:37:58 | INFO | RUN | SUCCESS | log_file=/root/trading/ASJR/ASJR_Analyst/DataLake/2026-09-25/reports/asjr_pipeline_103745.log
