2026-09-25 13:35:57 | INFO | RUN | START | trade_date=2026-09-25
2026-09-25 13:35:57 | INFO | RUN | OPTIONS | include_sector=True | git_submit=True | fetch_gapup_from_app=True
2026-09-25 13:35:57 | INFO | GAPUP | Fetch started
2026-09-25 13:35:58 | INFO | GAPUP | Fetch completed | rows=14
2026-09-25 13:35:58 | INFO | GAPUP | Tickers | AKAM, AESI, PPLI, FLR, MGNI, GENI, XRP, ARM, KORU, HESM, SNXX, BRUN, FRVO, CE
2026-09-25 13:35:58 | INFO | UNIVERSE | Built | tickers=29
2026-09-25 13:35:58 | INFO | FILE | Saved ibkr_gapup | /root/trading/ASJR/ASJR_Analyst/DataLake/2026-09-25/raw/ibkr_gapup.csv
2026-09-25 13:35:58 | INFO | YFINANCE | Daily 30D fetch started | tickers=29
2026-09-25 13:35:59 | INFO | YFINANCE | Daily 30D fetch completed | rows=870
2026-09-25 13:35:59 | INFO | FILE | Saved daily_30d | /root/trading/ASJR/ASJR_Analyst/DataLake/2026-09-25/raw/daily_30d.csv
2026-09-25 13:35:59 | INFO | FEATURES | Daily summary built | rows=29
2026-09-25 13:35:59 | INFO | IBKR | 5m fetch started | tickers=29 | duration=3 D | batch_size=5
2026-09-25 13:36:05 | INFO | IBKR | 5m fetch completed | rows=11905
2026-09-25 13:36:05 | INFO | FILE | Saved intraday_5m | /root/trading/ASJR/ASJR_Analyst/DataLake/2026-09-25/raw/intraday_5m.csv
2026-09-25 13:36:05 | INFO | FEATURES | Intraday summary built | rows=29
2026-09-25 13:36:05 | INFO | YFINANCE | Sector/market fetch started
2026-09-25 13:36:06 | INFO | YFINANCE | Sector/market fetch completed | rows=15
2026-09-25 13:36:06 | INFO | FILE | Saved sector_market_daily | /root/trading/ASJR/ASJR_Analyst/DataLake/2026-09-25/raw/sector_market_daily.csv
2026-09-25 13:36:06 | INFO | FILE | Saved ticker_summary | rows=29 | /root/trading/ASJR/ASJR_Analyst/DataLake/2026-09-25/processed/ticker_summary.csv
2026-09-25 13:36:06 | INFO | FILE | Saved asjr_snapshot | /root/trading/ASJR/ASJR_Analyst/DataLake/2026-09-25/processed/asjr_snapshot.json
2026-09-25 13:36:06 | INFO | RUN | DATA COMPLETE | universe=29 | intraday_rows=11905 | ticker_summary=29
2026-09-25 13:36:06 | INFO | GIT | File verification started | count=6
2026-09-25 13:36:09 | INFO | RUN | SUCCESS | log_file=/root/trading/ASJR/ASJR_Analyst/DataLake/2026-09-25/reports/asjr_pipeline_133557.log
