2026-09-25 12:33:16 | INFO | RUN | START | trade_date=2026-09-25
2026-09-25 12:33:16 | INFO | RUN | OPTIONS | include_sector=True | git_submit=True | fetch_gapup_from_app=True
2026-09-25 12:33:16 | INFO | GAPUP | Fetch started
2026-09-25 12:33:17 | INFO | GAPUP | Fetch completed | rows=19
2026-09-25 12:33:17 | INFO | GAPUP | Tickers | AKAM, PPLI, GENI, AESI, FLR, MGNI, SHLS, WTTR, KORU, HESM, SOXL, FRVO, FSLY, ARM, SHAZ, RAM, SBSW, SNXX, GDXU
2026-09-25 12:33:17 | INFO | UNIVERSE | Built | tickers=34
2026-09-25 12:33:17 | INFO | FILE | Saved ibkr_gapup | /root/trading/ASJR/ASJR_Analyst/DataLake/2026-09-25/raw/ibkr_gapup.csv
2026-09-25 12:33:17 | INFO | YFINANCE | Daily 30D fetch started | tickers=34
2026-09-25 12:33:18 | INFO | YFINANCE | Daily 30D fetch completed | rows=1020
2026-09-25 12:33:18 | INFO | FILE | Saved daily_30d | /root/trading/ASJR/ASJR_Analyst/DataLake/2026-09-25/raw/daily_30d.csv
2026-09-25 12:33:18 | INFO | FEATURES | Daily summary built | rows=34
2026-09-25 12:33:18 | INFO | IBKR | 5m fetch started | tickers=34 | duration=3 D | batch_size=5
2026-09-25 12:33:26 | INFO | IBKR | 5m fetch completed | rows=13681
2026-09-25 12:33:26 | INFO | FILE | Saved intraday_5m | /root/trading/ASJR/ASJR_Analyst/DataLake/2026-09-25/raw/intraday_5m.csv
2026-09-25 12:33:26 | INFO | FEATURES | Intraday summary built | rows=34
2026-09-25 12:33:26 | INFO | YFINANCE | Sector/market fetch started
2026-09-25 12:33:26 | INFO | YFINANCE | Sector/market fetch completed | rows=15
2026-09-25 12:33:26 | INFO | FILE | Saved sector_market_daily | /root/trading/ASJR/ASJR_Analyst/DataLake/2026-09-25/raw/sector_market_daily.csv
2026-09-25 12:33:26 | INFO | FILE | Saved ticker_summary | rows=34 | /root/trading/ASJR/ASJR_Analyst/DataLake/2026-09-25/processed/ticker_summary.csv
2026-09-25 12:33:26 | INFO | FILE | Saved asjr_snapshot | /root/trading/ASJR/ASJR_Analyst/DataLake/2026-09-25/processed/asjr_snapshot.json
2026-09-25 12:33:26 | INFO | RUN | DATA COMPLETE | universe=34 | intraday_rows=13681 | ticker_summary=34
2026-09-25 12:33:26 | INFO | GIT | File verification started | count=6
2026-09-25 12:33:30 | INFO | RUN | SUCCESS | log_file=/root/trading/ASJR/ASJR_Analyst/DataLake/2026-09-25/reports/asjr_pipeline_123316.log
