2026-09-25 21:17:05 | INFO | RUN | START | trade_date=2026-09-25
2026-09-25 21:17:05 | INFO | RUN | OPTIONS | include_sector=True | git_submit=True | fetch_gapup_from_app=True
2026-09-25 21:17:05 | INFO | GAPUP | Fetch started
2026-09-25 21:17:05 | INFO | GAPUP | Fetch completed | rows=0
2026-09-25 21:17:05 | INFO | GAPUP | Tickers | None
2026-09-25 21:17:05 | INFO | UNIVERSE | Built | tickers=20
2026-09-25 21:17:05 | INFO | YFINANCE | Daily 30D fetch started | tickers=20
2026-09-25 21:17:06 | INFO | YFINANCE | Daily 30D fetch completed | rows=600
2026-09-25 21:17:06 | INFO | FILE | Saved daily_30d | /root/trading/ASJR/ASJR_Analyst/DataLake/2026-09-25/raw/daily_30d.csv
2026-09-25 21:17:06 | INFO | FEATURES | Daily summary built | rows=20
2026-09-25 21:17:06 | INFO | IBKR | 5m fetch started | tickers=20 | duration=3 D | batch_size=5
2026-09-25 21:18:28 | INFO | IBKR | 5m fetch completed | rows=0
2026-09-25 21:18:28 | INFO | FILE | Saved intraday_5m | /root/trading/ASJR/ASJR_Analyst/DataLake/2026-09-25/raw/intraday_5m.csv
2026-09-25 21:18:28 | INFO | FEATURES | Intraday summary built | rows=0
2026-09-25 21:18:28 | INFO | YFINANCE | Sector/market fetch started
2026-09-25 21:18:29 | INFO | YFINANCE | Sector/market fetch completed | rows=15
2026-09-25 21:18:29 | INFO | FILE | Saved sector_market_daily | /root/trading/ASJR/ASJR_Analyst/DataLake/2026-09-25/raw/sector_market_daily.csv
2026-09-25 21:18:29 | INFO | FILE | Saved ticker_summary | rows=20 | /root/trading/ASJR/ASJR_Analyst/DataLake/2026-09-25/processed/ticker_summary.csv
2026-09-25 21:18:29 | INFO | FILE | Saved asjr_snapshot | /root/trading/ASJR/ASJR_Analyst/DataLake/2026-09-25/processed/asjr_snapshot.json
2026-09-25 21:18:29 | INFO | RUN | DATA COMPLETE | universe=20 | intraday_rows=0 | ticker_summary=20
2026-09-25 21:18:29 | INFO | GIT | File verification started | count=5
