2026-09-25 13:25:31 | INFO | RUN | START | trade_date=2026-09-25
2026-09-25 13:25:31 | INFO | RUN | OPTIONS | include_sector=True | git_submit=True | fetch_gapup_from_app=True
2026-09-25 13:25:31 | INFO | GAPUP | Fetch started
2026-09-25 13:25:32 | INFO | GAPUP | Fetch completed | rows=15
2026-09-25 13:25:32 | INFO | GAPUP | Tickers | AKAM, PPLI, AESI, GENI, FLR, MGNI, XRP, KORU, HESM, RGNX, ARM, FRVO, SNXX, SOXL, CE
2026-09-25 13:25:32 | INFO | UNIVERSE | Built | tickers=30
2026-09-25 13:25:32 | INFO | FILE | Saved ibkr_gapup | /root/trading/ASJR/ASJR_Analyst/DataLake/2026-09-25/raw/ibkr_gapup.csv
2026-09-25 13:25:32 | INFO | YFINANCE | Daily 30D fetch started | tickers=30
2026-09-25 13:25:33 | INFO | YFINANCE | Daily 30D fetch completed | rows=900
2026-09-25 13:25:33 | INFO | FILE | Saved daily_30d | /root/trading/ASJR/ASJR_Analyst/DataLake/2026-09-25/raw/daily_30d.csv
2026-09-25 13:25:33 | INFO | FEATURES | Daily summary built | rows=30
2026-09-25 13:25:33 | INFO | IBKR | 5m fetch started | tickers=30 | duration=3 D | batch_size=5
2026-09-25 13:25:40 | INFO | IBKR | 5m fetch completed | rows=12279
2026-09-25 13:25:40 | INFO | FILE | Saved intraday_5m | /root/trading/ASJR/ASJR_Analyst/DataLake/2026-09-25/raw/intraday_5m.csv
2026-09-25 13:25:40 | INFO | FEATURES | Intraday summary built | rows=30
2026-09-25 13:25:40 | INFO | YFINANCE | Sector/market fetch started
2026-09-25 13:25:40 | INFO | YFINANCE | Sector/market fetch completed | rows=15
2026-09-25 13:25:40 | INFO | FILE | Saved sector_market_daily | /root/trading/ASJR/ASJR_Analyst/DataLake/2026-09-25/raw/sector_market_daily.csv
2026-09-25 13:25:40 | INFO | FILE | Saved ticker_summary | rows=30 | /root/trading/ASJR/ASJR_Analyst/DataLake/2026-09-25/processed/ticker_summary.csv
2026-09-25 13:25:40 | INFO | FILE | Saved asjr_snapshot | /root/trading/ASJR/ASJR_Analyst/DataLake/2026-09-25/processed/asjr_snapshot.json
2026-09-25 13:25:40 | INFO | RUN | DATA COMPLETE | universe=30 | intraday_rows=12279 | ticker_summary=30
2026-09-25 13:25:40 | INFO | GIT | File verification started | count=6
2026-09-25 13:25:43 | INFO | RUN | SUCCESS | log_file=/root/trading/ASJR/ASJR_Analyst/DataLake/2026-09-25/reports/asjr_pipeline_132531.log
