2026-09-25 12:54:11 | INFO | RUN | START | trade_date=2026-09-25
2026-09-25 12:54:11 | INFO | RUN | OPTIONS | include_sector=True | git_submit=True | fetch_gapup_from_app=True
2026-09-25 12:54:11 | INFO | GAPUP | Fetch started
2026-09-25 12:54:11 | INFO | GAPUP | Fetch completed | rows=20
2026-09-25 12:54:11 | INFO | GAPUP | Tickers | AKAM, PPLI, AESI, GENI, CIFR, FLR, MGNI, FRVO, KORU, RGNX, FSLY, SOXL, HESM, ARM, SNXX, XRP, SNPS, PGEN, RAM, FWDI
2026-09-25 12:54:11 | INFO | UNIVERSE | Built | tickers=35
2026-09-25 12:54:11 | INFO | FILE | Saved ibkr_gapup | /root/trading/ASJR/ASJR_Analyst/DataLake/2026-09-25/raw/ibkr_gapup.csv
2026-09-25 12:54:11 | INFO | YFINANCE | Daily 30D fetch started | tickers=35
2026-09-25 12:54:12 | INFO | YFINANCE | Daily 30D fetch completed | rows=1050
2026-09-25 12:54:12 | INFO | FILE | Saved daily_30d | /root/trading/ASJR/ASJR_Analyst/DataLake/2026-09-25/raw/daily_30d.csv
2026-09-25 12:54:12 | INFO | FEATURES | Daily summary built | rows=35
2026-09-25 12:54:12 | INFO | IBKR | 5m fetch started | tickers=35 | duration=3 D | batch_size=5
2026-09-25 12:54:20 | INFO | IBKR | 5m fetch completed | rows=14280
2026-09-25 12:54:21 | INFO | FILE | Saved intraday_5m | /root/trading/ASJR/ASJR_Analyst/DataLake/2026-09-25/raw/intraday_5m.csv
2026-09-25 12:54:21 | INFO | FEATURES | Intraday summary built | rows=35
2026-09-25 12:54:21 | INFO | YFINANCE | Sector/market fetch started
2026-09-25 12:54:21 | INFO | YFINANCE | Sector/market fetch completed | rows=15
2026-09-25 12:54:21 | INFO | FILE | Saved sector_market_daily | /root/trading/ASJR/ASJR_Analyst/DataLake/2026-09-25/raw/sector_market_daily.csv
2026-09-25 12:54:21 | INFO | FILE | Saved ticker_summary | rows=35 | /root/trading/ASJR/ASJR_Analyst/DataLake/2026-09-25/processed/ticker_summary.csv
2026-09-25 12:54:21 | INFO | FILE | Saved asjr_snapshot | /root/trading/ASJR/ASJR_Analyst/DataLake/2026-09-25/processed/asjr_snapshot.json
2026-09-25 12:54:21 | INFO | RUN | DATA COMPLETE | universe=35 | intraday_rows=14280 | ticker_summary=35
2026-09-25 12:54:21 | INFO | GIT | File verification started | count=6
