2026-09-25 01:33:25 | INFO | RUN | START | trade_date=2026-09-25
2026-09-25 01:33:25 | INFO | RUN | OPTIONS | include_sector=True | git_submit=True | fetch_gapup_from_app=True
2026-09-25 01:33:25 | INFO | GAPUP | Fetch started
2026-09-25 01:33:26 | INFO | GAPUP | Fetch completed | rows=10
2026-09-25 01:33:26 | INFO | GAPUP | Tickers | FSLR, AKAM, SOXS, U, KORU, BULL, INTU, ALM, FSLY, ARM
2026-09-25 01:33:26 | INFO | UNIVERSE | Built | tickers=25
2026-09-25 01:33:26 | INFO | FILE | Saved ibkr_gapup | /root/trading/ASJR/ASJR_Analyst/DataLake/2026-09-25/raw/ibkr_gapup.csv
2026-09-25 01:33:26 | INFO | YFINANCE | Daily 30D fetch started | tickers=25
2026-09-25 01:33:27 | INFO | YFINANCE | Daily 30D fetch completed | rows=750
2026-09-25 01:33:27 | INFO | FILE | Saved daily_30d | /root/trading/ASJR/ASJR_Analyst/DataLake/2026-09-25/raw/daily_30d.csv
2026-09-25 01:33:27 | INFO | FEATURES | Daily summary built | rows=25
2026-09-25 01:33:27 | INFO | IBKR | 5m fetch started | tickers=25 | duration=3 D | batch_size=5
2026-09-25 01:33:32 | INFO | IBKR | 5m fetch completed | rows=14375
2026-09-25 01:33:32 | INFO | FILE | Saved intraday_5m | /root/trading/ASJR/ASJR_Analyst/DataLake/2026-09-25/raw/intraday_5m.csv
2026-09-25 01:33:32 | INFO | FEATURES | Intraday summary built | rows=25
2026-09-25 01:33:32 | INFO | YFINANCE | Sector/market fetch started
2026-09-25 01:33:33 | INFO | YFINANCE | Sector/market fetch completed | rows=15
2026-09-25 01:33:33 | INFO | FILE | Saved sector_market_daily | /root/trading/ASJR/ASJR_Analyst/DataLake/2026-09-25/raw/sector_market_daily.csv
2026-09-25 01:33:33 | INFO | FILE | Saved ticker_summary | rows=25 | /root/trading/ASJR/ASJR_Analyst/DataLake/2026-09-25/processed/ticker_summary.csv
2026-09-25 01:33:33 | INFO | FILE | Saved asjr_snapshot | /root/trading/ASJR/ASJR_Analyst/DataLake/2026-09-25/processed/asjr_snapshot.json
2026-09-25 01:33:33 | INFO | RUN | DATA COMPLETE | universe=25 | intraday_rows=14375 | ticker_summary=25
2026-09-25 01:33:33 | INFO | GIT | File verification started | count=6
2026-09-25 01:33:33 | ERROR | RUN | FAILED
Traceback (most recent call last):
  File "/root/trading/ASJR/ASJR_Analyst/Tests/test_asjr_pipeline.py", line 254, in run_asjr_manual_pipeline
    git_result = asjr_git.submit_datalake(
  File "/root/trading/ASJR/ASJR_Analyst/Utils/asjr_git.py", line 105, in submit_datalake
    _run_git(
  File "/root/trading/ASJR/ASJR_Analyst/Utils/asjr_git.py", line 13, in _run_git
    raise RuntimeError(
RuntimeError: Git command failed: git pull --rebase origin main
STDOUT:

STDERR:
error: cannot pull with rebase: You have unstaged changes.
error: Please commit or stash them.

