2026-09-25 04:07:53 | INFO | RUN | START | trade_date=2026-09-25
2026-09-25 04:07:53 | INFO | RUN | OPTIONS | include_sector=True | git_submit=True | fetch_gapup_from_app=True
2026-09-25 04:07:53 | INFO | GAPUP | Fetch started
2026-09-25 04:07:54 | INFO | GAPUP | Fetch completed | rows=18
2026-09-25 04:07:54 | INFO | GAPUP | Tickers | GEN, FRVO, FSLR, AKAM, RUN, SOXS, U, FIGR, KORU, ACN, BULL, STDN, INTU, ALM, FSLY, ARM, TSEM, UEC
2026-09-25 04:07:54 | INFO | UNIVERSE | Built | tickers=33
2026-09-25 04:07:54 | INFO | FILE | Saved ibkr_gapup | /root/trading/ASJR/ASJR_Analyst/DataLake/2026-09-25/raw/ibkr_gapup.csv
2026-09-25 04:07:54 | INFO | YFINANCE | Daily 30D fetch started | tickers=33
2026-09-25 04:07:55 | INFO | YFINANCE | Daily 30D fetch completed | rows=990
2026-09-25 04:07:55 | INFO | FILE | Saved daily_30d | /root/trading/ASJR/ASJR_Analyst/DataLake/2026-09-25/raw/daily_30d.csv
2026-09-25 04:07:55 | INFO | FEATURES | Daily summary built | rows=33
2026-09-25 04:07:55 | INFO | IBKR | 5m fetch started | tickers=33 | duration=3 D | batch_size=5
2026-09-25 04:08:02 | INFO | IBKR | 5m fetch completed | rows=18947
2026-09-25 04:08:02 | INFO | FILE | Saved intraday_5m | /root/trading/ASJR/ASJR_Analyst/DataLake/2026-09-25/raw/intraday_5m.csv
2026-09-25 04:08:03 | INFO | FEATURES | Intraday summary built | rows=33
2026-09-25 04:08:03 | INFO | YFINANCE | Sector/market fetch started
2026-09-25 04:08:03 | INFO | YFINANCE | Sector/market fetch completed | rows=15
2026-09-25 04:08:03 | INFO | FILE | Saved sector_market_daily | /root/trading/ASJR/ASJR_Analyst/DataLake/2026-09-25/raw/sector_market_daily.csv
2026-09-25 04:08:03 | INFO | FILE | Saved ticker_summary | rows=33 | /root/trading/ASJR/ASJR_Analyst/DataLake/2026-09-25/processed/ticker_summary.csv
2026-09-25 04:08:03 | INFO | FILE | Saved asjr_snapshot | /root/trading/ASJR/ASJR_Analyst/DataLake/2026-09-25/processed/asjr_snapshot.json
2026-09-25 04:08:03 | INFO | RUN | DATA COMPLETE | universe=33 | intraday_rows=18947 | ticker_summary=33
2026-09-25 04:08:03 | INFO | GIT | File verification started | count=6
