2026-09-25 10:48:11 | INFO | RUN | START | trade_date=2026-09-25
2026-09-25 10:48:11 | INFO | RUN | OPTIONS | include_sector=True | git_submit=True | fetch_gapup_from_app=True
2026-09-25 10:48:11 | INFO | GAPUP | Fetch started
2026-09-25 10:48:12 | INFO | GAPUP | Fetch completed | rows=12
2026-09-25 10:48:12 | INFO | GAPUP | Tickers | AKAM, AESI, PPLI, WTTR, KORU, HESM, SOXL, SECZ, ARM, FRVO, ALOY, PL
2026-09-25 10:48:12 | INFO | UNIVERSE | Built | tickers=27
2026-09-25 10:48:12 | INFO | FILE | Saved ibkr_gapup | /root/trading/ASJR/ASJR_Analyst/DataLake/2026-09-25/raw/ibkr_gapup.csv
2026-09-25 10:48:12 | INFO | YFINANCE | Daily 30D fetch started | tickers=27
2026-09-25 10:48:13 | INFO | YFINANCE | Daily 30D fetch completed | rows=810
2026-09-25 10:48:13 | INFO | FILE | Saved daily_30d | /root/trading/ASJR/ASJR_Analyst/DataLake/2026-09-25/raw/daily_30d.csv
2026-09-25 10:48:13 | INFO | FEATURES | Daily summary built | rows=27
2026-09-25 10:48:13 | INFO | IBKR | 5m fetch started | tickers=27 | duration=3 D | batch_size=5
2026-09-25 10:48:19 | INFO | IBKR | 5m fetch completed | rows=10548
2026-09-25 10:48:19 | INFO | FILE | Saved intraday_5m | /root/trading/ASJR/ASJR_Analyst/DataLake/2026-09-25/raw/intraday_5m.csv
2026-09-25 10:48:19 | INFO | FEATURES | Intraday summary built | rows=27
2026-09-25 10:48:19 | INFO | YFINANCE | Sector/market fetch started
2026-09-25 10:48:20 | INFO | YFINANCE | Sector/market fetch completed | rows=15
2026-09-25 10:48:20 | INFO | FILE | Saved sector_market_daily | /root/trading/ASJR/ASJR_Analyst/DataLake/2026-09-25/raw/sector_market_daily.csv
2026-09-25 10:48:20 | INFO | FILE | Saved ticker_summary | rows=27 | /root/trading/ASJR/ASJR_Analyst/DataLake/2026-09-25/processed/ticker_summary.csv
2026-09-25 10:48:20 | INFO | FILE | Saved asjr_snapshot | /root/trading/ASJR/ASJR_Analyst/DataLake/2026-09-25/processed/asjr_snapshot.json
2026-09-25 10:48:20 | INFO | RUN | DATA COMPLETE | universe=27 | intraday_rows=10548 | ticker_summary=27
2026-09-25 10:48:20 | INFO | GIT | File verification started | count=6
2026-09-25 10:48:23 | INFO | RUN | SUCCESS | log_file=/root/trading/ASJR/ASJR_Analyst/DataLake/2026-09-25/reports/asjr_pipeline_104811.log
