2026-09-25 20:24:48 | INFO | RUN | START | trade_date=2026-09-25
2026-09-25 20:24:48 | INFO | RUN | OPTIONS | include_sector=True | git_submit=True | fetch_gapup_from_app=True
2026-09-25 20:24:48 | INFO | GAPUP | Fetch started
2026-09-25 20:24:48 | INFO | GAPUP | Fetch completed | rows=12
2026-09-25 20:24:48 | INFO | GAPUP | Tickers | AESI, AKAM, PPLI, GENI, KORU, FSLY, SNPS, FRVO, PGEN, MFG, MUFG, SNXX
2026-09-25 20:24:48 | INFO | UNIVERSE | Built | tickers=32
2026-09-25 20:24:48 | INFO | FILE | Saved ibkr_gapup | /root/trading/ASJR/ASJR_Analyst/DataLake/2026-09-25/raw/ibkr_gapup.csv
2026-09-25 20:24:48 | INFO | YFINANCE | Daily 30D fetch started | tickers=32
2026-09-25 20:24:49 | INFO | YFINANCE | Daily 30D fetch completed | rows=960
2026-09-25 20:24:49 | INFO | FILE | Saved daily_30d | /root/trading/ASJR/ASJR_Analyst/DataLake/2026-09-25/raw/daily_30d.csv
2026-09-25 20:24:49 | INFO | FEATURES | Daily summary built | rows=32
2026-09-25 20:24:49 | INFO | IBKR | 5m fetch started | tickers=32 | duration=3 D | batch_size=5
2026-09-25 20:24:57 | INFO | IBKR | 5m fetch completed | rows=16247
2026-09-25 20:24:58 | INFO | FILE | Saved intraday_5m | /root/trading/ASJR/ASJR_Analyst/DataLake/2026-09-25/raw/intraday_5m.csv
2026-09-25 20:24:58 | INFO | FEATURES | Intraday summary built | rows=32
2026-09-25 20:24:58 | INFO | YFINANCE | Sector/market fetch started
2026-09-25 20:24:58 | INFO | YFINANCE | Sector/market fetch completed | rows=15
2026-09-25 20:24:58 | INFO | FILE | Saved sector_market_daily | /root/trading/ASJR/ASJR_Analyst/DataLake/2026-09-25/raw/sector_market_daily.csv
2026-09-25 20:24:58 | INFO | FILE | Saved ticker_summary | rows=32 | /root/trading/ASJR/ASJR_Analyst/DataLake/2026-09-25/processed/ticker_summary.csv
2026-09-25 20:24:58 | INFO | FILE | Saved asjr_snapshot | /root/trading/ASJR/ASJR_Analyst/DataLake/2026-09-25/processed/asjr_snapshot.json
2026-09-25 20:24:58 | INFO | RUN | DATA COMPLETE | universe=32 | intraday_rows=16247 | ticker_summary=32
2026-09-25 20:24:58 | INFO | GIT | File verification started | count=6
2026-09-25 20:25:02 | INFO | RUN | SUCCESS | log_file=/root/trading/ASJR/ASJR_Analyst/DataLake/2026-09-25/reports/asjr_pipeline_202448.log
