2026-09-29 08:40:51 | INFO | RUN | START | trade_date=2026-09-29
2026-09-29 08:40:51 | INFO | WATCHLIST | /root/trading/ASJR/ASJR_Analyst/DataLake/2026-09-29/config/fixed_watchlist.csv | source=prepared
2026-09-29 08:40:51 | INFO | RUN | OPTIONS | include_sector=True | git_submit=True | fetch_gapup_from_app=True
2026-09-29 08:40:51 | INFO | GAPUP | Fetch started
2026-09-29 08:40:52 | INFO | GAPUP | Fetch completed | rows=2
2026-09-29 08:40:52 | INFO | GAPUP | Tickers | SMMT, NVTS
2026-09-29 08:40:52 | INFO | UNIVERSE | Built | tickers=19
2026-09-29 08:40:52 | INFO | FILE | Saved ibkr_gapup | /root/trading/ASJR/ASJR_Analyst/DataLake/2026-09-29/raw/ibkr_gapup.csv
2026-09-29 08:40:52 | INFO | YFINANCE | Daily 30D fetch started | tickers=19
2026-09-29 08:40:52 | INFO | YFINANCE | Daily 30D fetch completed | rows=570
2026-09-29 08:40:52 | INFO | FILE | Saved daily_30d | /root/trading/ASJR/ASJR_Analyst/DataLake/2026-09-29/raw/daily_30d.csv
2026-09-29 08:40:52 | INFO | FEATURES | Daily summary built | rows=19
2026-09-29 08:40:52 | INFO | IBKR | 5m fetch started | tickers=19 | duration=3 D | batch_size=5
2026-09-29 08:40:57 | INFO | IBKR | 5m fetch completed | rows=10610
2026-09-29 08:40:57 | INFO | FILE | Saved intraday_5m | /root/trading/ASJR/ASJR_Analyst/DataLake/2026-09-29/raw/intraday_5m.csv
2026-09-29 08:40:57 | INFO | FEATURES | Intraday summary built | rows=19
2026-09-29 08:40:57 | INFO | YFINANCE | Sector/market fetch started
2026-09-29 08:40:58 | INFO | YFINANCE | Sector/market fetch completed | rows=15
2026-09-29 08:40:58 | INFO | FILE | Saved sector_market_daily | /root/trading/ASJR/ASJR_Analyst/DataLake/2026-09-29/raw/sector_market_daily.csv
2026-09-29 08:40:58 | INFO | FILE | Saved ticker_summary | rows=19 | /root/trading/ASJR/ASJR_Analyst/DataLake/2026-09-29/processed/ticker_summary.csv
2026-09-29 08:40:58 | INFO | FILE | Saved asjr_snapshot | /root/trading/ASJR/ASJR_Analyst/DataLake/2026-09-29/processed/asjr_snapshot.json
2026-09-29 08:40:58 | INFO | RUN | DATA COMPLETE | universe=19 | intraday_rows=10610 | ticker_summary=19
2026-09-29 08:40:58 | INFO | GIT | File verification started | count=7
