2026-09-29 20:32:32 | INFO | RUN | VERSION | 2026.09.29.1
2026-09-29 20:32:32 | INFO | RUN | START | trade_date=2026-09-29
2026-09-29 20:32:32 | INFO | WATCHLIST | /root/trading/ASJR/ASJR_Analyst/DataLake/2026-09-29/config/fixed_watchlist.csv | source=prepared
2026-09-29 20:32:32 | INFO | RUN | OPTIONS | include_sector=True | git_submit=True | fetch_gapup_from_app=True
2026-09-29 20:32:32 | INFO | MOVERS | Fetch started
2026-09-29 20:32:34 | INFO | MOVERS | Fetch completed | rows=73
2026-09-29 20:32:34 | INFO | MOVERS | Tickers | IOVA, CCL, DNA, PWP, CSIQ, BE, WRBY, MGNI, SG, RCL, ABCL, ABSI, STAA, WING, SMMT, AXTI, PRIM, REPL, HAFN, DUOL, QMCO, LITE, CVNA, PRCT, MOD, NTLA, SHLS, TTAN, LWLG, OCUL, PTON, ONTO, KMX, FLNC, FCEL, GLW, AMAT, RARE, AAOI, DASH, MRVL, ORCL, TWST, ATI, FORM, YELP, VVV, AIG, QURE, NESR, PSQL, IMMX, SATL, VOYG, DKNG, SRAD, NEOG, SECZ, SGMT, FLY, MNDY, FA, PENN, NCNO, MLYS, AESI, ASAN, BBNX, ALOY, VKTX, BKSY, QXO, VSAT
2026-09-29 20:32:34 | INFO | UNIVERSE | Built | tickers=87
2026-09-29 20:32:34 | INFO | FILE | Saved ibkr_gapup (movers) | /root/trading/ASJR/ASJR_Analyst/DataLake/2026-09-29/raw/ibkr_gapup.csv
2026-09-29 20:32:34 | INFO | YFINANCE | Daily 30D fetch started | tickers=87
2026-09-29 20:32:37 | INFO | YFINANCE | Daily 30D fetch completed | rows=2610
2026-09-29 20:32:37 | INFO | FILE | Saved daily_30d | /root/trading/ASJR/ASJR_Analyst/DataLake/2026-09-29/raw/daily_30d.csv
2026-09-29 20:32:37 | INFO | FEATURES | Daily summary built | rows=87
2026-09-29 20:32:37 | INFO | IBKR | 5m fetch started | tickers=87 | duration=3 D | batch_size=5
2026-09-29 20:32:57 | INFO | IBKR | 5m fetch completed | rows=41623
2026-09-29 20:32:57 | INFO | FILE | Saved intraday_5m | /root/trading/ASJR/ASJR_Analyst/DataLake/2026-09-29/raw/intraday_5m.csv
2026-09-29 20:32:58 | INFO | FEATURES | Intraday summary built | rows=87
2026-09-29 20:32:58 | INFO | YFINANCE | Sector/market fetch started
2026-09-29 20:32:58 | INFO | YFINANCE | Sector/market fetch completed | rows=15
2026-09-29 20:32:58 | INFO | FILE | Saved sector_market_daily | /root/trading/ASJR/ASJR_Analyst/DataLake/2026-09-29/raw/sector_market_daily.csv
2026-09-29 20:32:58 | INFO | FILE | Saved ticker_summary | rows=87 | /root/trading/ASJR/ASJR_Analyst/DataLake/2026-09-29/processed/ticker_summary.csv
2026-09-29 20:32:58 | INFO | FILE | Saved asjr_snapshot | /root/trading/ASJR/ASJR_Analyst/DataLake/2026-09-29/processed/asjr_snapshot.json
2026-09-29 20:32:58 | INFO | RUN | DATA COMPLETE | universe=87 | intraday_rows=41623 | ticker_summary=87
2026-09-29 20:32:58 | INFO | GIT | File verification started | count=7
