2026-09-29 02:55:12 | INFO | RUN | START | trade_date=2026-09-29
2026-09-29 02:55:12 | INFO | WATCHLIST | /root/trading/ASJR/ASJR_Analyst/DataLake/2026-09-29/config/fixed_watchlist.csv | source=prepared
2026-09-29 02:55:12 | INFO | RUN | OPTIONS | include_sector=True | git_submit=True | fetch_gapup_from_app=True
2026-09-29 02:55:12 | INFO | GAPUP | Fetch started
2026-09-29 02:55:12 | INFO | GAPUP | Fetch completed | rows=39
2026-09-29 02:55:12 | INFO | GAPUP | Tickers | OCUL, GRML, AMPX, AUR, VNET, NESR, ARM, FLUT, FRVO, MIR, BE, CRDO, AMDL, FIGR, TSLL, QCOM, OUST, ACHR, FPS, CVNA, PUMP, APLD, META, AADX, CLF, RIOT, MULL, CIFR, APP, CONL, MTZ, AFRM, AMBA, MUU, BA, RDDT, RBLX, IREN, SOXL
2026-09-29 02:55:12 | INFO | UNIVERSE | Built | tickers=54
2026-09-29 02:55:12 | INFO | FILE | Saved ibkr_gapup | /root/trading/ASJR/ASJR_Analyst/DataLake/2026-09-29/raw/ibkr_gapup.csv
2026-09-29 02:55:12 | INFO | YFINANCE | Daily 30D fetch started | tickers=54
2026-09-29 02:55:14 | INFO | YFINANCE | Daily 30D fetch completed | rows=1620
2026-09-29 02:55:14 | INFO | FILE | Saved daily_30d | /root/trading/ASJR/ASJR_Analyst/DataLake/2026-09-29/raw/daily_30d.csv
2026-09-29 02:55:14 | INFO | FEATURES | Daily summary built | rows=54
2026-09-29 02:55:14 | INFO | IBKR | 5m fetch started | tickers=54 | duration=3 D | batch_size=5
2026-09-29 02:55:26 | INFO | IBKR | 5m fetch completed | rows=30366
2026-09-29 02:55:26 | INFO | FILE | Saved intraday_5m | /root/trading/ASJR/ASJR_Analyst/DataLake/2026-09-29/raw/intraday_5m.csv
2026-09-29 02:55:26 | INFO | FEATURES | Intraday summary built | rows=54
2026-09-29 02:55:26 | INFO | YFINANCE | Sector/market fetch started
2026-09-29 02:55:27 | INFO | YFINANCE | Sector/market fetch completed | rows=15
2026-09-29 02:55:27 | INFO | FILE | Saved sector_market_daily | /root/trading/ASJR/ASJR_Analyst/DataLake/2026-09-29/raw/sector_market_daily.csv
2026-09-29 02:55:27 | INFO | FILE | Saved ticker_summary | rows=54 | /root/trading/ASJR/ASJR_Analyst/DataLake/2026-09-29/processed/ticker_summary.csv
2026-09-29 02:55:27 | INFO | FILE | Saved asjr_snapshot | /root/trading/ASJR/ASJR_Analyst/DataLake/2026-09-29/processed/asjr_snapshot.json
2026-09-29 02:55:27 | INFO | RUN | DATA COMPLETE | universe=54 | intraday_rows=30366 | ticker_summary=54
2026-09-29 02:55:27 | INFO | GIT | File verification started | count=7
