2026-09-29 15:53:34 | INFO | RUN | START | trade_date=2026-09-29
2026-09-29 15:53:34 | INFO | WATCHLIST | /root/trading/ASJR/ASJR_Analyst/DataLake/2026-09-29/config/fixed_watchlist.csv | source=prepared
2026-09-29 15:53:34 | INFO | RUN | OPTIONS | include_sector=True | git_submit=True | fetch_gapup_from_app=True
2026-09-29 15:53:34 | INFO | GAPUP | Fetch started
2026-09-29 15:53:35 | INFO | GAPUP | Fetch completed | rows=0
2026-09-29 15:53:35 | INFO | GAPUP | Tickers | None
2026-09-29 15:53:35 | INFO | UNIVERSE | Built | tickers=17
2026-09-29 15:53:35 | INFO | YFINANCE | Daily 30D fetch started | tickers=17
2026-09-29 15:53:40 | INFO | YFINANCE | Daily 30D fetch completed | rows=510
2026-09-29 15:53:40 | INFO | FILE | Saved daily_30d | /root/trading/ASJR/ASJR_Analyst/DataLake/2026-09-29/raw/daily_30d.csv
2026-09-29 15:53:40 | INFO | FEATURES | Daily summary built | rows=17
2026-09-29 15:53:40 | INFO | IBKR | 5m fetch started | tickers=17 | duration=3 D | batch_size=5
2026-09-29 15:55:02 | INFO | IBKR | 5m fetch completed | rows=0
2026-09-29 15:55:02 | INFO | FILE | Saved intraday_5m | /root/trading/ASJR/ASJR_Analyst/DataLake/2026-09-29/raw/intraday_5m.csv
2026-09-29 15:55:02 | INFO | FEATURES | Intraday summary built | rows=0
2026-09-29 15:55:02 | INFO | YFINANCE | Sector/market fetch started
2026-09-29 15:55:04 | INFO | YFINANCE | Sector/market fetch completed | rows=15
2026-09-29 15:55:04 | INFO | FILE | Saved sector_market_daily | /root/trading/ASJR/ASJR_Analyst/DataLake/2026-09-29/raw/sector_market_daily.csv
2026-09-29 15:55:04 | INFO | FILE | Saved ticker_summary | rows=17 | /root/trading/ASJR/ASJR_Analyst/DataLake/2026-09-29/processed/ticker_summary.csv
2026-09-29 15:55:04 | INFO | FILE | Saved asjr_snapshot | /root/trading/ASJR/ASJR_Analyst/DataLake/2026-09-29/processed/asjr_snapshot.json
2026-09-29 15:55:04 | INFO | RUN | DATA COMPLETE | universe=17 | intraday_rows=0 | ticker_summary=17
2026-09-29 15:55:04 | INFO | GIT | File verification started | count=6
2026-09-29 15:55:10 | ERROR | RUN | FAILED
Traceback (most recent call last):
  File "/root/trading/ASJR/ASJR_Analyst/Tests/test_asjr_pipeline.py", line 280, in run_asjr_manual_pipeline
    git_result = asjr_git.submit_datalake(
  File "/root/trading/ASJR/ASJR_Analyst/Utils/asjr_git.py", line 105, in submit_datalake
    _run_git(
  File "/root/trading/ASJR/ASJR_Analyst/Utils/asjr_git.py", line 13, in _run_git
    raise RuntimeError(
RuntimeError: Git command failed: git pull --rebase origin main
STDOUT:

STDERR:
git@github.com: Permission denied (publickey).
fatal: Could not read from remote repository.

Please make sure you have the correct access rights
and the repository exists.

