2026-09-29 14:28:22 | INFO | RUN | START | trade_date=2026-09-29
2026-09-29 14:28:22 | INFO | WATCHLIST | /root/trading/ASJR/ASJR_Analyst/DataLake/2026-09-29/config/fixed_watchlist.csv | source=prepared
2026-09-29 14:28:22 | INFO | RUN | OPTIONS | include_sector=True | git_submit=True | fetch_gapup_from_app=True
2026-09-29 14:28:22 | INFO | GAPUP | Fetch started
2026-09-29 14:28:23 | INFO | GAPUP | Fetch completed | rows=31
2026-09-29 14:28:23 | INFO | GAPUP | Tickers | SMMT, IOVA, CCL, CBOE, NVTS, BLMN, FCEL, UEC, RCL, KMX, ASTS, BFLY, NCLH, CONL, MSTU, RAM, STAA, CRVS, ETHU, VVV, SOXL, XRP, FLR, KORU, AADX, AMAT, BE, MULL, ALM, MUU, SBET
2026-09-29 14:28:23 | INFO | UNIVERSE | Built | tickers=47
2026-09-29 14:28:23 | INFO | FILE | Saved ibkr_gapup | /root/trading/ASJR/ASJR_Analyst/DataLake/2026-09-29/raw/ibkr_gapup.csv
2026-09-29 14:28:23 | INFO | YFINANCE | Daily 30D fetch started | tickers=47
2026-09-29 14:28:24 | INFO | YFINANCE | Daily 30D fetch completed | rows=1410
2026-09-29 14:28:24 | INFO | FILE | Saved daily_30d | /root/trading/ASJR/ASJR_Analyst/DataLake/2026-09-29/raw/daily_30d.csv
2026-09-29 14:28:24 | INFO | FEATURES | Daily summary built | rows=47
2026-09-29 14:28:24 | INFO | IBKR | 5m fetch started | tickers=47 | duration=3 D | batch_size=5
2026-09-29 14:28:36 | INFO | IBKR | 5m fetch completed | rows=20136
2026-09-29 14:28:36 | INFO | FILE | Saved intraday_5m | /root/trading/ASJR/ASJR_Analyst/DataLake/2026-09-29/raw/intraday_5m.csv
2026-09-29 14:28:36 | INFO | FEATURES | Intraday summary built | rows=47
2026-09-29 14:28:36 | INFO | YFINANCE | Sector/market fetch started
2026-09-29 14:28:37 | INFO | YFINANCE | Sector/market fetch completed | rows=15
2026-09-29 14:28:37 | INFO | FILE | Saved sector_market_daily | /root/trading/ASJR/ASJR_Analyst/DataLake/2026-09-29/raw/sector_market_daily.csv
2026-09-29 14:28:37 | INFO | FILE | Saved ticker_summary | rows=47 | /root/trading/ASJR/ASJR_Analyst/DataLake/2026-09-29/processed/ticker_summary.csv
2026-09-29 14:28:37 | INFO | FILE | Saved asjr_snapshot | /root/trading/ASJR/ASJR_Analyst/DataLake/2026-09-29/processed/asjr_snapshot.json
2026-09-29 14:28:37 | INFO | RUN | DATA COMPLETE | universe=47 | intraday_rows=20136 | ticker_summary=47
2026-09-29 14:28:37 | INFO | GIT | File verification started | count=7
