2026-09-29 20:21:37 | INFO | RUN | VERSION | 2026.09.29.1
2026-09-29 20:21:37 | INFO | RUN | START | trade_date=2026-09-29
2026-09-29 20:21:37 | INFO | WATCHLIST | /root/trading/ASJR/ASJR_Analyst/DataLake/2026-09-29/config/fixed_watchlist.csv | source=prepared
2026-09-29 20:21:37 | INFO | RUN | OPTIONS | include_sector=True | git_submit=True | fetch_gapup_from_app=True
2026-09-29 20:21:37 | INFO | MOVERS | Fetch started
2026-09-29 20:21:38 | INFO | MOVERS | Fetch completed | rows=72
2026-09-29 20:21:38 | INFO | MOVERS | Tickers | IOVA, DNA, CCL, PWP, BE, CSIQ, MGNI, WRBY, ABCL, PRCT, STAA, SG, RCL, SMMT, WING, AXTI, REPL, ABSI, QMCO, PRIM, OCUL, DUOL, HAFN, CVNA, PTON, LITE, TTAN, SHLS, KMX, ADRX, NTLA, FCEL, FLNC, AAOI, MOD, MRVL, LWLG, GLW, AMAT, DASH, ORCL, ONTO, TWST, VVV, ATI, CBOE, YELP, QURE, NESR, PSQL, DKNG, IMMX, SATL, SRAD, VOYG, NEOG, FLY, ASAN, FA, SGMT, PENN, MNDY, SECZ, VSAT, ALOY, BBNX, CMC, VKTX, EFX, AESI, PGNY, TEX
2026-09-29 20:21:38 | INFO | UNIVERSE | Built | tickers=86
2026-09-29 20:21:38 | INFO | FILE | Saved ibkr_gapup (movers) | /root/trading/ASJR/ASJR_Analyst/DataLake/2026-09-29/raw/ibkr_gapup.csv
2026-09-29 20:21:38 | INFO | YFINANCE | Daily 30D fetch started | tickers=86
2026-09-29 20:21:41 | INFO | YFINANCE | Daily 30D fetch completed | rows=2553
2026-09-29 20:21:41 | INFO | FILE | Saved daily_30d | /root/trading/ASJR/ASJR_Analyst/DataLake/2026-09-29/raw/daily_30d.csv
2026-09-29 20:21:41 | INFO | FEATURES | Daily summary built | rows=86
2026-09-29 20:21:41 | INFO | IBKR | 5m fetch started | tickers=86 | duration=3 D | batch_size=5
2026-09-29 20:22:00 | INFO | IBKR | 5m fetch completed | rows=40503
2026-09-29 20:22:01 | INFO | FILE | Saved intraday_5m | /root/trading/ASJR/ASJR_Analyst/DataLake/2026-09-29/raw/intraday_5m.csv
2026-09-29 20:22:01 | INFO | FEATURES | Intraday summary built | rows=86
2026-09-29 20:22:01 | INFO | YFINANCE | Sector/market fetch started
2026-09-29 20:22:01 | INFO | YFINANCE | Sector/market fetch completed | rows=15
2026-09-29 20:22:01 | INFO | FILE | Saved sector_market_daily | /root/trading/ASJR/ASJR_Analyst/DataLake/2026-09-29/raw/sector_market_daily.csv
2026-09-29 20:22:01 | INFO | FILE | Saved ticker_summary | rows=86 | /root/trading/ASJR/ASJR_Analyst/DataLake/2026-09-29/processed/ticker_summary.csv
2026-09-29 20:22:01 | INFO | FILE | Saved asjr_snapshot | /root/trading/ASJR/ASJR_Analyst/DataLake/2026-09-29/processed/asjr_snapshot.json
2026-09-29 20:22:01 | INFO | RUN | DATA COMPLETE | universe=86 | intraday_rows=40503 | ticker_summary=86
2026-09-29 20:22:01 | INFO | GIT | File verification started | count=7
