2026-09-29 21:41:41 | INFO | RUN | VERSION | 2026.09.29.1
2026-09-29 21:41:41 | INFO | RUN | START | trade_date=2026-09-29
2026-09-29 21:41:41 | INFO | WATCHLIST | /root/trading/ASJR/ASJR_Analyst/DataLake/2026-09-29/config/fixed_watchlist.csv | source=prepared
2026-09-29 21:41:41 | INFO | RUN | OPTIONS | include_sector=True | git_submit=True | fetch_gapup_from_app=True
2026-09-29 21:41:41 | INFO | MOVERS | Fetch started
2026-09-29 21:41:43 | INFO | MOVERS | Fetch completed | rows=0
2026-09-29 21:41:43 | INFO | MOVERS | Tickers | None
2026-09-29 21:41:43 | INFO | UNIVERSE | Built | tickers=17
2026-09-29 21:41:43 | INFO | YFINANCE | Daily 30D fetch started | tickers=17
2026-09-29 21:41:44 | INFO | YFINANCE | Daily 30D fetch completed | rows=510
2026-09-29 21:41:44 | INFO | FILE | Saved daily_30d | /root/trading/ASJR/ASJR_Analyst/DataLake/2026-09-29/raw/daily_30d.csv
2026-09-29 21:41:44 | INFO | FEATURES | Daily summary built | rows=17
2026-09-29 21:41:44 | INFO | IBKR | 5m fetch started | tickers=17 | duration=3 D | batch_size=5
2026-09-29 21:44:34 | ERROR | RUN | FAILED
Traceback (most recent call last):
  File "/root/trading/ASJR/ASJR_Analyst/Tests/test_asjr_pipeline.py", line 154, in run_asjr_manual_pipeline
    ibkr_result = ibkr.get_ibkr_5m_batch(
  File "/root/trading/ASJR/ASJR_Analyst/Utils/asjr_ibkr.py", line 475, in get_ibkr_5m_batch
    raise RuntimeError(
RuntimeError: IBKR 5m fetch returned ZERO rows after retry. Possible temporary HMDS/IBKR connection state problem.
