2026-09-29 20:49:01 | INFO | RUN | VERSION | 2026.09.29.1
2026-09-29 20:49:01 | INFO | RUN | START | trade_date=2026-09-29
2026-09-29 20:49:01 | INFO | WATCHLIST | /root/trading/ASJR/ASJR_Analyst/DataLake/2026-09-29/config/fixed_watchlist.csv | source=prepared
2026-09-29 20:49:01 | INFO | RUN | OPTIONS | include_sector=True | git_submit=True | fetch_gapup_from_app=True
2026-09-29 20:49:01 | INFO | MOVERS | Fetch started
2026-09-29 20:49:03 | INFO | MOVERS | Fetch completed | rows=77
2026-09-29 20:49:03 | INFO | MOVERS | Tickers | IOVA, CCL, DNA, PWP, CSIQ, BE, WRBY, MGNI, STAA, RCL, RARE, WING, SG, ADRX, KMX, TTAN, ABCL, QMCO, ABSI, SMMT, HAFN, AXTI, PRCT, DUOL, PRIM, AEO, PTON, MOD, REPL, DASH, AMAT, ONTO, LITE, YELP, CVNA, GLW, ATI, VVV, BOX, ORCL, SHLS, LWLG, AIG, FCEL, NTLA, FLNC, QURE, NESR, PSQL, IMMX, VOYG, SATL, SRAD, DKNG, NEOG, SECZ, SGMT, FLY, PENN, MNDY, BBNX, NCNO, FA, PUMP, BKSY, NTSK, NEXT, FUN, ASAN, RDW, AESI, WTTR, LQDA, OLN, MLYS, LUNR, QXO
2026-09-29 20:49:03 | INFO | UNIVERSE | Built | tickers=91
2026-09-29 20:49:03 | INFO | FILE | Saved ibkr_gapup (movers) | /root/trading/ASJR/ASJR_Analyst/DataLake/2026-09-29/raw/ibkr_gapup.csv
2026-09-29 20:49:03 | INFO | YFINANCE | Daily 30D fetch started | tickers=91
2026-09-29 20:49:06 | INFO | YFINANCE | Daily 30D fetch completed | rows=2703
2026-09-29 20:49:06 | INFO | FILE | Saved daily_30d | /root/trading/ASJR/ASJR_Analyst/DataLake/2026-09-29/raw/daily_30d.csv
2026-09-29 20:49:06 | INFO | FEATURES | Daily summary built | rows=91
2026-09-29 20:49:06 | INFO | IBKR | 5m fetch started | tickers=91 | duration=3 D | batch_size=5
2026-09-29 20:49:27 | INFO | IBKR | 5m fetch completed | rows=43473
2026-09-29 20:49:27 | INFO | FILE | Saved intraday_5m | /root/trading/ASJR/ASJR_Analyst/DataLake/2026-09-29/raw/intraday_5m.csv
2026-09-29 20:49:27 | INFO | FEATURES | Intraday summary built | rows=91
2026-09-29 20:49:27 | INFO | YFINANCE | Sector/market fetch started
2026-09-29 20:49:28 | INFO | YFINANCE | Sector/market fetch completed | rows=15
2026-09-29 20:49:28 | INFO | FILE | Saved sector_market_daily | /root/trading/ASJR/ASJR_Analyst/DataLake/2026-09-29/raw/sector_market_daily.csv
2026-09-29 20:49:28 | INFO | FILE | Saved ticker_summary | rows=91 | /root/trading/ASJR/ASJR_Analyst/DataLake/2026-09-29/processed/ticker_summary.csv
2026-09-29 20:49:28 | INFO | FILE | Saved asjr_snapshot | /root/trading/ASJR/ASJR_Analyst/DataLake/2026-09-29/processed/asjr_snapshot.json
2026-09-29 20:49:28 | INFO | RUN | DATA COMPLETE | universe=91 | intraday_rows=43473 | ticker_summary=91
2026-09-29 20:49:28 | INFO | GIT | File verification started | count=7
