2026-09-29 19:48:41 | INFO | RUN | VERSION | 2026.09.29.1
2026-09-29 19:48:41 | INFO | RUN | START | trade_date=2026-09-29
2026-09-29 19:48:41 | INFO | WATCHLIST | /root/trading/ASJR/ASJR_Analyst/DataLake/2026-09-29/config/fixed_watchlist.csv | source=prepared
2026-09-29 19:48:41 | INFO | RUN | OPTIONS | include_sector=True | git_submit=True | fetch_gapup_from_app=True
2026-09-29 19:48:41 | INFO | MOVERS | Fetch started
2026-09-29 19:48:42 | INFO | MOVERS | Fetch completed | rows=71
2026-09-29 19:48:42 | INFO | MOVERS | Tickers | IOVA, DNA, CCL, PWP, BE, CSIQ, WRBY, MGNI, STAA, SMMT, RCL, AXTI, FCEL, PRIM, ABCL, SG, KMX, HAFN, WING, DUOL, QMCO, LITE, REPL, GLW, SHLS, CVNA, AAOI, MOD, DASH, FLNC, AMAT, CBOE, MRVL, PTON, ORCL, NTLA, TTAN, FORM, ONTO, ABSI, TSEM, NCLH, QURE, NESR, IMMX, PSQL, SECZ, ASAN, DKNG, SATL, SRAD, MNDY, BBNX, SGMT, NEOG, FA, AESI, VOYG, RNG, FLY, NEXT, PENN, LQDA, ALOY, BGC, EFX, PUMP, TRU, PGNY, NCNO, CMC
2026-09-29 19:48:42 | INFO | UNIVERSE | Built | tickers=85
2026-09-29 19:48:42 | INFO | FILE | Saved ibkr_gapup (movers) | /root/trading/ASJR/ASJR_Analyst/DataLake/2026-09-29/raw/ibkr_gapup.csv
2026-09-29 19:48:42 | INFO | YFINANCE | Daily 30D fetch started | tickers=85
2026-09-29 19:48:45 | INFO | YFINANCE | Daily 30D fetch completed | rows=2550
2026-09-29 19:48:45 | INFO | FILE | Saved daily_30d | /root/trading/ASJR/ASJR_Analyst/DataLake/2026-09-29/raw/daily_30d.csv
2026-09-29 19:48:45 | INFO | FEATURES | Daily summary built | rows=85
2026-09-29 19:48:45 | INFO | IBKR | 5m fetch started | tickers=85 | duration=3 D | batch_size=5
2026-09-29 19:49:07 | INFO | IBKR | 5m fetch completed | rows=39564
2026-09-29 19:49:07 | INFO | FILE | Saved intraday_5m | /root/trading/ASJR/ASJR_Analyst/DataLake/2026-09-29/raw/intraday_5m.csv
2026-09-29 19:49:07 | INFO | FEATURES | Intraday summary built | rows=85
2026-09-29 19:49:07 | INFO | YFINANCE | Sector/market fetch started
2026-09-29 19:49:08 | INFO | YFINANCE | Sector/market fetch completed | rows=15
2026-09-29 19:49:08 | INFO | FILE | Saved sector_market_daily | /root/trading/ASJR/ASJR_Analyst/DataLake/2026-09-29/raw/sector_market_daily.csv
2026-09-29 19:49:08 | INFO | FILE | Saved ticker_summary | rows=85 | /root/trading/ASJR/ASJR_Analyst/DataLake/2026-09-29/processed/ticker_summary.csv
2026-09-29 19:49:08 | INFO | FILE | Saved asjr_snapshot | /root/trading/ASJR/ASJR_Analyst/DataLake/2026-09-29/processed/asjr_snapshot.json
2026-09-29 19:49:08 | INFO | RUN | DATA COMPLETE | universe=85 | intraday_rows=39564 | ticker_summary=85
2026-09-29 19:49:08 | INFO | GIT | File verification started | count=7
