2026-09-29 19:43:09 | INFO | RUN | VERSION | 2026.09.29.1
2026-09-29 19:43:09 | INFO | RUN | START | trade_date=2026-09-29
2026-09-29 19:43:09 | INFO | WATCHLIST | /root/trading/ASJR/ASJR_Analyst/DataLake/2026-09-29/config/fixed_watchlist.csv | source=prepared
2026-09-29 19:43:09 | INFO | RUN | OPTIONS | include_sector=True | git_submit=True | fetch_gapup_from_app=True
2026-09-29 19:43:09 | INFO | MOVERS | Fetch started
2026-09-29 19:43:10 | INFO | MOVERS | Fetch completed | rows=64
2026-09-29 19:43:10 | INFO | MOVERS | Tickers | IOVA, CCL, DNA, PWP, BE, WRBY, CSIQ, MGNI, RCL, STAA, SMMT, AXTI, FCEL, PRIM, SG, ABCL, WING, DUOL, CBOE, REPL, HAFN, QMCO, KMX, CVNA, LITE, GLW, AAOI, MOD, DASH, NCLH, FLNC, MRVL, ADRX, NTLA, AMAT, TSEM, ATI, ONTO, TTAN, SHLS, VVV, ORCL, QURE, NESR, IMMX, PSQL, ASAN, SECZ, DKNG, SRAD, SATL, NEOG, SGMT, BBNX, MNDY, FA, VOYG, NEXT, AESI, RNG, LQDA, FLY, ALOY, BGC
2026-09-29 19:43:10 | INFO | UNIVERSE | Built | tickers=78
2026-09-29 19:43:10 | INFO | FILE | Saved ibkr_gapup (movers) | /root/trading/ASJR/ASJR_Analyst/DataLake/2026-09-29/raw/ibkr_gapup.csv
2026-09-29 19:43:10 | INFO | YFINANCE | Daily 30D fetch started | tickers=78
2026-09-29 19:43:15 | INFO | YFINANCE | Daily 30D fetch completed | rows=2313
2026-09-29 19:43:15 | INFO | FILE | Saved daily_30d | /root/trading/ASJR/ASJR_Analyst/DataLake/2026-09-29/raw/daily_30d.csv
2026-09-29 19:43:15 | INFO | FEATURES | Daily summary built | rows=78
2026-09-29 19:43:15 | INFO | IBKR | 5m fetch started | tickers=78 | duration=3 D | batch_size=5
2026-09-29 19:43:36 | INFO | IBKR | 5m fetch completed | rows=36747
2026-09-29 19:43:36 | INFO | FILE | Saved intraday_5m | /root/trading/ASJR/ASJR_Analyst/DataLake/2026-09-29/raw/intraday_5m.csv
2026-09-29 19:43:36 | INFO | FEATURES | Intraday summary built | rows=78
2026-09-29 19:43:36 | INFO | YFINANCE | Sector/market fetch started
2026-09-29 19:43:37 | INFO | YFINANCE | Sector/market fetch completed | rows=15
2026-09-29 19:43:37 | INFO | FILE | Saved sector_market_daily | /root/trading/ASJR/ASJR_Analyst/DataLake/2026-09-29/raw/sector_market_daily.csv
2026-09-29 19:43:37 | INFO | FILE | Saved ticker_summary | rows=78 | /root/trading/ASJR/ASJR_Analyst/DataLake/2026-09-29/processed/ticker_summary.csv
2026-09-29 19:43:37 | INFO | FILE | Saved asjr_snapshot | /root/trading/ASJR/ASJR_Analyst/DataLake/2026-09-29/processed/asjr_snapshot.json
2026-09-29 19:43:37 | INFO | RUN | DATA COMPLETE | universe=78 | intraday_rows=36747 | ticker_summary=78
2026-09-29 19:43:37 | INFO | GIT | File verification started | count=7
