2026-09-29 01:35:55 | INFO | RUN | START | trade_date=2026-09-29
2026-09-29 01:35:55 | INFO | WATCHLIST | /root/trading/ASJR/ASJR_Analyst/DataLake/2026-09-29/config/fixed_watchlist.csv | source=prepared
2026-09-29 01:35:55 | INFO | RUN | OPTIONS | include_sector=True | git_submit=True | fetch_gapup_from_app=True
2026-09-29 01:35:55 | INFO | GAPUP | Fetch started
2026-09-29 01:35:55 | INFO | GAPUP | Fetch completed | rows=30
2026-09-29 01:35:55 | INFO | GAPUP | Tickers | GRML, AMPX, AUR, NESR, ARM, FLUT, FRVO, MIR, BE, CRDO, AMDL, TSLL, QCOM, OUST, ACHR, APLD, META, CLF, RIOT, MULL, CIFR, APP, CONL, MTZ, MUU, BA, RDDT, RBLX, IREN, SOXL
2026-09-29 01:35:55 | INFO | UNIVERSE | Built | tickers=45
2026-09-29 01:35:55 | INFO | FILE | Saved ibkr_gapup | /root/trading/ASJR/ASJR_Analyst/DataLake/2026-09-29/raw/ibkr_gapup.csv
2026-09-29 01:35:55 | INFO | YFINANCE | Daily 30D fetch started | tickers=45
2026-09-29 01:35:57 | INFO | YFINANCE | Daily 30D fetch completed | rows=1350
2026-09-29 01:35:57 | INFO | FILE | Saved daily_30d | /root/trading/ASJR/ASJR_Analyst/DataLake/2026-09-29/raw/daily_30d.csv
2026-09-29 01:35:57 | INFO | FEATURES | Daily summary built | rows=45
2026-09-29 01:35:57 | INFO | IBKR | 5m fetch started | tickers=45 | duration=3 D | batch_size=5
2026-09-29 01:36:07 | INFO | IBKR | 5m fetch completed | rows=25381
2026-09-29 01:36:07 | INFO | FILE | Saved intraday_5m | /root/trading/ASJR/ASJR_Analyst/DataLake/2026-09-29/raw/intraday_5m.csv
2026-09-29 01:36:07 | INFO | FEATURES | Intraday summary built | rows=45
2026-09-29 01:36:07 | INFO | YFINANCE | Sector/market fetch started
2026-09-29 01:36:08 | INFO | YFINANCE | Sector/market fetch completed | rows=15
2026-09-29 01:36:08 | INFO | FILE | Saved sector_market_daily | /root/trading/ASJR/ASJR_Analyst/DataLake/2026-09-29/raw/sector_market_daily.csv
2026-09-29 01:36:08 | INFO | FILE | Saved ticker_summary | rows=45 | /root/trading/ASJR/ASJR_Analyst/DataLake/2026-09-29/processed/ticker_summary.csv
2026-09-29 01:36:08 | INFO | FILE | Saved asjr_snapshot | /root/trading/ASJR/ASJR_Analyst/DataLake/2026-09-29/processed/asjr_snapshot.json
2026-09-29 01:36:08 | INFO | RUN | DATA COMPLETE | universe=45 | intraday_rows=25381 | ticker_summary=45
2026-09-29 01:36:08 | INFO | GIT | File verification started | count=7
