2026-09-29 02:02:16 | INFO | RUN | START | trade_date=2026-09-29
2026-09-29 02:02:16 | INFO | WATCHLIST | /root/trading/ASJR/ASJR_Analyst/DataLake/2026-09-29/config/fixed_watchlist.csv | source=prepared
2026-09-29 02:02:16 | INFO | RUN | OPTIONS | include_sector=True | git_submit=True | fetch_gapup_from_app=True
2026-09-29 02:02:16 | INFO | GAPUP | Fetch started
2026-09-29 02:02:17 | INFO | GAPUP | Fetch completed | rows=33
2026-09-29 02:02:17 | INFO | GAPUP | Tickers | OCUL, GRML, AMPX, AUR, NESR, ARM, FLUT, FRVO, MIR, BE, CRDO, AMDL, TSLL, QCOM, OUST, ACHR, CVNA, APLD, META, CLF, RIOT, MULL, CIFR, APP, CONL, MTZ, AMBA, MUU, BA, RDDT, RBLX, IREN, SOXL
2026-09-29 02:02:17 | INFO | UNIVERSE | Built | tickers=48
2026-09-29 02:02:17 | INFO | FILE | Saved ibkr_gapup | /root/trading/ASJR/ASJR_Analyst/DataLake/2026-09-29/raw/ibkr_gapup.csv
2026-09-29 02:02:17 | INFO | YFINANCE | Daily 30D fetch started | tickers=48
2026-09-29 02:02:18 | INFO | YFINANCE | Daily 30D fetch completed | rows=1440
2026-09-29 02:02:18 | INFO | FILE | Saved daily_30d | /root/trading/ASJR/ASJR_Analyst/DataLake/2026-09-29/raw/daily_30d.csv
2026-09-29 02:02:18 | INFO | FEATURES | Daily summary built | rows=48
2026-09-29 02:02:18 | INFO | IBKR | 5m fetch started | tickers=48 | duration=3 D | batch_size=5
2026-09-29 02:02:30 | INFO | IBKR | 5m fetch completed | rows=27035
2026-09-29 02:02:30 | INFO | FILE | Saved intraday_5m | /root/trading/ASJR/ASJR_Analyst/DataLake/2026-09-29/raw/intraday_5m.csv
2026-09-29 02:02:30 | INFO | FEATURES | Intraday summary built | rows=48
2026-09-29 02:02:30 | INFO | YFINANCE | Sector/market fetch started
2026-09-29 02:02:31 | INFO | YFINANCE | Sector/market fetch completed | rows=15
2026-09-29 02:02:31 | INFO | FILE | Saved sector_market_daily | /root/trading/ASJR/ASJR_Analyst/DataLake/2026-09-29/raw/sector_market_daily.csv
2026-09-29 02:02:31 | INFO | FILE | Saved ticker_summary | rows=48 | /root/trading/ASJR/ASJR_Analyst/DataLake/2026-09-29/processed/ticker_summary.csv
2026-09-29 02:02:31 | INFO | FILE | Saved asjr_snapshot | /root/trading/ASJR/ASJR_Analyst/DataLake/2026-09-29/processed/asjr_snapshot.json
2026-09-29 02:02:31 | INFO | RUN | DATA COMPLETE | universe=48 | intraday_rows=27035 | ticker_summary=48
2026-09-29 02:02:31 | INFO | GIT | File verification started | count=7
