2026-09-29 21:00:03 | INFO | RUN | VERSION | 2026.09.29.1
2026-09-29 21:00:03 | INFO | RUN | START | trade_date=2026-09-29
2026-09-29 21:00:03 | INFO | WATCHLIST | /root/trading/ASJR/ASJR_Analyst/DataLake/2026-09-29/config/fixed_watchlist.csv | source=prepared
2026-09-29 21:00:03 | INFO | RUN | OPTIONS | include_sector=True | git_submit=True | fetch_gapup_from_app=True
2026-09-29 21:00:03 | INFO | MOVERS | Fetch started
2026-09-29 21:00:04 | INFO | MOVERS | Fetch completed | rows=72
2026-09-29 21:00:04 | INFO | MOVERS | Tickers | IOVA, DNA, CCL, PWP, WRBY, CSIQ, BE, MGNI, STAA, RCL, ABSI, WING, ABCL, RARE, DUOL, AXTI, SG, TTAN, HAFN, SMMT, LITE, PRCT, ONTO, NTLA, CVNA, AMAT, PTON, MOD, DASH, KMX, AEO, SHLS, FCEL, GLW, QMCO, ATI, MRVL, PRIM, BOX, FLNC, VVV, UMAC, EIX, FORM, QURE, NESR, PSQL, IMMX, SATL, DKNG, SRAD, VOYG, NEOG, SGMT, FUN, BBNX, AESI, FLY, FA, ALOY, SECZ, ASAN, BKSY, MDA, PUMP, MLYS, LUNR, RDW, WTTR, PENN, QXO, LQDA
2026-09-29 21:00:04 | INFO | UNIVERSE | Built | tickers=86
2026-09-29 21:00:04 | INFO | FILE | Saved ibkr_gapup (movers) | /root/trading/ASJR/ASJR_Analyst/DataLake/2026-09-29/raw/ibkr_gapup.csv
2026-09-29 21:00:04 | INFO | YFINANCE | Daily 30D fetch started | tickers=86
2026-09-29 21:00:08 | INFO | YFINANCE | Daily 30D fetch completed | rows=2580
2026-09-29 21:00:08 | INFO | FILE | Saved daily_30d | /root/trading/ASJR/ASJR_Analyst/DataLake/2026-09-29/raw/daily_30d.csv
2026-09-29 21:00:08 | INFO | FEATURES | Daily summary built | rows=86
2026-09-29 21:00:08 | INFO | IBKR | 5m fetch started | tickers=86 | duration=3 D | batch_size=5
2026-09-29 21:00:29 | INFO | IBKR | 5m fetch completed | rows=41573
2026-09-29 21:00:29 | INFO | FILE | Saved intraday_5m | /root/trading/ASJR/ASJR_Analyst/DataLake/2026-09-29/raw/intraday_5m.csv
2026-09-29 21:00:30 | INFO | FEATURES | Intraday summary built | rows=86
2026-09-29 21:00:30 | INFO | YFINANCE | Sector/market fetch started
2026-09-29 21:00:30 | INFO | YFINANCE | Sector/market fetch completed | rows=15
2026-09-29 21:00:30 | INFO | FILE | Saved sector_market_daily | /root/trading/ASJR/ASJR_Analyst/DataLake/2026-09-29/raw/sector_market_daily.csv
2026-09-29 21:00:30 | INFO | FILE | Saved ticker_summary | rows=86 | /root/trading/ASJR/ASJR_Analyst/DataLake/2026-09-29/processed/ticker_summary.csv
2026-09-29 21:00:30 | INFO | FILE | Saved asjr_snapshot | /root/trading/ASJR/ASJR_Analyst/DataLake/2026-09-29/processed/asjr_snapshot.json
2026-09-29 21:00:30 | INFO | RUN | DATA COMPLETE | universe=86 | intraday_rows=41573 | ticker_summary=86
2026-09-29 21:00:30 | INFO | GIT | File verification started | count=7
