2026-09-29 10:50:26 | INFO | RUN | START | trade_date=2026-09-29
2026-09-29 10:50:26 | INFO | WATCHLIST | /root/trading/ASJR/ASJR_Analyst/DataLake/2026-09-29/config/fixed_watchlist.csv | source=prepared
2026-09-29 10:50:26 | INFO | RUN | OPTIONS | include_sector=True | git_submit=True | fetch_gapup_from_app=True
2026-09-29 10:50:26 | INFO | GAPUP | Fetch started
2026-09-29 10:50:26 | INFO | GAPUP | Fetch completed | rows=8
2026-09-29 10:50:26 | INFO | GAPUP | Tickers | SMMT, NVTS, KMX, FMC, STAA, UEC, PFF, BLMN
2026-09-29 10:50:26 | INFO | UNIVERSE | Built | tickers=25
2026-09-29 10:50:26 | INFO | FILE | Saved ibkr_gapup | /root/trading/ASJR/ASJR_Analyst/DataLake/2026-09-29/raw/ibkr_gapup.csv
2026-09-29 10:50:26 | INFO | YFINANCE | Daily 30D fetch started | tickers=25
2026-09-29 10:50:27 | INFO | YFINANCE | Daily 30D fetch completed | rows=750
2026-09-29 10:50:27 | INFO | FILE | Saved daily_30d | /root/trading/ASJR/ASJR_Analyst/DataLake/2026-09-29/raw/daily_30d.csv
2026-09-29 10:50:27 | INFO | FEATURES | Daily summary built | rows=25
2026-09-29 10:50:27 | INFO | IBKR | 5m fetch started | tickers=25 | duration=3 D | batch_size=5
2026-09-29 10:50:33 | INFO | IBKR | 5m fetch completed | rows=9514
2026-09-29 10:50:33 | INFO | FILE | Saved intraday_5m | /root/trading/ASJR/ASJR_Analyst/DataLake/2026-09-29/raw/intraday_5m.csv
2026-09-29 10:50:33 | INFO | FEATURES | Intraday summary built | rows=25
2026-09-29 10:50:33 | INFO | YFINANCE | Sector/market fetch started
2026-09-29 10:50:34 | INFO | YFINANCE | Sector/market fetch completed | rows=15
2026-09-29 10:50:34 | INFO | FILE | Saved sector_market_daily | /root/trading/ASJR/ASJR_Analyst/DataLake/2026-09-29/raw/sector_market_daily.csv
2026-09-29 10:50:34 | INFO | FILE | Saved ticker_summary | rows=25 | /root/trading/ASJR/ASJR_Analyst/DataLake/2026-09-29/processed/ticker_summary.csv
2026-09-29 10:50:34 | INFO | FILE | Saved asjr_snapshot | /root/trading/ASJR/ASJR_Analyst/DataLake/2026-09-29/processed/asjr_snapshot.json
2026-09-29 10:50:34 | INFO | RUN | DATA COMPLETE | universe=25 | intraday_rows=9514 | ticker_summary=25
2026-09-29 10:50:34 | INFO | GIT | File verification started | count=7
