2026-09-29 09:11:53 | INFO | RUN | START | trade_date=2026-09-29
2026-09-29 09:11:53 | INFO | WATCHLIST | /root/trading/ASJR/ASJR_Analyst/DataLake/2026-09-29/config/fixed_watchlist.csv | source=prepared
2026-09-29 09:11:53 | INFO | RUN | OPTIONS | include_sector=True | git_submit=True | fetch_gapup_from_app=True
2026-09-29 09:11:53 | INFO | GAPUP | Fetch started
2026-09-29 09:11:54 | INFO | GAPUP | Fetch completed | rows=7
2026-09-29 09:11:54 | INFO | GAPUP | Tickers | SMMT, NVTS, FMC, STAA, UGP, RDY, PFF
2026-09-29 09:11:54 | INFO | UNIVERSE | Built | tickers=24
2026-09-29 09:11:54 | INFO | FILE | Saved ibkr_gapup | /root/trading/ASJR/ASJR_Analyst/DataLake/2026-09-29/raw/ibkr_gapup.csv
2026-09-29 09:11:54 | INFO | YFINANCE | Daily 30D fetch started | tickers=24
2026-09-29 09:11:55 | INFO | YFINANCE | Daily 30D fetch completed | rows=720
2026-09-29 09:11:55 | INFO | FILE | Saved daily_30d | /root/trading/ASJR/ASJR_Analyst/DataLake/2026-09-29/raw/daily_30d.csv
2026-09-29 09:11:55 | INFO | FEATURES | Daily summary built | rows=24
2026-09-29 09:11:55 | INFO | IBKR | 5m fetch started | tickers=24 | duration=3 D | batch_size=5
2026-09-29 09:12:00 | INFO | IBKR | 5m fetch completed | rows=8800
2026-09-29 09:12:00 | INFO | FILE | Saved intraday_5m | /root/trading/ASJR/ASJR_Analyst/DataLake/2026-09-29/raw/intraday_5m.csv
2026-09-29 09:12:00 | INFO | FEATURES | Intraday summary built | rows=24
2026-09-29 09:12:00 | INFO | YFINANCE | Sector/market fetch started
2026-09-29 09:12:01 | INFO | YFINANCE | Sector/market fetch completed | rows=15
2026-09-29 09:12:01 | INFO | FILE | Saved sector_market_daily | /root/trading/ASJR/ASJR_Analyst/DataLake/2026-09-29/raw/sector_market_daily.csv
2026-09-29 09:12:01 | INFO | FILE | Saved ticker_summary | rows=24 | /root/trading/ASJR/ASJR_Analyst/DataLake/2026-09-29/processed/ticker_summary.csv
2026-09-29 09:12:01 | INFO | FILE | Saved asjr_snapshot | /root/trading/ASJR/ASJR_Analyst/DataLake/2026-09-29/processed/asjr_snapshot.json
2026-09-29 09:12:01 | INFO | RUN | DATA COMPLETE | universe=24 | intraday_rows=8800 | ticker_summary=24
2026-09-29 09:12:01 | INFO | GIT | File verification started | count=7
