2026-09-29 06:05:21 | INFO | RUN | START | trade_date=2026-09-29
2026-09-29 06:05:21 | INFO | WATCHLIST | /root/trading/ASJR/ASJR_Analyst/DataLake/2026-09-29/config/fixed_watchlist.csv | source=prepared
2026-09-29 06:05:21 | INFO | RUN | OPTIONS | include_sector=True | git_submit=True | fetch_gapup_from_app=True
2026-09-29 06:05:21 | INFO | GAPUP | Fetch started
2026-09-29 06:05:26 | INFO | GAPUP | Fetch completed | rows=0
2026-09-29 06:05:26 | INFO | GAPUP | Tickers | None
2026-09-29 06:05:26 | INFO | UNIVERSE | Built | tickers=17
2026-09-29 06:05:26 | INFO | YFINANCE | Daily 30D fetch started | tickers=17
2026-09-29 06:05:26 | INFO | YFINANCE | Daily 30D fetch completed | rows=510
2026-09-29 06:05:26 | INFO | FILE | Saved daily_30d | /root/trading/ASJR/ASJR_Analyst/DataLake/2026-09-29/raw/daily_30d.csv
2026-09-29 06:05:26 | INFO | FEATURES | Daily summary built | rows=17
2026-09-29 06:05:26 | INFO | IBKR | 5m fetch started | tickers=17 | duration=3 D | batch_size=5
2026-09-29 06:05:31 | INFO | IBKR | 5m fetch completed | rows=9458
2026-09-29 06:05:31 | INFO | FILE | Saved intraday_5m | /root/trading/ASJR/ASJR_Analyst/DataLake/2026-09-29/raw/intraday_5m.csv
2026-09-29 06:05:31 | INFO | FEATURES | Intraday summary built | rows=17
2026-09-29 06:05:31 | INFO | YFINANCE | Sector/market fetch started
2026-09-29 06:05:31 | INFO | YFINANCE | Sector/market fetch completed | rows=15
2026-09-29 06:05:31 | INFO | FILE | Saved sector_market_daily | /root/trading/ASJR/ASJR_Analyst/DataLake/2026-09-29/raw/sector_market_daily.csv
2026-09-29 06:05:31 | INFO | FILE | Saved ticker_summary | rows=17 | /root/trading/ASJR/ASJR_Analyst/DataLake/2026-09-29/processed/ticker_summary.csv
2026-09-29 06:05:31 | INFO | FILE | Saved asjr_snapshot | /root/trading/ASJR/ASJR_Analyst/DataLake/2026-09-29/processed/asjr_snapshot.json
2026-09-29 06:05:31 | INFO | RUN | DATA COMPLETE | universe=17 | intraday_rows=9458 | ticker_summary=17
2026-09-29 06:05:31 | INFO | GIT | File verification started | count=6
