2026-09-29 20:43:31 | INFO | RUN | VERSION | 2026.09.29.1
2026-09-29 20:43:31 | INFO | RUN | START | trade_date=2026-09-29
2026-09-29 20:43:31 | INFO | WATCHLIST | /root/trading/ASJR/ASJR_Analyst/DataLake/2026-09-29/config/fixed_watchlist.csv | source=prepared
2026-09-29 20:43:31 | INFO | RUN | OPTIONS | include_sector=True | git_submit=True | fetch_gapup_from_app=True
2026-09-29 20:43:31 | INFO | MOVERS | Fetch started
2026-09-29 20:43:33 | INFO | MOVERS | Fetch completed | rows=77
2026-09-29 20:43:33 | INFO | MOVERS | Tickers | IOVA, CCL, PWP, DNA, CSIQ, BE, MGNI, WRBY, RCL, SG, STAA, WING, ABCL, SMMT, ABSI, TTAN, RARE, HAFN, PRIM, AXTI, QMCO, DUOL, KMX, PRCT, REPL, MOD, YELP, LWLG, ONTO, AMAT, PTON, SHLS, LITE, DASH, CVNA, GLW, FCEL, AEO, NTLA, ATI, FLNC, VVV, ORCL, AIG, FORM, MRVL, ADRX, CBOE, QURE, NESR, PSQL, IMMX, SATL, VOYG, SRAD, DKNG, NEOG, SECZ, FLY, SGMT, PENN, MNDY, AESI, NCNO, NTSK, BBNX, ASAN, PUMP, BKSY, NEXT, FA, WTTR, MLYS, LUNR, RDW, VSAT, TEX
2026-09-29 20:43:33 | INFO | UNIVERSE | Built | tickers=90
2026-09-29 20:43:33 | INFO | FILE | Saved ibkr_gapup (movers) | /root/trading/ASJR/ASJR_Analyst/DataLake/2026-09-29/raw/ibkr_gapup.csv
2026-09-29 20:43:33 | INFO | YFINANCE | Daily 30D fetch started | tickers=90
2026-09-29 20:43:36 | INFO | YFINANCE | Daily 30D fetch completed | rows=2673
2026-09-29 20:43:36 | INFO | FILE | Saved daily_30d | /root/trading/ASJR/ASJR_Analyst/DataLake/2026-09-29/raw/daily_30d.csv
2026-09-29 20:43:36 | INFO | FEATURES | Daily summary built | rows=90
2026-09-29 20:43:36 | INFO | IBKR | 5m fetch started | tickers=90 | duration=3 D | batch_size=5
2026-09-29 20:43:56 | INFO | IBKR | 5m fetch completed | rows=42918
2026-09-29 20:43:56 | INFO | FILE | Saved intraday_5m | /root/trading/ASJR/ASJR_Analyst/DataLake/2026-09-29/raw/intraday_5m.csv
2026-09-29 20:43:56 | INFO | FEATURES | Intraday summary built | rows=90
2026-09-29 20:43:56 | INFO | YFINANCE | Sector/market fetch started
2026-09-29 20:43:57 | INFO | YFINANCE | Sector/market fetch completed | rows=15
2026-09-29 20:43:57 | INFO | FILE | Saved sector_market_daily | /root/trading/ASJR/ASJR_Analyst/DataLake/2026-09-29/raw/sector_market_daily.csv
2026-09-29 20:43:57 | INFO | FILE | Saved ticker_summary | rows=90 | /root/trading/ASJR/ASJR_Analyst/DataLake/2026-09-29/processed/ticker_summary.csv
2026-09-29 20:43:57 | INFO | FILE | Saved asjr_snapshot | /root/trading/ASJR/ASJR_Analyst/DataLake/2026-09-29/processed/asjr_snapshot.json
2026-09-29 20:43:57 | INFO | RUN | DATA COMPLETE | universe=90 | intraday_rows=42918 | ticker_summary=90
2026-09-29 20:43:57 | INFO | GIT | File verification started | count=7
