2026-09-29 19:59:42 | INFO | RUN | VERSION | 2026.09.29.1
2026-09-29 19:59:42 | INFO | RUN | START | trade_date=2026-09-29
2026-09-29 19:59:42 | INFO | WATCHLIST | /root/trading/ASJR/ASJR_Analyst/DataLake/2026-09-29/config/fixed_watchlist.csv | source=prepared
2026-09-29 19:59:42 | INFO | RUN | OPTIONS | include_sector=True | git_submit=True | fetch_gapup_from_app=True
2026-09-29 19:59:42 | INFO | MOVERS | Fetch started
2026-09-29 19:59:43 | INFO | MOVERS | Fetch completed | rows=74
2026-09-29 19:59:43 | INFO | MOVERS | Tickers | IOVA, DNA, CCL, MGNI, BE, PWP, CSIQ, WRBY, PRCT, STAA, RCL, AXTI, FCEL, KMX, ABCL, PRIM, SG, SMMT, WING, HAFN, LITE, REPL, SHLS, AAOI, GLW, CVNA, DUOL, QMCO, FLNC, AMAT, MRVL, MOD, ABSI, NTLA, ONTO, RARE, NCLH, DASH, ADRX, TWST, VVV, FORM, TSEM, UCTT, LWLG, QURE, NESR, IMMX, PSQL, ASAN, DKNG, SECZ, SATL, SRAD, MNDY, SGMT, VOYG, FA, NEOG, AESI, FLY, RNG, NEXT, PENN, BBNX, LQDA, PUMP, NTSK, VKTX, BGC, VG, EFX, PGNY, ALOY
2026-09-29 19:59:43 | INFO | UNIVERSE | Built | tickers=89
2026-09-29 19:59:43 | INFO | FILE | Saved ibkr_gapup (movers) | /root/trading/ASJR/ASJR_Analyst/DataLake/2026-09-29/raw/ibkr_gapup.csv
2026-09-29 19:59:43 | INFO | YFINANCE | Daily 30D fetch started | tickers=89
2026-09-29 19:59:46 | INFO | YFINANCE | Daily 30D fetch completed | rows=2643
2026-09-29 19:59:46 | INFO | FILE | Saved daily_30d | /root/trading/ASJR/ASJR_Analyst/DataLake/2026-09-29/raw/daily_30d.csv
2026-09-29 19:59:46 | INFO | FEATURES | Daily summary built | rows=89
2026-09-29 19:59:46 | INFO | IBKR | 5m fetch started | tickers=89 | duration=3 D | batch_size=5
2026-09-29 20:00:07 | INFO | IBKR | 5m fetch completed | rows=42118
2026-09-29 20:00:07 | INFO | FILE | Saved intraday_5m | /root/trading/ASJR/ASJR_Analyst/DataLake/2026-09-29/raw/intraday_5m.csv
2026-09-29 20:00:07 | INFO | FEATURES | Intraday summary built | rows=89
2026-09-29 20:00:07 | INFO | YFINANCE | Sector/market fetch started
2026-09-29 20:00:08 | INFO | YFINANCE | Sector/market fetch completed | rows=15
2026-09-29 20:00:08 | INFO | FILE | Saved sector_market_daily | /root/trading/ASJR/ASJR_Analyst/DataLake/2026-09-29/raw/sector_market_daily.csv
2026-09-29 20:00:08 | INFO | FILE | Saved ticker_summary | rows=89 | /root/trading/ASJR/ASJR_Analyst/DataLake/2026-09-29/processed/ticker_summary.csv
2026-09-29 20:00:08 | INFO | FILE | Saved asjr_snapshot | /root/trading/ASJR/ASJR_Analyst/DataLake/2026-09-29/processed/asjr_snapshot.json
2026-09-29 20:00:08 | INFO | RUN | DATA COMPLETE | universe=89 | intraday_rows=42118 | ticker_summary=89
2026-09-29 20:00:08 | INFO | GIT | File verification started | count=7
