2026-09-29 13:51:20 | INFO | RUN | START | trade_date=2026-09-29
2026-09-29 13:51:20 | INFO | WATCHLIST | /root/trading/ASJR/ASJR_Analyst/DataLake/2026-09-29/config/fixed_watchlist.csv | source=prepared
2026-09-29 13:51:20 | INFO | RUN | OPTIONS | include_sector=True | git_submit=True | fetch_gapup_from_app=True
2026-09-29 13:51:20 | INFO | GAPUP | Fetch started
2026-09-29 13:51:20 | INFO | GAPUP | Fetch completed | rows=22
2026-09-29 13:51:20 | INFO | GAPUP | Tickers | SMMT, IOVA, NVTS, FCEL, CBOE, KMX, UEC, IMMX, STAA, CONL, ETHU, MSTU, BLMN, BLSH, FWDI, GENI, XRP, ASTS, ALM, BFLY, GDXU, RAM
2026-09-29 13:51:20 | INFO | UNIVERSE | Built | tickers=39
2026-09-29 13:51:20 | INFO | FILE | Saved ibkr_gapup | /root/trading/ASJR/ASJR_Analyst/DataLake/2026-09-29/raw/ibkr_gapup.csv
2026-09-29 13:51:20 | INFO | YFINANCE | Daily 30D fetch started | tickers=39
2026-09-29 13:51:21 | INFO | YFINANCE | Daily 30D fetch completed | rows=1170
2026-09-29 13:51:21 | INFO | FILE | Saved daily_30d | /root/trading/ASJR/ASJR_Analyst/DataLake/2026-09-29/raw/daily_30d.csv
2026-09-29 13:51:21 | INFO | FEATURES | Daily summary built | rows=39
2026-09-29 13:51:21 | INFO | IBKR | 5m fetch started | tickers=39 | duration=3 D | batch_size=5
2026-09-29 13:51:30 | INFO | IBKR | 5m fetch completed | rows=16386
2026-09-29 13:51:30 | INFO | FILE | Saved intraday_5m | /root/trading/ASJR/ASJR_Analyst/DataLake/2026-09-29/raw/intraday_5m.csv
2026-09-29 13:51:30 | INFO | FEATURES | Intraday summary built | rows=39
2026-09-29 13:51:30 | INFO | YFINANCE | Sector/market fetch started
2026-09-29 13:51:31 | INFO | YFINANCE | Sector/market fetch completed | rows=15
2026-09-29 13:51:31 | INFO | FILE | Saved sector_market_daily | /root/trading/ASJR/ASJR_Analyst/DataLake/2026-09-29/raw/sector_market_daily.csv
2026-09-29 13:51:31 | INFO | FILE | Saved ticker_summary | rows=39 | /root/trading/ASJR/ASJR_Analyst/DataLake/2026-09-29/processed/ticker_summary.csv
2026-09-29 13:51:31 | INFO | FILE | Saved asjr_snapshot | /root/trading/ASJR/ASJR_Analyst/DataLake/2026-09-29/processed/asjr_snapshot.json
2026-09-29 13:51:31 | INFO | RUN | DATA COMPLETE | universe=39 | intraday_rows=16386 | ticker_summary=39
2026-09-29 13:51:31 | INFO | GIT | File verification started | count=7
