2026-09-29 01:14:52 | INFO | RUN | START | trade_date=2026-09-29
2026-09-29 01:14:52 | INFO | WATCHLIST | /root/trading/ASJR/ASJR_Analyst/DataLake/2026-09-29/config/fixed_watchlist.csv | source=prepared
2026-09-29 01:14:52 | INFO | RUN | OPTIONS | include_sector=True | git_submit=True | fetch_gapup_from_app=True
2026-09-29 01:14:52 | INFO | GAPUP | Fetch started
2026-09-29 01:14:52 | INFO | GAPUP | Fetch completed | rows=22
2026-09-29 01:14:52 | INFO | GAPUP | Tickers | GRML, AMPX, AUR, ARM, FRVO, MIR, BE, CRDO, AMDL, TSLL, OUST, APLD, META, CLF, RIOT, APP, CONL, MTZ, MUU, RBLX, IREN, SOXL
2026-09-29 01:14:52 | INFO | UNIVERSE | Built | tickers=38
2026-09-29 01:14:52 | INFO | FILE | Saved ibkr_gapup | /root/trading/ASJR/ASJR_Analyst/DataLake/2026-09-29/raw/ibkr_gapup.csv
2026-09-29 01:14:52 | INFO | YFINANCE | Daily 30D fetch started | tickers=38
2026-09-29 01:14:53 | INFO | YFINANCE | Daily 30D fetch completed | rows=1140
2026-09-29 01:14:53 | INFO | FILE | Saved daily_30d | /root/trading/ASJR/ASJR_Analyst/DataLake/2026-09-29/raw/daily_30d.csv
2026-09-29 01:14:53 | INFO | FEATURES | Daily summary built | rows=38
2026-09-29 01:14:53 | INFO | IBKR | 5m fetch started | tickers=38 | duration=3 D | batch_size=5
2026-09-29 01:15:03 | INFO | IBKR | 5m fetch completed | rows=21474
2026-09-29 01:15:03 | INFO | FILE | Saved intraday_5m | /root/trading/ASJR/ASJR_Analyst/DataLake/2026-09-29/raw/intraday_5m.csv
2026-09-29 01:15:04 | INFO | FEATURES | Intraday summary built | rows=38
2026-09-29 01:15:04 | INFO | YFINANCE | Sector/market fetch started
2026-09-29 01:15:04 | INFO | YFINANCE | Sector/market fetch completed | rows=15
2026-09-29 01:15:04 | INFO | FILE | Saved sector_market_daily | /root/trading/ASJR/ASJR_Analyst/DataLake/2026-09-29/raw/sector_market_daily.csv
2026-09-29 01:15:04 | INFO | FILE | Saved ticker_summary | rows=38 | /root/trading/ASJR/ASJR_Analyst/DataLake/2026-09-29/processed/ticker_summary.csv
2026-09-29 01:15:04 | INFO | FILE | Saved asjr_snapshot | /root/trading/ASJR/ASJR_Analyst/DataLake/2026-09-29/processed/asjr_snapshot.json
2026-09-29 01:15:04 | INFO | RUN | DATA COMPLETE | universe=38 | intraday_rows=21474 | ticker_summary=38
2026-09-29 01:15:04 | INFO | GIT | File verification started | count=7
