2026-09-29 12:50:00 | INFO | RUN | START | trade_date=2026-09-29
2026-09-29 12:50:00 | INFO | WATCHLIST | /root/trading/ASJR/ASJR_Analyst/DataLake/2026-09-29/config/fixed_watchlist.csv | source=prepared
2026-09-29 12:50:00 | INFO | RUN | OPTIONS | include_sector=True | git_submit=True | fetch_gapup_from_app=True
2026-09-29 12:50:00 | INFO | GAPUP | Fetch started
2026-09-29 12:50:01 | INFO | GAPUP | Fetch completed | rows=17
2026-09-29 12:50:01 | INFO | GAPUP | Tickers | SMMT, NVTS, FCEL, IOVA, KMX, ACRS, GDXU, BLMN, STAA, MSTU, ETHU, RAM, GFI, MGNI, CONL, BFLY, PFF
2026-09-29 12:50:01 | INFO | UNIVERSE | Built | tickers=34
2026-09-29 12:50:01 | INFO | FILE | Saved ibkr_gapup | /root/trading/ASJR/ASJR_Analyst/DataLake/2026-09-29/raw/ibkr_gapup.csv
2026-09-29 12:50:01 | INFO | YFINANCE | Daily 30D fetch started | tickers=34
2026-09-29 12:50:02 | INFO | YFINANCE | Daily 30D fetch completed | rows=1020
2026-09-29 12:50:02 | INFO | FILE | Saved daily_30d | /root/trading/ASJR/ASJR_Analyst/DataLake/2026-09-29/raw/daily_30d.csv
2026-09-29 12:50:02 | INFO | FEATURES | Daily summary built | rows=34
2026-09-29 12:50:02 | INFO | IBKR | 5m fetch started | tickers=34 | duration=3 D | batch_size=5
2026-09-29 12:50:10 | INFO | IBKR | 5m fetch completed | rows=13686
2026-09-29 12:50:10 | INFO | FILE | Saved intraday_5m | /root/trading/ASJR/ASJR_Analyst/DataLake/2026-09-29/raw/intraday_5m.csv
2026-09-29 12:50:10 | INFO | FEATURES | Intraday summary built | rows=34
2026-09-29 12:50:10 | INFO | YFINANCE | Sector/market fetch started
2026-09-29 12:50:10 | INFO | YFINANCE | Sector/market fetch completed | rows=15
2026-09-29 12:50:10 | INFO | FILE | Saved sector_market_daily | /root/trading/ASJR/ASJR_Analyst/DataLake/2026-09-29/raw/sector_market_daily.csv
2026-09-29 12:50:10 | INFO | FILE | Saved ticker_summary | rows=34 | /root/trading/ASJR/ASJR_Analyst/DataLake/2026-09-29/processed/ticker_summary.csv
2026-09-29 12:50:10 | INFO | FILE | Saved asjr_snapshot | /root/trading/ASJR/ASJR_Analyst/DataLake/2026-09-29/processed/asjr_snapshot.json
2026-09-29 12:50:10 | INFO | RUN | DATA COMPLETE | universe=34 | intraday_rows=13686 | ticker_summary=34
2026-09-29 12:50:10 | INFO | GIT | File verification started | count=7
