2026-09-29 20:54:32 | INFO | RUN | VERSION | 2026.09.29.1
2026-09-29 20:54:32 | INFO | RUN | START | trade_date=2026-09-29
2026-09-29 20:54:32 | INFO | WATCHLIST | /root/trading/ASJR/ASJR_Analyst/DataLake/2026-09-29/config/fixed_watchlist.csv | source=prepared
2026-09-29 20:54:32 | INFO | RUN | OPTIONS | include_sector=True | git_submit=True | fetch_gapup_from_app=True
2026-09-29 20:54:32 | INFO | MOVERS | Fetch started
2026-09-29 20:54:34 | INFO | MOVERS | Fetch completed | rows=75
2026-09-29 20:54:34 | INFO | MOVERS | Tickers | IOVA, CCL, DNA, CSIQ, PWP, BE, WRBY, MGNI, STAA, RCL, WING, RARE, SMMT, SG, ABSI, AXTI, ABCL, HAFN, TTAN, PTON, QMCO, DUOL, PRCT, LITE, KMX, DASH, ONTO, AMAT, YELP, GLW, CVNA, ATI, MOD, AEO, SHLS, PRIM, FLNC, NTLA, RLAY, LWLG, ORCL, AAOI, FCEL, EIX, ADRX, VVV, MRVL, AIG, QURE, NESR, PSQL, IMMX, VOYG, SATL, SRAD, DKNG, NEOG, SGMT, BBNX, SECZ, FLY, FUN, FA, AESI, PENN, NCNO, BKSY, ALOY, MNDY, ASAN, PUMP, RDW, MLYS, LQDA, QXO
2026-09-29 20:54:34 | INFO | UNIVERSE | Built | tickers=89
2026-09-29 20:54:34 | INFO | FILE | Saved ibkr_gapup (movers) | /root/trading/ASJR/ASJR_Analyst/DataLake/2026-09-29/raw/ibkr_gapup.csv
2026-09-29 20:54:34 | INFO | YFINANCE | Daily 30D fetch started | tickers=89
2026-09-29 20:54:37 | INFO | YFINANCE | Daily 30D fetch completed | rows=2643
2026-09-29 20:54:37 | INFO | FILE | Saved daily_30d | /root/trading/ASJR/ASJR_Analyst/DataLake/2026-09-29/raw/daily_30d.csv
2026-09-29 20:54:37 | INFO | FEATURES | Daily summary built | rows=89
2026-09-29 20:54:37 | INFO | IBKR | 5m fetch started | tickers=89 | duration=3 D | batch_size=5
2026-09-29 20:54:57 | INFO | IBKR | 5m fetch completed | rows=42772
2026-09-29 20:54:57 | INFO | FILE | Saved intraday_5m | /root/trading/ASJR/ASJR_Analyst/DataLake/2026-09-29/raw/intraday_5m.csv
2026-09-29 20:54:58 | INFO | FEATURES | Intraday summary built | rows=89
2026-09-29 20:54:58 | INFO | YFINANCE | Sector/market fetch started
2026-09-29 20:54:58 | INFO | YFINANCE | Sector/market fetch completed | rows=15
2026-09-29 20:54:58 | INFO | FILE | Saved sector_market_daily | /root/trading/ASJR/ASJR_Analyst/DataLake/2026-09-29/raw/sector_market_daily.csv
2026-09-29 20:54:58 | INFO | FILE | Saved ticker_summary | rows=89 | /root/trading/ASJR/ASJR_Analyst/DataLake/2026-09-29/processed/ticker_summary.csv
2026-09-29 20:54:58 | INFO | FILE | Saved asjr_snapshot | /root/trading/ASJR/ASJR_Analyst/DataLake/2026-09-29/processed/asjr_snapshot.json
2026-09-29 20:54:58 | INFO | RUN | DATA COMPLETE | universe=89 | intraday_rows=42772 | ticker_summary=89
2026-09-29 20:54:58 | INFO | GIT | File verification started | count=7
