2026-09-29 09:22:15 | INFO | RUN | START | trade_date=2026-09-29
2026-09-29 09:22:15 | INFO | WATCHLIST | /root/trading/ASJR/ASJR_Analyst/DataLake/2026-09-29/config/fixed_watchlist.csv | source=prepared
2026-09-29 09:22:15 | INFO | RUN | OPTIONS | include_sector=True | git_submit=True | fetch_gapup_from_app=True
2026-09-29 09:22:15 | INFO | GAPUP | Fetch started
2026-09-29 09:22:16 | INFO | GAPUP | Fetch completed | rows=10
2026-09-29 09:22:16 | INFO | GAPUP | Tickers | SMMT, NVTS, FMC, UGP, STAA, MSTU, ETHU, RDY, PFF, RAM
2026-09-29 09:22:16 | INFO | UNIVERSE | Built | tickers=27
2026-09-29 09:22:16 | INFO | FILE | Saved ibkr_gapup | /root/trading/ASJR/ASJR_Analyst/DataLake/2026-09-29/raw/ibkr_gapup.csv
2026-09-29 09:22:16 | INFO | YFINANCE | Daily 30D fetch started | tickers=27
2026-09-29 09:22:17 | INFO | YFINANCE | Daily 30D fetch completed | rows=810
2026-09-29 09:22:18 | INFO | FILE | Saved daily_30d | /root/trading/ASJR/ASJR_Analyst/DataLake/2026-09-29/raw/daily_30d.csv
2026-09-29 09:22:18 | INFO | FEATURES | Daily summary built | rows=27
2026-09-29 09:22:18 | INFO | IBKR | 5m fetch started | tickers=27 | duration=3 D | batch_size=5
2026-09-29 09:22:24 | INFO | IBKR | 5m fetch completed | rows=10001
2026-09-29 09:22:24 | INFO | FILE | Saved intraday_5m | /root/trading/ASJR/ASJR_Analyst/DataLake/2026-09-29/raw/intraday_5m.csv
2026-09-29 09:22:25 | INFO | FEATURES | Intraday summary built | rows=27
2026-09-29 09:22:25 | INFO | YFINANCE | Sector/market fetch started
2026-09-29 09:22:25 | INFO | YFINANCE | Sector/market fetch completed | rows=15
2026-09-29 09:22:25 | INFO | FILE | Saved sector_market_daily | /root/trading/ASJR/ASJR_Analyst/DataLake/2026-09-29/raw/sector_market_daily.csv
2026-09-29 09:22:25 | INFO | FILE | Saved ticker_summary | rows=27 | /root/trading/ASJR/ASJR_Analyst/DataLake/2026-09-29/processed/ticker_summary.csv
2026-09-29 09:22:25 | INFO | FILE | Saved asjr_snapshot | /root/trading/ASJR/ASJR_Analyst/DataLake/2026-09-29/processed/asjr_snapshot.json
2026-09-29 09:22:25 | INFO | RUN | DATA COMPLETE | universe=27 | intraday_rows=10001 | ticker_summary=27
2026-09-29 09:22:25 | INFO | GIT | File verification started | count=7
