2026-09-29 14:23:05 | INFO | RUN | START | trade_date=2026-09-29
2026-09-29 14:23:05 | INFO | WATCHLIST | /root/trading/ASJR/ASJR_Analyst/DataLake/2026-09-29/config/fixed_watchlist.csv | source=prepared
2026-09-29 14:23:05 | INFO | RUN | OPTIONS | include_sector=True | git_submit=True | fetch_gapup_from_app=True
2026-09-29 14:23:05 | INFO | GAPUP | Fetch started
2026-09-29 14:23:06 | INFO | GAPUP | Fetch completed | rows=21
2026-09-29 14:23:06 | INFO | GAPUP | Tickers | SMMT, IOVA, FCEL, CBOE, CCL, NVTS, BFLY, BLMN, RCL, KMX, UEC, ASTS, STAA, CONL, MSTU, ETHU, RAM, NCLH, FLR, XRP, FWDI
2026-09-29 14:23:06 | INFO | UNIVERSE | Built | tickers=38
2026-09-29 14:23:06 | INFO | FILE | Saved ibkr_gapup | /root/trading/ASJR/ASJR_Analyst/DataLake/2026-09-29/raw/ibkr_gapup.csv
2026-09-29 14:23:06 | INFO | YFINANCE | Daily 30D fetch started | tickers=38
2026-09-29 14:23:08 | INFO | YFINANCE | Daily 30D fetch completed | rows=1140
2026-09-29 14:23:08 | INFO | FILE | Saved daily_30d | /root/trading/ASJR/ASJR_Analyst/DataLake/2026-09-29/raw/daily_30d.csv
2026-09-29 14:23:08 | INFO | FEATURES | Daily summary built | rows=38
2026-09-29 14:23:08 | INFO | IBKR | 5m fetch started | tickers=38 | duration=3 D | batch_size=5
2026-09-29 14:23:16 | INFO | IBKR | 5m fetch completed | rows=16250
2026-09-29 14:23:17 | INFO | FILE | Saved intraday_5m | /root/trading/ASJR/ASJR_Analyst/DataLake/2026-09-29/raw/intraday_5m.csv
2026-09-29 14:23:17 | INFO | FEATURES | Intraday summary built | rows=38
2026-09-29 14:23:17 | INFO | YFINANCE | Sector/market fetch started
2026-09-29 14:23:17 | INFO | YFINANCE | Sector/market fetch completed | rows=15
2026-09-29 14:23:17 | INFO | FILE | Saved sector_market_daily | /root/trading/ASJR/ASJR_Analyst/DataLake/2026-09-29/raw/sector_market_daily.csv
2026-09-29 14:23:17 | INFO | FILE | Saved ticker_summary | rows=38 | /root/trading/ASJR/ASJR_Analyst/DataLake/2026-09-29/processed/ticker_summary.csv
2026-09-29 14:23:17 | INFO | FILE | Saved asjr_snapshot | /root/trading/ASJR/ASJR_Analyst/DataLake/2026-09-29/processed/asjr_snapshot.json
2026-09-29 14:23:17 | INFO | RUN | DATA COMPLETE | universe=38 | intraday_rows=16250 | ticker_summary=38
2026-09-29 14:23:17 | INFO | GIT | File verification started | count=7
