2026-09-29 02:28:43 | INFO | RUN | START | trade_date=2026-09-29
2026-09-29 02:28:43 | INFO | WATCHLIST | /root/trading/ASJR/ASJR_Analyst/DataLake/2026-09-29/config/fixed_watchlist.csv | source=prepared
2026-09-29 02:28:43 | INFO | RUN | OPTIONS | include_sector=True | git_submit=True | fetch_gapup_from_app=True
2026-09-29 02:28:43 | INFO | GAPUP | Fetch started
2026-09-29 02:28:43 | INFO | GAPUP | Fetch completed | rows=36
2026-09-29 02:28:43 | INFO | GAPUP | Tickers | OCUL, GRML, AMPX, AUR, NESR, ARM, FLUT, FRVO, MIR, BE, CRDO, AMDL, TSLL, QCOM, OUST, ACHR, CVNA, PUMP, APLD, META, AADX, CLF, RIOT, MULL, CIFR, APP, CONL, MTZ, AFRM, AMBA, MUU, BA, RDDT, RBLX, IREN, SOXL
2026-09-29 02:28:43 | INFO | UNIVERSE | Built | tickers=51
2026-09-29 02:28:43 | INFO | FILE | Saved ibkr_gapup | /root/trading/ASJR/ASJR_Analyst/DataLake/2026-09-29/raw/ibkr_gapup.csv
2026-09-29 02:28:43 | INFO | YFINANCE | Daily 30D fetch started | tickers=51
2026-09-29 02:28:44 | INFO | YFINANCE | Daily 30D fetch completed | rows=1530
2026-09-29 02:28:44 | INFO | FILE | Saved daily_30d | /root/trading/ASJR/ASJR_Analyst/DataLake/2026-09-29/raw/daily_30d.csv
2026-09-29 02:28:44 | INFO | FEATURES | Daily summary built | rows=51
2026-09-29 02:28:44 | INFO | IBKR | 5m fetch started | tickers=51 | duration=3 D | batch_size=5
2026-09-29 02:28:56 | INFO | IBKR | 5m fetch completed | rows=28736
2026-09-29 02:28:56 | INFO | FILE | Saved intraday_5m | /root/trading/ASJR/ASJR_Analyst/DataLake/2026-09-29/raw/intraday_5m.csv
2026-09-29 02:28:56 | INFO | FEATURES | Intraday summary built | rows=51
2026-09-29 02:28:56 | INFO | YFINANCE | Sector/market fetch started
2026-09-29 02:28:57 | INFO | YFINANCE | Sector/market fetch completed | rows=15
2026-09-29 02:28:57 | INFO | FILE | Saved sector_market_daily | /root/trading/ASJR/ASJR_Analyst/DataLake/2026-09-29/raw/sector_market_daily.csv
2026-09-29 02:28:57 | INFO | FILE | Saved ticker_summary | rows=51 | /root/trading/ASJR/ASJR_Analyst/DataLake/2026-09-29/processed/ticker_summary.csv
2026-09-29 02:28:57 | INFO | FILE | Saved asjr_snapshot | /root/trading/ASJR/ASJR_Analyst/DataLake/2026-09-29/processed/asjr_snapshot.json
2026-09-29 02:28:57 | INFO | RUN | DATA COMPLETE | universe=51 | intraday_rows=28736 | ticker_summary=51
2026-09-29 02:28:57 | INFO | GIT | File verification started | count=7
