2026-09-29 14:12:16 | INFO | RUN | START | trade_date=2026-09-29
2026-09-29 14:12:16 | INFO | WATCHLIST | /root/trading/ASJR/ASJR_Analyst/DataLake/2026-09-29/config/fixed_watchlist.csv | source=prepared
2026-09-29 14:12:16 | INFO | RUN | OPTIONS | include_sector=True | git_submit=True | fetch_gapup_from_app=True
2026-09-29 14:12:16 | INFO | GAPUP | Fetch started
2026-09-29 14:12:17 | INFO | GAPUP | Fetch completed | rows=18
2026-09-29 14:12:17 | INFO | GAPUP | Tickers | SMMT, IOVA, CBOE, FCEL, NVTS, BFLY, UEC, KMX, STAA, MSTU, CONL, ETHU, RAM, ASTS, BLMN, XRP, FLR, ALM
2026-09-29 14:12:17 | INFO | UNIVERSE | Built | tickers=35
2026-09-29 14:12:17 | INFO | FILE | Saved ibkr_gapup | /root/trading/ASJR/ASJR_Analyst/DataLake/2026-09-29/raw/ibkr_gapup.csv
2026-09-29 14:12:17 | INFO | YFINANCE | Daily 30D fetch started | tickers=35
2026-09-29 14:12:18 | INFO | YFINANCE | Daily 30D fetch completed | rows=1050
2026-09-29 14:12:18 | INFO | FILE | Saved daily_30d | /root/trading/ASJR/ASJR_Analyst/DataLake/2026-09-29/raw/daily_30d.csv
2026-09-29 14:12:18 | INFO | FEATURES | Daily summary built | rows=35
2026-09-29 14:12:18 | INFO | IBKR | 5m fetch started | tickers=35 | duration=3 D | batch_size=5
2026-09-29 14:12:25 | INFO | IBKR | 5m fetch completed | rows=14846
2026-09-29 14:12:25 | INFO | FILE | Saved intraday_5m | /root/trading/ASJR/ASJR_Analyst/DataLake/2026-09-29/raw/intraday_5m.csv
2026-09-29 14:12:25 | INFO | FEATURES | Intraday summary built | rows=35
2026-09-29 14:12:25 | INFO | YFINANCE | Sector/market fetch started
2026-09-29 14:12:26 | INFO | YFINANCE | Sector/market fetch completed | rows=15
2026-09-29 14:12:26 | INFO | FILE | Saved sector_market_daily | /root/trading/ASJR/ASJR_Analyst/DataLake/2026-09-29/raw/sector_market_daily.csv
2026-09-29 14:12:26 | INFO | FILE | Saved ticker_summary | rows=35 | /root/trading/ASJR/ASJR_Analyst/DataLake/2026-09-29/processed/ticker_summary.csv
2026-09-29 14:12:26 | INFO | FILE | Saved asjr_snapshot | /root/trading/ASJR/ASJR_Analyst/DataLake/2026-09-29/processed/asjr_snapshot.json
2026-09-29 14:12:26 | INFO | RUN | DATA COMPLETE | universe=35 | intraday_rows=14846 | ticker_summary=35
2026-09-29 14:12:26 | INFO | GIT | File verification started | count=7
