2026-09-29 09:58:37 | INFO | RUN | START | trade_date=2026-09-29
2026-09-29 09:58:37 | INFO | WATCHLIST | /root/trading/ASJR/ASJR_Analyst/DataLake/2026-09-29/config/fixed_watchlist.csv | source=prepared
2026-09-29 09:58:37 | INFO | RUN | OPTIONS | include_sector=True | git_submit=True | fetch_gapup_from_app=True
2026-09-29 09:58:37 | INFO | GAPUP | Fetch started
2026-09-29 09:58:37 | INFO | GAPUP | Fetch completed | rows=6
2026-09-29 09:58:37 | INFO | GAPUP | Tickers | SMMT, NVTS, CCXI, FMC, STAA, PFF
2026-09-29 09:58:37 | INFO | UNIVERSE | Built | tickers=23
2026-09-29 09:58:37 | INFO | FILE | Saved ibkr_gapup | /root/trading/ASJR/ASJR_Analyst/DataLake/2026-09-29/raw/ibkr_gapup.csv
2026-09-29 09:58:37 | INFO | YFINANCE | Daily 30D fetch started | tickers=23
2026-09-29 09:58:38 | INFO | YFINANCE | Daily 30D fetch completed | rows=690
2026-09-29 09:58:38 | INFO | FILE | Saved daily_30d | /root/trading/ASJR/ASJR_Analyst/DataLake/2026-09-29/raw/daily_30d.csv
2026-09-29 09:58:38 | INFO | FEATURES | Daily summary built | rows=23
2026-09-29 09:58:38 | INFO | IBKR | 5m fetch started | tickers=23 | duration=3 D | batch_size=5
2026-09-29 09:58:43 | INFO | IBKR | 5m fetch completed | rows=8659
2026-09-29 09:58:43 | INFO | FILE | Saved intraday_5m | /root/trading/ASJR/ASJR_Analyst/DataLake/2026-09-29/raw/intraday_5m.csv
2026-09-29 09:58:43 | INFO | FEATURES | Intraday summary built | rows=23
2026-09-29 09:58:43 | INFO | YFINANCE | Sector/market fetch started
2026-09-29 09:58:44 | INFO | YFINANCE | Sector/market fetch completed | rows=15
2026-09-29 09:58:44 | INFO | FILE | Saved sector_market_daily | /root/trading/ASJR/ASJR_Analyst/DataLake/2026-09-29/raw/sector_market_daily.csv
2026-09-29 09:58:44 | INFO | FILE | Saved ticker_summary | rows=23 | /root/trading/ASJR/ASJR_Analyst/DataLake/2026-09-29/processed/ticker_summary.csv
2026-09-29 09:58:44 | INFO | FILE | Saved asjr_snapshot | /root/trading/ASJR/ASJR_Analyst/DataLake/2026-09-29/processed/asjr_snapshot.json
2026-09-29 09:58:44 | INFO | RUN | DATA COMPLETE | universe=23 | intraday_rows=8659 | ticker_summary=23
2026-09-29 09:58:44 | INFO | GIT | File verification started | count=7
