2026-09-29 19:54:12 | INFO | RUN | VERSION | 2026.09.29.1
2026-09-29 19:54:12 | INFO | RUN | START | trade_date=2026-09-29
2026-09-29 19:54:12 | INFO | WATCHLIST | /root/trading/ASJR/ASJR_Analyst/DataLake/2026-09-29/config/fixed_watchlist.csv | source=prepared
2026-09-29 19:54:12 | INFO | RUN | OPTIONS | include_sector=True | git_submit=True | fetch_gapup_from_app=True
2026-09-29 19:54:12 | INFO | MOVERS | Fetch started
2026-09-29 19:54:13 | INFO | MOVERS | Fetch completed | rows=72
2026-09-29 19:54:13 | INFO | MOVERS | Tickers | IOVA, DNA, CCL, BE, PWP, CSIQ, WRBY, MGNI, STAA, AXTI, RCL, SMMT, FCEL, SG, ABCL, PRIM, WING, LITE, KMX, REPL, HAFN, DUOL, QMCO, AAOI, SHLS, CVNA, FLNC, MOD, GLW, AMAT, PRCT, MRVL, ADRX, DASH, PTON, NCLH, NTLA, ABSI, ONTO, TSEM, ORCL, FORM, QURE, NESR, IMMX, PSQL, SECZ, ASAN, DKNG, SATL, SRAD, AESI, SGMT, MNDY, VOYG, NEOG, FA, BBNX, FLY, RNG, NEXT, LQDA, PUMP, BGC, ALOY, PENN, EFX, CMC, NCNO, NTSK, PGNY, VKTX
2026-09-29 19:54:13 | INFO | UNIVERSE | Built | tickers=86
2026-09-29 19:54:13 | INFO | FILE | Saved ibkr_gapup (movers) | /root/trading/ASJR/ASJR_Analyst/DataLake/2026-09-29/raw/ibkr_gapup.csv
2026-09-29 19:54:13 | INFO | YFINANCE | Daily 30D fetch started | tickers=86
2026-09-29 19:54:16 | INFO | YFINANCE | Daily 30D fetch completed | rows=2553
2026-09-29 19:54:16 | INFO | FILE | Saved daily_30d | /root/trading/ASJR/ASJR_Analyst/DataLake/2026-09-29/raw/daily_30d.csv
2026-09-29 19:54:16 | INFO | FEATURES | Daily summary built | rows=86
2026-09-29 19:54:16 | INFO | IBKR | 5m fetch started | tickers=86 | duration=3 D | batch_size=5
2026-09-29 19:54:37 | INFO | IBKR | 5m fetch completed | rows=40199
2026-09-29 19:54:37 | INFO | FILE | Saved intraday_5m | /root/trading/ASJR/ASJR_Analyst/DataLake/2026-09-29/raw/intraday_5m.csv
2026-09-29 19:54:37 | INFO | FEATURES | Intraday summary built | rows=86
2026-09-29 19:54:37 | INFO | YFINANCE | Sector/market fetch started
2026-09-29 19:54:38 | INFO | YFINANCE | Sector/market fetch completed | rows=15
2026-09-29 19:54:38 | INFO | FILE | Saved sector_market_daily | /root/trading/ASJR/ASJR_Analyst/DataLake/2026-09-29/raw/sector_market_daily.csv
2026-09-29 19:54:38 | INFO | FILE | Saved ticker_summary | rows=86 | /root/trading/ASJR/ASJR_Analyst/DataLake/2026-09-29/processed/ticker_summary.csv
2026-09-29 19:54:38 | INFO | FILE | Saved asjr_snapshot | /root/trading/ASJR/ASJR_Analyst/DataLake/2026-09-29/processed/asjr_snapshot.json
2026-09-29 19:54:38 | INFO | RUN | DATA COMPLETE | universe=86 | intraday_rows=40199 | ticker_summary=86
2026-09-29 19:54:38 | INFO | GIT | File verification started | count=7
