2026-09-29 19:37:30 | INFO | RUN | VERSION | 2026.09.29.1
2026-09-29 19:37:30 | INFO | RUN | START | trade_date=2026-09-29
2026-09-29 19:37:30 | INFO | WATCHLIST | /root/trading/ASJR/ASJR_Analyst/DataLake/2026-09-29/config/fixed_watchlist.csv | source=prepared
2026-09-29 19:37:30 | INFO | RUN | OPTIONS | include_sector=True | git_submit=True | fetch_gapup_from_app=True
2026-09-29 19:37:30 | INFO | MOVERS | Fetch started
2026-09-29 19:37:34 | INFO | MOVERS | Fetch completed | rows=68
2026-09-29 19:37:34 | INFO | MOVERS | Tickers | IOVA, DNA, CCL, PWP, BE, WRBY, CSIQ, MGNI, RCL, STAA, SMMT, SG, ABCL, FCEL, AXTI, WING, PRIM, HAFN, REPL, CBOE, ADRX, KMX, DUOL, QMCO, LITE, DASH, TTAN, GLW, MOD, CVNA, FLNC, AAOI, PRCT, MRVL, ATI, AMAT, ABSI, QURE, NESR, IMMX, PSQL, SECZ, ASAN, SATL, SRAD, DKNG, SGMT, VOYG, BBNX, MNDY, FA, ALOY, AESI, NEOG, RNG, FLY, NEXT, MDA, LQDA, EFX, QXO, PENN, NCNO, CMC, BKSY, TRU, WSC, FRVO
2026-09-29 19:37:34 | INFO | UNIVERSE | Built | tickers=83
2026-09-29 19:37:34 | INFO | FILE | Saved ibkr_gapup (movers) | /root/trading/ASJR/ASJR_Analyst/DataLake/2026-09-29/raw/ibkr_gapup.csv
2026-09-29 19:37:34 | INFO | YFINANCE | Daily 30D fetch started | tickers=83
2026-09-29 19:37:37 | INFO | YFINANCE | Daily 30D fetch completed | rows=2463
2026-09-29 19:37:37 | INFO | FILE | Saved daily_30d | /root/trading/ASJR/ASJR_Analyst/DataLake/2026-09-29/raw/daily_30d.csv
2026-09-29 19:37:37 | INFO | FEATURES | Daily summary built | rows=83
2026-09-29 19:37:37 | INFO | IBKR | 5m fetch started | tickers=83 | duration=3 D | batch_size=5
2026-09-29 19:38:04 | INFO | IBKR | 5m fetch completed | rows=38426
2026-09-29 19:38:04 | INFO | FILE | Saved intraday_5m | /root/trading/ASJR/ASJR_Analyst/DataLake/2026-09-29/raw/intraday_5m.csv
2026-09-29 19:38:04 | INFO | FEATURES | Intraday summary built | rows=83
2026-09-29 19:38:04 | INFO | YFINANCE | Sector/market fetch started
2026-09-29 19:38:05 | INFO | YFINANCE | Sector/market fetch completed | rows=15
2026-09-29 19:38:05 | INFO | FILE | Saved sector_market_daily | /root/trading/ASJR/ASJR_Analyst/DataLake/2026-09-29/raw/sector_market_daily.csv
2026-09-29 19:38:05 | INFO | FILE | Saved ticker_summary | rows=83 | /root/trading/ASJR/ASJR_Analyst/DataLake/2026-09-29/processed/ticker_summary.csv
2026-09-29 19:38:05 | INFO | FILE | Saved asjr_snapshot | /root/trading/ASJR/ASJR_Analyst/DataLake/2026-09-29/processed/asjr_snapshot.json
2026-09-29 19:38:05 | INFO | RUN | DATA COMPLETE | universe=83 | intraday_rows=38426 | ticker_summary=83
2026-09-29 19:38:05 | INFO | GIT | File verification started | count=7
