2026-09-29 20:27:05 | INFO | RUN | VERSION | 2026.09.29.1
2026-09-29 20:27:05 | INFO | RUN | START | trade_date=2026-09-29
2026-09-29 20:27:05 | INFO | WATCHLIST | /root/trading/ASJR/ASJR_Analyst/DataLake/2026-09-29/config/fixed_watchlist.csv | source=prepared
2026-09-29 20:27:05 | INFO | RUN | OPTIONS | include_sector=True | git_submit=True | fetch_gapup_from_app=True
2026-09-29 20:27:05 | INFO | MOVERS | Fetch started
2026-09-29 20:27:07 | INFO | MOVERS | Fetch completed | rows=70
2026-09-29 20:27:07 | INFO | MOVERS | Tickers | IOVA, DNA, CCL, CSIQ, PWP, BE, MGNI, WRBY, SG, RCL, SMMT, PRCT, ABCL, WING, STAA, AXTI, ABSI, REPL, PRIM, DUOL, LITE, HAFN, QMCO, SHLS, OCUL, CVNA, ADRX, PTON, TTAN, AAOI, NTLA, LWLG, GLW, FCEL, FLNC, KMX, AMAT, MOD, MRVL, ONTO, RARE, ORCL, ATI, TWST, DASH, FORM, VVV, NCLH, QURE, NESR, PSQL, IMMX, SATL, DKNG, VOYG, SRAD, FLY, NEOG, ASAN, FA, MNDY, SGMT, SECZ, PENN, VSAT, ALOY, NCNO, BBNX, NTSK, CMC
2026-09-29 20:27:07 | INFO | UNIVERSE | Built | tickers=84
2026-09-29 20:27:07 | INFO | FILE | Saved ibkr_gapup (movers) | /root/trading/ASJR/ASJR_Analyst/DataLake/2026-09-29/raw/ibkr_gapup.csv
2026-09-29 20:27:07 | INFO | YFINANCE | Daily 30D fetch started | tickers=84
2026-09-29 20:27:09 | INFO | YFINANCE | Daily 30D fetch completed | rows=2493
2026-09-29 20:27:09 | INFO | FILE | Saved daily_30d | /root/trading/ASJR/ASJR_Analyst/DataLake/2026-09-29/raw/daily_30d.csv
2026-09-29 20:27:09 | INFO | FEATURES | Daily summary built | rows=84
2026-09-29 20:27:09 | INFO | IBKR | 5m fetch started | tickers=84 | duration=3 D | batch_size=5
2026-09-29 20:27:27 | INFO | IBKR | 5m fetch completed | rows=40041
2026-09-29 20:27:28 | INFO | FILE | Saved intraday_5m | /root/trading/ASJR/ASJR_Analyst/DataLake/2026-09-29/raw/intraday_5m.csv
2026-09-29 20:27:28 | INFO | FEATURES | Intraday summary built | rows=84
2026-09-29 20:27:28 | INFO | YFINANCE | Sector/market fetch started
2026-09-29 20:27:28 | INFO | YFINANCE | Sector/market fetch completed | rows=15
2026-09-29 20:27:28 | INFO | FILE | Saved sector_market_daily | /root/trading/ASJR/ASJR_Analyst/DataLake/2026-09-29/raw/sector_market_daily.csv
2026-09-29 20:27:28 | INFO | FILE | Saved ticker_summary | rows=84 | /root/trading/ASJR/ASJR_Analyst/DataLake/2026-09-29/processed/ticker_summary.csv
2026-09-29 20:27:28 | INFO | FILE | Saved asjr_snapshot | /root/trading/ASJR/ASJR_Analyst/DataLake/2026-09-29/processed/asjr_snapshot.json
2026-09-29 20:27:28 | INFO | RUN | DATA COMPLETE | universe=84 | intraday_rows=40041 | ticker_summary=84
2026-09-29 20:27:28 | INFO | GIT | File verification started | count=7
