2026-09-29 14:01:49 | INFO | RUN | START | trade_date=2026-09-29
2026-09-29 14:01:49 | INFO | WATCHLIST | /root/trading/ASJR/ASJR_Analyst/DataLake/2026-09-29/config/fixed_watchlist.csv | source=prepared
2026-09-29 14:01:49 | INFO | RUN | OPTIONS | include_sector=True | git_submit=True | fetch_gapup_from_app=True
2026-09-29 14:01:49 | INFO | GAPUP | Fetch started
2026-09-29 14:01:50 | INFO | GAPUP | Fetch completed | rows=18
2026-09-29 14:01:50 | INFO | GAPUP | Tickers | SMMT, IOVA, CBOE, FCEL, NVTS, KMX, UEC, STAA, BFLY, MSTU, ETHU, CONL, ALM, BLMN, ASTS, RAM, XRP, FLR
2026-09-29 14:01:50 | INFO | UNIVERSE | Built | tickers=35
2026-09-29 14:01:50 | INFO | FILE | Saved ibkr_gapup | /root/trading/ASJR/ASJR_Analyst/DataLake/2026-09-29/raw/ibkr_gapup.csv
2026-09-29 14:01:50 | INFO | YFINANCE | Daily 30D fetch started | tickers=35
2026-09-29 14:01:51 | INFO | YFINANCE | Daily 30D fetch completed | rows=1050
2026-09-29 14:01:51 | INFO | FILE | Saved daily_30d | /root/trading/ASJR/ASJR_Analyst/DataLake/2026-09-29/raw/daily_30d.csv
2026-09-29 14:01:51 | INFO | FEATURES | Daily summary built | rows=35
2026-09-29 14:01:51 | INFO | IBKR | 5m fetch started | tickers=35 | duration=3 D | batch_size=5
2026-09-29 14:01:58 | INFO | IBKR | 5m fetch completed | rows=14780
2026-09-29 14:01:58 | INFO | FILE | Saved intraday_5m | /root/trading/ASJR/ASJR_Analyst/DataLake/2026-09-29/raw/intraday_5m.csv
2026-09-29 14:01:58 | INFO | FEATURES | Intraday summary built | rows=35
2026-09-29 14:01:58 | INFO | YFINANCE | Sector/market fetch started
2026-09-29 14:01:59 | INFO | YFINANCE | Sector/market fetch completed | rows=15
2026-09-29 14:01:59 | INFO | FILE | Saved sector_market_daily | /root/trading/ASJR/ASJR_Analyst/DataLake/2026-09-29/raw/sector_market_daily.csv
2026-09-29 14:01:59 | INFO | FILE | Saved ticker_summary | rows=35 | /root/trading/ASJR/ASJR_Analyst/DataLake/2026-09-29/processed/ticker_summary.csv
2026-09-29 14:01:59 | INFO | FILE | Saved asjr_snapshot | /root/trading/ASJR/ASJR_Analyst/DataLake/2026-09-29/processed/asjr_snapshot.json
2026-09-29 14:01:59 | INFO | RUN | DATA COMPLETE | universe=35 | intraday_rows=14780 | ticker_summary=35
2026-09-29 14:01:59 | INFO | GIT | File verification started | count=7
