2026-09-29 03:27:01 | INFO | RUN | START | trade_date=2026-09-29
2026-09-29 03:27:01 | INFO | WATCHLIST | /root/trading/ASJR/ASJR_Analyst/DataLake/2026-09-29/config/fixed_watchlist.csv | source=prepared
2026-09-29 03:27:01 | INFO | RUN | OPTIONS | include_sector=True | git_submit=True | fetch_gapup_from_app=True
2026-09-29 03:27:01 | INFO | GAPUP | Fetch started
2026-09-29 03:27:02 | INFO | GAPUP | Fetch completed | rows=40
2026-09-29 03:27:02 | INFO | GAPUP | Tickers | OCUL, GRML, AMPX, AUR, VNET, NESR, ARM, FLUT, FRVO, MIR, BE, CRDO, AMDL, FIGR, TSLL, QCOM, VKTX, OUST, ACHR, FPS, CVNA, PUMP, APLD, META, AADX, CLF, RIOT, MULL, CIFR, APP, CONL, MTZ, AFRM, AMBA, MUU, BA, RDDT, RBLX, IREN, SOXL
2026-09-29 03:27:02 | INFO | UNIVERSE | Built | tickers=55
2026-09-29 03:27:02 | INFO | FILE | Saved ibkr_gapup | /root/trading/ASJR/ASJR_Analyst/DataLake/2026-09-29/raw/ibkr_gapup.csv
2026-09-29 03:27:02 | INFO | YFINANCE | Daily 30D fetch started | tickers=55
2026-09-29 03:27:03 | INFO | YFINANCE | Daily 30D fetch completed | rows=1650
2026-09-29 03:27:03 | INFO | FILE | Saved daily_30d | /root/trading/ASJR/ASJR_Analyst/DataLake/2026-09-29/raw/daily_30d.csv
2026-09-29 03:27:03 | INFO | FEATURES | Daily summary built | rows=55
2026-09-29 03:27:03 | INFO | IBKR | 5m fetch started | tickers=55 | duration=3 D | batch_size=5
2026-09-29 03:27:15 | INFO | IBKR | 5m fetch completed | rows=30942
2026-09-29 03:27:15 | INFO | FILE | Saved intraday_5m | /root/trading/ASJR/ASJR_Analyst/DataLake/2026-09-29/raw/intraday_5m.csv
2026-09-29 03:27:15 | INFO | FEATURES | Intraday summary built | rows=55
2026-09-29 03:27:15 | INFO | YFINANCE | Sector/market fetch started
2026-09-29 03:27:16 | INFO | YFINANCE | Sector/market fetch completed | rows=15
2026-09-29 03:27:16 | INFO | FILE | Saved sector_market_daily | /root/trading/ASJR/ASJR_Analyst/DataLake/2026-09-29/raw/sector_market_daily.csv
2026-09-29 03:27:16 | INFO | FILE | Saved ticker_summary | rows=55 | /root/trading/ASJR/ASJR_Analyst/DataLake/2026-09-29/processed/ticker_summary.csv
2026-09-29 03:27:16 | INFO | FILE | Saved asjr_snapshot | /root/trading/ASJR/ASJR_Analyst/DataLake/2026-09-29/processed/asjr_snapshot.json
2026-09-29 03:27:16 | INFO | RUN | DATA COMPLETE | universe=55 | intraday_rows=30942 | ticker_summary=55
2026-09-29 03:27:16 | INFO | GIT | File verification started | count=7
