2026-09-29 20:10:42 | INFO | RUN | VERSION | 2026.09.29.1
2026-09-29 20:10:42 | INFO | RUN | START | trade_date=2026-09-29
2026-09-29 20:10:42 | INFO | WATCHLIST | /root/trading/ASJR/ASJR_Analyst/DataLake/2026-09-29/config/fixed_watchlist.csv | source=prepared
2026-09-29 20:10:42 | INFO | RUN | OPTIONS | include_sector=True | git_submit=True | fetch_gapup_from_app=True
2026-09-29 20:10:42 | INFO | MOVERS | Fetch started
2026-09-29 20:10:43 | INFO | MOVERS | Fetch completed | rows=76
2026-09-29 20:10:43 | INFO | MOVERS | Tickers | IOVA, DNA, CCL, BE, PWP, MGNI, CSIQ, WRBY, RCL, STAA, AXTI, PRCT, ABCL, SG, QMCO, SMMT, KMX, PRIM, LITE, CVNA, WING, HAFN, FCEL, REPL, AAOI, OCUL, ADRX, DUOL, ABSI, GLW, AMAT, SHLS, MOD, MRVL, ONTO, TTAN, FLNC, TWST, DASH, ORCL, LWLG, VVV, UCTT, NCLH, CBOE, NTLA, FORM, ATI, QURE, NESR, PSQL, IMMX, DKNG, SATL, ASAN, VOYG, FLY, FA, SRAD, NEOG, SGMT, MNDY, PENN, SECZ, VKTX, AESI, ALOY, NEXT, PGNY, LQDA, EFX, VSAT, CMC, NTSK, PUMP, NCNO
2026-09-29 20:10:43 | INFO | UNIVERSE | Built | tickers=90
2026-09-29 20:10:43 | INFO | FILE | Saved ibkr_gapup (movers) | /root/trading/ASJR/ASJR_Analyst/DataLake/2026-09-29/raw/ibkr_gapup.csv
2026-09-29 20:10:43 | INFO | YFINANCE | Daily 30D fetch started | tickers=90
2026-09-29 20:10:46 | INFO | YFINANCE | Daily 30D fetch completed | rows=2673
2026-09-29 20:10:46 | INFO | FILE | Saved daily_30d | /root/trading/ASJR/ASJR_Analyst/DataLake/2026-09-29/raw/daily_30d.csv
2026-09-29 20:10:46 | INFO | FEATURES | Daily summary built | rows=90
2026-09-29 20:10:46 | INFO | IBKR | 5m fetch started | tickers=90 | duration=3 D | batch_size=5
2026-09-29 20:11:06 | INFO | IBKR | 5m fetch completed | rows=42574
2026-09-29 20:11:06 | INFO | FILE | Saved intraday_5m | /root/trading/ASJR/ASJR_Analyst/DataLake/2026-09-29/raw/intraday_5m.csv
2026-09-29 20:11:06 | INFO | FEATURES | Intraday summary built | rows=90
2026-09-29 20:11:06 | INFO | YFINANCE | Sector/market fetch started
2026-09-29 20:11:07 | INFO | YFINANCE | Sector/market fetch completed | rows=15
2026-09-29 20:11:07 | INFO | FILE | Saved sector_market_daily | /root/trading/ASJR/ASJR_Analyst/DataLake/2026-09-29/raw/sector_market_daily.csv
2026-09-29 20:11:07 | INFO | FILE | Saved ticker_summary | rows=90 | /root/trading/ASJR/ASJR_Analyst/DataLake/2026-09-29/processed/ticker_summary.csv
2026-09-29 20:11:07 | INFO | FILE | Saved asjr_snapshot | /root/trading/ASJR/ASJR_Analyst/DataLake/2026-09-29/processed/asjr_snapshot.json
2026-09-29 20:11:07 | INFO | RUN | DATA COMPLETE | universe=90 | intraday_rows=42574 | ticker_summary=90
2026-09-29 20:11:07 | INFO | GIT | File verification started | count=7
