2026-09-29 17:32:09 | INFO | RUN | START | trade_date=2026-09-29
2026-09-29 17:32:09 | INFO | WATCHLIST | /root/trading/ASJR/ASJR_Analyst/DataLake/2026-09-29/config/fixed_watchlist.csv | source=prepared
2026-09-29 17:32:09 | INFO | RUN | OPTIONS | include_sector=True | git_submit=True | fetch_gapup_from_app=True
2026-09-29 17:32:09 | INFO | GAPUP | Fetch started
2026-09-29 17:32:09 | INFO | GAPUP | Fetch completed | rows=28
2026-09-29 17:32:09 | INFO | GAPUP | Tickers | SMMT, IOVA, CBOE, KMX, CCL, NVTS, FCEL, UEC, BLMN, ASTS, STAA, NCLH, BFLY, RCL, RAM, CONL, MSTU, EROC, MGNI, ETHU, SOXL, CRVS, KORU, MULL, XRP, MUU, AXTI, ALM
2026-09-29 17:32:09 | INFO | UNIVERSE | Built | tickers=45
2026-09-29 17:32:09 | INFO | FILE | Saved ibkr_gapup | /root/trading/ASJR/ASJR_Analyst/DataLake/2026-09-29/raw/ibkr_gapup.csv
2026-09-29 17:32:09 | INFO | YFINANCE | Daily 30D fetch started | tickers=45
2026-09-29 17:32:20 | INFO | YFINANCE | Daily 30D fetch completed | rows=1320
2026-09-29 17:32:20 | INFO | FILE | Saved daily_30d | /root/trading/ASJR/ASJR_Analyst/DataLake/2026-09-29/raw/daily_30d.csv
2026-09-29 17:32:20 | INFO | FEATURES | Daily summary built | rows=44
2026-09-29 17:32:20 | INFO | IBKR | 5m fetch started | tickers=45 | duration=3 D | batch_size=5
2026-09-29 17:32:30 | INFO | IBKR | 5m fetch completed | rows=20983
2026-09-29 17:32:30 | INFO | FILE | Saved intraday_5m | /root/trading/ASJR/ASJR_Analyst/DataLake/2026-09-29/raw/intraday_5m.csv
2026-09-29 17:32:30 | INFO | FEATURES | Intraday summary built | rows=45
2026-09-29 17:32:30 | INFO | YFINANCE | Sector/market fetch started
2026-09-29 17:32:30 | INFO | YFINANCE | Sector/market fetch completed | rows=15
2026-09-29 17:32:30 | INFO | FILE | Saved sector_market_daily | /root/trading/ASJR/ASJR_Analyst/DataLake/2026-09-29/raw/sector_market_daily.csv
2026-09-29 17:32:30 | INFO | FILE | Saved ticker_summary | rows=45 | /root/trading/ASJR/ASJR_Analyst/DataLake/2026-09-29/processed/ticker_summary.csv
2026-09-29 17:32:31 | INFO | FILE | Saved asjr_snapshot | /root/trading/ASJR/ASJR_Analyst/DataLake/2026-09-29/processed/asjr_snapshot.json
2026-09-29 17:32:31 | INFO | RUN | DATA COMPLETE | universe=45 | intraday_rows=20983 | ticker_summary=45
2026-09-29 17:32:31 | INFO | GIT | File verification started | count=7
